###############################################################################
#
# IAR ELF Linker V8.11.2.13589/W32 for ARM                08/Dec/2019  23:20:02
# Copyright 2007-2017 IAR Systems AB.
#
#    Output file  =  
#        C:\Users\Ernst\Documents\Repositories\eSolder\Fwm\fwm_eSolder\projects\iar\STM32F427_Debug\Exe\eSolder.out
#    Map file     =  
#        C:\Users\Ernst\Documents\Repositories\eSolder\Fwm\fwm_eSolder\projects\iar\STM32F427_Debug\List\eSolder.map
#    Command line =  
#        -f C:\Users\Ernst\AppData\Local\Temp\EW5449.tmp
#        (C:\Users\Ernst\Documents\Repositories\eSolder\Fwm\fwm_eSolder\projects\iar\STM32F427_Debug\Obj\Arial.o
#        C:\Users\Ernst\Documents\Repositories\eSolder\Fwm\fwm_eSolder\projects\iar\STM32F427_Debug\Obj\button.o
#        C:\Users\Ernst\Documents\Repositories\eSolder\Fwm\fwm_eSolder\projects\iar\STM32F427_Debug\Obj\Courier_New.o
#        C:\Users\Ernst\Documents\Repositories\eSolder\Fwm\fwm_eSolder\projects\iar\STM32F427_Debug\Obj\croutine.o
#        C:\Users\Ernst\Documents\Repositories\eSolder\Fwm\fwm_eSolder\projects\iar\STM32F427_Debug\Obj\DS_Digital.o
#        C:\Users\Ernst\Documents\Repositories\eSolder\Fwm\fwm_eSolder\projects\iar\STM32F427_Debug\Obj\DS_Digital_Small.o
#        C:\Users\Ernst\Documents\Repositories\eSolder\Fwm\fwm_eSolder\projects\iar\STM32F427_Debug\Obj\encoderPannel.o
#        C:\Users\Ernst\Documents\Repositories\eSolder\Fwm\fwm_eSolder\projects\iar\STM32F427_Debug\Obj\encoders.o
#        C:\Users\Ernst\Documents\Repositories\eSolder\Fwm\fwm_eSolder\projects\iar\STM32F427_Debug\Obj\event_groups.o
#        C:\Users\Ernst\Documents\Repositories\eSolder\Fwm\fwm_eSolder\projects\iar\STM32F427_Debug\Obj\gpio.o
#        C:\Users\Ernst\Documents\Repositories\eSolder\Fwm\fwm_eSolder\projects\iar\STM32F427_Debug\Obj\hard.o
#        C:\Users\Ernst\Documents\Repositories\eSolder\Fwm\fwm_eSolder\projects\iar\STM32F427_Debug\Obj\heap_4.o
#        C:\Users\Ernst\Documents\Repositories\eSolder\Fwm\fwm_eSolder\projects\iar\STM32F427_Debug\Obj\ili9341.o
#        C:\Users\Ernst\Documents\Repositories\eSolder\Fwm\fwm_eSolder\projects\iar\STM32F427_Debug\Obj\ili9341_fsmc.o
#        C:\Users\Ernst\Documents\Repositories\eSolder\Fwm\fwm_eSolder\projects\iar\STM32F427_Debug\Obj\keyboard.o
#        C:\Users\Ernst\Documents\Repositories\eSolder\Fwm\fwm_eSolder\projects\iar\STM32F427_Debug\Obj\lcd.o
#        C:\Users\Ernst\Documents\Repositories\eSolder\Fwm\fwm_eSolder\projects\iar\STM32F427_Debug\Obj\lcd_backlight.o
#        C:\Users\Ernst\Documents\Repositories\eSolder\Fwm\fwm_eSolder\projects\iar\STM32F427_Debug\Obj\list.o
#        C:\Users\Ernst\Documents\Repositories\eSolder\Fwm\fwm_eSolder\projects\iar\STM32F427_Debug\Obj\main.o
#        C:\Users\Ernst\Documents\Repositories\eSolder\Fwm\fwm_eSolder\projects\iar\STM32F427_Debug\Obj\mainTSK.o
#        C:\Users\Ernst\Documents\Repositories\eSolder\Fwm\fwm_eSolder\projects\iar\STM32F427_Debug\Obj\mcu.o
#        C:\Users\Ernst\Documents\Repositories\eSolder\Fwm\fwm_eSolder\projects\iar\STM32F427_Debug\Obj\OS.o
#        C:\Users\Ernst\Documents\Repositories\eSolder\Fwm\fwm_eSolder\projects\iar\STM32F427_Debug\Obj\port.o
#        C:\Users\Ernst\Documents\Repositories\eSolder\Fwm\fwm_eSolder\projects\iar\STM32F427_Debug\Obj\portasm.o
#        C:\Users\Ernst\Documents\Repositories\eSolder\Fwm\fwm_eSolder\projects\iar\STM32F427_Debug\Obj\queue.o
#        C:\Users\Ernst\Documents\Repositories\eSolder\Fwm\fwm_eSolder\projects\iar\STM32F427_Debug\Obj\specific_symbol.o
#        C:\Users\Ernst\Documents\Repositories\eSolder\Fwm\fwm_eSolder\projects\iar\STM32F427_Debug\Obj\spiF4.o
#        C:\Users\Ernst\Documents\Repositories\eSolder\Fwm\fwm_eSolder\projects\iar\STM32F427_Debug\Obj\startup_stm32f427xx.o
#        C:\Users\Ernst\Documents\Repositories\eSolder\Fwm\fwm_eSolder\projects\iar\STM32F427_Debug\Obj\stream_buffer.o
#        C:\Users\Ernst\Documents\Repositories\eSolder\Fwm\fwm_eSolder\projects\iar\STM32F427_Debug\Obj\system_stm32f4xx.o
#        C:\Users\Ernst\Documents\Repositories\eSolder\Fwm\fwm_eSolder\projects\iar\STM32F427_Debug\Obj\tasks.o
#        C:\Users\Ernst\Documents\Repositories\eSolder\Fwm\fwm_eSolder\projects\iar\STM32F427_Debug\Obj\timers.o
#        C:\Users\Ernst\Documents\Repositories\eSolder\Fwm\fwm_eSolder\projects\iar\STM32F427_Debug\Obj\UI.o
#        -o
#        C:\Users\Ernst\Documents\Repositories\eSolder\Fwm\fwm_eSolder\projects\iar\STM32F427_Debug\Exe\eSolder.out
#        --map
#        C:\Users\Ernst\Documents\Repositories\eSolder\Fwm\fwm_eSolder\projects\iar\STM32F427_Debug\List\eSolder.map
#        --config "C:\Program Files (x86)\IAR Systems\Embedded Workbench
#        8.0\arm\config\linker\ST\stm32f427xG.icf" --semihosting
#        C:\Users\Ernst\Documents\Repositories\eSolder\Fwm\fwm_eSolder\projects\iar\..\..\modules\IQ\IQmathLib-cm4.a
#        --entry __iar_program_start --vfe --text_out locale)
#
###############################################################################

*******************************************************************************
*** RUNTIME MODEL ATTRIBUTES
***

CppFlavor       = *
__SystemLibrary = DLib
__dlib_version  = 6


*******************************************************************************
*** HEAP SELECTION
***

The basic heap was selected because no calls to memory allocation
functions were found in the application outside of system library
functions, and there are calls to deallocation functions in the
application.


*******************************************************************************
*** PLACEMENT SUMMARY
***

"A0":  place at 0x08000000 { ro section .intvec };
"P1":  place in [from 0x08000000 to 0x080fffff] { ro };
define block CSTACK with size = 8K, alignment = 8 { };
"P3":  place in [from 0x10000000 to 0x1000ffff] {
          block CSTACK, section .ccram };
define block HEAP with size = 8K, alignment = 8 { };
"P4":  place in [from 0x20000000 to 0x2001bfff] |
                [from 0x2001c000 to 0x2001ffff] |
                [from 0x20020000 to 0x2002ffff] { rw, block HEAP };
initialize by copy { rw };

  Section            Kind        Address     Size  Object
  -------            ----        -------     ----  ------
"A0":                                       0x1ac
  .intvec            ro code  0x08000000    0x1ac  startup_stm32f427xx.o [1]
                            - 0x080001ac    0x1ac

"P1":                                      0x60cc
  .text              ro code  0x080001ac    0xa98  tasks.o [1]
  .text              ro code  0x08000c44    0x25c  heap_4.o [1]
  .text              ro code  0x08000ea0     0x66  ABImemset.o [5]
  .text              ro code  0x08000f06     0x98  list.o [1]
  .text              ro code  0x08000fa0    0x284  port.o [1]
  .text              ro code  0x08001224    0x448  timers.o [1]
  CODE               ro code  0x0800166c     0xb0  portasm.o [1]
  .text              ro code  0x0800171c    0x752  queue.o [1]
  .text              ro code  0x08001e70     0xa6  ABImemcpy.o [5]
  .rodata            const    0x08001f18    0x2f8  Arial.o [1]
  .text              ro code  0x08002210    0x282  ili9341_fsmc.o [1]
  .text              ro code  0x08002494    0x130  gpio.o [1]
  .text              ro code  0x080025c4     0x24  ABIassert.o [6]
  .text              ro code  0x080025e8      0x6  abort.o [3]
  .text              ro code  0x080025f0     0x14  exit.o [6]
  .text              ro code  0x08002604    0x23e  lcd.o [1]
  .text              ro code  0x08002844    0x1b8  ili9341.o [1]
  .text              ro code  0x080029fc    0x178  encoders.o [1]
  .rodata            const    0x08002b74    0x120  DS_Digital_Small.o [1]
  .text              ro code  0x08002c94    0x118  system_stm32f4xx.o [1]
  .text              ro code  0x08002dac    0x110  spiF4.o [1]
  .text              ro code  0x08002ebc     0xfc  UI.o [1]
  .rodata            const    0x08002fb8     0xf8  DS_Digital.o [1]
  .text              ro code  0x080030b0     0xf4  mcu.o [1]
  .rodata            const    0x080031a4     0xd4  DS_Digital.o [1]
  .rodata            const    0x08003278     0xa0  DS_Digital.o [1]
  .rodata            const    0x08003318     0xa0  DS_Digital.o [1]
  .rodata            const    0x080033b8     0xa0  DS_Digital.o [1]
  .rodata            const    0x08003458     0xa0  DS_Digital.o [1]
  .rodata            const    0x080034f8     0xa0  DS_Digital.o [1]
  .rodata            const    0x08003598     0xa0  DS_Digital.o [1]
  .rodata            const    0x08003638     0xa0  DS_Digital.o [1]
  .rodata            const    0x080036d8     0xa0  DS_Digital.o [1]
  .rodata            const    0x08003778     0xa0  DS_Digital.o [1]
  .rodata            const    0x08003818     0xa0  DS_Digital.o [1]
  .rodata            const    0x080038b8     0xa0  DS_Digital.o [1]
  .rodata            const    0x08003958     0xa0  DS_Digital.o [1]
  .rodata            const    0x080039f8     0xa0  DS_Digital.o [1]
  .rodata            const    0x08003a98     0xa0  DS_Digital.o [1]
  .rodata            const    0x08003b38     0xa0  DS_Digital.o [1]
  .rodata            const    0x08003bd8     0xa0  DS_Digital.o [1]
  .rodata            const    0x08003c78     0xa0  DS_Digital.o [1]
  .rodata            const    0x08003d18     0xa0  DS_Digital.o [1]
  .rodata            const    0x08003db8     0xa0  DS_Digital.o [1]
  .rodata            const    0x08003e58     0xa0  DS_Digital.o [1]
  .rodata            const    0x08003ef8     0xa0  DS_Digital.o [1]
  .rodata            const    0x08003f98     0xa0  DS_Digital.o [1]
  .rodata            const    0x08004038     0xa0  DS_Digital.o [1]
  .rodata            const    0x080040d8     0xa0  DS_Digital.o [1]
  .rodata            const    0x08004178     0xa0  DS_Digital.o [1]
  .rodata            const    0x08004218     0xa0  DS_Digital.o [1]
  .rodata            const    0x080042b8     0xa0  DS_Digital.o [1]
  .rodata            const    0x08004358     0xa0  DS_Digital.o [1]
  .rodata            const    0x080043f8     0xa0  DS_Digital.o [1]
  .text              ro code  0x08004498     0x98  keyboard.o [1]
  .text              ro code  0x08004530     0x8e  button.o [1]
  .text              ro code  0x080045c0     0x84  mainTSK.o [1]
  .text              ro code  0x08004644     0x64  main.o [1]
  .text              ro code  0x080046a8     0x10  hard.o [1]
  .text              ro code  0x080046b8     0x34  lcd_backlight.o [1]
  .rodata            const    0x080046ec     0x58  gpio.o [1]
  .rodata            const    0x08004744     0x4c  DS_Digital_Small.o [1]
  .rodata            const    0x08004790     0x4c  DS_Digital_Small.o [1]
  .rodata            const    0x080047dc     0x4c  DS_Digital_Small.o [1]
  .rodata            const    0x08004828     0x4c  DS_Digital_Small.o [1]
  .rodata            const    0x08004874     0x4c  DS_Digital_Small.o [1]
  .rodata            const    0x080048c0     0x4c  DS_Digital_Small.o [1]
  .rodata            const    0x0800490c     0x4c  DS_Digital_Small.o [1]
  .rodata            const    0x08004958     0x4c  DS_Digital_Small.o [1]
  .rodata            const    0x080049a4     0x4c  DS_Digital_Small.o [1]
  .rodata            const    0x080049f0     0x4c  DS_Digital_Small.o [1]
  .rodata            const    0x08004a3c     0x4c  DS_Digital_Small.o [1]
  .rodata            const    0x08004a88     0x4c  DS_Digital_Small.o [1]
  .rodata            const    0x08004ad4     0x4c  DS_Digital_Small.o [1]
  .rodata            const    0x08004b20     0x48  DS_Digital_Small.o [1]
  .rodata            const    0x08004b68     0x48  DS_Digital_Small.o [1]
  .rodata            const    0x08004bb0     0x48  DS_Digital_Small.o [1]
  .rodata            const    0x08004bf8     0x48  DS_Digital_Small.o [1]
  .rodata            const    0x08004c40     0x48  DS_Digital_Small.o [1]
  .rodata            const    0x08004c88     0x48  DS_Digital_Small.o [1]
  .rodata            const    0x08004cd0     0x48  DS_Digital_Small.o [1]
  .rodata            const    0x08004d18     0x44  UI.o [1]
  .text              ro code  0x08004d5c     0x40  zero_init3.o [5]
  .rodata            const    0x08004d9c     0x34  DS_Digital_Small.o [1]
  .rodata            const    0x08004dd0     0x34  DS_Digital_Small.o [1]
  .rodata            const    0x08004e04     0x34  DS_Digital_Small.o [1]
  .rodata            const    0x08004e38     0x34  DS_Digital_Small.o [1]
  .rodata            const    0x08004e6c     0x34  DS_Digital_Small.o [1]
  .rodata            const    0x08004ea0     0x34  DS_Digital_Small.o [1]
  .rodata            const    0x08004ed4     0x34  DS_Digital_Small.o [1]
  .rodata            const    0x08004f08     0x34  DS_Digital_Small.o [1]
  .text              ro code  0x08004f3c     0x2c  copy_init3.o [5]
  .text              ro code  0x08004f68     0x28  data_init.o [5]
  .rodata            const    0x08004f90     0x24  Arial.o [1]
  .rodata            const    0x08004fb4     0x24  Arial.o [1]
  .rodata            const    0x08004fd8     0x24  Arial.o [1]
  .rodata            const    0x08004ffc     0x24  Arial.o [1]
  .rodata            const    0x08005020     0x24  Arial.o [1]
  .rodata            const    0x08005044     0x24  Arial.o [1]
  .rodata            const    0x08005068     0x24  Arial.o [1]
  .rodata            const    0x0800508c     0x24  Arial.o [1]
  .rodata            const    0x080050b0     0x24  Arial.o [1]
  .rodata            const    0x080050d4     0x24  Arial.o [1]
  .rodata            const    0x080050f8     0x24  Arial.o [1]
  .rodata            const    0x0800511c     0x24  Arial.o [1]
  .rodata            const    0x08005140     0x24  Arial.o [1]
  .rodata            const    0x08005164     0x24  Arial.o [1]
  .rodata            const    0x08005188     0x24  Arial.o [1]
  .rodata            const    0x080051ac     0x24  Arial.o [1]
  .rodata            const    0x080051d0     0x24  Arial.o [1]
  .rodata            const    0x080051f4     0x24  Arial.o [1]
  .rodata            const    0x08005218     0x24  Arial.o [1]
  .rodata            const    0x0800523c     0x24  Arial.o [1]
  .rodata            const    0x08005260     0x24  Arial.o [1]
  .rodata            const    0x08005284     0x24  Arial.o [1]
  .rodata            const    0x080052a8     0x24  Arial.o [1]
  .rodata            const    0x080052cc     0x24  Arial.o [1]
  .rodata            const    0x080052f0     0x24  Arial.o [1]
  .rodata            const    0x08005314     0x24  Arial.o [1]
  .rodata            const    0x08005338     0x24  Arial.o [1]
  .rodata            const    0x0800535c     0x24  Arial.o [1]
  .rodata            const    0x08005380     0x24  Arial.o [1]
  .rodata            const    0x080053a4     0x24  Arial.o [1]
  .rodata            const    0x080053c8     0x24  Arial.o [1]
  .rodata            const    0x080053ec     0x24  Arial.o [1]
  .rodata            const    0x08005410     0x24  Arial.o [1]
  .rodata            const    0x08005434     0x24  Arial.o [1]
  .rodata            const    0x08005458     0x24  Arial.o [1]
  .rodata            const    0x0800547c     0x24  Arial.o [1]
  .rodata            const    0x080054a0     0x24  Arial.o [1]
  .rodata            const    0x080054c4     0x24  Arial.o [1]
  .rodata            const    0x080054e8     0x24  Arial.o [1]
  .rodata            const    0x0800550c     0x24  Arial.o [1]
  .rodata            const    0x08005530     0x24  Arial.o [1]
  .rodata            const    0x08005554     0x24  Arial.o [1]
  .rodata            const    0x08005578     0x24  Arial.o [1]
  .rodata            const    0x0800559c     0x24  Arial.o [1]
  .rodata            const    0x080055c0     0x24  Arial.o [1]
  .rodata            const    0x080055e4     0x24  Arial.o [1]
  .rodata            const    0x08005608     0x24  Arial.o [1]
  .rodata            const    0x0800562c     0x24  Arial.o [1]
  .rodata            const    0x08005650     0x24  Arial.o [1]
  .rodata            const    0x08005674     0x24  Arial.o [1]
  .rodata            const    0x08005698     0x24  Arial.o [1]
  .rodata            const    0x080056bc     0x24  Arial.o [1]
  .rodata            const    0x080056e0     0x24  Arial.o [1]
  .rodata            const    0x08005704     0x24  Arial.o [1]
  .rodata            const    0x08005728     0x24  Arial.o [1]
  .rodata            const    0x0800574c     0x24  Arial.o [1]
  .text              ro code  0x08005770     0x22  fpinit_M.o [4]
  .iar.init_table    const    0x08005794     0x24  - Linker created -
  .text              ro code  0x080057b8     0x1a  cmain.o [5]
  .text              ro code  0x080057d2      0x4  low_level_init.o [3]
  .text              ro code  0x080057d6      0x4  exit.o [3]
  .text              ro code  0x080057dc      0xa  cexit.o [5]
  .rodata            const    0x080057e8     0x18  DS_Digital_Small.o [1]
  .rodata            const    0x08005800     0x18  DS_Digital_Small.o [1]
  .rodata            const    0x08005818     0x14  Arial.o [1]
  .rodata            const    0x0800582c     0x14  Arial.o [1]
  .rodata            const    0x08005840     0x14  Arial.o [1]
  .rodata            const    0x08005854     0x14  Arial.o [1]
  .rodata            const    0x08005868     0x14  Arial.o [1]
  .rodata            const    0x0800587c     0x14  Arial.o [1]
  .rodata            const    0x08005890     0x14  Arial.o [1]
  .rodata            const    0x080058a4     0x14  Arial.o [1]
  .rodata            const    0x080058b8     0x14  Arial.o [1]
  .rodata            const    0x080058cc     0x14  Arial.o [1]
  .rodata            const    0x080058e0     0x14  Arial.o [1]
  .rodata            const    0x080058f4     0x14  Arial.o [1]
  .rodata            const    0x08005908     0x14  Arial.o [1]
  .rodata            const    0x0800591c     0x14  Arial.o [1]
  .rodata            const    0x08005930     0x14  Arial.o [1]
  .rodata            const    0x08005944     0x14  Arial.o [1]
  .rodata            const    0x08005958     0x14  Arial.o [1]
  .rodata            const    0x0800596c     0x14  Arial.o [1]
  .rodata            const    0x08005980     0x14  Arial.o [1]
  .rodata            const    0x08005994     0x14  Arial.o [1]
  .rodata            const    0x080059a8     0x14  Arial.o [1]
  .rodata            const    0x080059bc     0x14  Arial.o [1]
  .rodata            const    0x080059d0     0x14  Arial.o [1]
  .rodata            const    0x080059e4     0x14  Arial.o [1]
  .rodata            const    0x080059f8     0x14  Arial.o [1]
  .rodata            const    0x08005a0c     0x14  Arial.o [1]
  .rodata            const    0x08005a20     0x14  Arial.o [1]
  .rodata            const    0x08005a34     0x14  Arial.o [1]
  .rodata            const    0x08005a48     0x14  Arial.o [1]
  .rodata            const    0x08005a5c     0x14  Arial.o [1]
  .rodata            const    0x08005a70     0x14  Arial.o [1]
  .rodata            const    0x08005a84     0x14  Arial.o [1]
  .rodata            const    0x08005a98     0x14  Arial.o [1]
  .rodata            const    0x08005aac     0x14  Arial.o [1]
  .rodata            const    0x08005ac0     0x14  Arial.o [1]
  .rodata            const    0x08005ad4     0x14  Arial.o [1]
  .rodata            const    0x08005ae8     0x14  Arial.o [1]
  .rodata            const    0x08005afc     0x14  Arial.o [1]
  .rodata            const    0x08005b10     0x14  Arial.o [1]
  .rodata            const    0x08005b24     0x10  system_stm32f4xx.o [1]
  .text              ro code  0x08005b34     0x10  startup_stm32f427xx.o [1]
  .text              ro code  0x08005b44      0xc  cstartup_M.o [5]
  .rodata            const    0x08005b50      0x8  Arial.o [1]
  .rodata            const    0x08005b58      0x8  Arial.o [1]
  .rodata            const    0x08005b60      0x8  Arial.o [1]
  .rodata            const    0x08005b68      0x8  Arial.o [1]
  .rodata            const    0x08005b70      0x8  Arial.o [1]
  .rodata            const    0x08005b78      0x8  Arial.o [1]
  .rodata            const    0x08005b80      0x8  Arial.o [1]
  .rodata            const    0x08005b88      0x8  Arial.o [1]
  .rodata            const    0x08005b90      0x8  Arial.o [1]
  .rodata            const    0x08005b98      0x8  Arial.o [1]
  .rodata            const    0x08005ba0      0x8  Arial.o [1]
  .rodata            const    0x08005ba8      0x8  Arial.o [1]
  .rodata            const    0x08005bb0      0x8  Arial.o [1]
  .rodata            const    0x08005bb8      0x8  Arial.o [1]
  .rodata            const    0x08005bc0      0x8  Arial.o [1]
  .rodata            const    0x08005bc8      0x8  Arial.o [1]
  .rodata            const    0x08005bd0      0x8  Arial.o [1]
  .rodata            const    0x08005bd8      0x8  Arial.o [1]
  .rodata            const    0x08005be0      0x8  Arial.o [1]
  .rodata            const    0x08005be8      0x8  Arial.o [1]
  .rodata            const    0x08005bf0      0x8  Arial.o [1]
  .rodata            const    0x08005bf8      0x8  Arial.o [1]
  .rodata            const    0x08005c00      0x8  Arial.o [1]
  .rodata            const    0x08005c08      0x8  Arial.o [1]
  .rodata            const    0x08005c10      0x8  Arial.o [1]
  .rodata            const    0x08005c18      0x8  Arial.o [1]
  .rodata            const    0x08005c20      0x8  Arial.o [1]
  .rodata            const    0x08005c28      0x8  Arial.o [1]
  .rodata            const    0x08005c30      0x8  Arial.o [1]
  .rodata            const    0x08005c38      0x8  Arial.o [1]
  .rodata            const    0x08005c40      0x8  Arial.o [1]
  .rodata            const    0x08005c48      0x8  Arial.o [1]
  .rodata            const    0x08005c50      0x8  Arial.o [1]
  .rodata            const    0x08005c58      0x8  Arial.o [1]
  .rodata            const    0x08005c60      0x8  Arial.o [1]
  .rodata            const    0x08005c68      0x8  Arial.o [1]
  .rodata            const    0x08005c70      0x8  Arial.o [1]
  .rodata            const    0x08005c78      0x8  Arial.o [1]
  .rodata            const    0x08005c80      0x8  Arial.o [1]
  .rodata            const    0x08005c88      0x8  Arial.o [1]
  .rodata            const    0x08005c90      0x8  Arial.o [1]
  .rodata            const    0x08005c98      0x8  Arial.o [1]
  .rodata            const    0x08005ca0      0x8  Arial.o [1]
  .rodata            const    0x08005ca8      0x8  Arial.o [1]
  .rodata            const    0x08005cb0      0x8  Arial.o [1]
  .rodata            const    0x08005cb8      0x8  Arial.o [1]
  .rodata            const    0x08005cc0      0x8  Arial.o [1]
  .rodata            const    0x08005cc8      0x8  Arial.o [1]
  .rodata            const    0x08005cd0      0x8  Arial.o [1]
  .rodata            const    0x08005cd8      0x8  Arial.o [1]
  .rodata            const    0x08005ce0      0x8  Arial.o [1]
  .rodata            const    0x08005ce8      0x8  Arial.o [1]
  .rodata            const    0x08005cf0      0x8  Arial.o [1]
  .rodata            const    0x08005cf8      0x8  Arial.o [1]
  .rodata            const    0x08005d00      0x8  Arial.o [1]
  .rodata            const    0x08005d08      0x8  Arial.o [1]
  .rodata            const    0x08005d10      0x8  Arial.o [1]
  .rodata            const    0x08005d18      0x8  Arial.o [1]
  .rodata            const    0x08005d20      0x8  Arial.o [1]
  .rodata            const    0x08005d28      0x8  Arial.o [1]
  .rodata            const    0x08005d30      0x8  Arial.o [1]
  .rodata            const    0x08005d38      0x8  Arial.o [1]
  .rodata            const    0x08005d40      0x8  Arial.o [1]
  .rodata            const    0x08005d48      0x8  Arial.o [1]
  .rodata            const    0x08005d50      0x8  Arial.o [1]
  .rodata            const    0x08005d58      0x8  Arial.o [1]
  .rodata            const    0x08005d60      0x8  Arial.o [1]
  .rodata            const    0x08005d68      0x8  Arial.o [1]
  .rodata            const    0x08005d70      0x8  Arial.o [1]
  .rodata            const    0x08005d78      0x8  Arial.o [1]
  .rodata            const    0x08005d80      0x8  Arial.o [1]
  .rodata            const    0x08005d88      0x8  Arial.o [1]
  .rodata            const    0x08005d90      0x8  Arial.o [1]
  .rodata            const    0x08005d98      0x8  Arial.o [1]
  .rodata            const    0x08005da0      0x8  Arial.o [1]
  .rodata            const    0x08005da8      0x8  Arial.o [1]
  .rodata            const    0x08005db0      0x8  Arial.o [1]
  .rodata            const    0x08005db8      0x8  Arial.o [1]
  .rodata            const    0x08005dc0      0x8  Arial.o [1]
  .rodata            const    0x08005dc8      0x8  Arial.o [1]
  .rodata            const    0x08005dd0      0x8  Arial.o [1]
  .rodata            const    0x08005dd8      0x8  Arial.o [1]
  .rodata            const    0x08005de0      0x8  Arial.o [1]
  .rodata            const    0x08005de8      0x8  Arial.o [1]
  .rodata            const    0x08005df0      0x8  Arial.o [1]
  .rodata            const    0x08005df8      0x8  Arial.o [1]
  .rodata            const    0x08005e00      0x8  Arial.o [1]
  .rodata            const    0x08005e08      0x8  Arial.o [1]
  .rodata            const    0x08005e10      0x8  Arial.o [1]
  .rodata            const    0x08005e18      0x8  Arial.o [1]
  .rodata            const    0x08005e20      0x8  Arial.o [1]
  .rodata            const    0x08005e28      0x8  Arial.o [1]
  .rodata            const    0x08005e30      0x8  Arial.o [1]
  .rodata            const    0x08005e38      0x8  Arial.o [1]
  .rodata            const    0x08005e40      0x8  Arial.o [1]
  .rodata            const    0x08005e48      0x8  Arial.o [1]
  .rodata            const    0x08005e50      0x8  DS_Digital.o [1]
  .rodata            const    0x08005e58      0x8  DS_Digital.o [1]
  .rodata            const    0x08005e60      0x8  DS_Digital.o [1]
  .rodata            const    0x08005e68      0x8  DS_Digital.o [1]
  .rodata            const    0x08005e70      0x8  DS_Digital.o [1]
  .rodata            const    0x08005e78      0x8  DS_Digital.o [1]
  .rodata            const    0x08005e80      0x8  DS_Digital.o [1]
  .rodata            const    0x08005e88      0x8  DS_Digital.o [1]
  .rodata            const    0x08005e90      0x8  DS_Digital.o [1]
  .rodata            const    0x08005e98      0x8  DS_Digital.o [1]
  .rodata            const    0x08005ea0      0x8  DS_Digital.o [1]
  .rodata            const    0x08005ea8      0x8  DS_Digital.o [1]
  .rodata            const    0x08005eb0      0x8  DS_Digital.o [1]
  .rodata            const    0x08005eb8      0x8  DS_Digital.o [1]
  .rodata            const    0x08005ec0      0x8  DS_Digital.o [1]
  .rodata            const    0x08005ec8      0x8  DS_Digital.o [1]
  .rodata            const    0x08005ed0      0x8  DS_Digital.o [1]
  .rodata            const    0x08005ed8      0x8  DS_Digital.o [1]
  .rodata            const    0x08005ee0      0x8  DS_Digital.o [1]
  .rodata            const    0x08005ee8      0x8  DS_Digital.o [1]
  .rodata            const    0x08005ef0      0x8  DS_Digital.o [1]
  .rodata            const    0x08005ef8      0x8  DS_Digital.o [1]
  .rodata            const    0x08005f00      0x8  DS_Digital.o [1]
  .rodata            const    0x08005f08      0x8  DS_Digital.o [1]
  .rodata            const    0x08005f10      0x8  DS_Digital.o [1]
  .rodata            const    0x08005f18      0x8  DS_Digital.o [1]
  .rodata            const    0x08005f20      0x8  DS_Digital.o [1]
  .rodata            const    0x08005f28      0x8  DS_Digital.o [1]
  .rodata            const    0x08005f30      0x8  DS_Digital.o [1]
  .rodata            const    0x08005f38      0x8  DS_Digital.o [1]
  .rodata            const    0x08005f40      0x8  DS_Digital.o [1]
  .rodata            const    0x08005f48      0x8  DS_Digital.o [1]
  .rodata            const    0x08005f50      0x8  DS_Digital.o [1]
  .rodata            const    0x08005f58      0x8  DS_Digital_Small.o [1]
  .rodata            const    0x08005f60      0x8  DS_Digital_Small.o [1]
  .rodata            const    0x08005f68      0x8  DS_Digital_Small.o [1]
  .rodata            const    0x08005f70      0x8  DS_Digital_Small.o [1]
  .rodata            const    0x08005f78      0x8  DS_Digital_Small.o [1]
  .rodata            const    0x08005f80      0x8  DS_Digital_Small.o [1]
  .rodata            const    0x08005f88      0x8  DS_Digital_Small.o [1]
  .rodata            const    0x08005f90      0x8  DS_Digital_Small.o [1]
  .rodata            const    0x08005f98      0x8  DS_Digital_Small.o [1]
  .rodata            const    0x08005fa0      0x8  DS_Digital_Small.o [1]
  .rodata            const    0x08005fa8      0x8  DS_Digital_Small.o [1]
  .rodata            const    0x08005fb0      0x8  DS_Digital_Small.o [1]
  .rodata            const    0x08005fb8      0x8  DS_Digital_Small.o [1]
  .rodata            const    0x08005fc0      0x8  DS_Digital_Small.o [1]
  .rodata            const    0x08005fc8      0x8  DS_Digital_Small.o [1]
  .rodata            const    0x08005fd0      0x8  DS_Digital_Small.o [1]
  .rodata            const    0x08005fd8      0x8  DS_Digital_Small.o [1]
  .rodata            const    0x08005fe0      0x8  DS_Digital_Small.o [1]
  .rodata            const    0x08005fe8      0x8  DS_Digital_Small.o [1]
  .rodata            const    0x08005ff0      0x8  DS_Digital_Small.o [1]
  .rodata            const    0x08005ff8      0x8  DS_Digital_Small.o [1]
  .rodata            const    0x08006000      0x8  DS_Digital_Small.o [1]
  .rodata            const    0x08006008      0x8  DS_Digital_Small.o [1]
  .rodata            const    0x08006010      0x8  DS_Digital_Small.o [1]
  .rodata            const    0x08006018      0x8  DS_Digital_Small.o [1]
  .rodata            const    0x08006020      0x8  DS_Digital_Small.o [1]
  .rodata            const    0x08006028      0x8  DS_Digital_Small.o [1]
  .rodata            const    0x08006030      0x8  DS_Digital_Small.o [1]
  .rodata            const    0x08006038      0x8  DS_Digital_Small.o [1]
  .rodata            const    0x08006040      0x8  DS_Digital_Small.o [1]
  .rodata            const    0x08006048      0x8  DS_Digital_Small.o [1]
  .rodata            const    0x08006050      0x8  DS_Digital_Small.o [1]
  .rodata            const    0x08006058      0x8  DS_Digital_Small.o [1]
  .rodata            const    0x08006060      0x8  DS_Digital_Small.o [1]
  .rodata            const    0x08006068      0x8  DS_Digital_Small.o [1]
  .rodata            const    0x08006070      0x8  DS_Digital_Small.o [1]
  .rodata            const    0x08006078      0x8  DS_Digital_Small.o [1]
  .rodata            const    0x08006080      0x8  DS_Digital_Small.o [1]
  .rodata            const    0x08006088      0x8  DS_Digital_Small.o [1]
  .rodata            const    0x08006090      0x8  DS_Digital_Small.o [1]
  .rodata            const    0x08006098      0x8  DS_Digital_Small.o [1]
  .rodata            const    0x080060a0      0x8  DS_Digital_Small.o [1]
  .rodata            const    0x080060a8      0x8  DS_Digital_Small.o [1]
  .rodata            const    0x080060b0      0x8  gpio.o [1]
  .rodata            const    0x080060b8      0x8  main.o [1]
  .rodata            const    0x080060c0      0x8  main.o [1]
  .rodata            const    0x080060c8      0x8  tasks.o [1]
  .rodata            const    0x080060d0      0x8  timers.o [1]
  .rodata            const    0x080060d8      0x8  timers.o [1]
  .rodata            const    0x080060e0      0x8  UI.o [1]
  .rodata            const    0x080060e8      0x8  UI.o [1]
  .rodata            const    0x080060f0      0x8  UI.o [1]
  .rodata            const    0x080060f8      0x4  heap_4.o [1]
  .rodata            const    0x080060fc      0x4  port.o [1]
  .text              ro code  0x08006100      0x4  startup_stm32f427xx.o [1]
  .text              ro code  0x08006104      0x4  startup_stm32f427xx.o [1]
  .text              ro code  0x08006108      0x4  startup_stm32f427xx.o [1]
  .text              ro code  0x0800610c      0x4  startup_stm32f427xx.o [1]
  .text              ro code  0x08006110      0x4  startup_stm32f427xx.o [1]
  .text              ro code  0x08006114      0x4  startup_stm32f427xx.o [1]
  .text              ro code  0x08006118      0x4  startup_stm32f427xx.o [1]
  .text              ro code  0x0800611c      0x4  startup_stm32f427xx.o [1]
  .text              ro code  0x08006120      0x4  startup_stm32f427xx.o [1]
  .text              ro code  0x08006124      0x4  startup_stm32f427xx.o [1]
  .text              ro code  0x08006128      0x4  startup_stm32f427xx.o [1]
  .text              ro code  0x0800612c      0x4  startup_stm32f427xx.o [1]
  .text              ro code  0x08006130      0x4  startup_stm32f427xx.o [1]
  .text              ro code  0x08006134      0x4  startup_stm32f427xx.o [1]
  .text              ro code  0x08006138      0x4  startup_stm32f427xx.o [1]
  .text              ro code  0x0800613c      0x4  startup_stm32f427xx.o [1]
  .text              ro code  0x08006140      0x4  startup_stm32f427xx.o [1]
  .text              ro code  0x08006144      0x4  startup_stm32f427xx.o [1]
  .text              ro code  0x08006148      0x4  startup_stm32f427xx.o [1]
  .text              ro code  0x0800614c      0x4  startup_stm32f427xx.o [1]
  .text              ro code  0x08006150      0x4  startup_stm32f427xx.o [1]
  .text              ro code  0x08006154      0x4  startup_stm32f427xx.o [1]
  .text              ro code  0x08006158      0x4  startup_stm32f427xx.o [1]
  .text              ro code  0x0800615c      0x4  startup_stm32f427xx.o [1]
  .text              ro code  0x08006160      0x4  startup_stm32f427xx.o [1]
  .text              ro code  0x08006164      0x4  startup_stm32f427xx.o [1]
  .text              ro code  0x08006168      0x4  startup_stm32f427xx.o [1]
  .text              ro code  0x0800616c      0x4  startup_stm32f427xx.o [1]
  .text              ro code  0x08006170      0x4  startup_stm32f427xx.o [1]
  .text              ro code  0x08006174      0x4  startup_stm32f427xx.o [1]
  .text              ro code  0x08006178      0x4  startup_stm32f427xx.o [1]
  .text              ro code  0x0800617c      0x4  startup_stm32f427xx.o [1]
  .text              ro code  0x08006180      0x4  startup_stm32f427xx.o [1]
  .text              ro code  0x08006184      0x4  startup_stm32f427xx.o [1]
  .text              ro code  0x08006188      0x4  startup_stm32f427xx.o [1]
  .text              ro code  0x0800618c      0x4  startup_stm32f427xx.o [1]
  .text              ro code  0x08006190      0x4  startup_stm32f427xx.o [1]
  .text              ro code  0x08006194      0x4  startup_stm32f427xx.o [1]
  .text              ro code  0x08006198      0x4  startup_stm32f427xx.o [1]
  .text              ro code  0x0800619c      0x4  startup_stm32f427xx.o [1]
  .text              ro code  0x080061a0      0x4  startup_stm32f427xx.o [1]
  .text              ro code  0x080061a4      0x4  startup_stm32f427xx.o [1]
  .text              ro code  0x080061a8      0x4  startup_stm32f427xx.o [1]
  .text              ro code  0x080061ac      0x4  startup_stm32f427xx.o [1]
  .text              ro code  0x080061b0      0x4  startup_stm32f427xx.o [1]
  .text              ro code  0x080061b4      0x4  startup_stm32f427xx.o [1]
  .text              ro code  0x080061b8      0x4  startup_stm32f427xx.o [1]
  .text              ro code  0x080061bc      0x4  startup_stm32f427xx.o [1]
  .text              ro code  0x080061c0      0x4  startup_stm32f427xx.o [1]
  .text              ro code  0x080061c4      0x4  startup_stm32f427xx.o [1]
  .text              ro code  0x080061c8      0x4  startup_stm32f427xx.o [1]
  .text              ro code  0x080061cc      0x4  startup_stm32f427xx.o [1]
  .text              ro code  0x080061d0      0x4  startup_stm32f427xx.o [1]
  .text              ro code  0x080061d4      0x4  startup_stm32f427xx.o [1]
  .text              ro code  0x080061d8      0x4  startup_stm32f427xx.o [1]
  .text              ro code  0x080061dc      0x4  startup_stm32f427xx.o [1]
  .text              ro code  0x080061e0      0x4  startup_stm32f427xx.o [1]
  .text              ro code  0x080061e4      0x4  startup_stm32f427xx.o [1]
  .text              ro code  0x080061e8      0x4  startup_stm32f427xx.o [1]
  .text              ro code  0x080061ec      0x4  startup_stm32f427xx.o [1]
  .text              ro code  0x080061f0      0x4  startup_stm32f427xx.o [1]
  .text              ro code  0x080061f4      0x4  startup_stm32f427xx.o [1]
  .text              ro code  0x080061f8      0x4  startup_stm32f427xx.o [1]
  .text              ro code  0x080061fc      0x4  startup_stm32f427xx.o [1]
  .text              ro code  0x08006200      0x4  startup_stm32f427xx.o [1]
  .text              ro code  0x08006204      0x4  startup_stm32f427xx.o [1]
  .text              ro code  0x08006208      0x4  startup_stm32f427xx.o [1]
  .text              ro code  0x0800620c      0x4  startup_stm32f427xx.o [1]
  .text              ro code  0x08006210      0x4  startup_stm32f427xx.o [1]
  .text              ro code  0x08006214      0x4  startup_stm32f427xx.o [1]
  .text              ro code  0x08006218      0x4  startup_stm32f427xx.o [1]
  .text              ro code  0x0800621c      0x4  startup_stm32f427xx.o [1]
  .text              ro code  0x08006220      0x4  startup_stm32f427xx.o [1]
  .text              ro code  0x08006224      0x4  startup_stm32f427xx.o [1]
  .text              ro code  0x08006228      0x4  startup_stm32f427xx.o [1]
  .text              ro code  0x0800622c      0x4  startup_stm32f427xx.o [1]
  .text              ro code  0x08006230      0x4  startup_stm32f427xx.o [1]
  .text              ro code  0x08006234      0x4  startup_stm32f427xx.o [1]
  .text              ro code  0x08006238      0x4  startup_stm32f427xx.o [1]
  .text              ro code  0x0800623c      0x4  startup_stm32f427xx.o [1]
  .text              ro code  0x08006240      0x4  startup_stm32f427xx.o [1]
  .text              ro code  0x08006244      0x4  startup_stm32f427xx.o [1]
  .text              ro code  0x08006248      0x4  startup_stm32f427xx.o [1]
  .text              ro code  0x0800624c      0x4  startup_stm32f427xx.o [1]
  .text              ro code  0x08006250      0x4  startup_stm32f427xx.o [1]
  .text              ro code  0x08006254      0x4  startup_stm32f427xx.o [1]
  .text              ro code  0x08006258      0x4  startup_stm32f427xx.o [1]
  .text              ro code  0x0800625c      0x4  startup_stm32f427xx.o [1]
  .text              ro code  0x08006260      0x4  startup_stm32f427xx.o [1]
  .text              ro code  0x08006264      0x4  startup_stm32f427xx.o [1]
  .rodata            const    0x08006268      0x0  zero_init3.o [5]
  .rodata            const    0x08006268      0x0  copy_init3.o [5]
  Initializer bytes  const    0x08006268     0x10  <for P4 s0>
                            - 0x08006278   0x60cc

"P3":                                      0x2000
  CSTACK                      0x10000000   0x2000  <Block>
    CSTACK           uninit   0x10000000   0x2000  <Block tail>
                            - 0x10002000   0x2000

"P4", part 1 of 2:                           0x10
  P4 s0                       0x20000000     0x10  <Init block>
    .data            inited   0x20000000      0x8  lcd_backlight.o [1]
    .data            inited   0x20000008      0x4  port.o [1]
    .data            inited   0x2000000c      0x4  system_stm32f4xx.o [1]
                            - 0x20000010     0x10

"P4", part 2 of 2:                        0x12e04
  .bss               zero     0x20000010  0x12c00  heap_4.o [1]
  .bss               zero     0x20012c10     0x64  tasks.o [1]
  .bss               zero     0x20012c74     0x40  queue.o [1]
  .bss               zero     0x20012cb4     0x1c  spiF4.o [1]
  .bss               zero     0x20012cd0     0x1c  spiF4.o [1]
  .bss               zero     0x20012cec     0x18  keyboard.o [1]
  .bss               zero     0x20012d04     0x14  encoderPannel.o [1]
  .bss               zero     0x20012d18     0x14  tasks.o [1]
  .bss               zero     0x20012d2c     0x14  tasks.o [1]
  .bss               zero     0x20012d40     0x14  tasks.o [1]
  .bss               zero     0x20012d54     0x14  tasks.o [1]
  .bss               zero     0x20012d68     0x14  tasks.o [1]
  .bss               zero     0x20012d7c     0x14  timers.o [1]
  .bss               zero     0x20012d90     0x14  timers.o [1]
  .bss               zero     0x20012da4      0x8  heap_4.o [1]
  .bss               zero     0x20012dac      0x4  heap_4.o [1]
  .bss               zero     0x20012db0      0x4  heap_4.o [1]
  .bss               zero     0x20012db4      0x4  heap_4.o [1]
  .bss               zero     0x20012db8      0x4  heap_4.o [1]
  .bss               zero     0x20012dbc      0x4  port.o [1]
  .bss               zero     0x20012dc0      0x4  tasks.o [1]
  .bss               zero     0x20012dc4      0x4  tasks.o [1]
  .bss               zero     0x20012dc8      0x4  tasks.o [1]
  .bss               zero     0x20012dcc      0x4  tasks.o [1]
  .bss               zero     0x20012dd0      0x4  tasks.o [1]
  .bss               zero     0x20012dd4      0x4  tasks.o [1]
  .bss               zero     0x20012dd8      0x4  tasks.o [1]
  .bss               zero     0x20012ddc      0x4  tasks.o [1]
  .bss               zero     0x20012de0      0x4  tasks.o [1]
  .bss               zero     0x20012de4      0x4  tasks.o [1]
  .bss               zero     0x20012de8      0x4  tasks.o [1]
  .bss               zero     0x20012dec      0x4  tasks.o [1]
  .bss               zero     0x20012df0      0x4  tasks.o [1]
  .bss               zero     0x20012df4      0x4  tasks.o [1]
  .bss               zero     0x20012df8      0x4  tasks.o [1]
  .bss               zero     0x20012dfc      0x4  timers.o [1]
  .bss               zero     0x20012e00      0x4  timers.o [1]
  .bss               zero     0x20012e04      0x4  timers.o [1]
  .bss               zero     0x20012e08      0x4  timers.o [1]
  .bss               zero     0x20012e0c      0x4  timers.o [1]
  .bss               zero     0x20012e10      0x1  ili9341.o [1]
  .bss               zero     0x20012e11      0x1  port.o [1]
                            - 0x20012e12  0x12e02


*******************************************************************************
*** INIT TABLE
***

          Address     Size
          -------     ----
Zero (__iar_zero_init3)
    1 destination range, total size 0x12e02:
          0x20000010  0x12e02

Copy (__iar_copy_init3)
    1 source range, total size 0x10:
          0x08006268     0x10
    1 destination range, total size 0x10:
          0x20000000     0x10



*******************************************************************************
*** MODULE SUMMARY
***

    Module                 ro code  ro data  rw data
    ------                 -------  -------  -------
C:\Users\Ernst\Documents\Repositories\eSolder\Fwm\fwm_eSolder\projects\iar\STM32F427_Debug\Obj: [1]
    Arial.o                           4 324
    DS_Digital.o                      5 364
    DS_Digital_Small.o                2 588
    UI.o                       252       92
    button.o                   142
    encoderPannel.o                               20
    encoders.o                 376
    gpio.o                     304       96
    hard.o                      16
    heap_4.o                   604        4   76 824
    ili9341.o                  440                 1
    ili9341_fsmc.o             642
    keyboard.o                 152                24
    lcd.o                      574
    lcd_backlight.o             52        8        8
    list.o                     152
    main.o                     100       16
    mainTSK.o                  132
    mcu.o                      244
    port.o                     644        8        9
    portasm.o                  176
    queue.o                  1 874                64
    spiF4.o                    272                56
    startup_stm32f427xx.o      804
    system_stm32f4xx.o         280       20        4
    tasks.o                  2 712        8      260
    timers.o                 1 096       16       60
    ------------------------------------------------
    Total:                  12 040   12 544   77 330

command line: [2]
    ------------------------------------------------
    Total:

dl7M_tln.a: [3]
    abort.o                      6
    exit.o                       4
    low_level_init.o             4
    ------------------------------------------------
    Total:                      14

m7M_tls.a: [4]
    fpinit_M.o                  34
    ------------------------------------------------
    Total:                      34

rt7M_tl.a: [5]
    ABImemcpy.o                166
    ABImemset.o                102
    cexit.o                     10
    cmain.o                     26
    copy_init3.o                44
    cstartup_M.o                12
    data_init.o                 40
    zero_init3.o                64
    ------------------------------------------------
    Total:                     464

shb_l.a: [6]
    ABIassert.o                 36
    exit.o                      20
    ------------------------------------------------
    Total:                      56

    Gaps                        14        6
    Linker created                       36    8 192
----------------------------------------------------
    Grand Total:            12 622   12 586   85 522


*******************************************************************************
*** ENTRY LIST
***

Entry                      Address     Size  Type      Object
-----                      -------     ----  ----      ------
.iar.init_table$$Base   0x08005794            --   Gb  - Linker created -
.iar.init_table$$Limit  0x080057b8            --   Gb  - Linker created -
?main                   0x080057b9           Code  Gb  cmain.o [5]
AHBPrescTable           0x08005b24     0x10  Data  Gb  system_stm32f4xx.o [1]
Arial                   0x08005e48      0x8  Data  Gb  Arial.o [1]
Arial_0x20              0x08005b50      0x8  Data  Lc  Arial.o [1]
Arial_0x21              0x08005b58      0x8  Data  Lc  Arial.o [1]
Arial_0x22              0x08005b60      0x8  Data  Lc  Arial.o [1]
Arial_0x23              0x08005b68      0x8  Data  Lc  Arial.o [1]
Arial_0x24              0x08005b70      0x8  Data  Lc  Arial.o [1]
Arial_0x25              0x08005b78      0x8  Data  Lc  Arial.o [1]
Arial_0x26              0x08005b80      0x8  Data  Lc  Arial.o [1]
Arial_0x27              0x08005b88      0x8  Data  Lc  Arial.o [1]
Arial_0x28              0x08005b90      0x8  Data  Lc  Arial.o [1]
Arial_0x29              0x08005b98      0x8  Data  Lc  Arial.o [1]
Arial_0x2a              0x08005ba0      0x8  Data  Lc  Arial.o [1]
Arial_0x2b              0x08005ba8      0x8  Data  Lc  Arial.o [1]
Arial_0x2c              0x08005bb0      0x8  Data  Lc  Arial.o [1]
Arial_0x2d              0x08005bb8      0x8  Data  Lc  Arial.o [1]
Arial_0x2e              0x08005bc0      0x8  Data  Lc  Arial.o [1]
Arial_0x2f              0x08005bc8      0x8  Data  Lc  Arial.o [1]
Arial_0x30              0x08005bd0      0x8  Data  Lc  Arial.o [1]
Arial_0x31              0x08005bd8      0x8  Data  Lc  Arial.o [1]
Arial_0x32              0x08005be0      0x8  Data  Lc  Arial.o [1]
Arial_0x33              0x08005be8      0x8  Data  Lc  Arial.o [1]
Arial_0x34              0x08005bf0      0x8  Data  Lc  Arial.o [1]
Arial_0x35              0x08005bf8      0x8  Data  Lc  Arial.o [1]
Arial_0x36              0x08005c00      0x8  Data  Lc  Arial.o [1]
Arial_0x37              0x08005c08      0x8  Data  Lc  Arial.o [1]
Arial_0x38              0x08005c10      0x8  Data  Lc  Arial.o [1]
Arial_0x39              0x08005c18      0x8  Data  Lc  Arial.o [1]
Arial_0x3a              0x08005c20      0x8  Data  Lc  Arial.o [1]
Arial_0x3b              0x08005c28      0x8  Data  Lc  Arial.o [1]
Arial_0x3c              0x08005c30      0x8  Data  Lc  Arial.o [1]
Arial_0x3d              0x08005c38      0x8  Data  Lc  Arial.o [1]
Arial_0x3e              0x08005c40      0x8  Data  Lc  Arial.o [1]
Arial_0x3f              0x08005c48      0x8  Data  Lc  Arial.o [1]
Arial_0x40              0x08005c50      0x8  Data  Lc  Arial.o [1]
Arial_0x41              0x08005c58      0x8  Data  Lc  Arial.o [1]
Arial_0x42              0x08005c60      0x8  Data  Lc  Arial.o [1]
Arial_0x43              0x08005c68      0x8  Data  Lc  Arial.o [1]
Arial_0x44              0x08005c70      0x8  Data  Lc  Arial.o [1]
Arial_0x45              0x08005c78      0x8  Data  Lc  Arial.o [1]
Arial_0x46              0x08005c80      0x8  Data  Lc  Arial.o [1]
Arial_0x47              0x08005c88      0x8  Data  Lc  Arial.o [1]
Arial_0x48              0x08005c90      0x8  Data  Lc  Arial.o [1]
Arial_0x49              0x08005c98      0x8  Data  Lc  Arial.o [1]
Arial_0x4a              0x08005ca0      0x8  Data  Lc  Arial.o [1]
Arial_0x4b              0x08005ca8      0x8  Data  Lc  Arial.o [1]
Arial_0x4c              0x08005cb0      0x8  Data  Lc  Arial.o [1]
Arial_0x4d              0x08005cb8      0x8  Data  Lc  Arial.o [1]
Arial_0x4e              0x08005cc0      0x8  Data  Lc  Arial.o [1]
Arial_0x4f              0x08005cc8      0x8  Data  Lc  Arial.o [1]
Arial_0x50              0x08005cd0      0x8  Data  Lc  Arial.o [1]
Arial_0x51              0x08005cd8      0x8  Data  Lc  Arial.o [1]
Arial_0x52              0x08005ce0      0x8  Data  Lc  Arial.o [1]
Arial_0x53              0x08005ce8      0x8  Data  Lc  Arial.o [1]
Arial_0x54              0x08005cf0      0x8  Data  Lc  Arial.o [1]
Arial_0x55              0x08005cf8      0x8  Data  Lc  Arial.o [1]
Arial_0x56              0x08005d00      0x8  Data  Lc  Arial.o [1]
Arial_0x57              0x08005d08      0x8  Data  Lc  Arial.o [1]
Arial_0x58              0x08005d10      0x8  Data  Lc  Arial.o [1]
Arial_0x59              0x08005d18      0x8  Data  Lc  Arial.o [1]
Arial_0x5a              0x08005d20      0x8  Data  Lc  Arial.o [1]
Arial_0x5b              0x08005d28      0x8  Data  Lc  Arial.o [1]
Arial_0x5c              0x08005d30      0x8  Data  Lc  Arial.o [1]
Arial_0x5d              0x08005d38      0x8  Data  Lc  Arial.o [1]
Arial_0x5e              0x08005d40      0x8  Data  Lc  Arial.o [1]
Arial_0x5f              0x08005d48      0x8  Data  Lc  Arial.o [1]
Arial_0x60              0x08005d50      0x8  Data  Lc  Arial.o [1]
Arial_0x61              0x08005d58      0x8  Data  Lc  Arial.o [1]
Arial_0x62              0x08005d60      0x8  Data  Lc  Arial.o [1]
Arial_0x63              0x08005d68      0x8  Data  Lc  Arial.o [1]
Arial_0x64              0x08005d70      0x8  Data  Lc  Arial.o [1]
Arial_0x65              0x08005d78      0x8  Data  Lc  Arial.o [1]
Arial_0x66              0x08005d80      0x8  Data  Lc  Arial.o [1]
Arial_0x67              0x08005d88      0x8  Data  Lc  Arial.o [1]
Arial_0x68              0x08005d90      0x8  Data  Lc  Arial.o [1]
Arial_0x69              0x08005d98      0x8  Data  Lc  Arial.o [1]
Arial_0x6a              0x08005da0      0x8  Data  Lc  Arial.o [1]
Arial_0x6b              0x08005da8      0x8  Data  Lc  Arial.o [1]
Arial_0x6c              0x08005db0      0x8  Data  Lc  Arial.o [1]
Arial_0x6d              0x08005db8      0x8  Data  Lc  Arial.o [1]
Arial_0x6e              0x08005dc0      0x8  Data  Lc  Arial.o [1]
Arial_0x6f              0x08005dc8      0x8  Data  Lc  Arial.o [1]
Arial_0x70              0x08005dd0      0x8  Data  Lc  Arial.o [1]
Arial_0x71              0x08005dd8      0x8  Data  Lc  Arial.o [1]
Arial_0x72              0x08005de0      0x8  Data  Lc  Arial.o [1]
Arial_0x73              0x08005de8      0x8  Data  Lc  Arial.o [1]
Arial_0x74              0x08005df0      0x8  Data  Lc  Arial.o [1]
Arial_0x75              0x08005df8      0x8  Data  Lc  Arial.o [1]
Arial_0x76              0x08005e00      0x8  Data  Lc  Arial.o [1]
Arial_0x77              0x08005e08      0x8  Data  Lc  Arial.o [1]
Arial_0x78              0x08005e10      0x8  Data  Lc  Arial.o [1]
Arial_0x79              0x08005e18      0x8  Data  Lc  Arial.o [1]
Arial_0x7a              0x08005e20      0x8  Data  Lc  Arial.o [1]
Arial_0x7b              0x08005e28      0x8  Data  Lc  Arial.o [1]
Arial_0x7c              0x08005e30      0x8  Data  Lc  Arial.o [1]
Arial_0x7d              0x08005e38      0x8  Data  Lc  Arial.o [1]
Arial_0x7e              0x08005e40      0x8  Data  Lc  Arial.o [1]
Arial_array             0x08001f18    0x2f8  Data  Lc  Arial.o [1]
CSTACK$$Base            0x10000000            --   Gb  - Linker created -
CSTACK$$Limit           0x10002000            --   Gb  - Linker created -
DMA2_Stream0_IRQHandler
                        0x08002dd5     0x1c  Code  Gb  spiF4.o [1]
DMA2_Stream3_IRQHandler
                        0x08002db9     0x1c  Code  Gb  spiF4.o [1]
DS_Digital              0x08005f50      0x8  Data  Gb  DS_Digital.o [1]
DS_Digital_0x25         0x08005e50      0x8  Data  Lc  DS_Digital.o [1]
DS_Digital_0x26         0x08005e58      0x8  Data  Lc  DS_Digital.o [1]
DS_Digital_0x27         0x08005e68      0x8  Data  Lc  DS_Digital.o [1]
DS_Digital_0x28         0x08005e70      0x8  Data  Lc  DS_Digital.o [1]
DS_Digital_0x29         0x08005e78      0x8  Data  Lc  DS_Digital.o [1]
DS_Digital_0x2a         0x08005e80      0x8  Data  Lc  DS_Digital.o [1]
DS_Digital_0x2b         0x08005e88      0x8  Data  Lc  DS_Digital.o [1]
DS_Digital_0x2c         0x08005e90      0x8  Data  Lc  DS_Digital.o [1]
DS_Digital_0x2d         0x08005e98      0x8  Data  Lc  DS_Digital.o [1]
DS_Digital_0x2e         0x08005ea0      0x8  Data  Lc  DS_Digital.o [1]
DS_Digital_0x2f         0x08005ea8      0x8  Data  Lc  DS_Digital.o [1]
DS_Digital_0x30         0x08005eb0      0x8  Data  Lc  DS_Digital.o [1]
DS_Digital_0x31         0x08005eb8      0x8  Data  Lc  DS_Digital.o [1]
DS_Digital_0x32         0x08005ec0      0x8  Data  Lc  DS_Digital.o [1]
DS_Digital_0x33         0x08005ec8      0x8  Data  Lc  DS_Digital.o [1]
DS_Digital_0x34         0x08005ed0      0x8  Data  Lc  DS_Digital.o [1]
DS_Digital_0x35         0x08005ed8      0x8  Data  Lc  DS_Digital.o [1]
DS_Digital_0x36         0x08005ee0      0x8  Data  Lc  DS_Digital.o [1]
DS_Digital_0x37         0x08005ee8      0x8  Data  Lc  DS_Digital.o [1]
DS_Digital_0x38         0x08005ef0      0x8  Data  Lc  DS_Digital.o [1]
DS_Digital_0x39         0x08005ef8      0x8  Data  Lc  DS_Digital.o [1]
DS_Digital_0x3a         0x08005f00      0x8  Data  Lc  DS_Digital.o [1]
DS_Digital_0x3b         0x08005f08      0x8  Data  Lc  DS_Digital.o [1]
DS_Digital_0x3c         0x08005f10      0x8  Data  Lc  DS_Digital.o [1]
DS_Digital_0x3d         0x08005f18      0x8  Data  Lc  DS_Digital.o [1]
DS_Digital_0x3e         0x08005f20      0x8  Data  Lc  DS_Digital.o [1]
DS_Digital_0x3f         0x08005f28      0x8  Data  Lc  DS_Digital.o [1]
DS_Digital_0x40         0x08005f30      0x8  Data  Lc  DS_Digital.o [1]
DS_Digital_0x41         0x08005f38      0x8  Data  Lc  DS_Digital.o [1]
DS_Digital_0x42         0x08005f40      0x8  Data  Lc  DS_Digital.o [1]
DS_Digital_0x43         0x08005f48      0x8  Data  Lc  DS_Digital.o [1]
DS_Digital_Small        0x080060a8      0x8  Data  Gb  DS_Digital_Small.o [1]
DS_Digital_Small_0x20   0x08005f58      0x8  Data  Lc  DS_Digital_Small.o [1]
DS_Digital_Small_0x21   0x08005f60      0x8  Data  Lc  DS_Digital_Small.o [1]
DS_Digital_Small_0x22   0x08005f68      0x8  Data  Lc  DS_Digital_Small.o [1]
DS_Digital_Small_0x23   0x08005f70      0x8  Data  Lc  DS_Digital_Small.o [1]
DS_Digital_Small_0x24   0x08005f78      0x8  Data  Lc  DS_Digital_Small.o [1]
DS_Digital_Small_0x25   0x08005f80      0x8  Data  Lc  DS_Digital_Small.o [1]
DS_Digital_Small_0x26   0x08005f88      0x8  Data  Lc  DS_Digital_Small.o [1]
DS_Digital_Small_0x27   0x08005f98      0x8  Data  Lc  DS_Digital_Small.o [1]
DS_Digital_Small_0x28   0x08005fa8      0x8  Data  Lc  DS_Digital_Small.o [1]
DS_Digital_Small_0x29   0x08005fb8      0x8  Data  Lc  DS_Digital_Small.o [1]
DS_Digital_Small_0x2a   0x08005fc8      0x8  Data  Lc  DS_Digital_Small.o [1]
DS_Digital_Small_0x2b   0x08005fd8      0x8  Data  Lc  DS_Digital_Small.o [1]
DS_Digital_Small_0x2c   0x08005fe8      0x8  Data  Lc  DS_Digital_Small.o [1]
DS_Digital_Small_0x2d   0x08005ff0      0x8  Data  Lc  DS_Digital_Small.o [1]
DS_Digital_Small_0x2e   0x08005ff8      0x8  Data  Lc  DS_Digital_Small.o [1]
DS_Digital_Small_0x2f   0x08006000      0x8  Data  Lc  DS_Digital_Small.o [1]
DS_Digital_Small_0x30   0x08006008      0x8  Data  Lc  DS_Digital_Small.o [1]
DS_Digital_Small_0x31   0x08006010      0x8  Data  Lc  DS_Digital_Small.o [1]
DS_Digital_Small_0x32   0x08006018      0x8  Data  Lc  DS_Digital_Small.o [1]
DS_Digital_Small_0x33   0x08006020      0x8  Data  Lc  DS_Digital_Small.o [1]
DS_Digital_Small_0x34   0x08006028      0x8  Data  Lc  DS_Digital_Small.o [1]
DS_Digital_Small_0x35   0x08006030      0x8  Data  Lc  DS_Digital_Small.o [1]
DS_Digital_Small_0x36   0x08006038      0x8  Data  Lc  DS_Digital_Small.o [1]
DS_Digital_Small_0x37   0x08006040      0x8  Data  Lc  DS_Digital_Small.o [1]
DS_Digital_Small_0x38   0x08006048      0x8  Data  Lc  DS_Digital_Small.o [1]
DS_Digital_Small_0x39   0x08006050      0x8  Data  Lc  DS_Digital_Small.o [1]
DS_Digital_Small_0x3a   0x08006058      0x8  Data  Lc  DS_Digital_Small.o [1]
DS_Digital_Small_0x3b   0x08006060      0x8  Data  Lc  DS_Digital_Small.o [1]
DS_Digital_Small_0x3c   0x08006068      0x8  Data  Lc  DS_Digital_Small.o [1]
DS_Digital_Small_0x3d   0x08006070      0x8  Data  Lc  DS_Digital_Small.o [1]
DS_Digital_Small_0x3e   0x08006078      0x8  Data  Lc  DS_Digital_Small.o [1]
DS_Digital_Small_0x3f   0x08006080      0x8  Data  Lc  DS_Digital_Small.o [1]
DS_Digital_Small_0x40   0x08006088      0x8  Data  Lc  DS_Digital_Small.o [1]
DS_Digital_Small_0x41   0x08006090      0x8  Data  Lc  DS_Digital_Small.o [1]
DS_Digital_Small_0x42   0x08006098      0x8  Data  Lc  DS_Digital_Small.o [1]
DS_Digital_Small_0x43   0x080060a0      0x8  Data  Lc  DS_Digital_Small.o [1]
DS_Digital_Small_array  0x08002b74    0x120  Data  Lc  DS_Digital_Small.o [1]
DS_Digital_array        0x08002fb8     0xf8  Data  Lc  DS_Digital.o [1]
MCU_init                0x080030b1     0xf4  Code  Gb  mcu.o [1]
OS_init                 0x08004669     0x1e  Code  Gb  main.o [1]
PendSV_Handler          0x0800166d           Code  Gb  portasm.o [1]
Region$$Table$$Base     0x08005794            --   Gb  - Linker created -
Region$$Table$$Limit    0x080057b8            --   Gb  - Linker created -
SPI1_IRQHandler         0x08002dad      0xc  Code  Gb  spiF4.o [1]
SPI5_IRQHandler         0x08002df1      0xc  Code  Gb  spiF4.o [1]
SVC_Handler             0x080016c5           Code  Gb  portasm.o [1]
SysTick_Handler         0x08001147     0x28  Code  Gb  port.o [1]
SystemCoreClock         0x2000000c      0x4  Data  Gb  system_stm32f4xx.o [1]
SystemCoreClockUpdate   0x08002ce1     0x9a  Code  Gb  system_stm32f4xx.o [1]
SystemInit              0x08002c95     0x4c  Code  Gb  system_stm32f4xx.o [1]
UI_MainWindowRendering  0x08002ebd     0xe0  Code  Gb  UI.o [1]
__aeabi_assert          0x080025c5     0x24  Code  Gb  ABIassert.o [6]
__aeabi_memcpy          0x08001e71           Code  Gb  ABImemcpy.o [5]
__aeabi_memcpy4         0x08001e91           Code  Gb  ABImemcpy.o [5]
__aeabi_memcpy8         0x08001e91           Code  Gb  ABImemcpy.o [5]
__aeabi_memset          0x08000ea1           Code  Gb  ABImemset.o [5]
__cmain                 0x080057b9           Code  Gb  cmain.o [5]
__exit                  0x080025f1     0x14  Code  Gb  exit.o [6]
__iar_Memset            0x08000ea1           Code  Gb  ABImemset.o [5]
__iar_Memset_word       0x08000ea9           Code  Gb  ABImemset.o [5]
__iar_copy_init3        0x08004f3d     0x2c  Code  Gb  copy_init3.o [5]
__iar_data_init3        0x08004f69     0x28  Code  Gb  data_init.o [5]
__iar_init_vfp          0x08005771           Code  Gb  fpinit_M.o [4]
__iar_program_start     0x08005b45           Code  Gb  cstartup_M.o [5]
__iar_systems$$module {Abs}
                        0x00000001           Data  Gb  command line/config [2]
__iar_zero_init3        0x08004d5d     0x40  Code  Gb  zero_init3.o [5]
__low_level_init        0x080057d3      0x4  Code  Gb  low_level_init.o [3]
__vector_table          0x08000000           Data  Gb  startup_stm32f427xx.o [1]
_call_main              0x080057c5           Code  Gb  cmain.o [5]
_exit                   0x080057dd           Code  Gb  cexit.o [5]
_main                   0x080057cf           Code  Gb  cmain.o [5]
abort                   0x080025e9      0x6  Code  Gb  abort.o [3]
backlight               0x20000000      0x8  Data  Gb  lcd_backlight.o [1]
buttonClearPressed      0x080045b1      0xe  Code  Gb  button.o [1]
buttonInit              0x08004531     0x2a  Code  Gb  button.o [1]
buttonScan              0x0800455b     0x56  Code  Gb  button.o [1]
enReadVal               0x080029fd     0x38  Code  Gb  encoders.o [1]
enWriteVal              0x08002a35     0x30  Code  Gb  encoders.o [1]
encoderPannel           0x20012d04     0x14  Data  Gb  encoderPannel.o [1]
encoderUpdate           0x08002a65    0x10c  Code  Gb  encoders.o [1]
exit                    0x080057d7      0x4  Code  Gb  exit.o [3]
gpioAfInit              0x0800253b     0x80  Code  Gb  gpio.o [1]
gpioInit                0x08002495     0xa6  Code  Gb  gpio.o [1]
hard_init               0x080046a9     0x10  Code  Gb  hard.o [1]
ili9341_ColumnAddressSet
                        0x080028e5     0x1e  Code  Lc  ili9341.o [1]
ili9341_DrawBackground  0x08002921     0x64  Code  Gb  ili9341.o [1]
ili9341_Init            0x08002845     0xa0  Code  Gb  ili9341.o [1]
ili9341_InitCommunication
                        0x08002211    0x24c  Code  Gb  ili9341_fsmc.o [1]
ili9341_PageAddressSet  0x08002903     0x1e  Code  Lc  ili9341.o [1]
ili9341_Reset           0x080029e9      0xa  Code  Gb  ili9341.o [1]
ili9341_SetOrientation  0x08002989     0x3e  Code  Gb  ili9341.o [1]
ili9341_SetRegion       0x080029c7     0x22  Code  Gb  ili9341.o [1]
ili9341_WriteCommand    0x08002489      0xa  Code  Gb  ili9341_fsmc.o [1]
ili9341_WriteData       0x0800245d      0xc  Code  Gb  ili9341_fsmc.o [1]
ili9341_WriteData_16    0x08002469      0x6  Code  Gb  ili9341_fsmc.o [1]
ili9341_displayOn       0x080029f3      0xa  Code  Gb  ili9341.o [1]
image_data_Arial_0x20   0x08005818     0x14  Data  Lc  Arial.o [1]
image_data_Arial_0x21   0x0800582c     0x14  Data  Lc  Arial.o [1]
image_data_Arial_0x22   0x08005840     0x14  Data  Lc  Arial.o [1]
image_data_Arial_0x23   0x08004f90     0x24  Data  Lc  Arial.o [1]
image_data_Arial_0x24   0x08004fb4     0x24  Data  Lc  Arial.o [1]
image_data_Arial_0x25   0x08004fd8     0x24  Data  Lc  Arial.o [1]
image_data_Arial_0x26   0x08004ffc     0x24  Data  Lc  Arial.o [1]
image_data_Arial_0x27   0x08005854     0x14  Data  Lc  Arial.o [1]
image_data_Arial_0x28   0x08005868     0x14  Data  Lc  Arial.o [1]
image_data_Arial_0x29   0x0800587c     0x14  Data  Lc  Arial.o [1]
image_data_Arial_0x2a   0x08005890     0x14  Data  Lc  Arial.o [1]
image_data_Arial_0x2b   0x08005020     0x24  Data  Lc  Arial.o [1]
image_data_Arial_0x2c   0x080058a4     0x14  Data  Lc  Arial.o [1]
image_data_Arial_0x2d   0x080058b8     0x14  Data  Lc  Arial.o [1]
image_data_Arial_0x2e   0x080058cc     0x14  Data  Lc  Arial.o [1]
image_data_Arial_0x2f   0x080058e0     0x14  Data  Lc  Arial.o [1]
image_data_Arial_0x30   0x08005044     0x24  Data  Lc  Arial.o [1]
image_data_Arial_0x31   0x08005068     0x24  Data  Lc  Arial.o [1]
image_data_Arial_0x32   0x0800508c     0x24  Data  Lc  Arial.o [1]
image_data_Arial_0x33   0x080050b0     0x24  Data  Lc  Arial.o [1]
image_data_Arial_0x34   0x080050d4     0x24  Data  Lc  Arial.o [1]
image_data_Arial_0x35   0x080050f8     0x24  Data  Lc  Arial.o [1]
image_data_Arial_0x36   0x0800511c     0x24  Data  Lc  Arial.o [1]
image_data_Arial_0x37   0x08005140     0x24  Data  Lc  Arial.o [1]
image_data_Arial_0x38   0x08005164     0x24  Data  Lc  Arial.o [1]
image_data_Arial_0x39   0x08005188     0x24  Data  Lc  Arial.o [1]
image_data_Arial_0x3a   0x080058f4     0x14  Data  Lc  Arial.o [1]
image_data_Arial_0x3b   0x08005908     0x14  Data  Lc  Arial.o [1]
image_data_Arial_0x3c   0x080051ac     0x24  Data  Lc  Arial.o [1]
image_data_Arial_0x3d   0x080051d0     0x24  Data  Lc  Arial.o [1]
image_data_Arial_0x3e   0x080051f4     0x24  Data  Lc  Arial.o [1]
image_data_Arial_0x3f   0x08005218     0x24  Data  Lc  Arial.o [1]
image_data_Arial_0x40   0x0800523c     0x24  Data  Lc  Arial.o [1]
image_data_Arial_0x41   0x08005260     0x24  Data  Lc  Arial.o [1]
image_data_Arial_0x42   0x08005284     0x24  Data  Lc  Arial.o [1]
image_data_Arial_0x43   0x080052a8     0x24  Data  Lc  Arial.o [1]
image_data_Arial_0x44   0x080052cc     0x24  Data  Lc  Arial.o [1]
image_data_Arial_0x45   0x080052f0     0x24  Data  Lc  Arial.o [1]
image_data_Arial_0x46   0x08005314     0x24  Data  Lc  Arial.o [1]
image_data_Arial_0x47   0x08005338     0x24  Data  Lc  Arial.o [1]
image_data_Arial_0x48   0x0800535c     0x24  Data  Lc  Arial.o [1]
image_data_Arial_0x49   0x0800591c     0x14  Data  Lc  Arial.o [1]
image_data_Arial_0x4a   0x08005930     0x14  Data  Lc  Arial.o [1]
image_data_Arial_0x4b   0x08005380     0x24  Data  Lc  Arial.o [1]
image_data_Arial_0x4c   0x080053a4     0x24  Data  Lc  Arial.o [1]
image_data_Arial_0x4d   0x080053c8     0x24  Data  Lc  Arial.o [1]
image_data_Arial_0x4e   0x080053ec     0x24  Data  Lc  Arial.o [1]
image_data_Arial_0x4f   0x08005410     0x24  Data  Lc  Arial.o [1]
image_data_Arial_0x50   0x08005434     0x24  Data  Lc  Arial.o [1]
image_data_Arial_0x51   0x08005458     0x24  Data  Lc  Arial.o [1]
image_data_Arial_0x52   0x0800547c     0x24  Data  Lc  Arial.o [1]
image_data_Arial_0x53   0x080054a0     0x24  Data  Lc  Arial.o [1]
image_data_Arial_0x54   0x080054c4     0x24  Data  Lc  Arial.o [1]
image_data_Arial_0x55   0x080054e8     0x24  Data  Lc  Arial.o [1]
image_data_Arial_0x56   0x0800550c     0x24  Data  Lc  Arial.o [1]
image_data_Arial_0x57   0x08005530     0x24  Data  Lc  Arial.o [1]
image_data_Arial_0x58   0x08005554     0x24  Data  Lc  Arial.o [1]
image_data_Arial_0x59   0x08005578     0x24  Data  Lc  Arial.o [1]
image_data_Arial_0x5a   0x0800559c     0x24  Data  Lc  Arial.o [1]
image_data_Arial_0x5b   0x08005944     0x14  Data  Lc  Arial.o [1]
image_data_Arial_0x5c   0x08005958     0x14  Data  Lc  Arial.o [1]
image_data_Arial_0x5d   0x0800596c     0x14  Data  Lc  Arial.o [1]
image_data_Arial_0x5e   0x08005980     0x14  Data  Lc  Arial.o [1]
image_data_Arial_0x5f   0x080055c0     0x24  Data  Lc  Arial.o [1]
image_data_Arial_0x60   0x08005994     0x14  Data  Lc  Arial.o [1]
image_data_Arial_0x61   0x080055e4     0x24  Data  Lc  Arial.o [1]
image_data_Arial_0x62   0x08005608     0x24  Data  Lc  Arial.o [1]
image_data_Arial_0x63   0x080059a8     0x14  Data  Lc  Arial.o [1]
image_data_Arial_0x64   0x0800562c     0x24  Data  Lc  Arial.o [1]
image_data_Arial_0x65   0x08005650     0x24  Data  Lc  Arial.o [1]
image_data_Arial_0x66   0x080059bc     0x14  Data  Lc  Arial.o [1]
image_data_Arial_0x67   0x08005674     0x24  Data  Lc  Arial.o [1]
image_data_Arial_0x68   0x080059d0     0x14  Data  Lc  Arial.o [1]
image_data_Arial_0x69   0x080059e4     0x14  Data  Lc  Arial.o [1]
image_data_Arial_0x6a   0x080059f8     0x14  Data  Lc  Arial.o [1]
image_data_Arial_0x6b   0x08005a0c     0x14  Data  Lc  Arial.o [1]
image_data_Arial_0x6c   0x08005a20     0x14  Data  Lc  Arial.o [1]
image_data_Arial_0x6d   0x08005698     0x24  Data  Lc  Arial.o [1]
image_data_Arial_0x6e   0x08005a34     0x14  Data  Lc  Arial.o [1]
image_data_Arial_0x6f   0x080056bc     0x24  Data  Lc  Arial.o [1]
image_data_Arial_0x70   0x080056e0     0x24  Data  Lc  Arial.o [1]
image_data_Arial_0x71   0x08005704     0x24  Data  Lc  Arial.o [1]
image_data_Arial_0x72   0x08005a48     0x14  Data  Lc  Arial.o [1]
image_data_Arial_0x73   0x08005a5c     0x14  Data  Lc  Arial.o [1]
image_data_Arial_0x74   0x08005a70     0x14  Data  Lc  Arial.o [1]
image_data_Arial_0x75   0x08005a84     0x14  Data  Lc  Arial.o [1]
image_data_Arial_0x76   0x08005a98     0x14  Data  Lc  Arial.o [1]
image_data_Arial_0x77   0x08005728     0x24  Data  Lc  Arial.o [1]
image_data_Arial_0x78   0x08005aac     0x14  Data  Lc  Arial.o [1]
image_data_Arial_0x79   0x08005ac0     0x14  Data  Lc  Arial.o [1]
image_data_Arial_0x7a   0x08005ad4     0x14  Data  Lc  Arial.o [1]
image_data_Arial_0x7b   0x08005ae8     0x14  Data  Lc  Arial.o [1]
image_data_Arial_0x7c   0x08005afc     0x14  Data  Lc  Arial.o [1]
image_data_Arial_0x7d   0x08005b10     0x14  Data  Lc  Arial.o [1]
image_data_Arial_0x7e   0x0800574c     0x24  Data  Lc  Arial.o [1]
image_data_DS_Digital_0x25
                        0x080031a4     0xd4  Data  Lc  DS_Digital.o [1]
image_data_DS_Digital_0x26
                        0x08003278     0xa0  Data  Lc  DS_Digital.o [1]
image_data_DS_Digital_0x27
                        0x08005e60      0x8  Data  Lc  DS_Digital.o [1]
image_data_DS_Digital_0x28
                        0x08003318     0xa0  Data  Lc  DS_Digital.o [1]
image_data_DS_Digital_0x29
                        0x080033b8     0xa0  Data  Lc  DS_Digital.o [1]
image_data_DS_Digital_0x2a
                        0x08003458     0xa0  Data  Lc  DS_Digital.o [1]
image_data_DS_Digital_0x2b
                        0x080034f8     0xa0  Data  Lc  DS_Digital.o [1]
image_data_DS_Digital_0x2c
                        0x08003598     0xa0  Data  Lc  DS_Digital.o [1]
image_data_DS_Digital_0x2d
                        0x08003638     0xa0  Data  Lc  DS_Digital.o [1]
image_data_DS_Digital_0x2e
                        0x080036d8     0xa0  Data  Lc  DS_Digital.o [1]
image_data_DS_Digital_0x2f
                        0x08003778     0xa0  Data  Lc  DS_Digital.o [1]
image_data_DS_Digital_0x30
                        0x08003818     0xa0  Data  Lc  DS_Digital.o [1]
image_data_DS_Digital_0x31
                        0x080038b8     0xa0  Data  Lc  DS_Digital.o [1]
image_data_DS_Digital_0x32
                        0x08003958     0xa0  Data  Lc  DS_Digital.o [1]
image_data_DS_Digital_0x33
                        0x080039f8     0xa0  Data  Lc  DS_Digital.o [1]
image_data_DS_Digital_0x34
                        0x08003a98     0xa0  Data  Lc  DS_Digital.o [1]
image_data_DS_Digital_0x35
                        0x08003b38     0xa0  Data  Lc  DS_Digital.o [1]
image_data_DS_Digital_0x36
                        0x08003bd8     0xa0  Data  Lc  DS_Digital.o [1]
image_data_DS_Digital_0x37
                        0x08003c78     0xa0  Data  Lc  DS_Digital.o [1]
image_data_DS_Digital_0x38
                        0x08003d18     0xa0  Data  Lc  DS_Digital.o [1]
image_data_DS_Digital_0x39
                        0x08003db8     0xa0  Data  Lc  DS_Digital.o [1]
image_data_DS_Digital_0x3a
                        0x08003e58     0xa0  Data  Lc  DS_Digital.o [1]
image_data_DS_Digital_0x3b
                        0x08003ef8     0xa0  Data  Lc  DS_Digital.o [1]
image_data_DS_Digital_0x3c
                        0x08003f98     0xa0  Data  Lc  DS_Digital.o [1]
image_data_DS_Digital_0x3d
                        0x08004038     0xa0  Data  Lc  DS_Digital.o [1]
image_data_DS_Digital_0x3e
                        0x080040d8     0xa0  Data  Lc  DS_Digital.o [1]
image_data_DS_Digital_0x3f
                        0x08004178     0xa0  Data  Lc  DS_Digital.o [1]
image_data_DS_Digital_0x40
                        0x08004218     0xa0  Data  Lc  DS_Digital.o [1]
image_data_DS_Digital_0x41
                        0x080042b8     0xa0  Data  Lc  DS_Digital.o [1]
image_data_DS_Digital_0x42
                        0x08004358     0xa0  Data  Lc  DS_Digital.o [1]
image_data_DS_Digital_0x43
                        0x080043f8     0xa0  Data  Lc  DS_Digital.o [1]
image_data_DS_Digital_Small_0x20
                        0x08004b20     0x48  Data  Lc  DS_Digital_Small.o [1]
image_data_DS_Digital_Small_0x21
                        0x08004b68     0x48  Data  Lc  DS_Digital_Small.o [1]
image_data_DS_Digital_Small_0x22
                        0x08004bb0     0x48  Data  Lc  DS_Digital_Small.o [1]
image_data_DS_Digital_Small_0x23
                        0x08004bf8     0x48  Data  Lc  DS_Digital_Small.o [1]
image_data_DS_Digital_Small_0x24
                        0x08004c40     0x48  Data  Lc  DS_Digital_Small.o [1]
image_data_DS_Digital_Small_0x25
                        0x08004c88     0x48  Data  Lc  DS_Digital_Small.o [1]
image_data_DS_Digital_Small_0x26
                        0x08004cd0     0x48  Data  Lc  DS_Digital_Small.o [1]
image_data_DS_Digital_Small_0x27
                        0x08005f90      0x8  Data  Lc  DS_Digital_Small.o [1]
image_data_DS_Digital_Small_0x28
                        0x08005fa0      0x8  Data  Lc  DS_Digital_Small.o [1]
image_data_DS_Digital_Small_0x29
                        0x08005fb0      0x8  Data  Lc  DS_Digital_Small.o [1]
image_data_DS_Digital_Small_0x2a
                        0x08005fc0      0x8  Data  Lc  DS_Digital_Small.o [1]
image_data_DS_Digital_Small_0x2b
                        0x08005fd0      0x8  Data  Lc  DS_Digital_Small.o [1]
image_data_DS_Digital_Small_0x2c
                        0x08005fe0      0x8  Data  Lc  DS_Digital_Small.o [1]
image_data_DS_Digital_Small_0x2d
                        0x08004744     0x4c  Data  Lc  DS_Digital_Small.o [1]
image_data_DS_Digital_Small_0x2e
                        0x080057e8     0x18  Data  Lc  DS_Digital_Small.o [1]
image_data_DS_Digital_Small_0x2f
                        0x08005800     0x18  Data  Lc  DS_Digital_Small.o [1]
image_data_DS_Digital_Small_0x30
                        0x08004790     0x4c  Data  Lc  DS_Digital_Small.o [1]
image_data_DS_Digital_Small_0x31
                        0x080047dc     0x4c  Data  Lc  DS_Digital_Small.o [1]
image_data_DS_Digital_Small_0x32
                        0x08004828     0x4c  Data  Lc  DS_Digital_Small.o [1]
image_data_DS_Digital_Small_0x33
                        0x08004874     0x4c  Data  Lc  DS_Digital_Small.o [1]
image_data_DS_Digital_Small_0x34
                        0x080048c0     0x4c  Data  Lc  DS_Digital_Small.o [1]
image_data_DS_Digital_Small_0x35
                        0x0800490c     0x4c  Data  Lc  DS_Digital_Small.o [1]
image_data_DS_Digital_Small_0x36
                        0x08004958     0x4c  Data  Lc  DS_Digital_Small.o [1]
image_data_DS_Digital_Small_0x37
                        0x080049a4     0x4c  Data  Lc  DS_Digital_Small.o [1]
image_data_DS_Digital_Small_0x38
                        0x080049f0     0x4c  Data  Lc  DS_Digital_Small.o [1]
image_data_DS_Digital_Small_0x39
                        0x08004a3c     0x4c  Data  Lc  DS_Digital_Small.o [1]
image_data_DS_Digital_Small_0x3a
                        0x08004a88     0x4c  Data  Lc  DS_Digital_Small.o [1]
image_data_DS_Digital_Small_0x3b
                        0x08004ad4     0x4c  Data  Lc  DS_Digital_Small.o [1]
image_data_DS_Digital_Small_0x3c
                        0x08004d9c     0x34  Data  Lc  DS_Digital_Small.o [1]
image_data_DS_Digital_Small_0x3d
                        0x08004dd0     0x34  Data  Lc  DS_Digital_Small.o [1]
image_data_DS_Digital_Small_0x3e
                        0x08004e04     0x34  Data  Lc  DS_Digital_Small.o [1]
image_data_DS_Digital_Small_0x3f
                        0x08004e38     0x34  Data  Lc  DS_Digital_Small.o [1]
image_data_DS_Digital_Small_0x40
                        0x08004e6c     0x34  Data  Lc  DS_Digital_Small.o [1]
image_data_DS_Digital_Small_0x41
                        0x08004ea0     0x34  Data  Lc  DS_Digital_Small.o [1]
image_data_DS_Digital_Small_0x42
                        0x08004ed4     0x34  Data  Lc  DS_Digital_Small.o [1]
image_data_DS_Digital_Small_0x43
                        0x08004f08     0x34  Data  Lc  DS_Digital_Small.o [1]
initTsk                 0x08004645     0x24  Code  Gb  main.o [1]
keyboard                0x20012cec     0x18  Data  Gb  keyboard.o [1]
keyboardClearAllPress   0x080044d3     0x16  Code  Gb  keyboard.o [1]
keyboardInit            0x08004499     0x3a  Code  Gb  keyboard.o [1]
keyboardScan            0x080044e9     0x34  Code  Gb  keyboard.o [1]
lcdBacklight_init       0x080046b9     0x30  Code  Gb  lcd_backlight.o [1]
lcd_Char                0x08002605    0x110  Code  Gb  lcd.o [1]
lcd_DrawBackground      0x08002839      0xa  Code  Gb  lcd.o [1]
lcd_FastHLine           0x080027a5     0x2e  Code  Gb  lcd.o [1]
lcd_FastVLine           0x08002777     0x2e  Code  Gb  lcd.o [1]
lcd_FillRect            0x08002741     0x36  Code  Gb  lcd.o [1]
lcd_Rect                0x080027d3     0x66  Code  Gb  lcd.o [1]
lcd_String              0x08002715     0x2c  Code  Gb  lcd.o [1]
main                    0x08004699     0x10  Code  Gb  main.o [1]
mainTsk                 0x080045c1     0x84  Code  Gb  mainTSK.o [1]
orientation             0x20012e10      0x1  Data  Gb  ili9341.o [1]
pcInterruptPriorityRegisters
                        0x080060fc      0x4  Data  Lc  port.o [1]
prvAddCurrentTaskToDelayedList
                        0x08000b8d     0x7c  Code  Lc  tasks.o [1]
prvAddNewTaskToReadyList
                        0x080002d9     0xc2  Code  Lc  tasks.o [1]
prvCheckForValidListAndQueue
                        0x080015f9     0x4c  Code  Lc  timers.o [1]
prvCheckTasksWaitingTermination
                        0x08000a07     0x48  Code  Lc  tasks.o [1]
prvCopyDataFromQueue    0x08001d2b     0x2a  Code  Lc  queue.o [1]
prvCopyDataToQueue      0x08001ca5     0x86  Code  Lc  queue.o [1]
prvDeleteTCB            0x08000a4f     0x12  Code  Lc  tasks.o [1]
prvGetNextExpireTime    0x080013d7     0x26  Code  Lc  timers.o [1]
prvHeapInit             0x08000dc9     0x62  Code  Lc  heap_4.o [1]
prvIdleTask             0x08000981     0x24  Code  Lc  tasks.o [1]
prvInitialiseNewQueue   0x080017fd     0x22  Code  Lc  queue.o [1]
prvInitialiseNewTask    0x08000217     0xc2  Code  Lc  tasks.o [1]
prvInitialiseTaskLists  0x080009ad     0x5a  Code  Lc  tasks.o [1]
prvInsertBlockIntoFreeList
                        0x08000e2b     0x58  Code  Lc  heap_4.o [1]
prvInsertTimerInActiveList
                        0x08001425     0x3e  Code  Lc  timers.o [1]
prvIsQueueEmpty         0x08001dc3     0x1c  Code  Lc  queue.o [1]
prvIsQueueFull          0x08001ddf     0x1e  Code  Lc  queue.o [1]
prvProcessExpiredTimer  0x080012e1     0x6c  Code  Lc  timers.o [1]
prvProcessReceivedCommands
                        0x08001463    0x116  Code  Lc  timers.o [1]
prvProcessTimerOrBlockTask
                        0x08001365     0x72  Code  Lc  timers.o [1]
prvResetNextTaskUnblockTime
                        0x08000a61     0x28  Code  Lc  tasks.o [1]
prvSampleTimeNow        0x080013fd     0x28  Code  Lc  timers.o [1]
prvSampleTimeNow::xLastTime
                        0x20012e0c      0x4  Data  Lc  timers.o [1]
prvSwitchTimerLists     0x08001579     0x80  Code  Lc  timers.o [1]
prvTaskExitError        0x08000fc9     0x2a  Code  Lc  port.o [1]
prvTimerTask            0x08001351     0x14  Code  Lc  timers.o [1]
prvUnlockQueue          0x08001d55     0x6e  Code  Lc  queue.o [1]
pvPortMalloc            0x08000c45    0x10e  Code  Gb  heap_4.o [1]
pxCurrentTCB            0x20012dc0      0x4  Data  Gb  tasks.o [1]
pxCurrentTimerList      0x20012dfc      0x4  Data  Lc  timers.o [1]
pxDelayedTaskList       0x20012dc4      0x4  Data  Lc  tasks.o [1]
pxEnd                   0x20012dac      0x4  Data  Lc  heap_4.o [1]
pxOverflowDelayedTaskList
                        0x20012dc8      0x4  Data  Lc  tasks.o [1]
pxOverflowTimerList     0x20012e00      0x4  Data  Lc  timers.o [1]
pxPortInitialiseStack   0x08000fa1     0x28  Code  Gb  port.o [1]
pxReadyTasksLists       0x20012c10     0x64  Data  Lc  tasks.o [1]
spi1                    0x20012cb4     0x1c  Data  Gb  spiF4.o [1]
spi5                    0x20012cd0     0x1c  Data  Gb  spiF4.o [1]
spi_DmaTxIrqHandler     0x08002dfd     0x3e  Code  Gb  spiF4.o [1]
spi_IrqHandler          0x08002e3b     0x72  Code  Gb  spiF4.o [1]
ucHeap                  0x20000010  0x12c00  Data  Lc  heap_4.o [1]
ucMaxSysCallPriority    0x20012e11      0x1  Data  Lc  port.o [1]
ui                      0x08004d18     0x44  Data  Lc  UI.o [1]
ulMaxPRIGROUPValue      0x20012dbc      0x4  Data  Lc  port.o [1]
uxCriticalNesting       0x20000008      0x4  Data  Lc  port.o [1]
uxCurrentNumberOfTasks  0x20012dd0      0x4  Data  Lc  tasks.o [1]
uxDeletedTasksWaitingCleanUp
                        0x20012dcc      0x4  Data  Lc  tasks.o [1]
uxListRemove            0x08000f79     0x26  Code  Gb  list.o [1]
uxPendedTicks           0x20012de0      0x4  Data  Lc  tasks.o [1]
uxSchedulerSuspended    0x20012df8      0x4  Data  Lc  tasks.o [1]
uxTaskNumber            0x20012dec      0x4  Data  Lc  tasks.o [1]
uxTopReadyPriority      0x20012dd8      0x4  Data  Lc  tasks.o [1]
vListInitialise         0x08000f07     0x1e  Code  Gb  list.o [1]
vListInitialiseItem     0x08000f25      0x6  Code  Gb  list.o [1]
vListInsert             0x08000f43     0x36  Code  Gb  list.o [1]
vListInsertEnd          0x08000f2b     0x18  Code  Gb  list.o [1]
vPortEnableVFP          0x08001701           Code  Gb  portasm.o [1]
vPortEnterCritical      0x080010db     0x3a  Code  Gb  port.o [1]
vPortExitCritical       0x08001115     0x32  Code  Gb  port.o [1]
vPortFree               0x08000d53     0x76  Code  Gb  heap_4.o [1]
vPortStartFirstTask     0x080016e1           Code  Gb  portasm.o [1]
vPortValidateInterruptPriority
                        0x08001171     0x4a  Code  Gb  port.o [1]
vQueueAddToRegistry     0x08001dfd     0x24  Code  Gb  queue.o [1]
vQueueWaitForMessageRestricted
                        0x08001e25     0x4a  Code  Gb  queue.o [1]
vTaskDelay              0x0800047b     0x4c  Code  Gb  tasks.o [1]
vTaskDelete             0x0800039b     0xe0  Code  Gb  tasks.o [1]
vTaskInternalSetTimeOutState
                        0x080008d9     0x12  Code  Gb  tasks.o [1]
vTaskMissedYield        0x08000977      0xa  Code  Gb  tasks.o [1]
vTaskPlaceOnEventList   0x080007cb     0x2e  Code  Gb  tasks.o [1]
vTaskPlaceOnEventListRestricted
                        0x08000811     0x38  Code  Gb  tasks.o [1]
vTaskStartScheduler     0x080004c7     0x6e  Code  Gb  tasks.o [1]
vTaskSuspendAll         0x08000535     0x10  Code  Gb  tasks.o [1]
vTaskSwitchContext      0x0800075d     0x6e  Code  Gb  tasks.o [1]
xActiveTimerList1       0x20012d7c     0x14  Data  Lc  timers.o [1]
xActiveTimerList2       0x20012d90     0x14  Data  Lc  timers.o [1]
xBlockAllocatedBit      0x20012db8      0x4  Data  Lc  heap_4.o [1]
xDelayedTaskList1       0x20012d18     0x14  Data  Lc  tasks.o [1]
xDelayedTaskList2       0x20012d2c     0x14  Data  Lc  tasks.o [1]
xFreeBytesRemaining     0x20012db0      0x4  Data  Lc  heap_4.o [1]
xHeapStructSize         0x080060f8      0x4  Data  Lc  heap_4.o [1]
xIdleTaskHandle         0x20012df4      0x4  Data  Lc  tasks.o [1]
xMinimumEverFreeBytesRemaining
                        0x20012db4      0x4  Data  Lc  heap_4.o [1]
xNextTaskUnblockTime    0x20012df0      0x4  Data  Lc  tasks.o [1]
xNumOfOverflows         0x20012de8      0x4  Data  Lc  tasks.o [1]
xPendingReadyList       0x20012d40     0x14  Data  Lc  tasks.o [1]
xPortStartScheduler     0x08000ff3     0xe8  Code  Gb  port.o [1]
xQueueGenericCreate     0x080017b3     0x4a  Code  Gb  queue.o [1]
xQueueGenericReset      0x0800171d     0x96  Code  Gb  queue.o [1]
xQueueGenericSend       0x0800181f    0x196  Code  Gb  queue.o [1]
xQueueGenericSendFromISR
                        0x080019b5     0xdc  Code  Gb  queue.o [1]
xQueueGiveFromISR       0x08001a91     0xb4  Code  Gb  queue.o [1]
xQueueReceive           0x08001b45    0x15a  Code  Gb  queue.o [1]
xQueueRegistry          0x20012c74     0x40  Data  Gb  queue.o [1]
xSchedulerRunning       0x20012ddc      0x4  Data  Lc  tasks.o [1]
xStart                  0x20012da4      0x8  Data  Lc  heap_4.o [1]
xSuspendedTaskList      0x20012d68     0x14  Data  Lc  tasks.o [1]
xTaskCheckForTimeOut    0x080008f5     0x82  Code  Gb  tasks.o [1]
xTaskCreate             0x080001ad     0x6a  Code  Gb  tasks.o [1]
xTaskGetSchedulerState  0x08000a89     0x20  Code  Gb  tasks.o [1]
xTaskGetTickCount       0x0800063f      0x8  Code  Gb  tasks.o [1]
xTaskIncrementTick      0x08000647    0x116  Code  Gb  tasks.o [1]
xTaskPriorityDisinherit
                        0x08000aa9     0xb6  Code  Gb  tasks.o [1]
xTaskRemoveFromEventList
                        0x08000849     0x84  Code  Gb  tasks.o [1]
xTaskResumeAll          0x08000545     0xfa  Code  Gb  tasks.o [1]
xTasksWaitingTermination
                        0x20012d54     0x14  Data  Lc  tasks.o [1]
xTickCount              0x20012dd4      0x4  Data  Lc  tasks.o [1]
xTimerCreateTimerTask   0x08001225     0x48  Code  Gb  timers.o [1]
xTimerGenericCommand    0x0800126d     0x74  Code  Gb  timers.o [1]
xTimerQueue             0x20012e04      0x4  Data  Lc  timers.o [1]
xTimerTaskHandle        0x20012e08      0x4  Data  Lc  timers.o [1]
xYieldPending           0x20012de4      0x4  Data  Lc  tasks.o [1]


[1] = C:\Users\Ernst\Documents\Repositories\eSolder\Fwm\fwm_eSolder\projects\iar\STM32F427_Debug\Obj
[2] = command line
[3] = dl7M_tln.a
[4] = m7M_tls.a
[5] = rt7M_tl.a
[6] = shb_l.a

  12 622 bytes of readonly  code memory
  12 586 bytes of readonly  data memory
  85 522 bytes of readwrite data memory

Errors: none
Warnings: none
