###############################################################################
#
# IAR ELF Linker V8.11.2.13589/W32 for ARM                20/Jan/2020  19:42:08
# Copyright 2007-2017 IAR Systems AB.
#
#    Output file  =  
#        C:\Users\Ernst\Documents\Repositories\eSolder\Fwm\fwm_eSolder\projects\iar\STM32F427_Debug\Exe\eSolder.out
#    Map file     =  
#        C:\Users\Ernst\Documents\Repositories\eSolder\Fwm\fwm_eSolder\projects\iar\STM32F427_Debug\List\eSolder.map
#    Command line =  
#        -f C:\Users\Ernst\AppData\Local\Temp\EW5B7D.tmp
#        (C:\Users\Ernst\Documents\Repositories\eSolder\Fwm\fwm_eSolder\projects\iar\STM32F427_Debug\Obj\Arial.o
#        C:\Users\Ernst\Documents\Repositories\eSolder\Fwm\fwm_eSolder\projects\iar\STM32F427_Debug\Obj\button.o
#        C:\Users\Ernst\Documents\Repositories\eSolder\Fwm\fwm_eSolder\projects\iar\STM32F427_Debug\Obj\clock.o
#        C:\Users\Ernst\Documents\Repositories\eSolder\Fwm\fwm_eSolder\projects\iar\STM32F427_Debug\Obj\Courier_New.o
#        C:\Users\Ernst\Documents\Repositories\eSolder\Fwm\fwm_eSolder\projects\iar\STM32F427_Debug\Obj\croutine.o
#        C:\Users\Ernst\Documents\Repositories\eSolder\Fwm\fwm_eSolder\projects\iar\STM32F427_Debug\Obj\DS_Digital.o
#        C:\Users\Ernst\Documents\Repositories\eSolder\Fwm\fwm_eSolder\projects\iar\STM32F427_Debug\Obj\DS_Digital_Small.o
#        C:\Users\Ernst\Documents\Repositories\eSolder\Fwm\fwm_eSolder\projects\iar\STM32F427_Debug\Obj\encoderPannel.o
#        C:\Users\Ernst\Documents\Repositories\eSolder\Fwm\fwm_eSolder\projects\iar\STM32F427_Debug\Obj\encoders.o
#        C:\Users\Ernst\Documents\Repositories\eSolder\Fwm\fwm_eSolder\projects\iar\STM32F427_Debug\Obj\eSolder.o
#        C:\Users\Ernst\Documents\Repositories\eSolder\Fwm\fwm_eSolder\projects\iar\STM32F427_Debug\Obj\event_groups.o
#        C:\Users\Ernst\Documents\Repositories\eSolder\Fwm\fwm_eSolder\projects\iar\STM32F427_Debug\Obj\FanFlow.o
#        C:\Users\Ernst\Documents\Repositories\eSolder\Fwm\fwm_eSolder\projects\iar\STM32F427_Debug\Obj\FanFlowDark.o
#        C:\Users\Ernst\Documents\Repositories\eSolder\Fwm\fwm_eSolder\projects\iar\STM32F427_Debug\Obj\gpio.o
#        C:\Users\Ernst\Documents\Repositories\eSolder\Fwm\fwm_eSolder\projects\iar\STM32F427_Debug\Obj\hard.o
#        C:\Users\Ernst\Documents\Repositories\eSolder\Fwm\fwm_eSolder\projects\iar\STM32F427_Debug\Obj\heap_4.o
#        C:\Users\Ernst\Documents\Repositories\eSolder\Fwm\fwm_eSolder\projects\iar\STM32F427_Debug\Obj\ili9341.o
#        C:\Users\Ernst\Documents\Repositories\eSolder\Fwm\fwm_eSolder\projects\iar\STM32F427_Debug\Obj\ili9341_fsmc.o
#        C:\Users\Ernst\Documents\Repositories\eSolder\Fwm\fwm_eSolder\projects\iar\STM32F427_Debug\Obj\keyboard.o
#        C:\Users\Ernst\Documents\Repositories\eSolder\Fwm\fwm_eSolder\projects\iar\STM32F427_Debug\Obj\lcd.o
#        C:\Users\Ernst\Documents\Repositories\eSolder\Fwm\fwm_eSolder\projects\iar\STM32F427_Debug\Obj\lcd_backlight.o
#        C:\Users\Ernst\Documents\Repositories\eSolder\Fwm\fwm_eSolder\projects\iar\STM32F427_Debug\Obj\list.o
#        C:\Users\Ernst\Documents\Repositories\eSolder\Fwm\fwm_eSolder\projects\iar\STM32F427_Debug\Obj\main.o
#        C:\Users\Ernst\Documents\Repositories\eSolder\Fwm\fwm_eSolder\projects\iar\STM32F427_Debug\Obj\mainTSK.o
#        C:\Users\Ernst\Documents\Repositories\eSolder\Fwm\fwm_eSolder\projects\iar\STM32F427_Debug\Obj\max31856mud.o
#        C:\Users\Ernst\Documents\Repositories\eSolder\Fwm\fwm_eSolder\projects\iar\STM32F427_Debug\Obj\mcu.o
#        C:\Users\Ernst\Documents\Repositories\eSolder\Fwm\fwm_eSolder\projects\iar\STM32F427_Debug\Obj\OS.o
#        C:\Users\Ernst\Documents\Repositories\eSolder\Fwm\fwm_eSolder\projects\iar\STM32F427_Debug\Obj\port.o
#        C:\Users\Ernst\Documents\Repositories\eSolder\Fwm\fwm_eSolder\projects\iar\STM32F427_Debug\Obj\portasm.o
#        C:\Users\Ernst\Documents\Repositories\eSolder\Fwm\fwm_eSolder\projects\iar\STM32F427_Debug\Obj\queue.o
#        C:\Users\Ernst\Documents\Repositories\eSolder\Fwm\fwm_eSolder\projects\iar\STM32F427_Debug\Obj\regulatorSolder.o
#        C:\Users\Ernst\Documents\Repositories\eSolder\Fwm\fwm_eSolder\projects\iar\STM32F427_Debug\Obj\solderControlTsk.o
#        C:\Users\Ernst\Documents\Repositories\eSolder\Fwm\fwm_eSolder\projects\iar\STM32F427_Debug\Obj\solderingDry.o
#        C:\Users\Ernst\Documents\Repositories\eSolder\Fwm\fwm_eSolder\projects\iar\STM32F427_Debug\Obj\solderingDryDisconnected.o
#        C:\Users\Ernst\Documents\Repositories\eSolder\Fwm\fwm_eSolder\projects\iar\STM32F427_Debug\Obj\solderingIron.o
#        C:\Users\Ernst\Documents\Repositories\eSolder\Fwm\fwm_eSolder\projects\iar\STM32F427_Debug\Obj\solderingIronDisconnected.o
#        C:\Users\Ernst\Documents\Repositories\eSolder\Fwm\fwm_eSolder\projects\iar\STM32F427_Debug\Obj\soundTsk.o
#        C:\Users\Ernst\Documents\Repositories\eSolder\Fwm\fwm_eSolder\projects\iar\STM32F427_Debug\Obj\specific_symbol.o
#        C:\Users\Ernst\Documents\Repositories\eSolder\Fwm\fwm_eSolder\projects\iar\STM32F427_Debug\Obj\spi.o
#        C:\Users\Ernst\Documents\Repositories\eSolder\Fwm\fwm_eSolder\projects\iar\STM32F427_Debug\Obj\spi1.o
#        C:\Users\Ernst\Documents\Repositories\eSolder\Fwm\fwm_eSolder\projects\iar\STM32F427_Debug\Obj\spiPrivate.o
#        C:\Users\Ernst\Documents\Repositories\eSolder\Fwm\fwm_eSolder\projects\iar\STM32F427_Debug\Obj\startup_stm32f427xx.o
#        C:\Users\Ernst\Documents\Repositories\eSolder\Fwm\fwm_eSolder\projects\iar\STM32F427_Debug\Obj\stream_buffer.o
#        C:\Users\Ernst\Documents\Repositories\eSolder\Fwm\fwm_eSolder\projects\iar\STM32F427_Debug\Obj\system_stm32f4xx.o
#        C:\Users\Ernst\Documents\Repositories\eSolder\Fwm\fwm_eSolder\projects\iar\STM32F427_Debug\Obj\systemTsk.o
#        C:\Users\Ernst\Documents\Repositories\eSolder\Fwm\fwm_eSolder\projects\iar\STM32F427_Debug\Obj\tasks.o
#        C:\Users\Ernst\Documents\Repositories\eSolder\Fwm\fwm_eSolder\projects\iar\STM32F427_Debug\Obj\thermocouples.o
#        C:\Users\Ernst\Documents\Repositories\eSolder\Fwm\fwm_eSolder\projects\iar\STM32F427_Debug\Obj\Thermometer.o
#        C:\Users\Ernst\Documents\Repositories\eSolder\Fwm\fwm_eSolder\projects\iar\STM32F427_Debug\Obj\ThermometerDark.o
#        C:\Users\Ernst\Documents\Repositories\eSolder\Fwm\fwm_eSolder\projects\iar\STM32F427_Debug\Obj\timers.o
#        C:\Users\Ernst\Documents\Repositories\eSolder\Fwm\fwm_eSolder\projects\iar\STM32F427_Debug\Obj\UI_mainWindow.o
#        C:\Users\Ernst\Documents\Repositories\eSolder\Fwm\fwm_eSolder\projects\iar\STM32F427_Debug\Obj\UI_private.o
#        -o
#        C:\Users\Ernst\Documents\Repositories\eSolder\Fwm\fwm_eSolder\projects\iar\STM32F427_Debug\Exe\eSolder.out
#        --map
#        C:\Users\Ernst\Documents\Repositories\eSolder\Fwm\fwm_eSolder\projects\iar\STM32F427_Debug\List\eSolder.map
#        --config "C:\Program Files (x86)\IAR Systems\Embedded Workbench
#        8.0\arm\config\linker\ST\stm32f427xG.icf" --semihosting
#        C:\Users\Ernst\Documents\Repositories\eSolder\Fwm\fwm_eSolder\projects\iar\..\..\modules\IQ\IQmathLib-cm4.a
#        --entry __iar_program_start --vfe --text_out locale)
#
###############################################################################

*******************************************************************************
*** RUNTIME MODEL ATTRIBUTES
***

CppFlavor       = *
__SystemLibrary = DLib
__dlib_version  = 6


*******************************************************************************
*** HEAP SELECTION
***

The basic heap was selected because no calls to memory allocation
functions were found in the application outside of system library
functions, and there are calls to deallocation functions in the
application.


*******************************************************************************
*** PLACEMENT SUMMARY
***

"A0":  place at 0x08000000 { ro section .intvec };
"P1":  place in [from 0x08000000 to 0x080fffff] { ro };
define block CSTACK with size = 8K, alignment = 8 { };
"P3":  place in [from 0x10000000 to 0x1000ffff] {
          block CSTACK, section .ccram };
define block HEAP with size = 8K, alignment = 8 { };
"P4":  place in [from 0x20000000 to 0x2001bfff] |
                [from 0x2001c000 to 0x2001ffff] |
                [from 0x20020000 to 0x2002ffff] { rw, block HEAP };
initialize by copy { rw };

  Section            Kind        Address    Size  Object
  -------            ----        -------    ----  ------
"A0":                                      0x1ac
  .intvec            ro code  0x08000000   0x1ac  startup_stm32f427xx.o [1]
                            - 0x080001ac   0x1ac

"P1":                                     0xa838
  .text              ro code  0x080001ac   0xc40  tasks.o [1]
  .text              ro code  0x08000dec   0x25c  heap_4.o [1]
  .text              ro code  0x08001048    0x66  ABImemset.o [5]
  .text              ro code  0x080010ae    0x98  list.o [1]
  .text              ro code  0x08001146     0xa  xsprout.o [3]
  .text              ro code  0x08001150   0x284  port.o [1]
  .text              ro code  0x080013d4   0x448  timers.o [1]
  CODE               ro code  0x0800181c    0xb0  portasm.o [1]
  .text              ro code  0x080018cc   0x8fa  queue.o [1]
  .text              ro code  0x080021c8    0xa6  ABImemcpy.o [5]
  .rodata            const    0x08002270   0x800  solderingDry.o [1]
  .rodata            const    0x08002a70   0x800  solderingDryDisconnected.o [1]
  .rodata            const    0x08003270   0x800  solderingIron.o [1]
  .rodata            const    0x08003a70   0x800  solderingIronDisconnected.o [1]
  .text              ro code  0x08004270   0x4e0  xprintfsmall_nomb.o [3]
  .text              ro code  0x08004750    0x16  strchr.o [5]
  .text              ro code  0x08004768    0x44  xfail_s.o [3]
  .text              ro code  0x080047ac    0x36  strlen.o [5]
  .text              ro code  0x080047e4    0x58  memchr.o [5]
  .text              ro code  0x0800483c     0x6  abort.o [3]
  .text              ro code  0x08004844    0x14  exit.o [6]
  .rodata            const    0x08004858   0x480  FanFlow.o [1]
  .rodata            const    0x08004cd8   0x480  FanFlowDark.o [1]
  .rodata            const    0x08005158   0x480  Thermometer.o [1]
  .rodata            const    0x080055d8   0x480  ThermometerDark.o [1]
  .text              ro code  0x08005a58   0x32c  spi1.o [1]
  .text              ro code  0x08005d84    0xc4  spiPrivate.o [1]
  .text              ro code  0x08005e48   0x13c  gpio.o [1]
  .text              ro code  0x08005f84    0x24  ABIassert.o [6]
  .rodata            const    0x08005fa8   0x2f8  Arial.o [1]
  .text              ro code  0x080062a0   0x2b4  UI_mainWindow.o [1]
  .text              ro code  0x08006554   0x1aa  lcd.o [1]
  .text              ro code  0x08006700    0x40  sprintf.o [3]
  .text              ro code  0x08006740    0x80  mainTSK.o [1]
  .text              ro code  0x080067c0   0x1e4  ili9341.o [1]
  .text              ro code  0x080069a4   0x29e  ili9341_fsmc.o [1]
  .text              ro code  0x08006c44    0x68  keyboard.o [1]
  .text              ro code  0x08006cac   0x20c  encoders.o [1]
  .text              ro code  0x08006eb8    0xb4  button.o [1]
  .text              ro code  0x08006f6c   0x1ea  spi.o [1]
  .text              ro code  0x08007158   0x150  max31856mud.o [1]
  .text              ro code  0x080072a8    0x68  memcmp.o [5]
  .text              ro code  0x08007310   0x134  clock.o [1]
  .text              ro code  0x08007444   0x118  system_stm32f4xx.o [1]
  .rodata            const    0x0800755c   0x120  DS_Digital_Small.o [1]
  .text              ro code  0x0800767c   0x11c  mcu.o [1]
  .rodata            const    0x08007798    0xf8  DS_Digital.o [1]
  .text              ro code  0x08007890    0xd8  solderControlTsk.o [1]
  .text              ro code  0x08007968     0x8  regulatorSolder.o [1]
  .rodata            const    0x08007970    0xd4  DS_Digital.o [1]
  .rodata            const    0x08007a44    0xa0  DS_Digital.o [1]
  .rodata            const    0x08007ae4    0xa0  DS_Digital.o [1]
  .rodata            const    0x08007b84    0xa0  DS_Digital.o [1]
  .rodata            const    0x08007c24    0xa0  DS_Digital.o [1]
  .rodata            const    0x08007cc4    0xa0  DS_Digital.o [1]
  .rodata            const    0x08007d64    0xa0  DS_Digital.o [1]
  .rodata            const    0x08007e04    0xa0  DS_Digital.o [1]
  .rodata            const    0x08007ea4    0xa0  DS_Digital.o [1]
  .rodata            const    0x08007f44    0xa0  DS_Digital.o [1]
  .rodata            const    0x08007fe4    0xa0  DS_Digital.o [1]
  .rodata            const    0x08008084    0xa0  DS_Digital.o [1]
  .rodata            const    0x08008124    0xa0  DS_Digital.o [1]
  .rodata            const    0x080081c4    0xa0  DS_Digital.o [1]
  .rodata            const    0x08008264    0xa0  DS_Digital.o [1]
  .rodata            const    0x08008304    0xa0  DS_Digital.o [1]
  .rodata            const    0x080083a4    0xa0  DS_Digital.o [1]
  .rodata            const    0x08008444    0xa0  DS_Digital.o [1]
  .rodata            const    0x080084e4    0xa0  DS_Digital.o [1]
  .rodata            const    0x08008584    0xa0  DS_Digital.o [1]
  .rodata            const    0x08008624    0xa0  DS_Digital.o [1]
  .rodata            const    0x080086c4    0xa0  DS_Digital.o [1]
  .rodata            const    0x08008764    0xa0  DS_Digital.o [1]
  .rodata            const    0x08008804    0xa0  DS_Digital.o [1]
  .rodata            const    0x080088a4    0xa0  DS_Digital.o [1]
  .rodata            const    0x08008944    0xa0  DS_Digital.o [1]
  .rodata            const    0x080089e4    0xa0  DS_Digital.o [1]
  .rodata            const    0x08008a84    0xa0  DS_Digital.o [1]
  .rodata            const    0x08008b24    0xa0  DS_Digital.o [1]
  .rodata            const    0x08008bc4    0xa0  DS_Digital.o [1]
  .text              ro code  0x08008c64    0x80  main.o [1]
  .text              ro code  0x08008ce4    0x18  hard.o [1]
  .text              ro code  0x08008cfc    0x34  lcd_backlight.o [1]
  .text              ro code  0x08008d30    0x10  encoderPannel.o [1]
  .rodata            const    0x08008d40    0x58  gpio.o [1]
  .rodata            const    0x08008d98    0x4c  DS_Digital_Small.o [1]
  .rodata            const    0x08008de4    0x4c  DS_Digital_Small.o [1]
  .rodata            const    0x08008e30    0x4c  DS_Digital_Small.o [1]
  .rodata            const    0x08008e7c    0x4c  DS_Digital_Small.o [1]
  .rodata            const    0x08008ec8    0x4c  DS_Digital_Small.o [1]
  .rodata            const    0x08008f14    0x4c  DS_Digital_Small.o [1]
  .rodata            const    0x08008f60    0x4c  DS_Digital_Small.o [1]
  .rodata            const    0x08008fac    0x4c  DS_Digital_Small.o [1]
  .rodata            const    0x08008ff8    0x4c  DS_Digital_Small.o [1]
  .rodata            const    0x08009044    0x4c  DS_Digital_Small.o [1]
  .rodata            const    0x08009090    0x4c  DS_Digital_Small.o [1]
  .rodata            const    0x080090dc    0x4c  DS_Digital_Small.o [1]
  .rodata            const    0x08009128    0x4c  DS_Digital_Small.o [1]
  .rodata            const    0x08009174    0x4c  DS_Digital_Small.o [1]
  .rodata            const    0x080091c0    0x48  DS_Digital_Small.o [1]
  .rodata            const    0x08009208    0x48  DS_Digital_Small.o [1]
  .rodata            const    0x08009250    0x48  DS_Digital_Small.o [1]
  .rodata            const    0x08009298    0x48  DS_Digital_Small.o [1]
  .rodata            const    0x080092e0    0x48  DS_Digital_Small.o [1]
  .rodata            const    0x08009328    0x48  DS_Digital_Small.o [1]
  .text              ro code  0x08009370    0x40  zero_init3.o [5]
  .rodata            const    0x080093b0    0x34  DS_Digital_Small.o [1]
  .rodata            const    0x080093e4    0x34  DS_Digital_Small.o [1]
  .rodata            const    0x08009418    0x34  DS_Digital_Small.o [1]
  .rodata            const    0x0800944c    0x34  DS_Digital_Small.o [1]
  .rodata            const    0x08009480    0x34  DS_Digital_Small.o [1]
  .rodata            const    0x080094b4    0x34  DS_Digital_Small.o [1]
  .rodata            const    0x080094e8    0x34  DS_Digital_Small.o [1]
  .rodata            const    0x0800951c    0x34  DS_Digital_Small.o [1]
  .text              ro code  0x08009550    0x2c  copy_init3.o [5]
  .text              ro code  0x0800957c    0x28  data_init.o [5]
  .rodata            const    0x080095a4    0x24  Arial.o [1]
  .rodata            const    0x080095c8    0x24  Arial.o [1]
  .rodata            const    0x080095ec    0x24  Arial.o [1]
  .rodata            const    0x08009610    0x24  Arial.o [1]
  .rodata            const    0x08009634    0x24  Arial.o [1]
  .rodata            const    0x08009658    0x24  Arial.o [1]
  .rodata            const    0x0800967c    0x24  Arial.o [1]
  .rodata            const    0x080096a0    0x24  Arial.o [1]
  .rodata            const    0x080096c4    0x24  Arial.o [1]
  .rodata            const    0x080096e8    0x24  Arial.o [1]
  .rodata            const    0x0800970c    0x24  Arial.o [1]
  .rodata            const    0x08009730    0x24  Arial.o [1]
  .rodata            const    0x08009754    0x24  Arial.o [1]
  .rodata            const    0x08009778    0x24  Arial.o [1]
  .rodata            const    0x0800979c    0x24  Arial.o [1]
  .rodata            const    0x080097c0    0x24  Arial.o [1]
  .rodata            const    0x080097e4    0x24  Arial.o [1]
  .rodata            const    0x08009808    0x24  Arial.o [1]
  .rodata            const    0x0800982c    0x24  Arial.o [1]
  .rodata            const    0x08009850    0x24  Arial.o [1]
  .rodata            const    0x08009874    0x24  Arial.o [1]
  .rodata            const    0x08009898    0x24  Arial.o [1]
  .rodata            const    0x080098bc    0x24  Arial.o [1]
  .rodata            const    0x080098e0    0x24  Arial.o [1]
  .rodata            const    0x08009904    0x24  Arial.o [1]
  .rodata            const    0x08009928    0x24  Arial.o [1]
  .rodata            const    0x0800994c    0x24  Arial.o [1]
  .rodata            const    0x08009970    0x24  Arial.o [1]
  .rodata            const    0x08009994    0x24  Arial.o [1]
  .rodata            const    0x080099b8    0x24  Arial.o [1]
  .rodata            const    0x080099dc    0x24  Arial.o [1]
  .rodata            const    0x08009a00    0x24  Arial.o [1]
  .rodata            const    0x08009a24    0x24  Arial.o [1]
  .rodata            const    0x08009a48    0x24  Arial.o [1]
  .rodata            const    0x08009a6c    0x24  Arial.o [1]
  .rodata            const    0x08009a90    0x24  Arial.o [1]
  .rodata            const    0x08009ab4    0x24  Arial.o [1]
  .rodata            const    0x08009ad8    0x24  Arial.o [1]
  .rodata            const    0x08009afc    0x24  Arial.o [1]
  .rodata            const    0x08009b20    0x24  Arial.o [1]
  .rodata            const    0x08009b44    0x24  Arial.o [1]
  .rodata            const    0x08009b68    0x24  Arial.o [1]
  .rodata            const    0x08009b8c    0x24  Arial.o [1]
  .rodata            const    0x08009bb0    0x24  Arial.o [1]
  .rodata            const    0x08009bd4    0x24  Arial.o [1]
  .rodata            const    0x08009bf8    0x24  Arial.o [1]
  .rodata            const    0x08009c1c    0x24  Arial.o [1]
  .rodata            const    0x08009c40    0x24  Arial.o [1]
  .rodata            const    0x08009c64    0x24  Arial.o [1]
  .rodata            const    0x08009c88    0x24  Arial.o [1]
  .rodata            const    0x08009cac    0x24  Arial.o [1]
  .rodata            const    0x08009cd0    0x24  Arial.o [1]
  .rodata            const    0x08009cf4    0x24  Arial.o [1]
  .rodata            const    0x08009d18    0x24  Arial.o [1]
  .rodata            const    0x08009d3c    0x24  Arial.o [1]
  .rodata            const    0x08009d60    0x24  Arial.o [1]
  .text              ro code  0x08009d84    0x22  fpinit_M.o [4]
  .iar.init_table    const    0x08009da8    0x24  - Linker created -
  .text              ro code  0x08009dcc    0x1a  cmain.o [5]
  .text              ro code  0x08009de6     0x4  low_level_init.o [3]
  .text              ro code  0x08009dea     0x4  exit.o [3]
  .text              ro code  0x08009df0     0xa  cexit.o [5]
  .rodata            const    0x08009dfc    0x18  DS_Digital_Small.o [1]
  .rodata            const    0x08009e14    0x18  DS_Digital_Small.o [1]
  .rodata            const    0x08009e2c    0x14  Arial.o [1]
  .rodata            const    0x08009e40    0x14  Arial.o [1]
  .rodata            const    0x08009e54    0x14  Arial.o [1]
  .rodata            const    0x08009e68    0x14  Arial.o [1]
  .rodata            const    0x08009e7c    0x14  Arial.o [1]
  .rodata            const    0x08009e90    0x14  Arial.o [1]
  .rodata            const    0x08009ea4    0x14  Arial.o [1]
  .rodata            const    0x08009eb8    0x14  Arial.o [1]
  .rodata            const    0x08009ecc    0x14  Arial.o [1]
  .rodata            const    0x08009ee0    0x14  Arial.o [1]
  .rodata            const    0x08009ef4    0x14  Arial.o [1]
  .rodata            const    0x08009f08    0x14  Arial.o [1]
  .rodata            const    0x08009f1c    0x14  Arial.o [1]
  .rodata            const    0x08009f30    0x14  Arial.o [1]
  .rodata            const    0x08009f44    0x14  Arial.o [1]
  .rodata            const    0x08009f58    0x14  Arial.o [1]
  .rodata            const    0x08009f6c    0x14  Arial.o [1]
  .rodata            const    0x08009f80    0x14  Arial.o [1]
  .rodata            const    0x08009f94    0x14  Arial.o [1]
  .rodata            const    0x08009fa8    0x14  Arial.o [1]
  .rodata            const    0x08009fbc    0x14  Arial.o [1]
  .rodata            const    0x08009fd0    0x14  Arial.o [1]
  .rodata            const    0x08009fe4    0x14  Arial.o [1]
  .rodata            const    0x08009ff8    0x14  Arial.o [1]
  .rodata            const    0x0800a00c    0x14  Arial.o [1]
  .rodata            const    0x0800a020    0x14  Arial.o [1]
  .rodata            const    0x0800a034    0x14  Arial.o [1]
  .rodata            const    0x0800a048    0x14  Arial.o [1]
  .rodata            const    0x0800a05c    0x14  Arial.o [1]
  .rodata            const    0x0800a070    0x14  Arial.o [1]
  .rodata            const    0x0800a084    0x14  Arial.o [1]
  .rodata            const    0x0800a098    0x14  Arial.o [1]
  .rodata            const    0x0800a0ac    0x14  Arial.o [1]
  .rodata            const    0x0800a0c0    0x14  Arial.o [1]
  .rodata            const    0x0800a0d4    0x14  Arial.o [1]
  .rodata            const    0x0800a0e8    0x14  Arial.o [1]
  .rodata            const    0x0800a0fc    0x14  Arial.o [1]
  .rodata            const    0x0800a110    0x14  Arial.o [1]
  .rodata            const    0x0800a124    0x14  Arial.o [1]
  .rodata            const    0x0800a138    0x14  main.o [1]
  .rodata            const    0x0800a14c    0x14  UI_private.o [1]
  .rodata            const    0x0800a160    0x10  max31856mud.o [1]
  .rodata            const    0x0800a170    0x10  system_stm32f4xx.o [1]
  .text              ro code  0x0800a180    0x10  startup_stm32f427xx.o [1]
  .rodata            const    0x0800a190     0xc  UI_mainWindow.o [1]
  .rodata            const    0x0800a19c     0xc  UI_mainWindow.o [1]
  .rodata            const    0x0800a1a8     0xc  UI_mainWindow.o [1]
  .text              ro code  0x0800a1b4     0xc  cstartup_M.o [5]
  .rodata            const    0x0800a1c0     0x8  Arial.o [1]
  .rodata            const    0x0800a1c8     0x8  Arial.o [1]
  .rodata            const    0x0800a1d0     0x8  Arial.o [1]
  .rodata            const    0x0800a1d8     0x8  Arial.o [1]
  .rodata            const    0x0800a1e0     0x8  Arial.o [1]
  .rodata            const    0x0800a1e8     0x8  Arial.o [1]
  .rodata            const    0x0800a1f0     0x8  Arial.o [1]
  .rodata            const    0x0800a1f8     0x8  Arial.o [1]
  .rodata            const    0x0800a200     0x8  Arial.o [1]
  .rodata            const    0x0800a208     0x8  Arial.o [1]
  .rodata            const    0x0800a210     0x8  Arial.o [1]
  .rodata            const    0x0800a218     0x8  Arial.o [1]
  .rodata            const    0x0800a220     0x8  Arial.o [1]
  .rodata            const    0x0800a228     0x8  Arial.o [1]
  .rodata            const    0x0800a230     0x8  Arial.o [1]
  .rodata            const    0x0800a238     0x8  Arial.o [1]
  .rodata            const    0x0800a240     0x8  Arial.o [1]
  .rodata            const    0x0800a248     0x8  Arial.o [1]
  .rodata            const    0x0800a250     0x8  Arial.o [1]
  .rodata            const    0x0800a258     0x8  Arial.o [1]
  .rodata            const    0x0800a260     0x8  Arial.o [1]
  .rodata            const    0x0800a268     0x8  Arial.o [1]
  .rodata            const    0x0800a270     0x8  Arial.o [1]
  .rodata            const    0x0800a278     0x8  Arial.o [1]
  .rodata            const    0x0800a280     0x8  Arial.o [1]
  .rodata            const    0x0800a288     0x8  Arial.o [1]
  .rodata            const    0x0800a290     0x8  Arial.o [1]
  .rodata            const    0x0800a298     0x8  Arial.o [1]
  .rodata            const    0x0800a2a0     0x8  Arial.o [1]
  .rodata            const    0x0800a2a8     0x8  Arial.o [1]
  .rodata            const    0x0800a2b0     0x8  Arial.o [1]
  .rodata            const    0x0800a2b8     0x8  Arial.o [1]
  .rodata            const    0x0800a2c0     0x8  Arial.o [1]
  .rodata            const    0x0800a2c8     0x8  Arial.o [1]
  .rodata            const    0x0800a2d0     0x8  Arial.o [1]
  .rodata            const    0x0800a2d8     0x8  Arial.o [1]
  .rodata            const    0x0800a2e0     0x8  Arial.o [1]
  .rodata            const    0x0800a2e8     0x8  Arial.o [1]
  .rodata            const    0x0800a2f0     0x8  Arial.o [1]
  .rodata            const    0x0800a2f8     0x8  Arial.o [1]
  .rodata            const    0x0800a300     0x8  Arial.o [1]
  .rodata            const    0x0800a308     0x8  Arial.o [1]
  .rodata            const    0x0800a310     0x8  Arial.o [1]
  .rodata            const    0x0800a318     0x8  Arial.o [1]
  .rodata            const    0x0800a320     0x8  Arial.o [1]
  .rodata            const    0x0800a328     0x8  Arial.o [1]
  .rodata            const    0x0800a330     0x8  Arial.o [1]
  .rodata            const    0x0800a338     0x8  Arial.o [1]
  .rodata            const    0x0800a340     0x8  Arial.o [1]
  .rodata            const    0x0800a348     0x8  Arial.o [1]
  .rodata            const    0x0800a350     0x8  Arial.o [1]
  .rodata            const    0x0800a358     0x8  Arial.o [1]
  .rodata            const    0x0800a360     0x8  Arial.o [1]
  .rodata            const    0x0800a368     0x8  Arial.o [1]
  .rodata            const    0x0800a370     0x8  Arial.o [1]
  .rodata            const    0x0800a378     0x8  Arial.o [1]
  .rodata            const    0x0800a380     0x8  Arial.o [1]
  .rodata            const    0x0800a388     0x8  Arial.o [1]
  .rodata            const    0x0800a390     0x8  Arial.o [1]
  .rodata            const    0x0800a398     0x8  Arial.o [1]
  .rodata            const    0x0800a3a0     0x8  Arial.o [1]
  .rodata            const    0x0800a3a8     0x8  Arial.o [1]
  .rodata            const    0x0800a3b0     0x8  Arial.o [1]
  .rodata            const    0x0800a3b8     0x8  Arial.o [1]
  .rodata            const    0x0800a3c0     0x8  Arial.o [1]
  .rodata            const    0x0800a3c8     0x8  Arial.o [1]
  .rodata            const    0x0800a3d0     0x8  Arial.o [1]
  .rodata            const    0x0800a3d8     0x8  Arial.o [1]
  .rodata            const    0x0800a3e0     0x8  Arial.o [1]
  .rodata            const    0x0800a3e8     0x8  Arial.o [1]
  .rodata            const    0x0800a3f0     0x8  Arial.o [1]
  .rodata            const    0x0800a3f8     0x8  Arial.o [1]
  .rodata            const    0x0800a400     0x8  Arial.o [1]
  .rodata            const    0x0800a408     0x8  Arial.o [1]
  .rodata            const    0x0800a410     0x8  Arial.o [1]
  .rodata            const    0x0800a418     0x8  Arial.o [1]
  .rodata            const    0x0800a420     0x8  Arial.o [1]
  .rodata            const    0x0800a428     0x8  Arial.o [1]
  .rodata            const    0x0800a430     0x8  Arial.o [1]
  .rodata            const    0x0800a438     0x8  Arial.o [1]
  .rodata            const    0x0800a440     0x8  Arial.o [1]
  .rodata            const    0x0800a448     0x8  Arial.o [1]
  .rodata            const    0x0800a450     0x8  Arial.o [1]
  .rodata            const    0x0800a458     0x8  Arial.o [1]
  .rodata            const    0x0800a460     0x8  Arial.o [1]
  .rodata            const    0x0800a468     0x8  Arial.o [1]
  .rodata            const    0x0800a470     0x8  Arial.o [1]
  .rodata            const    0x0800a478     0x8  Arial.o [1]
  .rodata            const    0x0800a480     0x8  Arial.o [1]
  .rodata            const    0x0800a488     0x8  Arial.o [1]
  .rodata            const    0x0800a490     0x8  Arial.o [1]
  .rodata            const    0x0800a498     0x8  Arial.o [1]
  .rodata            const    0x0800a4a0     0x8  Arial.o [1]
  .rodata            const    0x0800a4a8     0x8  Arial.o [1]
  .rodata            const    0x0800a4b0     0x8  Arial.o [1]
  .rodata            const    0x0800a4b8     0x8  Arial.o [1]
  .rodata            const    0x0800a4c0     0x8  DS_Digital.o [1]
  .rodata            const    0x0800a4c8     0x8  DS_Digital.o [1]
  .rodata            const    0x0800a4d0     0x8  DS_Digital.o [1]
  .rodata            const    0x0800a4d8     0x8  DS_Digital.o [1]
  .rodata            const    0x0800a4e0     0x8  DS_Digital.o [1]
  .rodata            const    0x0800a4e8     0x8  DS_Digital.o [1]
  .rodata            const    0x0800a4f0     0x8  DS_Digital.o [1]
  .rodata            const    0x0800a4f8     0x8  DS_Digital.o [1]
  .rodata            const    0x0800a500     0x8  DS_Digital.o [1]
  .rodata            const    0x0800a508     0x8  DS_Digital.o [1]
  .rodata            const    0x0800a510     0x8  DS_Digital.o [1]
  .rodata            const    0x0800a518     0x8  DS_Digital.o [1]
  .rodata            const    0x0800a520     0x8  DS_Digital.o [1]
  .rodata            const    0x0800a528     0x8  DS_Digital.o [1]
  .rodata            const    0x0800a530     0x8  DS_Digital.o [1]
  .rodata            const    0x0800a538     0x8  DS_Digital.o [1]
  .rodata            const    0x0800a540     0x8  DS_Digital.o [1]
  .rodata            const    0x0800a548     0x8  DS_Digital.o [1]
  .rodata            const    0x0800a550     0x8  DS_Digital.o [1]
  .rodata            const    0x0800a558     0x8  DS_Digital.o [1]
  .rodata            const    0x0800a560     0x8  DS_Digital.o [1]
  .rodata            const    0x0800a568     0x8  DS_Digital.o [1]
  .rodata            const    0x0800a570     0x8  DS_Digital.o [1]
  .rodata            const    0x0800a578     0x8  DS_Digital.o [1]
  .rodata            const    0x0800a580     0x8  DS_Digital.o [1]
  .rodata            const    0x0800a588     0x8  DS_Digital.o [1]
  .rodata            const    0x0800a590     0x8  DS_Digital.o [1]
  .rodata            const    0x0800a598     0x8  DS_Digital.o [1]
  .rodata            const    0x0800a5a0     0x8  DS_Digital.o [1]
  .rodata            const    0x0800a5a8     0x8  DS_Digital.o [1]
  .rodata            const    0x0800a5b0     0x8  DS_Digital.o [1]
  .rodata            const    0x0800a5b8     0x8  DS_Digital.o [1]
  .rodata            const    0x0800a5c0     0x8  DS_Digital.o [1]
  .rodata            const    0x0800a5c8     0x8  DS_Digital_Small.o [1]
  .rodata            const    0x0800a5d0     0x8  DS_Digital_Small.o [1]
  .rodata            const    0x0800a5d8     0x8  DS_Digital_Small.o [1]
  .rodata            const    0x0800a5e0     0x8  DS_Digital_Small.o [1]
  .rodata            const    0x0800a5e8     0x8  DS_Digital_Small.o [1]
  .rodata            const    0x0800a5f0     0x8  DS_Digital_Small.o [1]
  .rodata            const    0x0800a5f8     0x8  DS_Digital_Small.o [1]
  .rodata            const    0x0800a600     0x8  DS_Digital_Small.o [1]
  .rodata            const    0x0800a608     0x8  DS_Digital_Small.o [1]
  .rodata            const    0x0800a610     0x8  DS_Digital_Small.o [1]
  .rodata            const    0x0800a618     0x8  DS_Digital_Small.o [1]
  .rodata            const    0x0800a620     0x8  DS_Digital_Small.o [1]
  .rodata            const    0x0800a628     0x8  DS_Digital_Small.o [1]
  .rodata            const    0x0800a630     0x8  DS_Digital_Small.o [1]
  .rodata            const    0x0800a638     0x8  DS_Digital_Small.o [1]
  .rodata            const    0x0800a640     0x8  DS_Digital_Small.o [1]
  .rodata            const    0x0800a648     0x8  DS_Digital_Small.o [1]
  .rodata            const    0x0800a650     0x8  DS_Digital_Small.o [1]
  .rodata            const    0x0800a658     0x8  DS_Digital_Small.o [1]
  .rodata            const    0x0800a660     0x8  DS_Digital_Small.o [1]
  .rodata            const    0x0800a668     0x8  DS_Digital_Small.o [1]
  .rodata            const    0x0800a670     0x8  DS_Digital_Small.o [1]
  .rodata            const    0x0800a678     0x8  DS_Digital_Small.o [1]
  .rodata            const    0x0800a680     0x8  DS_Digital_Small.o [1]
  .rodata            const    0x0800a688     0x8  DS_Digital_Small.o [1]
  .rodata            const    0x0800a690     0x8  DS_Digital_Small.o [1]
  .rodata            const    0x0800a698     0x8  DS_Digital_Small.o [1]
  .rodata            const    0x0800a6a0     0x8  DS_Digital_Small.o [1]
  .rodata            const    0x0800a6a8     0x8  DS_Digital_Small.o [1]
  .rodata            const    0x0800a6b0     0x8  DS_Digital_Small.o [1]
  .rodata            const    0x0800a6b8     0x8  DS_Digital_Small.o [1]
  .rodata            const    0x0800a6c0     0x8  DS_Digital_Small.o [1]
  .rodata            const    0x0800a6c8     0x8  DS_Digital_Small.o [1]
  .rodata            const    0x0800a6d0     0x8  DS_Digital_Small.o [1]
  .rodata            const    0x0800a6d8     0x8  DS_Digital_Small.o [1]
  .rodata            const    0x0800a6e0     0x8  DS_Digital_Small.o [1]
  .rodata            const    0x0800a6e8     0x8  DS_Digital_Small.o [1]
  .rodata            const    0x0800a6f0     0x8  DS_Digital_Small.o [1]
  .rodata            const    0x0800a6f8     0x8  DS_Digital_Small.o [1]
  .rodata            const    0x0800a700     0x8  DS_Digital_Small.o [1]
  .rodata            const    0x0800a708     0x8  DS_Digital_Small.o [1]
  .rodata            const    0x0800a710     0x8  DS_Digital_Small.o [1]
  .rodata            const    0x0800a718     0x8  DS_Digital_Small.o [1]
  .rodata            const    0x0800a720     0x8  FanFlow.o [1]
  .rodata            const    0x0800a728     0x8  FanFlowDark.o [1]
  .rodata            const    0x0800a730     0x8  gpio.o [1]
  .rodata            const    0x0800a738     0x8  main.o [1]
  .rodata            const    0x0800a740     0x8  main.o [1]
  .rodata            const    0x0800a748     0x8  solderingDry.o [1]
  .rodata            const    0x0800a750     0x8  solderingDryDisconnected.o [1]
  .rodata            const    0x0800a758     0x8  solderingIron.o [1]
  .rodata            const    0x0800a760     0x8  solderingIronDisconnected.o [1]
  .rodata            const    0x0800a768     0x8  tasks.o [1]
  .rodata            const    0x0800a770     0x8  Thermometer.o [1]
  .rodata            const    0x0800a778     0x8  ThermometerDark.o [1]
  .rodata            const    0x0800a780     0x8  timers.o [1]
  .rodata            const    0x0800a788     0x8  timers.o [1]
  .rodata            const    0x0800a790     0x8  UI_mainWindow.o [1]
  .rodata            const    0x0800a798     0x8  UI_mainWindow.o [1]
  .rodata            const    0x0800a7a0     0x8  UI_mainWindow.o [1]
  .rodata            const    0x0800a7a8     0x8  UI_mainWindow.o [1]
  .rodata            const    0x0800a7b0     0x4  heap_4.o [1]
  .rodata            const    0x0800a7b4     0x4  port.o [1]
  .text              ro code  0x0800a7b8     0x4  startup_stm32f427xx.o [1]
  .text              ro code  0x0800a7bc     0x4  startup_stm32f427xx.o [1]
  .text              ro code  0x0800a7c0     0x4  startup_stm32f427xx.o [1]
  .text              ro code  0x0800a7c4     0x4  startup_stm32f427xx.o [1]
  .text              ro code  0x0800a7c8     0x4  startup_stm32f427xx.o [1]
  .text              ro code  0x0800a7cc     0x4  startup_stm32f427xx.o [1]
  .text              ro code  0x0800a7d0     0x4  startup_stm32f427xx.o [1]
  .text              ro code  0x0800a7d4     0x4  startup_stm32f427xx.o [1]
  .text              ro code  0x0800a7d8     0x4  startup_stm32f427xx.o [1]
  .text              ro code  0x0800a7dc     0x4  startup_stm32f427xx.o [1]
  .text              ro code  0x0800a7e0     0x4  startup_stm32f427xx.o [1]
  .text              ro code  0x0800a7e4     0x4  startup_stm32f427xx.o [1]
  .text              ro code  0x0800a7e8     0x4  startup_stm32f427xx.o [1]
  .text              ro code  0x0800a7ec     0x4  startup_stm32f427xx.o [1]
  .text              ro code  0x0800a7f0     0x4  startup_stm32f427xx.o [1]
  .text              ro code  0x0800a7f4     0x4  startup_stm32f427xx.o [1]
  .text              ro code  0x0800a7f8     0x4  startup_stm32f427xx.o [1]
  .text              ro code  0x0800a7fc     0x4  startup_stm32f427xx.o [1]
  .text              ro code  0x0800a800     0x4  startup_stm32f427xx.o [1]
  .text              ro code  0x0800a804     0x4  startup_stm32f427xx.o [1]
  .text              ro code  0x0800a808     0x4  startup_stm32f427xx.o [1]
  .text              ro code  0x0800a80c     0x4  startup_stm32f427xx.o [1]
  .text              ro code  0x0800a810     0x4  startup_stm32f427xx.o [1]
  .text              ro code  0x0800a814     0x4  startup_stm32f427xx.o [1]
  .text              ro code  0x0800a818     0x4  startup_stm32f427xx.o [1]
  .text              ro code  0x0800a81c     0x4  startup_stm32f427xx.o [1]
  .text              ro code  0x0800a820     0x4  startup_stm32f427xx.o [1]
  .text              ro code  0x0800a824     0x4  startup_stm32f427xx.o [1]
  .text              ro code  0x0800a828     0x4  startup_stm32f427xx.o [1]
  .text              ro code  0x0800a82c     0x4  startup_stm32f427xx.o [1]
  .text              ro code  0x0800a830     0x4  startup_stm32f427xx.o [1]
  .text              ro code  0x0800a834     0x4  startup_stm32f427xx.o [1]
  .text              ro code  0x0800a838     0x4  startup_stm32f427xx.o [1]
  .text              ro code  0x0800a83c     0x4  startup_stm32f427xx.o [1]
  .text              ro code  0x0800a840     0x4  startup_stm32f427xx.o [1]
  .text              ro code  0x0800a844     0x4  startup_stm32f427xx.o [1]
  .text              ro code  0x0800a848     0x4  startup_stm32f427xx.o [1]
  .text              ro code  0x0800a84c     0x4  startup_stm32f427xx.o [1]
  .text              ro code  0x0800a850     0x4  startup_stm32f427xx.o [1]
  .text              ro code  0x0800a854     0x4  startup_stm32f427xx.o [1]
  .text              ro code  0x0800a858     0x4  startup_stm32f427xx.o [1]
  .text              ro code  0x0800a85c     0x4  startup_stm32f427xx.o [1]
  .text              ro code  0x0800a860     0x4  startup_stm32f427xx.o [1]
  .text              ro code  0x0800a864     0x4  startup_stm32f427xx.o [1]
  .text              ro code  0x0800a868     0x4  startup_stm32f427xx.o [1]
  .text              ro code  0x0800a86c     0x4  startup_stm32f427xx.o [1]
  .text              ro code  0x0800a870     0x4  startup_stm32f427xx.o [1]
  .text              ro code  0x0800a874     0x4  startup_stm32f427xx.o [1]
  .text              ro code  0x0800a878     0x4  startup_stm32f427xx.o [1]
  .text              ro code  0x0800a87c     0x4  startup_stm32f427xx.o [1]
  .text              ro code  0x0800a880     0x4  startup_stm32f427xx.o [1]
  .text              ro code  0x0800a884     0x4  startup_stm32f427xx.o [1]
  .text              ro code  0x0800a888     0x4  startup_stm32f427xx.o [1]
  .text              ro code  0x0800a88c     0x4  startup_stm32f427xx.o [1]
  .text              ro code  0x0800a890     0x4  startup_stm32f427xx.o [1]
  .text              ro code  0x0800a894     0x4  startup_stm32f427xx.o [1]
  .text              ro code  0x0800a898     0x4  startup_stm32f427xx.o [1]
  .text              ro code  0x0800a89c     0x4  startup_stm32f427xx.o [1]
  .text              ro code  0x0800a8a0     0x4  startup_stm32f427xx.o [1]
  .text              ro code  0x0800a8a4     0x4  startup_stm32f427xx.o [1]
  .text              ro code  0x0800a8a8     0x4  startup_stm32f427xx.o [1]
  .text              ro code  0x0800a8ac     0x4  startup_stm32f427xx.o [1]
  .text              ro code  0x0800a8b0     0x4  startup_stm32f427xx.o [1]
  .text              ro code  0x0800a8b4     0x4  startup_stm32f427xx.o [1]
  .text              ro code  0x0800a8b8     0x4  startup_stm32f427xx.o [1]
  .text              ro code  0x0800a8bc     0x4  startup_stm32f427xx.o [1]
  .text              ro code  0x0800a8c0     0x4  startup_stm32f427xx.o [1]
  .text              ro code  0x0800a8c4     0x4  startup_stm32f427xx.o [1]
  .text              ro code  0x0800a8c8     0x4  startup_stm32f427xx.o [1]
  .text              ro code  0x0800a8cc     0x4  startup_stm32f427xx.o [1]
  .text              ro code  0x0800a8d0     0x4  startup_stm32f427xx.o [1]
  .text              ro code  0x0800a8d4     0x4  startup_stm32f427xx.o [1]
  .text              ro code  0x0800a8d8     0x4  startup_stm32f427xx.o [1]
  .text              ro code  0x0800a8dc     0x4  startup_stm32f427xx.o [1]
  .text              ro code  0x0800a8e0     0x4  startup_stm32f427xx.o [1]
  .text              ro code  0x0800a8e4     0x4  startup_stm32f427xx.o [1]
  .text              ro code  0x0800a8e8     0x4  startup_stm32f427xx.o [1]
  .text              ro code  0x0800a8ec     0x4  startup_stm32f427xx.o [1]
  .text              ro code  0x0800a8f0     0x4  startup_stm32f427xx.o [1]
  .text              ro code  0x0800a8f4     0x4  startup_stm32f427xx.o [1]
  .text              ro code  0x0800a8f8     0x4  startup_stm32f427xx.o [1]
  .text              ro code  0x0800a8fc     0x4  startup_stm32f427xx.o [1]
  .text              ro code  0x0800a900     0x4  startup_stm32f427xx.o [1]
  .text              ro code  0x0800a904     0x4  startup_stm32f427xx.o [1]
  .text              ro code  0x0800a908     0x4  startup_stm32f427xx.o [1]
  .text              ro code  0x0800a90c     0x4  startup_stm32f427xx.o [1]
  .text              ro code  0x0800a910     0x4  startup_stm32f427xx.o [1]
  .text              ro code  0x0800a914     0x4  startup_stm32f427xx.o [1]
  .text              ro code  0x0800a918     0x4  startup_stm32f427xx.o [1]
  .text              ro code  0x0800a91c     0x4  startup_stm32f427xx.o [1]
  .text              ro code  0x0800a920     0x4  startup_stm32f427xx.o [1]
  .rodata            const    0x0800a924     0x0  zero_init3.o [5]
  .rodata            const    0x0800a924     0x0  copy_init3.o [5]
  Initializer bytes  const    0x0800a924    0xc0  <for P4 s0>
                            - 0x0800a9e4  0xa838

"P3":                                     0x2000
  CSTACK                      0x10000000  0x2000  <Block>
    CSTACK           uninit   0x10000000  0x2000  <Block tail>
                            - 0x10002000  0x2000

"P4", part 1 of 2:                          0xc0
  P4 s0                       0x20000000    0xc0  <Init block>
    .data            inited   0x20000000    0x30  mainTSK.o [1]
    .data            inited   0x20000030    0x24  eSolder.o [1]
    .data            inited   0x20000054    0x24  spi1.o [1]
    .data            inited   0x20000078    0x18  keyboard.o [1]
    .data            inited   0x20000090    0x14  encoderPannel.o [1]
    .data            inited   0x200000a4     0xc  thermocouples.o [1]
    .data            inited   0x200000b0     0x8  lcd_backlight.o [1]
    .data            inited   0x200000b8     0x4  port.o [1]
    .data            inited   0x200000bc     0x4  system_stm32f4xx.o [1]
                            - 0x200000c0    0xc0

"P4", part 2 of 2:                        0x15ac
  .bss               zero     0x200000c0  0x1400  heap_4.o [1]
  .bss               zero     0x200014c0    0x64  tasks.o [1]
  .bss               zero     0x20001524    0x40  queue.o [1]
  .bss               zero     0x20001564    0x14  tasks.o [1]
  .bss               zero     0x20001578    0x14  tasks.o [1]
  .bss               zero     0x2000158c    0x14  tasks.o [1]
  .bss               zero     0x200015a0    0x14  tasks.o [1]
  .bss               zero     0x200015b4    0x14  tasks.o [1]
  .bss               zero     0x200015c8    0x14  timers.o [1]
  .bss               zero     0x200015dc    0x14  timers.o [1]
  .bss               zero     0x200015f0     0x8  heap_4.o [1]
  .bss               zero     0x200015f8     0x4  heap_4.o [1]
  .bss               zero     0x200015fc     0x4  heap_4.o [1]
  .bss               zero     0x20001600     0x4  heap_4.o [1]
  .bss               zero     0x20001604     0x4  heap_4.o [1]
  .bss               zero     0x20001608     0x4  port.o [1]
  .bss               zero     0x2000160c     0x4  solderControlTsk.o [1]
  .bss               zero     0x20001610     0x4  solderControlTsk.o [1]
  .bss               zero     0x20001614     0x4  tasks.o [1]
  .bss               zero     0x20001618     0x4  tasks.o [1]
  .bss               zero     0x2000161c     0x4  tasks.o [1]
  .bss               zero     0x20001620     0x4  tasks.o [1]
  .bss               zero     0x20001624     0x4  tasks.o [1]
  .bss               zero     0x20001628     0x4  tasks.o [1]
  .bss               zero     0x2000162c     0x4  tasks.o [1]
  .bss               zero     0x20001630     0x4  tasks.o [1]
  .bss               zero     0x20001634     0x4  tasks.o [1]
  .bss               zero     0x20001638     0x4  tasks.o [1]
  .bss               zero     0x2000163c     0x4  tasks.o [1]
  .bss               zero     0x20001640     0x4  tasks.o [1]
  .bss               zero     0x20001644     0x4  tasks.o [1]
  .bss               zero     0x20001648     0x4  tasks.o [1]
  .bss               zero     0x2000164c     0x4  tasks.o [1]
  .bss               zero     0x20001650     0x4  timers.o [1]
  .bss               zero     0x20001654     0x4  timers.o [1]
  .bss               zero     0x20001658     0x4  timers.o [1]
  .bss               zero     0x2000165c     0x4  timers.o [1]
  .bss               zero     0x20001660     0x4  timers.o [1]
  .bss               zero     0x20001664     0x4  xfail_s.o [3]
  .bss               zero     0x20001668     0x1  ili9341.o [1]
  .bss               zero     0x20001669     0x1  mainTSK.o [1]
  .bss               zero     0x2000166a     0x1  port.o [1]
  .bss               zero     0x2000166b     0x1  spi.o [1]
                            - 0x2000166c  0x15ac


*******************************************************************************
*** INIT TABLE
***

          Address     Size
          -------     ----
Zero (__iar_zero_init3)
    1 destination range, total size 0x15ac:
          0x200000c0  0x15ac

Copy (__iar_copy_init3)
    1 source range, total size 0xc0:
          0x0800a924    0xc0
    1 destination range, total size 0xc0:
          0x20000000    0xc0



*******************************************************************************
*** MODULE SUMMARY
***

    Module                       ro code  ro data  rw data
    ------                       -------  -------  -------
C:\Users\Ernst\Documents\Repositories\eSolder\Fwm\fwm_eSolder\projects\iar\STM32F427_Debug\Obj: [1]
    Arial.o                                 4 324
    DS_Digital.o                            5 364
    DS_Digital_Small.o                      2 592
    FanFlow.o                               1 160
    FanFlowDark.o                           1 160
    Thermometer.o                           1 160
    ThermometerDark.o                       1 160
    UI_mainWindow.o                  692       68
    UI_private.o                               20
    button.o                         180
    clock.o                          308
    eSolder.o                                  36       36
    encoderPannel.o                   16       20       20
    encoders.o                       524
    gpio.o                           316       96
    hard.o                            24
    heap_4.o                         604        4    5 144
    ili9341.o                        484                 1
    ili9341_fsmc.o                   670
    keyboard.o                       104       24       24
    lcd.o                            426
    lcd_backlight.o                   52        8        8
    list.o                           152
    main.o                           128       36
    mainTSK.o                        128       48       49
    max31856mud.o                    336       16
    mcu.o                            284
    port.o                           644        8        9
    portasm.o                        176
    queue.o                        2 298                64
    regulatorSolder.o                  8
    solderControlTsk.o               216                 8
    solderingDry.o                          2 056
    solderingDryDisconnected.o              2 056
    solderingIron.o                         2 056
    solderingIronDisconnected.o             2 056
    spi.o                            490                 1
    spi1.o                           812       36       36
    spiPrivate.o                     196
    startup_stm32f427xx.o            808
    system_stm32f4xx.o               280       20        4
    tasks.o                        3 136        8      260
    thermocouples.o                            12       12
    timers.o                       1 096       16       60
    ------------------------------------------------------
    Total:                        15 588   25 620    5 736

command line: [2]
    ------------------------------------------------------
    Total:

dl7M_tln.a: [3]
    abort.o                            6
    exit.o                             4
    low_level_init.o                   4
    sprintf.o                         64
    xfail_s.o                         68                 4
    xprintfsmall_nomb.o            1 248
    xsprout.o                         10
    ------------------------------------------------------
    Total:                         1 404                 4

m7M_tls.a: [4]
    fpinit_M.o                        34
    ------------------------------------------------------
    Total:                            34

rt7M_tl.a: [5]
    ABImemcpy.o                      166
    ABImemset.o                      102
    cexit.o                           10
    cmain.o                           26
    copy_init3.o                      44
    cstartup_M.o                      12
    data_init.o                       40
    memchr.o                          88
    memcmp.o                         104
    strchr.o                          22
    strlen.o                          54
    zero_init3.o                      64
    ------------------------------------------------------
    Total:                           732

shb_l.a: [6]
    ABIassert.o                       36
    exit.o                            20
    ------------------------------------------------------
    Total:                            56

    Gaps                              16        6
    Linker created                             36    8 192
----------------------------------------------------------
    Grand Total:                  17 830   25 662   13 932


*******************************************************************************
*** ENTRY LIST
***

Entry                      Address    Size  Type      Object
-----                      -------    ----  ----      ------
.iar.init_table$$Base   0x08009da8           --   Gb  - Linker created -
.iar.init_table$$Limit  0x08009dcc           --   Gb  - Linker created -
?main                   0x08009dcd          Code  Gb  cmain.o [5]
AHBPrescTable           0x0800a170    0x10  Data  Gb  system_stm32f4xx.o [1]
Arial                   0x0800a4b8     0x8  Data  Gb  Arial.o [1]
Arial_0x20              0x0800a1c0     0x8  Data  Lc  Arial.o [1]
Arial_0x21              0x0800a1c8     0x8  Data  Lc  Arial.o [1]
Arial_0x22              0x0800a1d0     0x8  Data  Lc  Arial.o [1]
Arial_0x23              0x0800a1d8     0x8  Data  Lc  Arial.o [1]
Arial_0x24              0x0800a1e0     0x8  Data  Lc  Arial.o [1]
Arial_0x25              0x0800a1e8     0x8  Data  Lc  Arial.o [1]
Arial_0x26              0x0800a1f0     0x8  Data  Lc  Arial.o [1]
Arial_0x27              0x0800a1f8     0x8  Data  Lc  Arial.o [1]
Arial_0x28              0x0800a200     0x8  Data  Lc  Arial.o [1]
Arial_0x29              0x0800a208     0x8  Data  Lc  Arial.o [1]
Arial_0x2a              0x0800a210     0x8  Data  Lc  Arial.o [1]
Arial_0x2b              0x0800a218     0x8  Data  Lc  Arial.o [1]
Arial_0x2c              0x0800a220     0x8  Data  Lc  Arial.o [1]
Arial_0x2d              0x0800a228     0x8  Data  Lc  Arial.o [1]
Arial_0x2e              0x0800a230     0x8  Data  Lc  Arial.o [1]
Arial_0x2f              0x0800a238     0x8  Data  Lc  Arial.o [1]
Arial_0x30              0x0800a240     0x8  Data  Lc  Arial.o [1]
Arial_0x31              0x0800a248     0x8  Data  Lc  Arial.o [1]
Arial_0x32              0x0800a250     0x8  Data  Lc  Arial.o [1]
Arial_0x33              0x0800a258     0x8  Data  Lc  Arial.o [1]
Arial_0x34              0x0800a260     0x8  Data  Lc  Arial.o [1]
Arial_0x35              0x0800a268     0x8  Data  Lc  Arial.o [1]
Arial_0x36              0x0800a270     0x8  Data  Lc  Arial.o [1]
Arial_0x37              0x0800a278     0x8  Data  Lc  Arial.o [1]
Arial_0x38              0x0800a280     0x8  Data  Lc  Arial.o [1]
Arial_0x39              0x0800a288     0x8  Data  Lc  Arial.o [1]
Arial_0x3a              0x0800a290     0x8  Data  Lc  Arial.o [1]
Arial_0x3b              0x0800a298     0x8  Data  Lc  Arial.o [1]
Arial_0x3c              0x0800a2a0     0x8  Data  Lc  Arial.o [1]
Arial_0x3d              0x0800a2a8     0x8  Data  Lc  Arial.o [1]
Arial_0x3e              0x0800a2b0     0x8  Data  Lc  Arial.o [1]
Arial_0x3f              0x0800a2b8     0x8  Data  Lc  Arial.o [1]
Arial_0x40              0x0800a2c0     0x8  Data  Lc  Arial.o [1]
Arial_0x41              0x0800a2c8     0x8  Data  Lc  Arial.o [1]
Arial_0x42              0x0800a2d0     0x8  Data  Lc  Arial.o [1]
Arial_0x43              0x0800a2d8     0x8  Data  Lc  Arial.o [1]
Arial_0x44              0x0800a2e0     0x8  Data  Lc  Arial.o [1]
Arial_0x45              0x0800a2e8     0x8  Data  Lc  Arial.o [1]
Arial_0x46              0x0800a2f0     0x8  Data  Lc  Arial.o [1]
Arial_0x47              0x0800a2f8     0x8  Data  Lc  Arial.o [1]
Arial_0x48              0x0800a300     0x8  Data  Lc  Arial.o [1]
Arial_0x49              0x0800a308     0x8  Data  Lc  Arial.o [1]
Arial_0x4a              0x0800a310     0x8  Data  Lc  Arial.o [1]
Arial_0x4b              0x0800a318     0x8  Data  Lc  Arial.o [1]
Arial_0x4c              0x0800a320     0x8  Data  Lc  Arial.o [1]
Arial_0x4d              0x0800a328     0x8  Data  Lc  Arial.o [1]
Arial_0x4e              0x0800a330     0x8  Data  Lc  Arial.o [1]
Arial_0x4f              0x0800a338     0x8  Data  Lc  Arial.o [1]
Arial_0x50              0x0800a340     0x8  Data  Lc  Arial.o [1]
Arial_0x51              0x0800a348     0x8  Data  Lc  Arial.o [1]
Arial_0x52              0x0800a350     0x8  Data  Lc  Arial.o [1]
Arial_0x53              0x0800a358     0x8  Data  Lc  Arial.o [1]
Arial_0x54              0x0800a360     0x8  Data  Lc  Arial.o [1]
Arial_0x55              0x0800a368     0x8  Data  Lc  Arial.o [1]
Arial_0x56              0x0800a370     0x8  Data  Lc  Arial.o [1]
Arial_0x57              0x0800a378     0x8  Data  Lc  Arial.o [1]
Arial_0x58              0x0800a380     0x8  Data  Lc  Arial.o [1]
Arial_0x59              0x0800a388     0x8  Data  Lc  Arial.o [1]
Arial_0x5a              0x0800a390     0x8  Data  Lc  Arial.o [1]
Arial_0x5b              0x0800a398     0x8  Data  Lc  Arial.o [1]
Arial_0x5c              0x0800a3a0     0x8  Data  Lc  Arial.o [1]
Arial_0x5d              0x0800a3a8     0x8  Data  Lc  Arial.o [1]
Arial_0x5e              0x0800a3b0     0x8  Data  Lc  Arial.o [1]
Arial_0x5f              0x0800a3b8     0x8  Data  Lc  Arial.o [1]
Arial_0x60              0x0800a3c0     0x8  Data  Lc  Arial.o [1]
Arial_0x61              0x0800a3c8     0x8  Data  Lc  Arial.o [1]
Arial_0x62              0x0800a3d0     0x8  Data  Lc  Arial.o [1]
Arial_0x63              0x0800a3d8     0x8  Data  Lc  Arial.o [1]
Arial_0x64              0x0800a3e0     0x8  Data  Lc  Arial.o [1]
Arial_0x65              0x0800a3e8     0x8  Data  Lc  Arial.o [1]
Arial_0x66              0x0800a3f0     0x8  Data  Lc  Arial.o [1]
Arial_0x67              0x0800a3f8     0x8  Data  Lc  Arial.o [1]
Arial_0x68              0x0800a400     0x8  Data  Lc  Arial.o [1]
Arial_0x69              0x0800a408     0x8  Data  Lc  Arial.o [1]
Arial_0x6a              0x0800a410     0x8  Data  Lc  Arial.o [1]
Arial_0x6b              0x0800a418     0x8  Data  Lc  Arial.o [1]
Arial_0x6c              0x0800a420     0x8  Data  Lc  Arial.o [1]
Arial_0x6d              0x0800a428     0x8  Data  Lc  Arial.o [1]
Arial_0x6e              0x0800a430     0x8  Data  Lc  Arial.o [1]
Arial_0x6f              0x0800a438     0x8  Data  Lc  Arial.o [1]
Arial_0x70              0x0800a440     0x8  Data  Lc  Arial.o [1]
Arial_0x71              0x0800a448     0x8  Data  Lc  Arial.o [1]
Arial_0x72              0x0800a450     0x8  Data  Lc  Arial.o [1]
Arial_0x73              0x0800a458     0x8  Data  Lc  Arial.o [1]
Arial_0x74              0x0800a460     0x8  Data  Lc  Arial.o [1]
Arial_0x75              0x0800a468     0x8  Data  Lc  Arial.o [1]
Arial_0x76              0x0800a470     0x8  Data  Lc  Arial.o [1]
Arial_0x77              0x0800a478     0x8  Data  Lc  Arial.o [1]
Arial_0x78              0x0800a480     0x8  Data  Lc  Arial.o [1]
Arial_0x79              0x0800a488     0x8  Data  Lc  Arial.o [1]
Arial_0x7a              0x0800a490     0x8  Data  Lc  Arial.o [1]
Arial_0x7b              0x0800a498     0x8  Data  Lc  Arial.o [1]
Arial_0x7c              0x0800a4a0     0x8  Data  Lc  Arial.o [1]
Arial_0x7d              0x0800a4a8     0x8  Data  Lc  Arial.o [1]
Arial_0x7e              0x0800a4b0     0x8  Data  Lc  Arial.o [1]
Arial_array             0x08005fa8   0x2f8  Data  Lc  Arial.o [1]
CSTACK$$Base            0x10000000           --   Gb  - Linker created -
CSTACK$$Limit           0x10002000           --   Gb  - Linker created -
DMA2_Stream0_IRQHandler
                        0x08005abd    0x1e  Code  Gb  spi1.o [1]
DMA2_Stream3_IRQHandler
                        0x08005a9f    0x1e  Code  Gb  spi1.o [1]
DS_Digital              0x0800a5c0     0x8  Data  Gb  DS_Digital.o [1]
DS_Digital_0x25         0x0800a4c0     0x8  Data  Lc  DS_Digital.o [1]
DS_Digital_0x26         0x0800a4c8     0x8  Data  Lc  DS_Digital.o [1]
DS_Digital_0x27         0x0800a4d8     0x8  Data  Lc  DS_Digital.o [1]
DS_Digital_0x28         0x0800a4e0     0x8  Data  Lc  DS_Digital.o [1]
DS_Digital_0x29         0x0800a4e8     0x8  Data  Lc  DS_Digital.o [1]
DS_Digital_0x2a         0x0800a4f0     0x8  Data  Lc  DS_Digital.o [1]
DS_Digital_0x2b         0x0800a4f8     0x8  Data  Lc  DS_Digital.o [1]
DS_Digital_0x2c         0x0800a500     0x8  Data  Lc  DS_Digital.o [1]
DS_Digital_0x2d         0x0800a508     0x8  Data  Lc  DS_Digital.o [1]
DS_Digital_0x2e         0x0800a510     0x8  Data  Lc  DS_Digital.o [1]
DS_Digital_0x2f         0x0800a518     0x8  Data  Lc  DS_Digital.o [1]
DS_Digital_0x30         0x0800a520     0x8  Data  Lc  DS_Digital.o [1]
DS_Digital_0x31         0x0800a528     0x8  Data  Lc  DS_Digital.o [1]
DS_Digital_0x32         0x0800a530     0x8  Data  Lc  DS_Digital.o [1]
DS_Digital_0x33         0x0800a538     0x8  Data  Lc  DS_Digital.o [1]
DS_Digital_0x34         0x0800a540     0x8  Data  Lc  DS_Digital.o [1]
DS_Digital_0x35         0x0800a548     0x8  Data  Lc  DS_Digital.o [1]
DS_Digital_0x36         0x0800a550     0x8  Data  Lc  DS_Digital.o [1]
DS_Digital_0x37         0x0800a558     0x8  Data  Lc  DS_Digital.o [1]
DS_Digital_0x38         0x0800a560     0x8  Data  Lc  DS_Digital.o [1]
DS_Digital_0x39         0x0800a568     0x8  Data  Lc  DS_Digital.o [1]
DS_Digital_0x3a         0x0800a570     0x8  Data  Lc  DS_Digital.o [1]
DS_Digital_0x3b         0x0800a578     0x8  Data  Lc  DS_Digital.o [1]
DS_Digital_0x3c         0x0800a580     0x8  Data  Lc  DS_Digital.o [1]
DS_Digital_0x3d         0x0800a588     0x8  Data  Lc  DS_Digital.o [1]
DS_Digital_0x3e         0x0800a590     0x8  Data  Lc  DS_Digital.o [1]
DS_Digital_0x3f         0x0800a598     0x8  Data  Lc  DS_Digital.o [1]
DS_Digital_0x40         0x0800a5a0     0x8  Data  Lc  DS_Digital.o [1]
DS_Digital_0x41         0x0800a5a8     0x8  Data  Lc  DS_Digital.o [1]
DS_Digital_0x42         0x0800a5b0     0x8  Data  Lc  DS_Digital.o [1]
DS_Digital_0x43         0x0800a5b8     0x8  Data  Lc  DS_Digital.o [1]
DS_Digital_Small        0x0800a718     0x8  Data  Gb  DS_Digital_Small.o [1]
DS_Digital_Small_0x20   0x0800a5c8     0x8  Data  Lc  DS_Digital_Small.o [1]
DS_Digital_Small_0x21   0x0800a5d0     0x8  Data  Lc  DS_Digital_Small.o [1]
DS_Digital_Small_0x22   0x0800a5d8     0x8  Data  Lc  DS_Digital_Small.o [1]
DS_Digital_Small_0x23   0x0800a5e0     0x8  Data  Lc  DS_Digital_Small.o [1]
DS_Digital_Small_0x24   0x0800a5e8     0x8  Data  Lc  DS_Digital_Small.o [1]
DS_Digital_Small_0x25   0x0800a5f0     0x8  Data  Lc  DS_Digital_Small.o [1]
DS_Digital_Small_0x26   0x0800a5f8     0x8  Data  Lc  DS_Digital_Small.o [1]
DS_Digital_Small_0x27   0x0800a608     0x8  Data  Lc  DS_Digital_Small.o [1]
DS_Digital_Small_0x28   0x0800a618     0x8  Data  Lc  DS_Digital_Small.o [1]
DS_Digital_Small_0x29   0x0800a628     0x8  Data  Lc  DS_Digital_Small.o [1]
DS_Digital_Small_0x2a   0x0800a638     0x8  Data  Lc  DS_Digital_Small.o [1]
DS_Digital_Small_0x2b   0x0800a648     0x8  Data  Lc  DS_Digital_Small.o [1]
DS_Digital_Small_0x2c   0x0800a658     0x8  Data  Lc  DS_Digital_Small.o [1]
DS_Digital_Small_0x2d   0x0800a660     0x8  Data  Lc  DS_Digital_Small.o [1]
DS_Digital_Small_0x2e   0x0800a668     0x8  Data  Lc  DS_Digital_Small.o [1]
DS_Digital_Small_0x2f   0x0800a670     0x8  Data  Lc  DS_Digital_Small.o [1]
DS_Digital_Small_0x30   0x0800a678     0x8  Data  Lc  DS_Digital_Small.o [1]
DS_Digital_Small_0x31   0x0800a680     0x8  Data  Lc  DS_Digital_Small.o [1]
DS_Digital_Small_0x32   0x0800a688     0x8  Data  Lc  DS_Digital_Small.o [1]
DS_Digital_Small_0x33   0x0800a690     0x8  Data  Lc  DS_Digital_Small.o [1]
DS_Digital_Small_0x34   0x0800a698     0x8  Data  Lc  DS_Digital_Small.o [1]
DS_Digital_Small_0x35   0x0800a6a0     0x8  Data  Lc  DS_Digital_Small.o [1]
DS_Digital_Small_0x36   0x0800a6a8     0x8  Data  Lc  DS_Digital_Small.o [1]
DS_Digital_Small_0x37   0x0800a6b0     0x8  Data  Lc  DS_Digital_Small.o [1]
DS_Digital_Small_0x38   0x0800a6b8     0x8  Data  Lc  DS_Digital_Small.o [1]
DS_Digital_Small_0x39   0x0800a6c0     0x8  Data  Lc  DS_Digital_Small.o [1]
DS_Digital_Small_0x3a   0x0800a6c8     0x8  Data  Lc  DS_Digital_Small.o [1]
DS_Digital_Small_0x3b   0x0800a6d0     0x8  Data  Lc  DS_Digital_Small.o [1]
DS_Digital_Small_0x3c   0x0800a6d8     0x8  Data  Lc  DS_Digital_Small.o [1]
DS_Digital_Small_0x3d   0x0800a6e0     0x8  Data  Lc  DS_Digital_Small.o [1]
DS_Digital_Small_0x3e   0x0800a6e8     0x8  Data  Lc  DS_Digital_Small.o [1]
DS_Digital_Small_0x3f   0x0800a6f0     0x8  Data  Lc  DS_Digital_Small.o [1]
DS_Digital_Small_0x40   0x0800a6f8     0x8  Data  Lc  DS_Digital_Small.o [1]
DS_Digital_Small_0x41   0x0800a700     0x8  Data  Lc  DS_Digital_Small.o [1]
DS_Digital_Small_0x42   0x0800a708     0x8  Data  Lc  DS_Digital_Small.o [1]
DS_Digital_Small_0x43   0x0800a710     0x8  Data  Lc  DS_Digital_Small.o [1]
DS_Digital_Small_array  0x0800755c   0x120  Data  Lc  DS_Digital_Small.o [1]
DS_Digital_array        0x08007798    0xf8  Data  Lc  DS_Digital.o [1]
EncoderPannelInit       0x08008d31    0x10  Code  Gb  encoderPannel.o [1]
FanFlow                 0x0800a720     0x8  Data  Gb  FanFlow.o [1]
FanFlowDark             0x0800a728     0x8  Data  Gb  FanFlowDark.o [1]
LoadInt                 0x0800449f    0x56  Code  Lc  xprintfsmall_nomb.o [3]
MCU_init                0x0800767d   0x11c  Code  Gb  mcu.o [1]
OS_init                 0x08008c9d    0x1e  Code  Gb  main.o [1]
PendSV_Handler          0x0800181d          Code  Gb  portasm.o [1]
Region$$Table$$Base     0x08009da8           --   Gb  - Linker created -
Region$$Table$$Limit    0x08009dcc           --   Gb  - Linker created -
SPI1_IRQHandler         0x08005a95     0xa  Code  Gb  spi1.o [1]
SVC_Handler             0x08001875          Code  Gb  portasm.o [1]
Spi1_Init               0x08005adb   0x286  Code  Gb  spi1.o [1]
SpiDmaRxIrqHandler      0x08005dbd     0x8  Code  Gb  spiPrivate.o [1]
SpiDmaTxIrqHandler      0x08005db5     0x8  Code  Gb  spiPrivate.o [1]
SpiIrqHandler           0x08005dc5    0x84  Code  Gb  spiPrivate.o [1]
SpiTxByte               0x08007115    0x42  Code  Gb  spi.o [1]
SpiTxDma                0x08007065    0xb0  Code  Gb  spi.o [1]
SpiTxRxDma              0x08006f6d    0xf4  Code  Gb  spi.o [1]
SpiTxRxDma{3}{4}::nullValue
                        0x2000166b     0x1  Data  Lc  spi.o [1]
SpiUnblockTask          0x08005d85    0x2c  Code  Gb  spiPrivate.o [1]
SysTick_Handler         0x080012f7    0x28  Code  Gb  port.o [1]
SystemCoreClock         0x200000bc     0x4  Data  Gb  system_stm32f4xx.o [1]
SystemCoreClockUpdate   0x08007491    0x9a  Code  Gb  system_stm32f4xx.o [1]
SystemInit              0x08007445    0x4c  Code  Gb  system_stm32f4xx.o [1]
Thermometer             0x0800a770     0x8  Data  Gb  Thermometer.o [1]
ThermometerDark         0x0800a778     0x8  Data  Gb  ThermometerDark.o [1]
UI_MainWindowRendering  0x080062a1    0x1c  Code  Gb  UI_mainWindow.o [1]
UI_MainWindowUpdate     0x08006417    0xf0  Code  Gb  UI_mainWindow.o [1]
_LitobSmallNoMb         0x08004631    0xce  Code  Lc  xprintfsmall_nomb.o [3]
_PrintfSmallNoMb        0x08004271   0x224  Code  Gb  xprintfsmall_nomb.o [3]
_PutcharsSmallNoMb      0x080046ff    0x2e  Code  Lc  xprintfsmall_nomb.o [3]
_PutfldSmallNoMb        0x080044f5   0x13c  Code  Lc  xprintfsmall_nomb.o [3]
_SProut                 0x08001147     0xa  Code  Gb  xsprout.o [3]
__NVIC_EnableIRQ        0x08005a59    0x1a  Code  Lc  spi1.o [1]
__NVIC_SetPriority      0x08005a73    0x22  Code  Lc  spi1.o [1]
__aeabi_assert          0x08005f85    0x24  Code  Gb  ABIassert.o [6]
__aeabi_memcpy          0x080021c9          Code  Gb  ABImemcpy.o [5]
__aeabi_memcpy4         0x080021e9          Code  Gb  ABImemcpy.o [5]
__aeabi_memcpy8         0x080021e9          Code  Gb  ABImemcpy.o [5]
__aeabi_memset          0x08001049          Code  Gb  ABImemset.o [5]
__cmain                 0x08009dcd          Code  Gb  cmain.o [5]
__exit                  0x08004845    0x14  Code  Gb  exit.o [6]
__iar_Fail_s            0x08004769    0x1e  Code  Gb  xfail_s.o [3]
__iar_Memchr            0x080047e5          Code  Gb  memchr.o [5]
__iar_Memset            0x08001049          Code  Gb  ABImemset.o [5]
__iar_Memset_word       0x08001051          Code  Gb  ABImemset.o [5]
__iar_Strchr            0x08004751          Code  Gb  strchr.o [5]
__iar_copy_init3        0x08009551    0x2c  Code  Gb  copy_init3.o [5]
__iar_data_init3        0x0800957d    0x28  Code  Gb  data_init.o [5]
__iar_init_vfp          0x08009d85          Code  Gb  fpinit_M.o [4]
__iar_program_start     0x0800a1b5          Code  Gb  cstartup_M.o [5]
__iar_systems$$module {Abs}
                        0x00000001          Data  Gb  command line/config [2]
__iar_zero_init3        0x08009371    0x40  Code  Gb  zero_init3.o [5]
__low_level_init        0x08009de7     0x4  Code  Gb  low_level_init.o [3]
__vector_table          0x08000000          Data  Gb  startup_stm32f427xx.o [1]
_call_main              0x08009dd9          Code  Gb  cmain.o [5]
_exit                   0x08009df1          Code  Gb  cexit.o [5]
_main                   0x08009de3          Code  Gb  cmain.o [5]
abort                   0x0800483d     0x6  Code  Gb  abort.o [3]
backlight               0x200000b0     0x8  Data  Gb  lcd_backlight.o [1]
buttonClearPressed      0x08006f5f     0xe  Code  Gb  button.o [1]
buttonInit              0x08006eb9    0x34  Code  Gb  button.o [1]
buttonScan              0x08006eed    0x72  Code  Gb  button.o [1]
clock_init              0x08007311   0x134  Code  Gb  clock.o [1]
drawTempFlow            0x080063ad    0x6a  Code  Gb  UI_mainWindow.o [1]
drawTempReal            0x0800633d    0x70  Code  Gb  UI_mainWindow.o [1]
drawTempSet             0x080062bd    0x80  Code  Gb  UI_mainWindow.o [1]
eSolder                 0x20000030    0x24  Data  Gb  eSolder.o [1]
enReadVal               0x08006d41    0x38  Code  Gb  encoders.o [1]
enWriteVal              0x08006d79    0x30  Code  Gb  encoders.o [1]
encControlledMain       0x20000000    0x30  Data  Gb  mainTSK.o [1]
encoderInit             0x08006cad    0x94  Code  Gb  encoders.o [1]
encoderPannel           0x20000090    0x14  Data  Gb  encoderPannel.o [1]
encoderUpdate           0x08006da9   0x10c  Code  Gb  encoders.o [1]
exit                    0x08009deb     0x4  Code  Gb  exit.o [3]
gpioAfInit              0x08005efb    0x80  Code  Gb  gpio.o [1]
gpioInit                0x08005e49    0xb2  Code  Gb  gpio.o [1]
hard_init               0x08008ce5    0x18  Code  Gb  hard.o [1]
ili9341_ColumnAddressSet
                        0x08006861    0x34  Code  Lc  ili9341.o [1]
ili9341_DrawBackground  0x080068c9    0x64  Code  Gb  ili9341.o [1]
ili9341_Init            0x080067c1    0xa0  Code  Gb  ili9341.o [1]
ili9341_InitCommunication
                        0x080069a5   0x26a  Code  Gb  ili9341_fsmc.o [1]
ili9341_PageAddressSet  0x08006895    0x34  Code  Lc  ili9341.o [1]
ili9341_Reset           0x08006991     0xa  Code  Gb  ili9341.o [1]
ili9341_SetOrientation  0x08006931    0x3e  Code  Gb  ili9341.o [1]
ili9341_SetRegion       0x0800696f    0x22  Code  Gb  ili9341.o [1]
ili9341_WriteCommand    0x08006c39     0xa  Code  Gb  ili9341_fsmc.o [1]
ili9341_WriteData       0x08006c0f     0x6  Code  Gb  ili9341_fsmc.o [1]
ili9341_WriteData_16    0x08006c15     0x6  Code  Gb  ili9341_fsmc.o [1]
ili9341_displayOn       0x0800699b     0xa  Code  Gb  ili9341.o [1]
image_data_Arial_0x20   0x08009e2c    0x14  Data  Lc  Arial.o [1]
image_data_Arial_0x21   0x08009e40    0x14  Data  Lc  Arial.o [1]
image_data_Arial_0x22   0x08009e54    0x14  Data  Lc  Arial.o [1]
image_data_Arial_0x23   0x080095a4    0x24  Data  Lc  Arial.o [1]
image_data_Arial_0x24   0x080095c8    0x24  Data  Lc  Arial.o [1]
image_data_Arial_0x25   0x080095ec    0x24  Data  Lc  Arial.o [1]
image_data_Arial_0x26   0x08009610    0x24  Data  Lc  Arial.o [1]
image_data_Arial_0x27   0x08009e68    0x14  Data  Lc  Arial.o [1]
image_data_Arial_0x28   0x08009e7c    0x14  Data  Lc  Arial.o [1]
image_data_Arial_0x29   0x08009e90    0x14  Data  Lc  Arial.o [1]
image_data_Arial_0x2a   0x08009ea4    0x14  Data  Lc  Arial.o [1]
image_data_Arial_0x2b   0x08009634    0x24  Data  Lc  Arial.o [1]
image_data_Arial_0x2c   0x08009eb8    0x14  Data  Lc  Arial.o [1]
image_data_Arial_0x2d   0x08009ecc    0x14  Data  Lc  Arial.o [1]
image_data_Arial_0x2e   0x08009ee0    0x14  Data  Lc  Arial.o [1]
image_data_Arial_0x2f   0x08009ef4    0x14  Data  Lc  Arial.o [1]
image_data_Arial_0x30   0x08009658    0x24  Data  Lc  Arial.o [1]
image_data_Arial_0x31   0x0800967c    0x24  Data  Lc  Arial.o [1]
image_data_Arial_0x32   0x080096a0    0x24  Data  Lc  Arial.o [1]
image_data_Arial_0x33   0x080096c4    0x24  Data  Lc  Arial.o [1]
image_data_Arial_0x34   0x080096e8    0x24  Data  Lc  Arial.o [1]
image_data_Arial_0x35   0x0800970c    0x24  Data  Lc  Arial.o [1]
image_data_Arial_0x36   0x08009730    0x24  Data  Lc  Arial.o [1]
image_data_Arial_0x37   0x08009754    0x24  Data  Lc  Arial.o [1]
image_data_Arial_0x38   0x08009778    0x24  Data  Lc  Arial.o [1]
image_data_Arial_0x39   0x0800979c    0x24  Data  Lc  Arial.o [1]
image_data_Arial_0x3a   0x08009f08    0x14  Data  Lc  Arial.o [1]
image_data_Arial_0x3b   0x08009f1c    0x14  Data  Lc  Arial.o [1]
image_data_Arial_0x3c   0x080097c0    0x24  Data  Lc  Arial.o [1]
image_data_Arial_0x3d   0x080097e4    0x24  Data  Lc  Arial.o [1]
image_data_Arial_0x3e   0x08009808    0x24  Data  Lc  Arial.o [1]
image_data_Arial_0x3f   0x0800982c    0x24  Data  Lc  Arial.o [1]
image_data_Arial_0x40   0x08009850    0x24  Data  Lc  Arial.o [1]
image_data_Arial_0x41   0x08009874    0x24  Data  Lc  Arial.o [1]
image_data_Arial_0x42   0x08009898    0x24  Data  Lc  Arial.o [1]
image_data_Arial_0x43   0x080098bc    0x24  Data  Lc  Arial.o [1]
image_data_Arial_0x44   0x080098e0    0x24  Data  Lc  Arial.o [1]
image_data_Arial_0x45   0x08009904    0x24  Data  Lc  Arial.o [1]
image_data_Arial_0x46   0x08009928    0x24  Data  Lc  Arial.o [1]
image_data_Arial_0x47   0x0800994c    0x24  Data  Lc  Arial.o [1]
image_data_Arial_0x48   0x08009970    0x24  Data  Lc  Arial.o [1]
image_data_Arial_0x49   0x08009f30    0x14  Data  Lc  Arial.o [1]
image_data_Arial_0x4a   0x08009f44    0x14  Data  Lc  Arial.o [1]
image_data_Arial_0x4b   0x08009994    0x24  Data  Lc  Arial.o [1]
image_data_Arial_0x4c   0x080099b8    0x24  Data  Lc  Arial.o [1]
image_data_Arial_0x4d   0x080099dc    0x24  Data  Lc  Arial.o [1]
image_data_Arial_0x4e   0x08009a00    0x24  Data  Lc  Arial.o [1]
image_data_Arial_0x4f   0x08009a24    0x24  Data  Lc  Arial.o [1]
image_data_Arial_0x50   0x08009a48    0x24  Data  Lc  Arial.o [1]
image_data_Arial_0x51   0x08009a6c    0x24  Data  Lc  Arial.o [1]
image_data_Arial_0x52   0x08009a90    0x24  Data  Lc  Arial.o [1]
image_data_Arial_0x53   0x08009ab4    0x24  Data  Lc  Arial.o [1]
image_data_Arial_0x54   0x08009ad8    0x24  Data  Lc  Arial.o [1]
image_data_Arial_0x55   0x08009afc    0x24  Data  Lc  Arial.o [1]
image_data_Arial_0x56   0x08009b20    0x24  Data  Lc  Arial.o [1]
image_data_Arial_0x57   0x08009b44    0x24  Data  Lc  Arial.o [1]
image_data_Arial_0x58   0x08009b68    0x24  Data  Lc  Arial.o [1]
image_data_Arial_0x59   0x08009b8c    0x24  Data  Lc  Arial.o [1]
image_data_Arial_0x5a   0x08009bb0    0x24  Data  Lc  Arial.o [1]
image_data_Arial_0x5b   0x08009f58    0x14  Data  Lc  Arial.o [1]
image_data_Arial_0x5c   0x08009f6c    0x14  Data  Lc  Arial.o [1]
image_data_Arial_0x5d   0x08009f80    0x14  Data  Lc  Arial.o [1]
image_data_Arial_0x5e   0x08009f94    0x14  Data  Lc  Arial.o [1]
image_data_Arial_0x5f   0x08009bd4    0x24  Data  Lc  Arial.o [1]
image_data_Arial_0x60   0x08009fa8    0x14  Data  Lc  Arial.o [1]
image_data_Arial_0x61   0x08009bf8    0x24  Data  Lc  Arial.o [1]
image_data_Arial_0x62   0x08009c1c    0x24  Data  Lc  Arial.o [1]
image_data_Arial_0x63   0x08009fbc    0x14  Data  Lc  Arial.o [1]
image_data_Arial_0x64   0x08009c40    0x24  Data  Lc  Arial.o [1]
image_data_Arial_0x65   0x08009c64    0x24  Data  Lc  Arial.o [1]
image_data_Arial_0x66   0x08009fd0    0x14  Data  Lc  Arial.o [1]
image_data_Arial_0x67   0x08009c88    0x24  Data  Lc  Arial.o [1]
image_data_Arial_0x68   0x08009fe4    0x14  Data  Lc  Arial.o [1]
image_data_Arial_0x69   0x08009ff8    0x14  Data  Lc  Arial.o [1]
image_data_Arial_0x6a   0x0800a00c    0x14  Data  Lc  Arial.o [1]
image_data_Arial_0x6b   0x0800a020    0x14  Data  Lc  Arial.o [1]
image_data_Arial_0x6c   0x0800a034    0x14  Data  Lc  Arial.o [1]
image_data_Arial_0x6d   0x08009cac    0x24  Data  Lc  Arial.o [1]
image_data_Arial_0x6e   0x0800a048    0x14  Data  Lc  Arial.o [1]
image_data_Arial_0x6f   0x08009cd0    0x24  Data  Lc  Arial.o [1]
image_data_Arial_0x70   0x08009cf4    0x24  Data  Lc  Arial.o [1]
image_data_Arial_0x71   0x08009d18    0x24  Data  Lc  Arial.o [1]
image_data_Arial_0x72   0x0800a05c    0x14  Data  Lc  Arial.o [1]
image_data_Arial_0x73   0x0800a070    0x14  Data  Lc  Arial.o [1]
image_data_Arial_0x74   0x0800a084    0x14  Data  Lc  Arial.o [1]
image_data_Arial_0x75   0x0800a098    0x14  Data  Lc  Arial.o [1]
image_data_Arial_0x76   0x0800a0ac    0x14  Data  Lc  Arial.o [1]
image_data_Arial_0x77   0x08009d3c    0x24  Data  Lc  Arial.o [1]
image_data_Arial_0x78   0x0800a0c0    0x14  Data  Lc  Arial.o [1]
image_data_Arial_0x79   0x0800a0d4    0x14  Data  Lc  Arial.o [1]
image_data_Arial_0x7a   0x0800a0e8    0x14  Data  Lc  Arial.o [1]
image_data_Arial_0x7b   0x0800a0fc    0x14  Data  Lc  Arial.o [1]
image_data_Arial_0x7c   0x0800a110    0x14  Data  Lc  Arial.o [1]
image_data_Arial_0x7d   0x0800a124    0x14  Data  Lc  Arial.o [1]
image_data_Arial_0x7e   0x08009d60    0x24  Data  Lc  Arial.o [1]
image_data_DS_Digital_0x25
                        0x08007970    0xd4  Data  Lc  DS_Digital.o [1]
image_data_DS_Digital_0x26
                        0x08007a44    0xa0  Data  Lc  DS_Digital.o [1]
image_data_DS_Digital_0x27
                        0x0800a4d0     0x8  Data  Lc  DS_Digital.o [1]
image_data_DS_Digital_0x28
                        0x08007ae4    0xa0  Data  Lc  DS_Digital.o [1]
image_data_DS_Digital_0x29
                        0x08007b84    0xa0  Data  Lc  DS_Digital.o [1]
image_data_DS_Digital_0x2a
                        0x08007c24    0xa0  Data  Lc  DS_Digital.o [1]
image_data_DS_Digital_0x2b
                        0x08007cc4    0xa0  Data  Lc  DS_Digital.o [1]
image_data_DS_Digital_0x2c
                        0x08007d64    0xa0  Data  Lc  DS_Digital.o [1]
image_data_DS_Digital_0x2d
                        0x08007e04    0xa0  Data  Lc  DS_Digital.o [1]
image_data_DS_Digital_0x2e
                        0x08007ea4    0xa0  Data  Lc  DS_Digital.o [1]
image_data_DS_Digital_0x2f
                        0x08007f44    0xa0  Data  Lc  DS_Digital.o [1]
image_data_DS_Digital_0x30
                        0x08007fe4    0xa0  Data  Lc  DS_Digital.o [1]
image_data_DS_Digital_0x31
                        0x08008084    0xa0  Data  Lc  DS_Digital.o [1]
image_data_DS_Digital_0x32
                        0x08008124    0xa0  Data  Lc  DS_Digital.o [1]
image_data_DS_Digital_0x33
                        0x080081c4    0xa0  Data  Lc  DS_Digital.o [1]
image_data_DS_Digital_0x34
                        0x08008264    0xa0  Data  Lc  DS_Digital.o [1]
image_data_DS_Digital_0x35
                        0x08008304    0xa0  Data  Lc  DS_Digital.o [1]
image_data_DS_Digital_0x36
                        0x080083a4    0xa0  Data  Lc  DS_Digital.o [1]
image_data_DS_Digital_0x37
                        0x08008444    0xa0  Data  Lc  DS_Digital.o [1]
image_data_DS_Digital_0x38
                        0x080084e4    0xa0  Data  Lc  DS_Digital.o [1]
image_data_DS_Digital_0x39
                        0x08008584    0xa0  Data  Lc  DS_Digital.o [1]
image_data_DS_Digital_0x3a
                        0x08008624    0xa0  Data  Lc  DS_Digital.o [1]
image_data_DS_Digital_0x3b
                        0x080086c4    0xa0  Data  Lc  DS_Digital.o [1]
image_data_DS_Digital_0x3c
                        0x08008764    0xa0  Data  Lc  DS_Digital.o [1]
image_data_DS_Digital_0x3d
                        0x08008804    0xa0  Data  Lc  DS_Digital.o [1]
image_data_DS_Digital_0x3e
                        0x080088a4    0xa0  Data  Lc  DS_Digital.o [1]
image_data_DS_Digital_0x3f
                        0x08008944    0xa0  Data  Lc  DS_Digital.o [1]
image_data_DS_Digital_0x40
                        0x080089e4    0xa0  Data  Lc  DS_Digital.o [1]
image_data_DS_Digital_0x41
                        0x08008a84    0xa0  Data  Lc  DS_Digital.o [1]
image_data_DS_Digital_0x42
                        0x08008b24    0xa0  Data  Lc  DS_Digital.o [1]
image_data_DS_Digital_0x43
                        0x08008bc4    0xa0  Data  Lc  DS_Digital.o [1]
image_data_DS_Digital_Small_0x20
                        0x080091c0    0x48  Data  Lc  DS_Digital_Small.o [1]
image_data_DS_Digital_Small_0x21
                        0x08009208    0x48  Data  Lc  DS_Digital_Small.o [1]
image_data_DS_Digital_Small_0x22
                        0x08009250    0x48  Data  Lc  DS_Digital_Small.o [1]
image_data_DS_Digital_Small_0x23
                        0x08009298    0x48  Data  Lc  DS_Digital_Small.o [1]
image_data_DS_Digital_Small_0x24
                        0x080092e0    0x48  Data  Lc  DS_Digital_Small.o [1]
image_data_DS_Digital_Small_0x25
                        0x08008d98    0x4c  Data  Lc  DS_Digital_Small.o [1]
image_data_DS_Digital_Small_0x26
                        0x08009328    0x48  Data  Lc  DS_Digital_Small.o [1]
image_data_DS_Digital_Small_0x27
                        0x0800a600     0x8  Data  Lc  DS_Digital_Small.o [1]
image_data_DS_Digital_Small_0x28
                        0x0800a610     0x8  Data  Lc  DS_Digital_Small.o [1]
image_data_DS_Digital_Small_0x29
                        0x0800a620     0x8  Data  Lc  DS_Digital_Small.o [1]
image_data_DS_Digital_Small_0x2a
                        0x0800a630     0x8  Data  Lc  DS_Digital_Small.o [1]
image_data_DS_Digital_Small_0x2b
                        0x0800a640     0x8  Data  Lc  DS_Digital_Small.o [1]
image_data_DS_Digital_Small_0x2c
                        0x0800a650     0x8  Data  Lc  DS_Digital_Small.o [1]
image_data_DS_Digital_Small_0x2d
                        0x08008de4    0x4c  Data  Lc  DS_Digital_Small.o [1]
image_data_DS_Digital_Small_0x2e
                        0x08009dfc    0x18  Data  Lc  DS_Digital_Small.o [1]
image_data_DS_Digital_Small_0x2f
                        0x08009e14    0x18  Data  Lc  DS_Digital_Small.o [1]
image_data_DS_Digital_Small_0x30
                        0x08008e30    0x4c  Data  Lc  DS_Digital_Small.o [1]
image_data_DS_Digital_Small_0x31
                        0x08008e7c    0x4c  Data  Lc  DS_Digital_Small.o [1]
image_data_DS_Digital_Small_0x32
                        0x08008ec8    0x4c  Data  Lc  DS_Digital_Small.o [1]
image_data_DS_Digital_Small_0x33
                        0x08008f14    0x4c  Data  Lc  DS_Digital_Small.o [1]
image_data_DS_Digital_Small_0x34
                        0x08008f60    0x4c  Data  Lc  DS_Digital_Small.o [1]
image_data_DS_Digital_Small_0x35
                        0x08008fac    0x4c  Data  Lc  DS_Digital_Small.o [1]
image_data_DS_Digital_Small_0x36
                        0x08008ff8    0x4c  Data  Lc  DS_Digital_Small.o [1]
image_data_DS_Digital_Small_0x37
                        0x08009044    0x4c  Data  Lc  DS_Digital_Small.o [1]
image_data_DS_Digital_Small_0x38
                        0x08009090    0x4c  Data  Lc  DS_Digital_Small.o [1]
image_data_DS_Digital_Small_0x39
                        0x080090dc    0x4c  Data  Lc  DS_Digital_Small.o [1]
image_data_DS_Digital_Small_0x3a
                        0x08009128    0x4c  Data  Lc  DS_Digital_Small.o [1]
image_data_DS_Digital_Small_0x3b
                        0x08009174    0x4c  Data  Lc  DS_Digital_Small.o [1]
image_data_DS_Digital_Small_0x3c
                        0x080093b0    0x34  Data  Lc  DS_Digital_Small.o [1]
image_data_DS_Digital_Small_0x3d
                        0x080093e4    0x34  Data  Lc  DS_Digital_Small.o [1]
image_data_DS_Digital_Small_0x3e
                        0x08009418    0x34  Data  Lc  DS_Digital_Small.o [1]
image_data_DS_Digital_Small_0x3f
                        0x0800944c    0x34  Data  Lc  DS_Digital_Small.o [1]
image_data_DS_Digital_Small_0x40
                        0x08009480    0x34  Data  Lc  DS_Digital_Small.o [1]
image_data_DS_Digital_Small_0x41
                        0x080094b4    0x34  Data  Lc  DS_Digital_Small.o [1]
image_data_DS_Digital_Small_0x42
                        0x080094e8    0x34  Data  Lc  DS_Digital_Small.o [1]
image_data_DS_Digital_Small_0x43
                        0x0800951c    0x34  Data  Lc  DS_Digital_Small.o [1]
image_data_FanFlow      0x08004858   0x480  Data  Lc  FanFlow.o [1]
image_data_FanFlowDark  0x08004cd8   0x480  Data  Lc  FanFlowDark.o [1]
image_data_Thermometer  0x08005158   0x480  Data  Lc  Thermometer.o [1]
image_data_ThermometerDark
                        0x080055d8   0x480  Data  Lc  ThermometerDark.o [1]
image_data_dry          0x08002270   0x800  Data  Lc  solderingDry.o [1]
image_data_solderingDryDisconnected
                        0x08002a70   0x800  Data  Lc  solderingDryDisconnected.o [1]
image_data_solderingIronDisconnected
                        0x08003a70   0x800  Data  Lc  solderingIronDisconnected.o [1]
image_data_solderingiron
                        0x08003270   0x800  Data  Lc  solderingIron.o [1]
initTsk                 0x08008c65    0x38  Code  Gb  main.o [1]
keyboard                0x20000078    0x18  Data  Gb  keyboard.o [1]
keyboardClearAllPress   0x08006c61    0x1c  Code  Gb  keyboard.o [1]
keyboardInit            0x08006c45    0x1c  Code  Gb  keyboard.o [1]
keyboardScan            0x08006c7d    0x2a  Code  Gb  keyboard.o [1]
lcdBacklight_init       0x08008cfd    0x30  Code  Gb  lcd_backlight.o [1]
lcd_Char                0x08006555   0x110  Code  Gb  lcd.o [1]
lcd_DrawBackground      0x080066f5     0xa  Code  Gb  lcd.o [1]
lcd_FastHLine           0x080066c7    0x2e  Code  Gb  lcd.o [1]
lcd_Image               0x08006691    0x36  Code  Gb  lcd.o [1]
lcd_String              0x08006665    0x2c  Code  Gb  lcd.o [1]
main                    0x08008cd5    0x10  Code  Gb  main.o [1]
mainTsk                 0x08006741    0x68  Code  Gb  mainTSK.o [1]
mainTskEncoderSelected  0x20001669     0x1  Data  Gb  mainTSK.o [1]
mainTsk_GetEncoderSelected
                        0x080067a9     0x6  Code  Gb  mainTSK.o [1]
max31856mud_getColdJunctionTemp
                        0x08007263    0x20  Code  Gb  max31856mud.o [1]
max31856mud_getLinearizedTemp
                        0x08007283    0x26  Code  Gb  max31856mud.o [1]
max31856mud_init        0x080071e3    0x48  Code  Gb  max31856mud.o [1]
max31856mud_oneShot     0x08007231    0x32  Code  Gb  max31856mud.o [1]
max31856mud_read        0x08007159    0x4c  Code  Gb  max31856mud.o [1]
max31856mud_write       0x080071a5    0x3e  Code  Gb  max31856mud.o [1]
memchr                  0x080047e5          Code  Gb  memchr.o [5]
memcmp                  0x080072a9          Code  Gb  memcmp.o [5]
orientation             0x20001668     0x1  Data  Gb  ili9341.o [1]
pcInterruptPriorityRegisters
                        0x0800a7b4     0x4  Data  Lc  port.o [1]
prvAddCurrentTaskToDelayedList
                        0x08000d35    0x7c  Code  Lc  tasks.o [1]
prvAddNewTaskToReadyList
                        0x080002d9    0xc2  Code  Lc  tasks.o [1]
prvCheckForValidListAndQueue
                        0x080017a9    0x4c  Code  Lc  timers.o [1]
prvCheckTasksWaitingTermination
                        0x08000a07    0x48  Code  Lc  tasks.o [1]
prvCopyDataFromQueue    0x08002083    0x2a  Code  Lc  queue.o [1]
prvCopyDataToQueue      0x08001ffd    0x86  Code  Lc  queue.o [1]
prvDeleteTCB            0x08000a4f    0x12  Code  Lc  tasks.o [1]
prvGetDisinheritPriorityAfterTimeout
                        0x08001fe9    0x14  Code  Lc  queue.o [1]
prvGetNextExpireTime    0x08001587    0x26  Code  Lc  timers.o [1]
prvHeapInit             0x08000f71    0x62  Code  Lc  heap_4.o [1]
prvIdleTask             0x08000981    0x24  Code  Lc  tasks.o [1]
prvInitialiseNewQueue   0x080019ad    0x22  Code  Lc  queue.o [1]
prvInitialiseNewTask    0x08000217    0xc2  Code  Lc  tasks.o [1]
prvInitialiseTaskLists  0x080009ad    0x5a  Code  Lc  tasks.o [1]
prvInsertBlockIntoFreeList
                        0x08000fd3    0x58  Code  Lc  heap_4.o [1]
prvInsertTimerInActiveList
                        0x080015d5    0x3e  Code  Lc  timers.o [1]
prvIsQueueEmpty         0x0800211b    0x1c  Code  Lc  queue.o [1]
prvIsQueueFull          0x08002137    0x1e  Code  Lc  queue.o [1]
prvProcessExpiredTimer  0x08001491    0x6c  Code  Lc  timers.o [1]
prvProcessReceivedCommands
                        0x08001613   0x116  Code  Lc  timers.o [1]
prvProcessTimerOrBlockTask
                        0x08001515    0x72  Code  Lc  timers.o [1]
prvResetNextTaskUnblockTime
                        0x08000a61    0x28  Code  Lc  tasks.o [1]
prvSampleTimeNow        0x080015ad    0x28  Code  Lc  timers.o [1]
prvSampleTimeNow::xLastTime
                        0x20001660     0x4  Data  Lc  timers.o [1]
prvSwitchTimerLists     0x08001729    0x80  Code  Lc  timers.o [1]
prvTaskExitError        0x08001179    0x2a  Code  Lc  port.o [1]
prvTimerTask            0x08001501    0x14  Code  Lc  timers.o [1]
prvUnlockQueue          0x080020ad    0x6e  Code  Lc  queue.o [1]
pvPortMalloc            0x08000ded   0x10e  Code  Gb  heap_4.o [1]
pvTaskIncrementMutexHeldCount
                        0x08000cf9    0x1e  Code  Gb  tasks.o [1]
pxCurrentTCB            0x20001614     0x4  Data  Gb  tasks.o [1]
pxCurrentTimerList      0x20001650     0x4  Data  Lc  timers.o [1]
pxDelayedTaskList       0x20001618     0x4  Data  Lc  tasks.o [1]
pxEnd                   0x200015f8     0x4  Data  Lc  heap_4.o [1]
pxOverflowDelayedTaskList
                        0x2000161c     0x4  Data  Lc  tasks.o [1]
pxOverflowTimerList     0x20001654     0x4  Data  Lc  timers.o [1]
pxPortInitialiseStack   0x08001151    0x28  Code  Gb  port.o [1]
pxReadyTasksLists       0x200014c0    0x64  Data  Lc  tasks.o [1]
sec_hand                0x20001664     0x4  Data  Lc  xfail_s.o [3]
solderControlTsk        0x080078e5    0x6e  Code  Gb  solderControlTsk.o [1]
solderControlTskInit    0x08007893    0x52  Code  Lc  solderControlTsk.o [1]
solderOff               0x0800796f     0x2  Code  Gb  regulatorSolder.o [1]
solderRun               0x0800796d     0x2  Code  Gb  regulatorSolder.o [1]
solderTempMeasureReady  0x08007891     0x2  Code  Gb  solderControlTsk.o [1]
solderTempMeasureRequest
                        0x08007969     0x2  Code  Gb  regulatorSolder.o [1]
solderTempMeasureSetReadyCb
                        0x0800796b     0x2  Code  Gb  regulatorSolder.o [1]
solderingDry            0x0800a748     0x8  Data  Gb  solderingDry.o [1]
solderingDryDisconnected
                        0x0800a750     0x8  Data  Gb  solderingDryDisconnected.o [1]
solderingIron           0x0800a758     0x8  Data  Gb  solderingIron.o [1]
solderingIronDisconnected
                        0x0800a760     0x8  Data  Gb  solderingIronDisconnected.o [1]
spi1                    0x20000054    0x24  Data  Gb  spi1.o [1]
sprintf                 0x08006701    0x40  Code  Gb  sprintf.o [3]
strchr                  0x08004751          Code  Gb  strchr.o [5]
strlen                  0x080047ad          Code  Gb  strlen.o [5]
tempMeasureCompleteSemaph
                        0x20001610     0x4  Data  Gb  solderControlTsk.o [1]
tempMeasureReadySemaph  0x2000160c     0x4  Data  Gb  solderControlTsk.o [1]
thermocoupleSolder      0x200000a4     0xc  Data  Gb  thermocouples.o [1]
ucHeap                  0x200000c0  0x1400  Data  Lc  heap_4.o [1]
ucMaxSysCallPriority    0x2000166a     0x1  Data  Lc  port.o [1]
ui                      0x0800a14c    0x14  Data  Gb  UI_private.o [1]
ulMaxPRIGROUPValue      0x20001608     0x4  Data  Lc  port.o [1]
uxCriticalNesting       0x200000b8     0x4  Data  Lc  port.o [1]
uxCurrentNumberOfTasks  0x20001624     0x4  Data  Lc  tasks.o [1]
uxDeletedTasksWaitingCleanUp
                        0x20001620     0x4  Data  Lc  tasks.o [1]
uxListRemove            0x08001121    0x26  Code  Gb  list.o [1]
uxPendedTicks           0x20001634     0x4  Data  Lc  tasks.o [1]
uxSchedulerSuspended    0x2000164c     0x4  Data  Lc  tasks.o [1]
uxTaskNumber            0x20001640     0x4  Data  Lc  tasks.o [1]
uxTopReadyPriority      0x2000162c     0x4  Data  Lc  tasks.o [1]
vListInitialise         0x080010af    0x1e  Code  Gb  list.o [1]
vListInitialiseItem     0x080010cd     0x6  Code  Gb  list.o [1]
vListInsert             0x080010eb    0x36  Code  Gb  list.o [1]
vListInsertEnd          0x080010d3    0x18  Code  Gb  list.o [1]
vPortEnableVFP          0x080018b1          Code  Gb  portasm.o [1]
vPortEnterCritical      0x0800128b    0x3a  Code  Gb  port.o [1]
vPortExitCritical       0x080012c5    0x32  Code  Gb  port.o [1]
vPortFree               0x08000efb    0x76  Code  Gb  heap_4.o [1]
vPortStartFirstTask     0x08001891          Code  Gb  portasm.o [1]
vPortValidateInterruptPriority
                        0x08001321    0x4a  Code  Gb  port.o [1]
vQueueAddToRegistry     0x08002155    0x24  Code  Gb  queue.o [1]
vQueueWaitForMessageRestricted
                        0x0800217d    0x4a  Code  Gb  queue.o [1]
vTaskDelay              0x0800047b    0x4c  Code  Gb  tasks.o [1]
vTaskDelete             0x0800039b    0xe0  Code  Gb  tasks.o [1]
vTaskInternalSetTimeOutState
                        0x080008d9    0x12  Code  Gb  tasks.o [1]
vTaskMissedYield        0x08000977     0xa  Code  Gb  tasks.o [1]
vTaskPlaceOnEventList   0x080007cb    0x2e  Code  Gb  tasks.o [1]
vTaskPlaceOnEventListRestricted
                        0x08000811    0x38  Code  Gb  tasks.o [1]
vTaskPriorityDisinheritAfterTimeout
                        0x08000c31    0xc8  Code  Gb  tasks.o [1]
vTaskStartScheduler     0x080004c7    0x6e  Code  Gb  tasks.o [1]
vTaskSuspendAll         0x08000535    0x10  Code  Gb  tasks.o [1]
vTaskSwitchContext      0x0800075d    0x6e  Code  Gb  tasks.o [1]
xActiveTimerList1       0x200015c8    0x14  Data  Lc  timers.o [1]
xActiveTimerList2       0x200015dc    0x14  Data  Lc  timers.o [1]
xBlockAllocatedBit      0x20001604     0x4  Data  Lc  heap_4.o [1]
xDelayedTaskList1       0x20001564    0x14  Data  Lc  tasks.o [1]
xDelayedTaskList2       0x20001578    0x14  Data  Lc  tasks.o [1]
xFreeBytesRemaining     0x200015fc     0x4  Data  Lc  heap_4.o [1]
xHeapStructSize         0x0800a7b0     0x4  Data  Lc  heap_4.o [1]
xIdleTaskHandle         0x20001648     0x4  Data  Lc  tasks.o [1]
xMinimumEverFreeBytesRemaining
                        0x20001600     0x4  Data  Lc  heap_4.o [1]
xNextTaskUnblockTime    0x20001644     0x4  Data  Lc  tasks.o [1]
xNumOfOverflows         0x2000163c     0x4  Data  Lc  tasks.o [1]
xPendingReadyList       0x2000158c    0x14  Data  Lc  tasks.o [1]
xPortStartScheduler     0x080011a3    0xe8  Code  Gb  port.o [1]
xQueueGenericCreate     0x08001963    0x4a  Code  Gb  queue.o [1]
xQueueGenericReset      0x080018cd    0x96  Code  Gb  queue.o [1]
xQueueGenericSend       0x080019cf   0x196  Code  Gb  queue.o [1]
xQueueGenericSendFromISR
                        0x08001b65    0xdc  Code  Gb  queue.o [1]
xQueueGiveFromISR       0x08001c41    0xb4  Code  Gb  queue.o [1]
xQueueReceive           0x08001cf5   0x15a  Code  Gb  queue.o [1]
xQueueRegistry          0x20001524    0x40  Data  Gb  queue.o [1]
xQueueSemaphoreTake     0x08001e4f   0x196  Code  Gb  queue.o [1]
xSchedulerRunning       0x20001630     0x4  Data  Lc  tasks.o [1]
xStart                  0x200015f0     0x8  Data  Lc  heap_4.o [1]
xSuspendedTaskList      0x200015b4    0x14  Data  Lc  tasks.o [1]
xTaskCheckForTimeOut    0x080008f5    0x82  Code  Gb  tasks.o [1]
xTaskCreate             0x080001ad    0x6a  Code  Gb  tasks.o [1]
xTaskGetSchedulerState  0x08000a89    0x20  Code  Gb  tasks.o [1]
xTaskGetTickCount       0x0800063f     0x8  Code  Gb  tasks.o [1]
xTaskIncrementTick      0x08000647   0x116  Code  Gb  tasks.o [1]
xTaskPriorityDisinherit
                        0x08000b6b    0xb6  Code  Gb  tasks.o [1]
xTaskPriorityInherit    0x08000aa9    0xc2  Code  Gb  tasks.o [1]
xTaskRemoveFromEventList
                        0x08000849    0x84  Code  Gb  tasks.o [1]
xTaskResumeAll          0x08000545    0xfa  Code  Gb  tasks.o [1]
xTasksWaitingTermination
                        0x200015a0    0x14  Data  Lc  tasks.o [1]
xTickCount              0x20001628     0x4  Data  Lc  tasks.o [1]
xTimerCreateTimerTask   0x080013d5    0x48  Code  Gb  timers.o [1]
xTimerGenericCommand    0x0800141d    0x74  Code  Gb  timers.o [1]
xTimerQueue             0x20001658     0x4  Data  Lc  timers.o [1]
xTimerTaskHandle        0x2000165c     0x4  Data  Lc  timers.o [1]
xYieldPending           0x20001638     0x4  Data  Lc  tasks.o [1]


[1] = C:\Users\Ernst\Documents\Repositories\eSolder\Fwm\fwm_eSolder\projects\iar\STM32F427_Debug\Obj
[2] = command line
[3] = dl7M_tln.a
[4] = m7M_tls.a
[5] = rt7M_tl.a
[6] = shb_l.a

  17 830 bytes of readonly  code memory
  25 662 bytes of readonly  data memory
  13 932 bytes of readwrite data memory

Errors: none
Warnings: none
