###############################################################################
#
# IAR ELF Linker V8.11.2.13589/W32 for ARM                20/Jan/2020  00:44:32
# Copyright 2007-2017 IAR Systems AB.
#
#    Output file  =  
#        C:\Users\Ernst\Documents\Repositories\eSolder\Fwm\fwm_eSolder\projects\iar\STM32F427_Debug\Exe\eSolder.out
#    Map file     =  
#        C:\Users\Ernst\Documents\Repositories\eSolder\Fwm\fwm_eSolder\projects\iar\STM32F427_Debug\List\eSolder.map
#    Command line =  
#        -f C:\Users\Ernst\AppData\Local\Temp\EWD577.tmp
#        (C:\Users\Ernst\Documents\Repositories\eSolder\Fwm\fwm_eSolder\projects\iar\STM32F427_Debug\Obj\Arial.o
#        C:\Users\Ernst\Documents\Repositories\eSolder\Fwm\fwm_eSolder\projects\iar\STM32F427_Debug\Obj\button.o
#        C:\Users\Ernst\Documents\Repositories\eSolder\Fwm\fwm_eSolder\projects\iar\STM32F427_Debug\Obj\clock.o
#        C:\Users\Ernst\Documents\Repositories\eSolder\Fwm\fwm_eSolder\projects\iar\STM32F427_Debug\Obj\Courier_New.o
#        C:\Users\Ernst\Documents\Repositories\eSolder\Fwm\fwm_eSolder\projects\iar\STM32F427_Debug\Obj\croutine.o
#        C:\Users\Ernst\Documents\Repositories\eSolder\Fwm\fwm_eSolder\projects\iar\STM32F427_Debug\Obj\DS_Digital.o
#        C:\Users\Ernst\Documents\Repositories\eSolder\Fwm\fwm_eSolder\projects\iar\STM32F427_Debug\Obj\DS_Digital_Small.o
#        C:\Users\Ernst\Documents\Repositories\eSolder\Fwm\fwm_eSolder\projects\iar\STM32F427_Debug\Obj\encoderPannel.o
#        C:\Users\Ernst\Documents\Repositories\eSolder\Fwm\fwm_eSolder\projects\iar\STM32F427_Debug\Obj\encoders.o
#        C:\Users\Ernst\Documents\Repositories\eSolder\Fwm\fwm_eSolder\projects\iar\STM32F427_Debug\Obj\eSolder.o
#        C:\Users\Ernst\Documents\Repositories\eSolder\Fwm\fwm_eSolder\projects\iar\STM32F427_Debug\Obj\event_groups.o
#        C:\Users\Ernst\Documents\Repositories\eSolder\Fwm\fwm_eSolder\projects\iar\STM32F427_Debug\Obj\FanFlow.o
#        C:\Users\Ernst\Documents\Repositories\eSolder\Fwm\fwm_eSolder\projects\iar\STM32F427_Debug\Obj\FanFlowDark.o
#        C:\Users\Ernst\Documents\Repositories\eSolder\Fwm\fwm_eSolder\projects\iar\STM32F427_Debug\Obj\gpio.o
#        C:\Users\Ernst\Documents\Repositories\eSolder\Fwm\fwm_eSolder\projects\iar\STM32F427_Debug\Obj\hard.o
#        C:\Users\Ernst\Documents\Repositories\eSolder\Fwm\fwm_eSolder\projects\iar\STM32F427_Debug\Obj\heap_4.o
#        C:\Users\Ernst\Documents\Repositories\eSolder\Fwm\fwm_eSolder\projects\iar\STM32F427_Debug\Obj\ili9341.o
#        C:\Users\Ernst\Documents\Repositories\eSolder\Fwm\fwm_eSolder\projects\iar\STM32F427_Debug\Obj\ili9341_fsmc.o
#        C:\Users\Ernst\Documents\Repositories\eSolder\Fwm\fwm_eSolder\projects\iar\STM32F427_Debug\Obj\keyboard.o
#        C:\Users\Ernst\Documents\Repositories\eSolder\Fwm\fwm_eSolder\projects\iar\STM32F427_Debug\Obj\lcd.o
#        C:\Users\Ernst\Documents\Repositories\eSolder\Fwm\fwm_eSolder\projects\iar\STM32F427_Debug\Obj\lcd_backlight.o
#        C:\Users\Ernst\Documents\Repositories\eSolder\Fwm\fwm_eSolder\projects\iar\STM32F427_Debug\Obj\list.o
#        C:\Users\Ernst\Documents\Repositories\eSolder\Fwm\fwm_eSolder\projects\iar\STM32F427_Debug\Obj\main.o
#        C:\Users\Ernst\Documents\Repositories\eSolder\Fwm\fwm_eSolder\projects\iar\STM32F427_Debug\Obj\mainTSK.o
#        C:\Users\Ernst\Documents\Repositories\eSolder\Fwm\fwm_eSolder\projects\iar\STM32F427_Debug\Obj\max31856mud.o
#        C:\Users\Ernst\Documents\Repositories\eSolder\Fwm\fwm_eSolder\projects\iar\STM32F427_Debug\Obj\mcu.o
#        C:\Users\Ernst\Documents\Repositories\eSolder\Fwm\fwm_eSolder\projects\iar\STM32F427_Debug\Obj\OS.o
#        C:\Users\Ernst\Documents\Repositories\eSolder\Fwm\fwm_eSolder\projects\iar\STM32F427_Debug\Obj\port.o
#        C:\Users\Ernst\Documents\Repositories\eSolder\Fwm\fwm_eSolder\projects\iar\STM32F427_Debug\Obj\portasm.o
#        C:\Users\Ernst\Documents\Repositories\eSolder\Fwm\fwm_eSolder\projects\iar\STM32F427_Debug\Obj\queue.o
#        C:\Users\Ernst\Documents\Repositories\eSolder\Fwm\fwm_eSolder\projects\iar\STM32F427_Debug\Obj\solderControlTsk.o
#        C:\Users\Ernst\Documents\Repositories\eSolder\Fwm\fwm_eSolder\projects\iar\STM32F427_Debug\Obj\solderingDry.o
#        C:\Users\Ernst\Documents\Repositories\eSolder\Fwm\fwm_eSolder\projects\iar\STM32F427_Debug\Obj\solderingDryDisconnected.o
#        C:\Users\Ernst\Documents\Repositories\eSolder\Fwm\fwm_eSolder\projects\iar\STM32F427_Debug\Obj\solderingIron.o
#        C:\Users\Ernst\Documents\Repositories\eSolder\Fwm\fwm_eSolder\projects\iar\STM32F427_Debug\Obj\solderingIronDisconnected.o
#        C:\Users\Ernst\Documents\Repositories\eSolder\Fwm\fwm_eSolder\projects\iar\STM32F427_Debug\Obj\soundTsk.o
#        C:\Users\Ernst\Documents\Repositories\eSolder\Fwm\fwm_eSolder\projects\iar\STM32F427_Debug\Obj\specific_symbol.o
#        C:\Users\Ernst\Documents\Repositories\eSolder\Fwm\fwm_eSolder\projects\iar\STM32F427_Debug\Obj\spi.o
#        C:\Users\Ernst\Documents\Repositories\eSolder\Fwm\fwm_eSolder\projects\iar\STM32F427_Debug\Obj\spi1.o
#        C:\Users\Ernst\Documents\Repositories\eSolder\Fwm\fwm_eSolder\projects\iar\STM32F427_Debug\Obj\spiPrivate.o
#        C:\Users\Ernst\Documents\Repositories\eSolder\Fwm\fwm_eSolder\projects\iar\STM32F427_Debug\Obj\startup_stm32f427xx.o
#        C:\Users\Ernst\Documents\Repositories\eSolder\Fwm\fwm_eSolder\projects\iar\STM32F427_Debug\Obj\stream_buffer.o
#        C:\Users\Ernst\Documents\Repositories\eSolder\Fwm\fwm_eSolder\projects\iar\STM32F427_Debug\Obj\system_stm32f4xx.o
#        C:\Users\Ernst\Documents\Repositories\eSolder\Fwm\fwm_eSolder\projects\iar\STM32F427_Debug\Obj\systemTsk.o
#        C:\Users\Ernst\Documents\Repositories\eSolder\Fwm\fwm_eSolder\projects\iar\STM32F427_Debug\Obj\tasks.o
#        C:\Users\Ernst\Documents\Repositories\eSolder\Fwm\fwm_eSolder\projects\iar\STM32F427_Debug\Obj\thermocouples.o
#        C:\Users\Ernst\Documents\Repositories\eSolder\Fwm\fwm_eSolder\projects\iar\STM32F427_Debug\Obj\Thermometer.o
#        C:\Users\Ernst\Documents\Repositories\eSolder\Fwm\fwm_eSolder\projects\iar\STM32F427_Debug\Obj\ThermometerDark.o
#        C:\Users\Ernst\Documents\Repositories\eSolder\Fwm\fwm_eSolder\projects\iar\STM32F427_Debug\Obj\timers.o
#        C:\Users\Ernst\Documents\Repositories\eSolder\Fwm\fwm_eSolder\projects\iar\STM32F427_Debug\Obj\UI_mainWindow.o
#        C:\Users\Ernst\Documents\Repositories\eSolder\Fwm\fwm_eSolder\projects\iar\STM32F427_Debug\Obj\UI_private.o
#        -o
#        C:\Users\Ernst\Documents\Repositories\eSolder\Fwm\fwm_eSolder\projects\iar\STM32F427_Debug\Exe\eSolder.out
#        --map
#        C:\Users\Ernst\Documents\Repositories\eSolder\Fwm\fwm_eSolder\projects\iar\STM32F427_Debug\List\eSolder.map
#        --config "C:\Program Files (x86)\IAR Systems\Embedded Workbench
#        8.0\arm\config\linker\ST\stm32f427xG.icf" --semihosting
#        C:\Users\Ernst\Documents\Repositories\eSolder\Fwm\fwm_eSolder\projects\iar\..\..\modules\IQ\IQmathLib-cm4.a
#        --entry __iar_program_start --vfe --text_out locale)
#
###############################################################################

*******************************************************************************
*** RUNTIME MODEL ATTRIBUTES
***

CppFlavor       = *
__SystemLibrary = DLib
__dlib_version  = 6


*******************************************************************************
*** HEAP SELECTION
***

The basic heap was selected because no calls to memory allocation
functions were found in the application outside of system library
functions, and there are calls to deallocation functions in the
application.


*******************************************************************************
*** PLACEMENT SUMMARY
***

"A0":  place at 0x08000000 { ro section .intvec };
"P1":  place in [from 0x08000000 to 0x080fffff] { ro };
define block CSTACK with size = 8K, alignment = 8 { };
"P3":  place in [from 0x10000000 to 0x1000ffff] {
          block CSTACK, section .ccram };
define block HEAP with size = 8K, alignment = 8 { };
"P4":  place in [from 0x20000000 to 0x2001bfff] |
                [from 0x2001c000 to 0x2001ffff] |
                [from 0x20020000 to 0x2002ffff] { rw, block HEAP };
initialize by copy { rw };

  Section            Kind        Address    Size  Object
  -------            ----        -------    ----  ------
"A0":                                      0x1ac
  .intvec            ro code  0x08000000   0x1ac  startup_stm32f427xx.o [1]
                            - 0x080001ac   0x1ac

"P1":                                     0x9d24
  .text              ro code  0x080001ac   0xa98  tasks.o [1]
  .text              ro code  0x08000c44   0x25c  heap_4.o [1]
  .text              ro code  0x08000ea0    0x66  ABImemset.o [5]
  .text              ro code  0x08000f06    0x98  list.o [1]
  .text              ro code  0x08000f9e     0xa  xsprout.o [3]
  .text              ro code  0x08000fa8   0x284  port.o [1]
  .text              ro code  0x0800122c   0x448  timers.o [1]
  CODE               ro code  0x08001674    0xb0  portasm.o [1]
  .text              ro code  0x08001724   0x752  queue.o [1]
  .text              ro code  0x08001e78    0xa6  ABImemcpy.o [5]
  .rodata            const    0x08001f20   0x800  solderingDry.o [1]
  .rodata            const    0x08002720   0x800  solderingDryDisconnected.o [1]
  .rodata            const    0x08002f20   0x800  solderingIron.o [1]
  .rodata            const    0x08003720   0x800  solderingIronDisconnected.o [1]
  .text              ro code  0x08003f20   0x4e0  xprintfsmall_nomb.o [3]
  .text              ro code  0x08004400    0x16  strchr.o [5]
  .text              ro code  0x08004418    0x44  xfail_s.o [3]
  .text              ro code  0x0800445c    0x36  strlen.o [5]
  .text              ro code  0x08004494    0x58  memchr.o [5]
  .text              ro code  0x080044ec     0x6  abort.o [3]
  .text              ro code  0x080044f4    0x14  exit.o [6]
  .rodata            const    0x08004508   0x480  FanFlow.o [1]
  .rodata            const    0x08004988   0x480  FanFlowDark.o [1]
  .rodata            const    0x08004e08   0x480  Thermometer.o [1]
  .rodata            const    0x08005288   0x480  ThermometerDark.o [1]
  .rodata            const    0x08005708   0x2f8  Arial.o [1]
  .text              ro code  0x08005a00   0x2b4  UI_mainWindow.o [1]
  .text              ro code  0x08005cb4   0x1aa  lcd.o [1]
  .text              ro code  0x08005e60    0x40  sprintf.o [3]
  .text              ro code  0x08005ea0    0x80  mainTSK.o [1]
  .text              ro code  0x08005f20   0x1e4  ili9341.o [1]
  .text              ro code  0x08006104   0x29e  ili9341_fsmc.o [1]
  .text              ro code  0x080063a4    0x68  keyboard.o [1]
  .text              ro code  0x0800640c   0x20c  encoders.o [1]
  .text              ro code  0x08006618   0x13c  gpio.o [1]
  .text              ro code  0x08006754    0xb4  button.o [1]
  .text              ro code  0x08006808    0x24  ABIassert.o [6]
  .text              ro code  0x0800682c   0x134  clock.o [1]
  .text              ro code  0x08006960   0x118  system_stm32f4xx.o [1]
  .rodata            const    0x08006a78   0x120  DS_Digital_Small.o [1]
  .text              ro code  0x08006b98   0x104  mcu.o [1]
  .rodata            const    0x08006c9c    0xf8  DS_Digital.o [1]
  .rodata            const    0x08006d94    0xd4  DS_Digital.o [1]
  .text              ro code  0x08006e68    0xc4  spiPrivate.o [1]
  .rodata            const    0x08006f2c    0xa0  DS_Digital.o [1]
  .rodata            const    0x08006fcc    0xa0  DS_Digital.o [1]
  .rodata            const    0x0800706c    0xa0  DS_Digital.o [1]
  .rodata            const    0x0800710c    0xa0  DS_Digital.o [1]
  .rodata            const    0x080071ac    0xa0  DS_Digital.o [1]
  .rodata            const    0x0800724c    0xa0  DS_Digital.o [1]
  .rodata            const    0x080072ec    0xa0  DS_Digital.o [1]
  .rodata            const    0x0800738c    0xa0  DS_Digital.o [1]
  .rodata            const    0x0800742c    0xa0  DS_Digital.o [1]
  .rodata            const    0x080074cc    0xa0  DS_Digital.o [1]
  .rodata            const    0x0800756c    0xa0  DS_Digital.o [1]
  .rodata            const    0x0800760c    0xa0  DS_Digital.o [1]
  .rodata            const    0x080076ac    0xa0  DS_Digital.o [1]
  .rodata            const    0x0800774c    0xa0  DS_Digital.o [1]
  .rodata            const    0x080077ec    0xa0  DS_Digital.o [1]
  .rodata            const    0x0800788c    0xa0  DS_Digital.o [1]
  .rodata            const    0x0800792c    0xa0  DS_Digital.o [1]
  .rodata            const    0x080079cc    0xa0  DS_Digital.o [1]
  .rodata            const    0x08007a6c    0xa0  DS_Digital.o [1]
  .rodata            const    0x08007b0c    0xa0  DS_Digital.o [1]
  .rodata            const    0x08007bac    0xa0  DS_Digital.o [1]
  .rodata            const    0x08007c4c    0xa0  DS_Digital.o [1]
  .rodata            const    0x08007cec    0xa0  DS_Digital.o [1]
  .rodata            const    0x08007d8c    0xa0  DS_Digital.o [1]
  .rodata            const    0x08007e2c    0xa0  DS_Digital.o [1]
  .rodata            const    0x08007ecc    0xa0  DS_Digital.o [1]
  .rodata            const    0x08007f6c    0xa0  DS_Digital.o [1]
  .rodata            const    0x0800800c    0xa0  DS_Digital.o [1]
  .rodata            const    0x080080ac    0xa0  DS_Digital.o [1]
  .text              ro code  0x0800814c    0x64  main.o [1]
  .text              ro code  0x080081b0    0x14  hard.o [1]
  .text              ro code  0x080081c4    0x34  lcd_backlight.o [1]
  .text              ro code  0x080081f8    0x10  encoderPannel.o [1]
  .rodata            const    0x08008208    0x58  gpio.o [1]
  .text              ro code  0x08008260    0x54  spi1.o [1]
  .rodata            const    0x080082b4    0x4c  DS_Digital_Small.o [1]
  .rodata            const    0x08008300    0x4c  DS_Digital_Small.o [1]
  .rodata            const    0x0800834c    0x4c  DS_Digital_Small.o [1]
  .rodata            const    0x08008398    0x4c  DS_Digital_Small.o [1]
  .rodata            const    0x080083e4    0x4c  DS_Digital_Small.o [1]
  .rodata            const    0x08008430    0x4c  DS_Digital_Small.o [1]
  .rodata            const    0x0800847c    0x4c  DS_Digital_Small.o [1]
  .rodata            const    0x080084c8    0x4c  DS_Digital_Small.o [1]
  .rodata            const    0x08008514    0x4c  DS_Digital_Small.o [1]
  .rodata            const    0x08008560    0x4c  DS_Digital_Small.o [1]
  .rodata            const    0x080085ac    0x4c  DS_Digital_Small.o [1]
  .rodata            const    0x080085f8    0x4c  DS_Digital_Small.o [1]
  .rodata            const    0x08008644    0x4c  DS_Digital_Small.o [1]
  .rodata            const    0x08008690    0x4c  DS_Digital_Small.o [1]
  .rodata            const    0x080086dc    0x48  DS_Digital_Small.o [1]
  .rodata            const    0x08008724    0x48  DS_Digital_Small.o [1]
  .rodata            const    0x0800876c    0x48  DS_Digital_Small.o [1]
  .rodata            const    0x080087b4    0x48  DS_Digital_Small.o [1]
  .rodata            const    0x080087fc    0x48  DS_Digital_Small.o [1]
  .rodata            const    0x08008844    0x48  DS_Digital_Small.o [1]
  .text              ro code  0x0800888c    0x40  zero_init3.o [5]
  .rodata            const    0x080088cc    0x34  DS_Digital_Small.o [1]
  .rodata            const    0x08008900    0x34  DS_Digital_Small.o [1]
  .rodata            const    0x08008934    0x34  DS_Digital_Small.o [1]
  .rodata            const    0x08008968    0x34  DS_Digital_Small.o [1]
  .rodata            const    0x0800899c    0x34  DS_Digital_Small.o [1]
  .rodata            const    0x080089d0    0x34  DS_Digital_Small.o [1]
  .rodata            const    0x08008a04    0x34  DS_Digital_Small.o [1]
  .rodata            const    0x08008a38    0x34  DS_Digital_Small.o [1]
  .text              ro code  0x08008a6c    0x2c  copy_init3.o [5]
  .text              ro code  0x08008a98    0x28  data_init.o [5]
  .rodata            const    0x08008ac0    0x24  Arial.o [1]
  .rodata            const    0x08008ae4    0x24  Arial.o [1]
  .rodata            const    0x08008b08    0x24  Arial.o [1]
  .rodata            const    0x08008b2c    0x24  Arial.o [1]
  .rodata            const    0x08008b50    0x24  Arial.o [1]
  .rodata            const    0x08008b74    0x24  Arial.o [1]
  .rodata            const    0x08008b98    0x24  Arial.o [1]
  .rodata            const    0x08008bbc    0x24  Arial.o [1]
  .rodata            const    0x08008be0    0x24  Arial.o [1]
  .rodata            const    0x08008c04    0x24  Arial.o [1]
  .rodata            const    0x08008c28    0x24  Arial.o [1]
  .rodata            const    0x08008c4c    0x24  Arial.o [1]
  .rodata            const    0x08008c70    0x24  Arial.o [1]
  .rodata            const    0x08008c94    0x24  Arial.o [1]
  .rodata            const    0x08008cb8    0x24  Arial.o [1]
  .rodata            const    0x08008cdc    0x24  Arial.o [1]
  .rodata            const    0x08008d00    0x24  Arial.o [1]
  .rodata            const    0x08008d24    0x24  Arial.o [1]
  .rodata            const    0x08008d48    0x24  Arial.o [1]
  .rodata            const    0x08008d6c    0x24  Arial.o [1]
  .rodata            const    0x08008d90    0x24  Arial.o [1]
  .rodata            const    0x08008db4    0x24  Arial.o [1]
  .rodata            const    0x08008dd8    0x24  Arial.o [1]
  .rodata            const    0x08008dfc    0x24  Arial.o [1]
  .rodata            const    0x08008e20    0x24  Arial.o [1]
  .rodata            const    0x08008e44    0x24  Arial.o [1]
  .rodata            const    0x08008e68    0x24  Arial.o [1]
  .rodata            const    0x08008e8c    0x24  Arial.o [1]
  .rodata            const    0x08008eb0    0x24  Arial.o [1]
  .rodata            const    0x08008ed4    0x24  Arial.o [1]
  .rodata            const    0x08008ef8    0x24  Arial.o [1]
  .rodata            const    0x08008f1c    0x24  Arial.o [1]
  .rodata            const    0x08008f40    0x24  Arial.o [1]
  .rodata            const    0x08008f64    0x24  Arial.o [1]
  .rodata            const    0x08008f88    0x24  Arial.o [1]
  .rodata            const    0x08008fac    0x24  Arial.o [1]
  .rodata            const    0x08008fd0    0x24  Arial.o [1]
  .rodata            const    0x08008ff4    0x24  Arial.o [1]
  .rodata            const    0x08009018    0x24  Arial.o [1]
  .rodata            const    0x0800903c    0x24  Arial.o [1]
  .rodata            const    0x08009060    0x24  Arial.o [1]
  .rodata            const    0x08009084    0x24  Arial.o [1]
  .rodata            const    0x080090a8    0x24  Arial.o [1]
  .rodata            const    0x080090cc    0x24  Arial.o [1]
  .rodata            const    0x080090f0    0x24  Arial.o [1]
  .rodata            const    0x08009114    0x24  Arial.o [1]
  .rodata            const    0x08009138    0x24  Arial.o [1]
  .rodata            const    0x0800915c    0x24  Arial.o [1]
  .rodata            const    0x08009180    0x24  Arial.o [1]
  .rodata            const    0x080091a4    0x24  Arial.o [1]
  .rodata            const    0x080091c8    0x24  Arial.o [1]
  .rodata            const    0x080091ec    0x24  Arial.o [1]
  .rodata            const    0x08009210    0x24  Arial.o [1]
  .rodata            const    0x08009234    0x24  Arial.o [1]
  .rodata            const    0x08009258    0x24  Arial.o [1]
  .rodata            const    0x0800927c    0x24  Arial.o [1]
  .text              ro code  0x080092a0    0x22  fpinit_M.o [4]
  .iar.init_table    const    0x080092c4    0x24  - Linker created -
  .text              ro code  0x080092e8    0x1a  cmain.o [5]
  .text              ro code  0x08009302     0x4  low_level_init.o [3]
  .text              ro code  0x08009306     0x4  exit.o [3]
  .text              ro code  0x0800930c     0xa  cexit.o [5]
  .rodata            const    0x08009318    0x18  DS_Digital_Small.o [1]
  .rodata            const    0x08009330    0x18  DS_Digital_Small.o [1]
  .rodata            const    0x08009348    0x14  Arial.o [1]
  .rodata            const    0x0800935c    0x14  Arial.o [1]
  .rodata            const    0x08009370    0x14  Arial.o [1]
  .rodata            const    0x08009384    0x14  Arial.o [1]
  .rodata            const    0x08009398    0x14  Arial.o [1]
  .rodata            const    0x080093ac    0x14  Arial.o [1]
  .rodata            const    0x080093c0    0x14  Arial.o [1]
  .rodata            const    0x080093d4    0x14  Arial.o [1]
  .rodata            const    0x080093e8    0x14  Arial.o [1]
  .rodata            const    0x080093fc    0x14  Arial.o [1]
  .rodata            const    0x08009410    0x14  Arial.o [1]
  .rodata            const    0x08009424    0x14  Arial.o [1]
  .rodata            const    0x08009438    0x14  Arial.o [1]
  .rodata            const    0x0800944c    0x14  Arial.o [1]
  .rodata            const    0x08009460    0x14  Arial.o [1]
  .rodata            const    0x08009474    0x14  Arial.o [1]
  .rodata            const    0x08009488    0x14  Arial.o [1]
  .rodata            const    0x0800949c    0x14  Arial.o [1]
  .rodata            const    0x080094b0    0x14  Arial.o [1]
  .rodata            const    0x080094c4    0x14  Arial.o [1]
  .rodata            const    0x080094d8    0x14  Arial.o [1]
  .rodata            const    0x080094ec    0x14  Arial.o [1]
  .rodata            const    0x08009500    0x14  Arial.o [1]
  .rodata            const    0x08009514    0x14  Arial.o [1]
  .rodata            const    0x08009528    0x14  Arial.o [1]
  .rodata            const    0x0800953c    0x14  Arial.o [1]
  .rodata            const    0x08009550    0x14  Arial.o [1]
  .rodata            const    0x08009564    0x14  Arial.o [1]
  .rodata            const    0x08009578    0x14  Arial.o [1]
  .rodata            const    0x0800958c    0x14  Arial.o [1]
  .rodata            const    0x080095a0    0x14  Arial.o [1]
  .rodata            const    0x080095b4    0x14  Arial.o [1]
  .rodata            const    0x080095c8    0x14  Arial.o [1]
  .rodata            const    0x080095dc    0x14  Arial.o [1]
  .rodata            const    0x080095f0    0x14  Arial.o [1]
  .rodata            const    0x08009604    0x14  Arial.o [1]
  .rodata            const    0x08009618    0x14  Arial.o [1]
  .rodata            const    0x0800962c    0x14  Arial.o [1]
  .rodata            const    0x08009640    0x14  Arial.o [1]
  .rodata            const    0x08009654    0x14  UI_private.o [1]
  .rodata            const    0x08009668    0x10  system_stm32f4xx.o [1]
  .text              ro code  0x08009678    0x10  startup_stm32f427xx.o [1]
  .rodata            const    0x08009688     0xc  UI_mainWindow.o [1]
  .rodata            const    0x08009694     0xc  UI_mainWindow.o [1]
  .rodata            const    0x080096a0     0xc  UI_mainWindow.o [1]
  .text              ro code  0x080096ac     0xc  cstartup_M.o [5]
  .rodata            const    0x080096b8     0x8  Arial.o [1]
  .rodata            const    0x080096c0     0x8  Arial.o [1]
  .rodata            const    0x080096c8     0x8  Arial.o [1]
  .rodata            const    0x080096d0     0x8  Arial.o [1]
  .rodata            const    0x080096d8     0x8  Arial.o [1]
  .rodata            const    0x080096e0     0x8  Arial.o [1]
  .rodata            const    0x080096e8     0x8  Arial.o [1]
  .rodata            const    0x080096f0     0x8  Arial.o [1]
  .rodata            const    0x080096f8     0x8  Arial.o [1]
  .rodata            const    0x08009700     0x8  Arial.o [1]
  .rodata            const    0x08009708     0x8  Arial.o [1]
  .rodata            const    0x08009710     0x8  Arial.o [1]
  .rodata            const    0x08009718     0x8  Arial.o [1]
  .rodata            const    0x08009720     0x8  Arial.o [1]
  .rodata            const    0x08009728     0x8  Arial.o [1]
  .rodata            const    0x08009730     0x8  Arial.o [1]
  .rodata            const    0x08009738     0x8  Arial.o [1]
  .rodata            const    0x08009740     0x8  Arial.o [1]
  .rodata            const    0x08009748     0x8  Arial.o [1]
  .rodata            const    0x08009750     0x8  Arial.o [1]
  .rodata            const    0x08009758     0x8  Arial.o [1]
  .rodata            const    0x08009760     0x8  Arial.o [1]
  .rodata            const    0x08009768     0x8  Arial.o [1]
  .rodata            const    0x08009770     0x8  Arial.o [1]
  .rodata            const    0x08009778     0x8  Arial.o [1]
  .rodata            const    0x08009780     0x8  Arial.o [1]
  .rodata            const    0x08009788     0x8  Arial.o [1]
  .rodata            const    0x08009790     0x8  Arial.o [1]
  .rodata            const    0x08009798     0x8  Arial.o [1]
  .rodata            const    0x080097a0     0x8  Arial.o [1]
  .rodata            const    0x080097a8     0x8  Arial.o [1]
  .rodata            const    0x080097b0     0x8  Arial.o [1]
  .rodata            const    0x080097b8     0x8  Arial.o [1]
  .rodata            const    0x080097c0     0x8  Arial.o [1]
  .rodata            const    0x080097c8     0x8  Arial.o [1]
  .rodata            const    0x080097d0     0x8  Arial.o [1]
  .rodata            const    0x080097d8     0x8  Arial.o [1]
  .rodata            const    0x080097e0     0x8  Arial.o [1]
  .rodata            const    0x080097e8     0x8  Arial.o [1]
  .rodata            const    0x080097f0     0x8  Arial.o [1]
  .rodata            const    0x080097f8     0x8  Arial.o [1]
  .rodata            const    0x08009800     0x8  Arial.o [1]
  .rodata            const    0x08009808     0x8  Arial.o [1]
  .rodata            const    0x08009810     0x8  Arial.o [1]
  .rodata            const    0x08009818     0x8  Arial.o [1]
  .rodata            const    0x08009820     0x8  Arial.o [1]
  .rodata            const    0x08009828     0x8  Arial.o [1]
  .rodata            const    0x08009830     0x8  Arial.o [1]
  .rodata            const    0x08009838     0x8  Arial.o [1]
  .rodata            const    0x08009840     0x8  Arial.o [1]
  .rodata            const    0x08009848     0x8  Arial.o [1]
  .rodata            const    0x08009850     0x8  Arial.o [1]
  .rodata            const    0x08009858     0x8  Arial.o [1]
  .rodata            const    0x08009860     0x8  Arial.o [1]
  .rodata            const    0x08009868     0x8  Arial.o [1]
  .rodata            const    0x08009870     0x8  Arial.o [1]
  .rodata            const    0x08009878     0x8  Arial.o [1]
  .rodata            const    0x08009880     0x8  Arial.o [1]
  .rodata            const    0x08009888     0x8  Arial.o [1]
  .rodata            const    0x08009890     0x8  Arial.o [1]
  .rodata            const    0x08009898     0x8  Arial.o [1]
  .rodata            const    0x080098a0     0x8  Arial.o [1]
  .rodata            const    0x080098a8     0x8  Arial.o [1]
  .rodata            const    0x080098b0     0x8  Arial.o [1]
  .rodata            const    0x080098b8     0x8  Arial.o [1]
  .rodata            const    0x080098c0     0x8  Arial.o [1]
  .rodata            const    0x080098c8     0x8  Arial.o [1]
  .rodata            const    0x080098d0     0x8  Arial.o [1]
  .rodata            const    0x080098d8     0x8  Arial.o [1]
  .rodata            const    0x080098e0     0x8  Arial.o [1]
  .rodata            const    0x080098e8     0x8  Arial.o [1]
  .rodata            const    0x080098f0     0x8  Arial.o [1]
  .rodata            const    0x080098f8     0x8  Arial.o [1]
  .rodata            const    0x08009900     0x8  Arial.o [1]
  .rodata            const    0x08009908     0x8  Arial.o [1]
  .rodata            const    0x08009910     0x8  Arial.o [1]
  .rodata            const    0x08009918     0x8  Arial.o [1]
  .rodata            const    0x08009920     0x8  Arial.o [1]
  .rodata            const    0x08009928     0x8  Arial.o [1]
  .rodata            const    0x08009930     0x8  Arial.o [1]
  .rodata            const    0x08009938     0x8  Arial.o [1]
  .rodata            const    0x08009940     0x8  Arial.o [1]
  .rodata            const    0x08009948     0x8  Arial.o [1]
  .rodata            const    0x08009950     0x8  Arial.o [1]
  .rodata            const    0x08009958     0x8  Arial.o [1]
  .rodata            const    0x08009960     0x8  Arial.o [1]
  .rodata            const    0x08009968     0x8  Arial.o [1]
  .rodata            const    0x08009970     0x8  Arial.o [1]
  .rodata            const    0x08009978     0x8  Arial.o [1]
  .rodata            const    0x08009980     0x8  Arial.o [1]
  .rodata            const    0x08009988     0x8  Arial.o [1]
  .rodata            const    0x08009990     0x8  Arial.o [1]
  .rodata            const    0x08009998     0x8  Arial.o [1]
  .rodata            const    0x080099a0     0x8  Arial.o [1]
  .rodata            const    0x080099a8     0x8  Arial.o [1]
  .rodata            const    0x080099b0     0x8  Arial.o [1]
  .rodata            const    0x080099b8     0x8  DS_Digital.o [1]
  .rodata            const    0x080099c0     0x8  DS_Digital.o [1]
  .rodata            const    0x080099c8     0x8  DS_Digital.o [1]
  .rodata            const    0x080099d0     0x8  DS_Digital.o [1]
  .rodata            const    0x080099d8     0x8  DS_Digital.o [1]
  .rodata            const    0x080099e0     0x8  DS_Digital.o [1]
  .rodata            const    0x080099e8     0x8  DS_Digital.o [1]
  .rodata            const    0x080099f0     0x8  DS_Digital.o [1]
  .rodata            const    0x080099f8     0x8  DS_Digital.o [1]
  .rodata            const    0x08009a00     0x8  DS_Digital.o [1]
  .rodata            const    0x08009a08     0x8  DS_Digital.o [1]
  .rodata            const    0x08009a10     0x8  DS_Digital.o [1]
  .rodata            const    0x08009a18     0x8  DS_Digital.o [1]
  .rodata            const    0x08009a20     0x8  DS_Digital.o [1]
  .rodata            const    0x08009a28     0x8  DS_Digital.o [1]
  .rodata            const    0x08009a30     0x8  DS_Digital.o [1]
  .rodata            const    0x08009a38     0x8  DS_Digital.o [1]
  .rodata            const    0x08009a40     0x8  DS_Digital.o [1]
  .rodata            const    0x08009a48     0x8  DS_Digital.o [1]
  .rodata            const    0x08009a50     0x8  DS_Digital.o [1]
  .rodata            const    0x08009a58     0x8  DS_Digital.o [1]
  .rodata            const    0x08009a60     0x8  DS_Digital.o [1]
  .rodata            const    0x08009a68     0x8  DS_Digital.o [1]
  .rodata            const    0x08009a70     0x8  DS_Digital.o [1]
  .rodata            const    0x08009a78     0x8  DS_Digital.o [1]
  .rodata            const    0x08009a80     0x8  DS_Digital.o [1]
  .rodata            const    0x08009a88     0x8  DS_Digital.o [1]
  .rodata            const    0x08009a90     0x8  DS_Digital.o [1]
  .rodata            const    0x08009a98     0x8  DS_Digital.o [1]
  .rodata            const    0x08009aa0     0x8  DS_Digital.o [1]
  .rodata            const    0x08009aa8     0x8  DS_Digital.o [1]
  .rodata            const    0x08009ab0     0x8  DS_Digital.o [1]
  .rodata            const    0x08009ab8     0x8  DS_Digital.o [1]
  .rodata            const    0x08009ac0     0x8  DS_Digital_Small.o [1]
  .rodata            const    0x08009ac8     0x8  DS_Digital_Small.o [1]
  .rodata            const    0x08009ad0     0x8  DS_Digital_Small.o [1]
  .rodata            const    0x08009ad8     0x8  DS_Digital_Small.o [1]
  .rodata            const    0x08009ae0     0x8  DS_Digital_Small.o [1]
  .rodata            const    0x08009ae8     0x8  DS_Digital_Small.o [1]
  .rodata            const    0x08009af0     0x8  DS_Digital_Small.o [1]
  .rodata            const    0x08009af8     0x8  DS_Digital_Small.o [1]
  .rodata            const    0x08009b00     0x8  DS_Digital_Small.o [1]
  .rodata            const    0x08009b08     0x8  DS_Digital_Small.o [1]
  .rodata            const    0x08009b10     0x8  DS_Digital_Small.o [1]
  .rodata            const    0x08009b18     0x8  DS_Digital_Small.o [1]
  .rodata            const    0x08009b20     0x8  DS_Digital_Small.o [1]
  .rodata            const    0x08009b28     0x8  DS_Digital_Small.o [1]
  .rodata            const    0x08009b30     0x8  DS_Digital_Small.o [1]
  .rodata            const    0x08009b38     0x8  DS_Digital_Small.o [1]
  .rodata            const    0x08009b40     0x8  DS_Digital_Small.o [1]
  .rodata            const    0x08009b48     0x8  DS_Digital_Small.o [1]
  .rodata            const    0x08009b50     0x8  DS_Digital_Small.o [1]
  .rodata            const    0x08009b58     0x8  DS_Digital_Small.o [1]
  .rodata            const    0x08009b60     0x8  DS_Digital_Small.o [1]
  .rodata            const    0x08009b68     0x8  DS_Digital_Small.o [1]
  .rodata            const    0x08009b70     0x8  DS_Digital_Small.o [1]
  .rodata            const    0x08009b78     0x8  DS_Digital_Small.o [1]
  .rodata            const    0x08009b80     0x8  DS_Digital_Small.o [1]
  .rodata            const    0x08009b88     0x8  DS_Digital_Small.o [1]
  .rodata            const    0x08009b90     0x8  DS_Digital_Small.o [1]
  .rodata            const    0x08009b98     0x8  DS_Digital_Small.o [1]
  .rodata            const    0x08009ba0     0x8  DS_Digital_Small.o [1]
  .rodata            const    0x08009ba8     0x8  DS_Digital_Small.o [1]
  .rodata            const    0x08009bb0     0x8  DS_Digital_Small.o [1]
  .rodata            const    0x08009bb8     0x8  DS_Digital_Small.o [1]
  .rodata            const    0x08009bc0     0x8  DS_Digital_Small.o [1]
  .rodata            const    0x08009bc8     0x8  DS_Digital_Small.o [1]
  .rodata            const    0x08009bd0     0x8  DS_Digital_Small.o [1]
  .rodata            const    0x08009bd8     0x8  DS_Digital_Small.o [1]
  .rodata            const    0x08009be0     0x8  DS_Digital_Small.o [1]
  .rodata            const    0x08009be8     0x8  DS_Digital_Small.o [1]
  .rodata            const    0x08009bf0     0x8  DS_Digital_Small.o [1]
  .rodata            const    0x08009bf8     0x8  DS_Digital_Small.o [1]
  .rodata            const    0x08009c00     0x8  DS_Digital_Small.o [1]
  .rodata            const    0x08009c08     0x8  DS_Digital_Small.o [1]
  .rodata            const    0x08009c10     0x8  DS_Digital_Small.o [1]
  .rodata            const    0x08009c18     0x8  FanFlow.o [1]
  .rodata            const    0x08009c20     0x8  FanFlowDark.o [1]
  .rodata            const    0x08009c28     0x8  gpio.o [1]
  .rodata            const    0x08009c30     0x8  main.o [1]
  .rodata            const    0x08009c38     0x8  main.o [1]
  .rodata            const    0x08009c40     0x8  solderingDry.o [1]
  .rodata            const    0x08009c48     0x8  solderingDryDisconnected.o [1]
  .rodata            const    0x08009c50     0x8  solderingIron.o [1]
  .rodata            const    0x08009c58     0x8  solderingIronDisconnected.o [1]
  .rodata            const    0x08009c60     0x8  tasks.o [1]
  .rodata            const    0x08009c68     0x8  Thermometer.o [1]
  .rodata            const    0x08009c70     0x8  ThermometerDark.o [1]
  .rodata            const    0x08009c78     0x8  timers.o [1]
  .rodata            const    0x08009c80     0x8  timers.o [1]
  .rodata            const    0x08009c88     0x8  UI_mainWindow.o [1]
  .rodata            const    0x08009c90     0x8  UI_mainWindow.o [1]
  .rodata            const    0x08009c98     0x8  UI_mainWindow.o [1]
  .rodata            const    0x08009ca0     0x8  UI_mainWindow.o [1]
  .rodata            const    0x08009ca8     0x4  heap_4.o [1]
  .rodata            const    0x08009cac     0x4  port.o [1]
  .text              ro code  0x08009cb0     0x4  startup_stm32f427xx.o [1]
  .text              ro code  0x08009cb4     0x4  startup_stm32f427xx.o [1]
  .text              ro code  0x08009cb8     0x4  startup_stm32f427xx.o [1]
  .text              ro code  0x08009cbc     0x4  startup_stm32f427xx.o [1]
  .text              ro code  0x08009cc0     0x4  startup_stm32f427xx.o [1]
  .text              ro code  0x08009cc4     0x4  startup_stm32f427xx.o [1]
  .text              ro code  0x08009cc8     0x4  startup_stm32f427xx.o [1]
  .text              ro code  0x08009ccc     0x4  startup_stm32f427xx.o [1]
  .text              ro code  0x08009cd0     0x4  startup_stm32f427xx.o [1]
  .text              ro code  0x08009cd4     0x4  startup_stm32f427xx.o [1]
  .text              ro code  0x08009cd8     0x4  startup_stm32f427xx.o [1]
  .text              ro code  0x08009cdc     0x4  startup_stm32f427xx.o [1]
  .text              ro code  0x08009ce0     0x4  startup_stm32f427xx.o [1]
  .text              ro code  0x08009ce4     0x4  startup_stm32f427xx.o [1]
  .text              ro code  0x08009ce8     0x4  startup_stm32f427xx.o [1]
  .text              ro code  0x08009cec     0x4  startup_stm32f427xx.o [1]
  .text              ro code  0x08009cf0     0x4  startup_stm32f427xx.o [1]
  .text              ro code  0x08009cf4     0x4  startup_stm32f427xx.o [1]
  .text              ro code  0x08009cf8     0x4  startup_stm32f427xx.o [1]
  .text              ro code  0x08009cfc     0x4  startup_stm32f427xx.o [1]
  .text              ro code  0x08009d00     0x4  startup_stm32f427xx.o [1]
  .text              ro code  0x08009d04     0x4  startup_stm32f427xx.o [1]
  .text              ro code  0x08009d08     0x4  startup_stm32f427xx.o [1]
  .text              ro code  0x08009d0c     0x4  startup_stm32f427xx.o [1]
  .text              ro code  0x08009d10     0x4  startup_stm32f427xx.o [1]
  .text              ro code  0x08009d14     0x4  startup_stm32f427xx.o [1]
  .text              ro code  0x08009d18     0x4  startup_stm32f427xx.o [1]
  .text              ro code  0x08009d1c     0x4  startup_stm32f427xx.o [1]
  .text              ro code  0x08009d20     0x4  startup_stm32f427xx.o [1]
  .text              ro code  0x08009d24     0x4  startup_stm32f427xx.o [1]
  .text              ro code  0x08009d28     0x4  startup_stm32f427xx.o [1]
  .text              ro code  0x08009d2c     0x4  startup_stm32f427xx.o [1]
  .text              ro code  0x08009d30     0x4  startup_stm32f427xx.o [1]
  .text              ro code  0x08009d34     0x4  startup_stm32f427xx.o [1]
  .text              ro code  0x08009d38     0x4  startup_stm32f427xx.o [1]
  .text              ro code  0x08009d3c     0x4  startup_stm32f427xx.o [1]
  .text              ro code  0x08009d40     0x4  startup_stm32f427xx.o [1]
  .text              ro code  0x08009d44     0x4  startup_stm32f427xx.o [1]
  .text              ro code  0x08009d48     0x4  startup_stm32f427xx.o [1]
  .text              ro code  0x08009d4c     0x4  startup_stm32f427xx.o [1]
  .text              ro code  0x08009d50     0x4  startup_stm32f427xx.o [1]
  .text              ro code  0x08009d54     0x4  startup_stm32f427xx.o [1]
  .text              ro code  0x08009d58     0x4  startup_stm32f427xx.o [1]
  .text              ro code  0x08009d5c     0x4  startup_stm32f427xx.o [1]
  .text              ro code  0x08009d60     0x4  startup_stm32f427xx.o [1]
  .text              ro code  0x08009d64     0x4  startup_stm32f427xx.o [1]
  .text              ro code  0x08009d68     0x4  startup_stm32f427xx.o [1]
  .text              ro code  0x08009d6c     0x4  startup_stm32f427xx.o [1]
  .text              ro code  0x08009d70     0x4  startup_stm32f427xx.o [1]
  .text              ro code  0x08009d74     0x4  startup_stm32f427xx.o [1]
  .text              ro code  0x08009d78     0x4  startup_stm32f427xx.o [1]
  .text              ro code  0x08009d7c     0x4  startup_stm32f427xx.o [1]
  .text              ro code  0x08009d80     0x4  startup_stm32f427xx.o [1]
  .text              ro code  0x08009d84     0x4  startup_stm32f427xx.o [1]
  .text              ro code  0x08009d88     0x4  startup_stm32f427xx.o [1]
  .text              ro code  0x08009d8c     0x4  startup_stm32f427xx.o [1]
  .text              ro code  0x08009d90     0x4  startup_stm32f427xx.o [1]
  .text              ro code  0x08009d94     0x4  startup_stm32f427xx.o [1]
  .text              ro code  0x08009d98     0x4  startup_stm32f427xx.o [1]
  .text              ro code  0x08009d9c     0x4  startup_stm32f427xx.o [1]
  .text              ro code  0x08009da0     0x4  startup_stm32f427xx.o [1]
  .text              ro code  0x08009da4     0x4  startup_stm32f427xx.o [1]
  .text              ro code  0x08009da8     0x4  startup_stm32f427xx.o [1]
  .text              ro code  0x08009dac     0x4  startup_stm32f427xx.o [1]
  .text              ro code  0x08009db0     0x4  startup_stm32f427xx.o [1]
  .text              ro code  0x08009db4     0x4  startup_stm32f427xx.o [1]
  .text              ro code  0x08009db8     0x4  startup_stm32f427xx.o [1]
  .text              ro code  0x08009dbc     0x4  startup_stm32f427xx.o [1]
  .text              ro code  0x08009dc0     0x4  startup_stm32f427xx.o [1]
  .text              ro code  0x08009dc4     0x4  startup_stm32f427xx.o [1]
  .text              ro code  0x08009dc8     0x4  startup_stm32f427xx.o [1]
  .text              ro code  0x08009dcc     0x4  startup_stm32f427xx.o [1]
  .text              ro code  0x08009dd0     0x4  startup_stm32f427xx.o [1]
  .text              ro code  0x08009dd4     0x4  startup_stm32f427xx.o [1]
  .text              ro code  0x08009dd8     0x4  startup_stm32f427xx.o [1]
  .text              ro code  0x08009ddc     0x4  startup_stm32f427xx.o [1]
  .text              ro code  0x08009de0     0x4  startup_stm32f427xx.o [1]
  .text              ro code  0x08009de4     0x4  startup_stm32f427xx.o [1]
  .text              ro code  0x08009de8     0x4  startup_stm32f427xx.o [1]
  .text              ro code  0x08009dec     0x4  startup_stm32f427xx.o [1]
  .text              ro code  0x08009df0     0x4  startup_stm32f427xx.o [1]
  .text              ro code  0x08009df4     0x4  startup_stm32f427xx.o [1]
  .text              ro code  0x08009df8     0x4  startup_stm32f427xx.o [1]
  .text              ro code  0x08009dfc     0x4  startup_stm32f427xx.o [1]
  .text              ro code  0x08009e00     0x4  startup_stm32f427xx.o [1]
  .text              ro code  0x08009e04     0x4  startup_stm32f427xx.o [1]
  .text              ro code  0x08009e08     0x4  startup_stm32f427xx.o [1]
  .text              ro code  0x08009e0c     0x4  startup_stm32f427xx.o [1]
  .text              ro code  0x08009e10     0x4  startup_stm32f427xx.o [1]
  .text              ro code  0x08009e14     0x4  startup_stm32f427xx.o [1]
  .text              ro code  0x08009e18     0x4  startup_stm32f427xx.o [1]
  .rodata            const    0x08009e1c     0x0  zero_init3.o [5]
  .rodata            const    0x08009e1c     0x0  copy_init3.o [5]
  Initializer bytes  const    0x08009e1c    0xb4  <for P4 s0>
                            - 0x08009ed0  0x9d24

"P3":                                     0x2000
  CSTACK                      0x10000000  0x2000  <Block>
    CSTACK           uninit   0x10000000  0x2000  <Block tail>
                            - 0x10002000  0x2000

"P4", part 1 of 2:                          0xb4
  P4 s0                       0x20000000    0xb4  <Init block>
    .data            inited   0x20000000    0x30  mainTSK.o [1]
    .data            inited   0x20000030    0x24  eSolder.o [1]
    .data            inited   0x20000054    0x24  spi1.o [1]
    .data            inited   0x20000078    0x18  keyboard.o [1]
    .data            inited   0x20000090    0x14  encoderPannel.o [1]
    .data            inited   0x200000a4     0x8  lcd_backlight.o [1]
    .data            inited   0x200000ac     0x4  port.o [1]
    .data            inited   0x200000b0     0x4  system_stm32f4xx.o [1]
                            - 0x200000b4    0xb4

"P4", part 2 of 2:                        0x15a4
  .bss               zero     0x200000b4  0x1400  heap_4.o [1]
  .bss               zero     0x200014b4    0x64  tasks.o [1]
  .bss               zero     0x20001518    0x40  queue.o [1]
  .bss               zero     0x20001558    0x14  tasks.o [1]
  .bss               zero     0x2000156c    0x14  tasks.o [1]
  .bss               zero     0x20001580    0x14  tasks.o [1]
  .bss               zero     0x20001594    0x14  tasks.o [1]
  .bss               zero     0x200015a8    0x14  tasks.o [1]
  .bss               zero     0x200015bc    0x14  timers.o [1]
  .bss               zero     0x200015d0    0x14  timers.o [1]
  .bss               zero     0x200015e4     0x8  heap_4.o [1]
  .bss               zero     0x200015ec     0x4  heap_4.o [1]
  .bss               zero     0x200015f0     0x4  heap_4.o [1]
  .bss               zero     0x200015f4     0x4  heap_4.o [1]
  .bss               zero     0x200015f8     0x4  heap_4.o [1]
  .bss               zero     0x200015fc     0x4  port.o [1]
  .bss               zero     0x20001600     0x4  tasks.o [1]
  .bss               zero     0x20001604     0x4  tasks.o [1]
  .bss               zero     0x20001608     0x4  tasks.o [1]
  .bss               zero     0x2000160c     0x4  tasks.o [1]
  .bss               zero     0x20001610     0x4  tasks.o [1]
  .bss               zero     0x20001614     0x4  tasks.o [1]
  .bss               zero     0x20001618     0x4  tasks.o [1]
  .bss               zero     0x2000161c     0x4  tasks.o [1]
  .bss               zero     0x20001620     0x4  tasks.o [1]
  .bss               zero     0x20001624     0x4  tasks.o [1]
  .bss               zero     0x20001628     0x4  tasks.o [1]
  .bss               zero     0x2000162c     0x4  tasks.o [1]
  .bss               zero     0x20001630     0x4  tasks.o [1]
  .bss               zero     0x20001634     0x4  tasks.o [1]
  .bss               zero     0x20001638     0x4  tasks.o [1]
  .bss               zero     0x2000163c     0x4  timers.o [1]
  .bss               zero     0x20001640     0x4  timers.o [1]
  .bss               zero     0x20001644     0x4  timers.o [1]
  .bss               zero     0x20001648     0x4  timers.o [1]
  .bss               zero     0x2000164c     0x4  timers.o [1]
  .bss               zero     0x20001650     0x4  xfail_s.o [3]
  .bss               zero     0x20001654     0x1  ili9341.o [1]
  .bss               zero     0x20001655     0x1  mainTSK.o [1]
  .bss               zero     0x20001656     0x1  port.o [1]
                            - 0x20001657  0x15a3


*******************************************************************************
*** INIT TABLE
***

          Address     Size
          -------     ----
Zero (__iar_zero_init3)
    1 destination range, total size 0x15a3:
          0x200000b4  0x15a3

Copy (__iar_copy_init3)
    1 source range, total size 0xb4:
          0x08009e1c    0xb4
    1 destination range, total size 0xb4:
          0x20000000    0xb4



*******************************************************************************
*** MODULE SUMMARY
***

    Module                       ro code  ro data  rw data
    ------                       -------  -------  -------
C:\Users\Ernst\Documents\Repositories\eSolder\Fwm\fwm_eSolder\projects\iar\STM32F427_Debug\Obj: [1]
    Arial.o                                 4 324
    DS_Digital.o                            5 364
    DS_Digital_Small.o                      2 592
    FanFlow.o                               1 160
    FanFlowDark.o                           1 160
    Thermometer.o                           1 160
    ThermometerDark.o                       1 160
    UI_mainWindow.o                  692       68
    UI_private.o                               20
    button.o                         180
    clock.o                          308
    eSolder.o                                  36       36
    encoderPannel.o                   16       20       20
    encoders.o                       524
    gpio.o                           316       96
    hard.o                            20
    heap_4.o                         604        4    5 144
    ili9341.o                        484                 1
    ili9341_fsmc.o                   670
    keyboard.o                       104       24       24
    lcd.o                            426
    lcd_backlight.o                   52        8        8
    list.o                           152
    main.o                           100       16
    mainTSK.o                        128       48       49
    mcu.o                            260
    port.o                           644        8        9
    portasm.o                        176
    queue.o                        1 874                64
    solderingDry.o                          2 056
    solderingDryDisconnected.o              2 056
    solderingIron.o                         2 056
    solderingIronDisconnected.o             2 056
    spi1.o                            84       36       36
    spiPrivate.o                     196
    startup_stm32f427xx.o            808
    system_stm32f4xx.o               280       20        4
    tasks.o                        2 712        8      260
    timers.o                       1 096       16       60
    ------------------------------------------------------
    Total:                        12 906   25 572    5 715

command line: [2]
    ------------------------------------------------------
    Total:

dl7M_tln.a: [3]
    abort.o                            6
    exit.o                             4
    low_level_init.o                   4
    sprintf.o                         64
    xfail_s.o                         68                 4
    xprintfsmall_nomb.o            1 248
    xsprout.o                         10
    ------------------------------------------------------
    Total:                         1 404                 4

m7M_tls.a: [4]
    fpinit_M.o                        34
    ------------------------------------------------------
    Total:                            34

rt7M_tl.a: [5]
    ABImemcpy.o                      166
    ABImemset.o                      102
    cexit.o                           10
    cmain.o                           26
    copy_init3.o                      44
    cstartup_M.o                      12
    data_init.o                       40
    memchr.o                          88
    strchr.o                          22
    strlen.o                          54
    zero_init3.o                      64
    ------------------------------------------------------
    Total:                           628

shb_l.a: [6]
    ABIassert.o                       36
    exit.o                            20
    ------------------------------------------------------
    Total:                            56

    Gaps                              14        6
    Linker created                             36    8 192
----------------------------------------------------------
    Grand Total:                  15 042   25 614   13 911


*******************************************************************************
*** ENTRY LIST
***

Entry                      Address    Size  Type      Object
-----                      -------    ----  ----      ------
.iar.init_table$$Base   0x080092c4           --   Gb  - Linker created -
.iar.init_table$$Limit  0x080092e8           --   Gb  - Linker created -
?main                   0x080092e9          Code  Gb  cmain.o [5]
AHBPrescTable           0x08009668    0x10  Data  Gb  system_stm32f4xx.o [1]
Arial                   0x080099b0     0x8  Data  Gb  Arial.o [1]
Arial_0x20              0x080096b8     0x8  Data  Lc  Arial.o [1]
Arial_0x21              0x080096c0     0x8  Data  Lc  Arial.o [1]
Arial_0x22              0x080096c8     0x8  Data  Lc  Arial.o [1]
Arial_0x23              0x080096d0     0x8  Data  Lc  Arial.o [1]
Arial_0x24              0x080096d8     0x8  Data  Lc  Arial.o [1]
Arial_0x25              0x080096e0     0x8  Data  Lc  Arial.o [1]
Arial_0x26              0x080096e8     0x8  Data  Lc  Arial.o [1]
Arial_0x27              0x080096f0     0x8  Data  Lc  Arial.o [1]
Arial_0x28              0x080096f8     0x8  Data  Lc  Arial.o [1]
Arial_0x29              0x08009700     0x8  Data  Lc  Arial.o [1]
Arial_0x2a              0x08009708     0x8  Data  Lc  Arial.o [1]
Arial_0x2b              0x08009710     0x8  Data  Lc  Arial.o [1]
Arial_0x2c              0x08009718     0x8  Data  Lc  Arial.o [1]
Arial_0x2d              0x08009720     0x8  Data  Lc  Arial.o [1]
Arial_0x2e              0x08009728     0x8  Data  Lc  Arial.o [1]
Arial_0x2f              0x08009730     0x8  Data  Lc  Arial.o [1]
Arial_0x30              0x08009738     0x8  Data  Lc  Arial.o [1]
Arial_0x31              0x08009740     0x8  Data  Lc  Arial.o [1]
Arial_0x32              0x08009748     0x8  Data  Lc  Arial.o [1]
Arial_0x33              0x08009750     0x8  Data  Lc  Arial.o [1]
Arial_0x34              0x08009758     0x8  Data  Lc  Arial.o [1]
Arial_0x35              0x08009760     0x8  Data  Lc  Arial.o [1]
Arial_0x36              0x08009768     0x8  Data  Lc  Arial.o [1]
Arial_0x37              0x08009770     0x8  Data  Lc  Arial.o [1]
Arial_0x38              0x08009778     0x8  Data  Lc  Arial.o [1]
Arial_0x39              0x08009780     0x8  Data  Lc  Arial.o [1]
Arial_0x3a              0x08009788     0x8  Data  Lc  Arial.o [1]
Arial_0x3b              0x08009790     0x8  Data  Lc  Arial.o [1]
Arial_0x3c              0x08009798     0x8  Data  Lc  Arial.o [1]
Arial_0x3d              0x080097a0     0x8  Data  Lc  Arial.o [1]
Arial_0x3e              0x080097a8     0x8  Data  Lc  Arial.o [1]
Arial_0x3f              0x080097b0     0x8  Data  Lc  Arial.o [1]
Arial_0x40              0x080097b8     0x8  Data  Lc  Arial.o [1]
Arial_0x41              0x080097c0     0x8  Data  Lc  Arial.o [1]
Arial_0x42              0x080097c8     0x8  Data  Lc  Arial.o [1]
Arial_0x43              0x080097d0     0x8  Data  Lc  Arial.o [1]
Arial_0x44              0x080097d8     0x8  Data  Lc  Arial.o [1]
Arial_0x45              0x080097e0     0x8  Data  Lc  Arial.o [1]
Arial_0x46              0x080097e8     0x8  Data  Lc  Arial.o [1]
Arial_0x47              0x080097f0     0x8  Data  Lc  Arial.o [1]
Arial_0x48              0x080097f8     0x8  Data  Lc  Arial.o [1]
Arial_0x49              0x08009800     0x8  Data  Lc  Arial.o [1]
Arial_0x4a              0x08009808     0x8  Data  Lc  Arial.o [1]
Arial_0x4b              0x08009810     0x8  Data  Lc  Arial.o [1]
Arial_0x4c              0x08009818     0x8  Data  Lc  Arial.o [1]
Arial_0x4d              0x08009820     0x8  Data  Lc  Arial.o [1]
Arial_0x4e              0x08009828     0x8  Data  Lc  Arial.o [1]
Arial_0x4f              0x08009830     0x8  Data  Lc  Arial.o [1]
Arial_0x50              0x08009838     0x8  Data  Lc  Arial.o [1]
Arial_0x51              0x08009840     0x8  Data  Lc  Arial.o [1]
Arial_0x52              0x08009848     0x8  Data  Lc  Arial.o [1]
Arial_0x53              0x08009850     0x8  Data  Lc  Arial.o [1]
Arial_0x54              0x08009858     0x8  Data  Lc  Arial.o [1]
Arial_0x55              0x08009860     0x8  Data  Lc  Arial.o [1]
Arial_0x56              0x08009868     0x8  Data  Lc  Arial.o [1]
Arial_0x57              0x08009870     0x8  Data  Lc  Arial.o [1]
Arial_0x58              0x08009878     0x8  Data  Lc  Arial.o [1]
Arial_0x59              0x08009880     0x8  Data  Lc  Arial.o [1]
Arial_0x5a              0x08009888     0x8  Data  Lc  Arial.o [1]
Arial_0x5b              0x08009890     0x8  Data  Lc  Arial.o [1]
Arial_0x5c              0x08009898     0x8  Data  Lc  Arial.o [1]
Arial_0x5d              0x080098a0     0x8  Data  Lc  Arial.o [1]
Arial_0x5e              0x080098a8     0x8  Data  Lc  Arial.o [1]
Arial_0x5f              0x080098b0     0x8  Data  Lc  Arial.o [1]
Arial_0x60              0x080098b8     0x8  Data  Lc  Arial.o [1]
Arial_0x61              0x080098c0     0x8  Data  Lc  Arial.o [1]
Arial_0x62              0x080098c8     0x8  Data  Lc  Arial.o [1]
Arial_0x63              0x080098d0     0x8  Data  Lc  Arial.o [1]
Arial_0x64              0x080098d8     0x8  Data  Lc  Arial.o [1]
Arial_0x65              0x080098e0     0x8  Data  Lc  Arial.o [1]
Arial_0x66              0x080098e8     0x8  Data  Lc  Arial.o [1]
Arial_0x67              0x080098f0     0x8  Data  Lc  Arial.o [1]
Arial_0x68              0x080098f8     0x8  Data  Lc  Arial.o [1]
Arial_0x69              0x08009900     0x8  Data  Lc  Arial.o [1]
Arial_0x6a              0x08009908     0x8  Data  Lc  Arial.o [1]
Arial_0x6b              0x08009910     0x8  Data  Lc  Arial.o [1]
Arial_0x6c              0x08009918     0x8  Data  Lc  Arial.o [1]
Arial_0x6d              0x08009920     0x8  Data  Lc  Arial.o [1]
Arial_0x6e              0x08009928     0x8  Data  Lc  Arial.o [1]
Arial_0x6f              0x08009930     0x8  Data  Lc  Arial.o [1]
Arial_0x70              0x08009938     0x8  Data  Lc  Arial.o [1]
Arial_0x71              0x08009940     0x8  Data  Lc  Arial.o [1]
Arial_0x72              0x08009948     0x8  Data  Lc  Arial.o [1]
Arial_0x73              0x08009950     0x8  Data  Lc  Arial.o [1]
Arial_0x74              0x08009958     0x8  Data  Lc  Arial.o [1]
Arial_0x75              0x08009960     0x8  Data  Lc  Arial.o [1]
Arial_0x76              0x08009968     0x8  Data  Lc  Arial.o [1]
Arial_0x77              0x08009970     0x8  Data  Lc  Arial.o [1]
Arial_0x78              0x08009978     0x8  Data  Lc  Arial.o [1]
Arial_0x79              0x08009980     0x8  Data  Lc  Arial.o [1]
Arial_0x7a              0x08009988     0x8  Data  Lc  Arial.o [1]
Arial_0x7b              0x08009990     0x8  Data  Lc  Arial.o [1]
Arial_0x7c              0x08009998     0x8  Data  Lc  Arial.o [1]
Arial_0x7d              0x080099a0     0x8  Data  Lc  Arial.o [1]
Arial_0x7e              0x080099a8     0x8  Data  Lc  Arial.o [1]
Arial_array             0x08005708   0x2f8  Data  Lc  Arial.o [1]
CSTACK$$Base            0x10000000           --   Gb  - Linker created -
CSTACK$$Limit           0x10002000           --   Gb  - Linker created -
DMA2_Stream0_IRQHandler
                        0x08008289    0x1e  Code  Gb  spi1.o [1]
DMA2_Stream3_IRQHandler
                        0x0800826b    0x1e  Code  Gb  spi1.o [1]
DS_Digital              0x08009ab8     0x8  Data  Gb  DS_Digital.o [1]
DS_Digital_0x25         0x080099b8     0x8  Data  Lc  DS_Digital.o [1]
DS_Digital_0x26         0x080099c0     0x8  Data  Lc  DS_Digital.o [1]
DS_Digital_0x27         0x080099d0     0x8  Data  Lc  DS_Digital.o [1]
DS_Digital_0x28         0x080099d8     0x8  Data  Lc  DS_Digital.o [1]
DS_Digital_0x29         0x080099e0     0x8  Data  Lc  DS_Digital.o [1]
DS_Digital_0x2a         0x080099e8     0x8  Data  Lc  DS_Digital.o [1]
DS_Digital_0x2b         0x080099f0     0x8  Data  Lc  DS_Digital.o [1]
DS_Digital_0x2c         0x080099f8     0x8  Data  Lc  DS_Digital.o [1]
DS_Digital_0x2d         0x08009a00     0x8  Data  Lc  DS_Digital.o [1]
DS_Digital_0x2e         0x08009a08     0x8  Data  Lc  DS_Digital.o [1]
DS_Digital_0x2f         0x08009a10     0x8  Data  Lc  DS_Digital.o [1]
DS_Digital_0x30         0x08009a18     0x8  Data  Lc  DS_Digital.o [1]
DS_Digital_0x31         0x08009a20     0x8  Data  Lc  DS_Digital.o [1]
DS_Digital_0x32         0x08009a28     0x8  Data  Lc  DS_Digital.o [1]
DS_Digital_0x33         0x08009a30     0x8  Data  Lc  DS_Digital.o [1]
DS_Digital_0x34         0x08009a38     0x8  Data  Lc  DS_Digital.o [1]
DS_Digital_0x35         0x08009a40     0x8  Data  Lc  DS_Digital.o [1]
DS_Digital_0x36         0x08009a48     0x8  Data  Lc  DS_Digital.o [1]
DS_Digital_0x37         0x08009a50     0x8  Data  Lc  DS_Digital.o [1]
DS_Digital_0x38         0x08009a58     0x8  Data  Lc  DS_Digital.o [1]
DS_Digital_0x39         0x08009a60     0x8  Data  Lc  DS_Digital.o [1]
DS_Digital_0x3a         0x08009a68     0x8  Data  Lc  DS_Digital.o [1]
DS_Digital_0x3b         0x08009a70     0x8  Data  Lc  DS_Digital.o [1]
DS_Digital_0x3c         0x08009a78     0x8  Data  Lc  DS_Digital.o [1]
DS_Digital_0x3d         0x08009a80     0x8  Data  Lc  DS_Digital.o [1]
DS_Digital_0x3e         0x08009a88     0x8  Data  Lc  DS_Digital.o [1]
DS_Digital_0x3f         0x08009a90     0x8  Data  Lc  DS_Digital.o [1]
DS_Digital_0x40         0x08009a98     0x8  Data  Lc  DS_Digital.o [1]
DS_Digital_0x41         0x08009aa0     0x8  Data  Lc  DS_Digital.o [1]
DS_Digital_0x42         0x08009aa8     0x8  Data  Lc  DS_Digital.o [1]
DS_Digital_0x43         0x08009ab0     0x8  Data  Lc  DS_Digital.o [1]
DS_Digital_Small        0x08009c10     0x8  Data  Gb  DS_Digital_Small.o [1]
DS_Digital_Small_0x20   0x08009ac0     0x8  Data  Lc  DS_Digital_Small.o [1]
DS_Digital_Small_0x21   0x08009ac8     0x8  Data  Lc  DS_Digital_Small.o [1]
DS_Digital_Small_0x22   0x08009ad0     0x8  Data  Lc  DS_Digital_Small.o [1]
DS_Digital_Small_0x23   0x08009ad8     0x8  Data  Lc  DS_Digital_Small.o [1]
DS_Digital_Small_0x24   0x08009ae0     0x8  Data  Lc  DS_Digital_Small.o [1]
DS_Digital_Small_0x25   0x08009ae8     0x8  Data  Lc  DS_Digital_Small.o [1]
DS_Digital_Small_0x26   0x08009af0     0x8  Data  Lc  DS_Digital_Small.o [1]
DS_Digital_Small_0x27   0x08009b00     0x8  Data  Lc  DS_Digital_Small.o [1]
DS_Digital_Small_0x28   0x08009b10     0x8  Data  Lc  DS_Digital_Small.o [1]
DS_Digital_Small_0x29   0x08009b20     0x8  Data  Lc  DS_Digital_Small.o [1]
DS_Digital_Small_0x2a   0x08009b30     0x8  Data  Lc  DS_Digital_Small.o [1]
DS_Digital_Small_0x2b   0x08009b40     0x8  Data  Lc  DS_Digital_Small.o [1]
DS_Digital_Small_0x2c   0x08009b50     0x8  Data  Lc  DS_Digital_Small.o [1]
DS_Digital_Small_0x2d   0x08009b58     0x8  Data  Lc  DS_Digital_Small.o [1]
DS_Digital_Small_0x2e   0x08009b60     0x8  Data  Lc  DS_Digital_Small.o [1]
DS_Digital_Small_0x2f   0x08009b68     0x8  Data  Lc  DS_Digital_Small.o [1]
DS_Digital_Small_0x30   0x08009b70     0x8  Data  Lc  DS_Digital_Small.o [1]
DS_Digital_Small_0x31   0x08009b78     0x8  Data  Lc  DS_Digital_Small.o [1]
DS_Digital_Small_0x32   0x08009b80     0x8  Data  Lc  DS_Digital_Small.o [1]
DS_Digital_Small_0x33   0x08009b88     0x8  Data  Lc  DS_Digital_Small.o [1]
DS_Digital_Small_0x34   0x08009b90     0x8  Data  Lc  DS_Digital_Small.o [1]
DS_Digital_Small_0x35   0x08009b98     0x8  Data  Lc  DS_Digital_Small.o [1]
DS_Digital_Small_0x36   0x08009ba0     0x8  Data  Lc  DS_Digital_Small.o [1]
DS_Digital_Small_0x37   0x08009ba8     0x8  Data  Lc  DS_Digital_Small.o [1]
DS_Digital_Small_0x38   0x08009bb0     0x8  Data  Lc  DS_Digital_Small.o [1]
DS_Digital_Small_0x39   0x08009bb8     0x8  Data  Lc  DS_Digital_Small.o [1]
DS_Digital_Small_0x3a   0x08009bc0     0x8  Data  Lc  DS_Digital_Small.o [1]
DS_Digital_Small_0x3b   0x08009bc8     0x8  Data  Lc  DS_Digital_Small.o [1]
DS_Digital_Small_0x3c   0x08009bd0     0x8  Data  Lc  DS_Digital_Small.o [1]
DS_Digital_Small_0x3d   0x08009bd8     0x8  Data  Lc  DS_Digital_Small.o [1]
DS_Digital_Small_0x3e   0x08009be0     0x8  Data  Lc  DS_Digital_Small.o [1]
DS_Digital_Small_0x3f   0x08009be8     0x8  Data  Lc  DS_Digital_Small.o [1]
DS_Digital_Small_0x40   0x08009bf0     0x8  Data  Lc  DS_Digital_Small.o [1]
DS_Digital_Small_0x41   0x08009bf8     0x8  Data  Lc  DS_Digital_Small.o [1]
DS_Digital_Small_0x42   0x08009c00     0x8  Data  Lc  DS_Digital_Small.o [1]
DS_Digital_Small_0x43   0x08009c08     0x8  Data  Lc  DS_Digital_Small.o [1]
DS_Digital_Small_array  0x08006a78   0x120  Data  Lc  DS_Digital_Small.o [1]
DS_Digital_array        0x08006c9c    0xf8  Data  Lc  DS_Digital.o [1]
EncoderPannelInit       0x080081f9    0x10  Code  Gb  encoderPannel.o [1]
FanFlow                 0x08009c18     0x8  Data  Gb  FanFlow.o [1]
FanFlowDark             0x08009c20     0x8  Data  Gb  FanFlowDark.o [1]
LoadInt                 0x0800414f    0x56  Code  Lc  xprintfsmall_nomb.o [3]
MCU_init                0x08006b99   0x104  Code  Gb  mcu.o [1]
OS_init                 0x08008171    0x1e  Code  Gb  main.o [1]
PendSV_Handler          0x08001675          Code  Gb  portasm.o [1]
Region$$Table$$Base     0x080092c4           --   Gb  - Linker created -
Region$$Table$$Limit    0x080092e8           --   Gb  - Linker created -
SPI1_IRQHandler         0x08008261     0xa  Code  Gb  spi1.o [1]
SVC_Handler             0x080016cd          Code  Gb  portasm.o [1]
SpiDmaRxIrqHandler      0x08006ea1     0x8  Code  Gb  spiPrivate.o [1]
SpiDmaTxIrqHandler      0x08006e99     0x8  Code  Gb  spiPrivate.o [1]
SpiIrqHandler           0x08006ea9    0x84  Code  Gb  spiPrivate.o [1]
SpiUnblockTask          0x08006e69    0x2c  Code  Gb  spiPrivate.o [1]
SysTick_Handler         0x0800114f    0x28  Code  Gb  port.o [1]
SystemCoreClock         0x200000b0     0x4  Data  Gb  system_stm32f4xx.o [1]
SystemCoreClockUpdate   0x080069ad    0x9a  Code  Gb  system_stm32f4xx.o [1]
SystemInit              0x08006961    0x4c  Code  Gb  system_stm32f4xx.o [1]
Thermometer             0x08009c68     0x8  Data  Gb  Thermometer.o [1]
ThermometerDark         0x08009c70     0x8  Data  Gb  ThermometerDark.o [1]
UI_MainWindowRendering  0x08005a01    0x1c  Code  Gb  UI_mainWindow.o [1]
UI_MainWindowUpdate     0x08005b77    0xf0  Code  Gb  UI_mainWindow.o [1]
_LitobSmallNoMb         0x080042e1    0xce  Code  Lc  xprintfsmall_nomb.o [3]
_PrintfSmallNoMb        0x08003f21   0x224  Code  Gb  xprintfsmall_nomb.o [3]
_PutcharsSmallNoMb      0x080043af    0x2e  Code  Lc  xprintfsmall_nomb.o [3]
_PutfldSmallNoMb        0x080041a5   0x13c  Code  Lc  xprintfsmall_nomb.o [3]
_SProut                 0x08000f9f     0xa  Code  Gb  xsprout.o [3]
__aeabi_assert          0x08006809    0x24  Code  Gb  ABIassert.o [6]
__aeabi_memcpy          0x08001e79          Code  Gb  ABImemcpy.o [5]
__aeabi_memcpy4         0x08001e99          Code  Gb  ABImemcpy.o [5]
__aeabi_memcpy8         0x08001e99          Code  Gb  ABImemcpy.o [5]
__aeabi_memset          0x08000ea1          Code  Gb  ABImemset.o [5]
__cmain                 0x080092e9          Code  Gb  cmain.o [5]
__exit                  0x080044f5    0x14  Code  Gb  exit.o [6]
__iar_Fail_s            0x08004419    0x1e  Code  Gb  xfail_s.o [3]
__iar_Memchr            0x08004495          Code  Gb  memchr.o [5]
__iar_Memset            0x08000ea1          Code  Gb  ABImemset.o [5]
__iar_Memset_word       0x08000ea9          Code  Gb  ABImemset.o [5]
__iar_Strchr            0x08004401          Code  Gb  strchr.o [5]
__iar_copy_init3        0x08008a6d    0x2c  Code  Gb  copy_init3.o [5]
__iar_data_init3        0x08008a99    0x28  Code  Gb  data_init.o [5]
__iar_init_vfp          0x080092a1          Code  Gb  fpinit_M.o [4]
__iar_program_start     0x080096ad          Code  Gb  cstartup_M.o [5]
__iar_systems$$module {Abs}
                        0x00000001          Data  Gb  command line/config [2]
__iar_zero_init3        0x0800888d    0x40  Code  Gb  zero_init3.o [5]
__low_level_init        0x08009303     0x4  Code  Gb  low_level_init.o [3]
__vector_table          0x08000000          Data  Gb  startup_stm32f427xx.o [1]
_call_main              0x080092f5          Code  Gb  cmain.o [5]
_exit                   0x0800930d          Code  Gb  cexit.o [5]
_main                   0x080092ff          Code  Gb  cmain.o [5]
abort                   0x080044ed     0x6  Code  Gb  abort.o [3]
backlight               0x200000a4     0x8  Data  Gb  lcd_backlight.o [1]
buttonClearPressed      0x080067fb     0xe  Code  Gb  button.o [1]
buttonInit              0x08006755    0x34  Code  Gb  button.o [1]
buttonScan              0x08006789    0x72  Code  Gb  button.o [1]
clock_init              0x0800682d   0x134  Code  Gb  clock.o [1]
drawTempFlow            0x08005b0d    0x6a  Code  Gb  UI_mainWindow.o [1]
drawTempReal            0x08005a9d    0x70  Code  Gb  UI_mainWindow.o [1]
drawTempSet             0x08005a1d    0x80  Code  Gb  UI_mainWindow.o [1]
eSolder                 0x20000030    0x24  Data  Gb  eSolder.o [1]
enReadVal               0x080064a1    0x38  Code  Gb  encoders.o [1]
enWriteVal              0x080064d9    0x30  Code  Gb  encoders.o [1]
encControlledMain       0x20000000    0x30  Data  Gb  mainTSK.o [1]
encoderInit             0x0800640d    0x94  Code  Gb  encoders.o [1]
encoderPannel           0x20000090    0x14  Data  Gb  encoderPannel.o [1]
encoderUpdate           0x08006509   0x10c  Code  Gb  encoders.o [1]
exit                    0x08009307     0x4  Code  Gb  exit.o [3]
gpioAfInit              0x080066cb    0x80  Code  Gb  gpio.o [1]
gpioInit                0x08006619    0xb2  Code  Gb  gpio.o [1]
hard_init               0x080081b1    0x14  Code  Gb  hard.o [1]
ili9341_ColumnAddressSet
                        0x08005fc1    0x34  Code  Lc  ili9341.o [1]
ili9341_DrawBackground  0x08006029    0x64  Code  Gb  ili9341.o [1]
ili9341_Init            0x08005f21    0xa0  Code  Gb  ili9341.o [1]
ili9341_InitCommunication
                        0x08006105   0x26a  Code  Gb  ili9341_fsmc.o [1]
ili9341_PageAddressSet  0x08005ff5    0x34  Code  Lc  ili9341.o [1]
ili9341_Reset           0x080060f1     0xa  Code  Gb  ili9341.o [1]
ili9341_SetOrientation  0x08006091    0x3e  Code  Gb  ili9341.o [1]
ili9341_SetRegion       0x080060cf    0x22  Code  Gb  ili9341.o [1]
ili9341_WriteCommand    0x08006399     0xa  Code  Gb  ili9341_fsmc.o [1]
ili9341_WriteData       0x0800636f     0x6  Code  Gb  ili9341_fsmc.o [1]
ili9341_WriteData_16    0x08006375     0x6  Code  Gb  ili9341_fsmc.o [1]
ili9341_displayOn       0x080060fb     0xa  Code  Gb  ili9341.o [1]
image_data_Arial_0x20   0x08009348    0x14  Data  Lc  Arial.o [1]
image_data_Arial_0x21   0x0800935c    0x14  Data  Lc  Arial.o [1]
image_data_Arial_0x22   0x08009370    0x14  Data  Lc  Arial.o [1]
image_data_Arial_0x23   0x08008ac0    0x24  Data  Lc  Arial.o [1]
image_data_Arial_0x24   0x08008ae4    0x24  Data  Lc  Arial.o [1]
image_data_Arial_0x25   0x08008b08    0x24  Data  Lc  Arial.o [1]
image_data_Arial_0x26   0x08008b2c    0x24  Data  Lc  Arial.o [1]
image_data_Arial_0x27   0x08009384    0x14  Data  Lc  Arial.o [1]
image_data_Arial_0x28   0x08009398    0x14  Data  Lc  Arial.o [1]
image_data_Arial_0x29   0x080093ac    0x14  Data  Lc  Arial.o [1]
image_data_Arial_0x2a   0x080093c0    0x14  Data  Lc  Arial.o [1]
image_data_Arial_0x2b   0x08008b50    0x24  Data  Lc  Arial.o [1]
image_data_Arial_0x2c   0x080093d4    0x14  Data  Lc  Arial.o [1]
image_data_Arial_0x2d   0x080093e8    0x14  Data  Lc  Arial.o [1]
image_data_Arial_0x2e   0x080093fc    0x14  Data  Lc  Arial.o [1]
image_data_Arial_0x2f   0x08009410    0x14  Data  Lc  Arial.o [1]
image_data_Arial_0x30   0x08008b74    0x24  Data  Lc  Arial.o [1]
image_data_Arial_0x31   0x08008b98    0x24  Data  Lc  Arial.o [1]
image_data_Arial_0x32   0x08008bbc    0x24  Data  Lc  Arial.o [1]
image_data_Arial_0x33   0x08008be0    0x24  Data  Lc  Arial.o [1]
image_data_Arial_0x34   0x08008c04    0x24  Data  Lc  Arial.o [1]
image_data_Arial_0x35   0x08008c28    0x24  Data  Lc  Arial.o [1]
image_data_Arial_0x36   0x08008c4c    0x24  Data  Lc  Arial.o [1]
image_data_Arial_0x37   0x08008c70    0x24  Data  Lc  Arial.o [1]
image_data_Arial_0x38   0x08008c94    0x24  Data  Lc  Arial.o [1]
image_data_Arial_0x39   0x08008cb8    0x24  Data  Lc  Arial.o [1]
image_data_Arial_0x3a   0x08009424    0x14  Data  Lc  Arial.o [1]
image_data_Arial_0x3b   0x08009438    0x14  Data  Lc  Arial.o [1]
image_data_Arial_0x3c   0x08008cdc    0x24  Data  Lc  Arial.o [1]
image_data_Arial_0x3d   0x08008d00    0x24  Data  Lc  Arial.o [1]
image_data_Arial_0x3e   0x08008d24    0x24  Data  Lc  Arial.o [1]
image_data_Arial_0x3f   0x08008d48    0x24  Data  Lc  Arial.o [1]
image_data_Arial_0x40   0x08008d6c    0x24  Data  Lc  Arial.o [1]
image_data_Arial_0x41   0x08008d90    0x24  Data  Lc  Arial.o [1]
image_data_Arial_0x42   0x08008db4    0x24  Data  Lc  Arial.o [1]
image_data_Arial_0x43   0x08008dd8    0x24  Data  Lc  Arial.o [1]
image_data_Arial_0x44   0x08008dfc    0x24  Data  Lc  Arial.o [1]
image_data_Arial_0x45   0x08008e20    0x24  Data  Lc  Arial.o [1]
image_data_Arial_0x46   0x08008e44    0x24  Data  Lc  Arial.o [1]
image_data_Arial_0x47   0x08008e68    0x24  Data  Lc  Arial.o [1]
image_data_Arial_0x48   0x08008e8c    0x24  Data  Lc  Arial.o [1]
image_data_Arial_0x49   0x0800944c    0x14  Data  Lc  Arial.o [1]
image_data_Arial_0x4a   0x08009460    0x14  Data  Lc  Arial.o [1]
image_data_Arial_0x4b   0x08008eb0    0x24  Data  Lc  Arial.o [1]
image_data_Arial_0x4c   0x08008ed4    0x24  Data  Lc  Arial.o [1]
image_data_Arial_0x4d   0x08008ef8    0x24  Data  Lc  Arial.o [1]
image_data_Arial_0x4e   0x08008f1c    0x24  Data  Lc  Arial.o [1]
image_data_Arial_0x4f   0x08008f40    0x24  Data  Lc  Arial.o [1]
image_data_Arial_0x50   0x08008f64    0x24  Data  Lc  Arial.o [1]
image_data_Arial_0x51   0x08008f88    0x24  Data  Lc  Arial.o [1]
image_data_Arial_0x52   0x08008fac    0x24  Data  Lc  Arial.o [1]
image_data_Arial_0x53   0x08008fd0    0x24  Data  Lc  Arial.o [1]
image_data_Arial_0x54   0x08008ff4    0x24  Data  Lc  Arial.o [1]
image_data_Arial_0x55   0x08009018    0x24  Data  Lc  Arial.o [1]
image_data_Arial_0x56   0x0800903c    0x24  Data  Lc  Arial.o [1]
image_data_Arial_0x57   0x08009060    0x24  Data  Lc  Arial.o [1]
image_data_Arial_0x58   0x08009084    0x24  Data  Lc  Arial.o [1]
image_data_Arial_0x59   0x080090a8    0x24  Data  Lc  Arial.o [1]
image_data_Arial_0x5a   0x080090cc    0x24  Data  Lc  Arial.o [1]
image_data_Arial_0x5b   0x08009474    0x14  Data  Lc  Arial.o [1]
image_data_Arial_0x5c   0x08009488    0x14  Data  Lc  Arial.o [1]
image_data_Arial_0x5d   0x0800949c    0x14  Data  Lc  Arial.o [1]
image_data_Arial_0x5e   0x080094b0    0x14  Data  Lc  Arial.o [1]
image_data_Arial_0x5f   0x080090f0    0x24  Data  Lc  Arial.o [1]
image_data_Arial_0x60   0x080094c4    0x14  Data  Lc  Arial.o [1]
image_data_Arial_0x61   0x08009114    0x24  Data  Lc  Arial.o [1]
image_data_Arial_0x62   0x08009138    0x24  Data  Lc  Arial.o [1]
image_data_Arial_0x63   0x080094d8    0x14  Data  Lc  Arial.o [1]
image_data_Arial_0x64   0x0800915c    0x24  Data  Lc  Arial.o [1]
image_data_Arial_0x65   0x08009180    0x24  Data  Lc  Arial.o [1]
image_data_Arial_0x66   0x080094ec    0x14  Data  Lc  Arial.o [1]
image_data_Arial_0x67   0x080091a4    0x24  Data  Lc  Arial.o [1]
image_data_Arial_0x68   0x08009500    0x14  Data  Lc  Arial.o [1]
image_data_Arial_0x69   0x08009514    0x14  Data  Lc  Arial.o [1]
image_data_Arial_0x6a   0x08009528    0x14  Data  Lc  Arial.o [1]
image_data_Arial_0x6b   0x0800953c    0x14  Data  Lc  Arial.o [1]
image_data_Arial_0x6c   0x08009550    0x14  Data  Lc  Arial.o [1]
image_data_Arial_0x6d   0x080091c8    0x24  Data  Lc  Arial.o [1]
image_data_Arial_0x6e   0x08009564    0x14  Data  Lc  Arial.o [1]
image_data_Arial_0x6f   0x080091ec    0x24  Data  Lc  Arial.o [1]
image_data_Arial_0x70   0x08009210    0x24  Data  Lc  Arial.o [1]
image_data_Arial_0x71   0x08009234    0x24  Data  Lc  Arial.o [1]
image_data_Arial_0x72   0x08009578    0x14  Data  Lc  Arial.o [1]
image_data_Arial_0x73   0x0800958c    0x14  Data  Lc  Arial.o [1]
image_data_Arial_0x74   0x080095a0    0x14  Data  Lc  Arial.o [1]
image_data_Arial_0x75   0x080095b4    0x14  Data  Lc  Arial.o [1]
image_data_Arial_0x76   0x080095c8    0x14  Data  Lc  Arial.o [1]
image_data_Arial_0x77   0x08009258    0x24  Data  Lc  Arial.o [1]
image_data_Arial_0x78   0x080095dc    0x14  Data  Lc  Arial.o [1]
image_data_Arial_0x79   0x080095f0    0x14  Data  Lc  Arial.o [1]
image_data_Arial_0x7a   0x08009604    0x14  Data  Lc  Arial.o [1]
image_data_Arial_0x7b   0x08009618    0x14  Data  Lc  Arial.o [1]
image_data_Arial_0x7c   0x0800962c    0x14  Data  Lc  Arial.o [1]
image_data_Arial_0x7d   0x08009640    0x14  Data  Lc  Arial.o [1]
image_data_Arial_0x7e   0x0800927c    0x24  Data  Lc  Arial.o [1]
image_data_DS_Digital_0x25
                        0x08006d94    0xd4  Data  Lc  DS_Digital.o [1]
image_data_DS_Digital_0x26
                        0x08006f2c    0xa0  Data  Lc  DS_Digital.o [1]
image_data_DS_Digital_0x27
                        0x080099c8     0x8  Data  Lc  DS_Digital.o [1]
image_data_DS_Digital_0x28
                        0x08006fcc    0xa0  Data  Lc  DS_Digital.o [1]
image_data_DS_Digital_0x29
                        0x0800706c    0xa0  Data  Lc  DS_Digital.o [1]
image_data_DS_Digital_0x2a
                        0x0800710c    0xa0  Data  Lc  DS_Digital.o [1]
image_data_DS_Digital_0x2b
                        0x080071ac    0xa0  Data  Lc  DS_Digital.o [1]
image_data_DS_Digital_0x2c
                        0x0800724c    0xa0  Data  Lc  DS_Digital.o [1]
image_data_DS_Digital_0x2d
                        0x080072ec    0xa0  Data  Lc  DS_Digital.o [1]
image_data_DS_Digital_0x2e
                        0x0800738c    0xa0  Data  Lc  DS_Digital.o [1]
image_data_DS_Digital_0x2f
                        0x0800742c    0xa0  Data  Lc  DS_Digital.o [1]
image_data_DS_Digital_0x30
                        0x080074cc    0xa0  Data  Lc  DS_Digital.o [1]
image_data_DS_Digital_0x31
                        0x0800756c    0xa0  Data  Lc  DS_Digital.o [1]
image_data_DS_Digital_0x32
                        0x0800760c    0xa0  Data  Lc  DS_Digital.o [1]
image_data_DS_Digital_0x33
                        0x080076ac    0xa0  Data  Lc  DS_Digital.o [1]
image_data_DS_Digital_0x34
                        0x0800774c    0xa0  Data  Lc  DS_Digital.o [1]
image_data_DS_Digital_0x35
                        0x080077ec    0xa0  Data  Lc  DS_Digital.o [1]
image_data_DS_Digital_0x36
                        0x0800788c    0xa0  Data  Lc  DS_Digital.o [1]
image_data_DS_Digital_0x37
                        0x0800792c    0xa0  Data  Lc  DS_Digital.o [1]
image_data_DS_Digital_0x38
                        0x080079cc    0xa0  Data  Lc  DS_Digital.o [1]
image_data_DS_Digital_0x39
                        0x08007a6c    0xa0  Data  Lc  DS_Digital.o [1]
image_data_DS_Digital_0x3a
                        0x08007b0c    0xa0  Data  Lc  DS_Digital.o [1]
image_data_DS_Digital_0x3b
                        0x08007bac    0xa0  Data  Lc  DS_Digital.o [1]
image_data_DS_Digital_0x3c
                        0x08007c4c    0xa0  Data  Lc  DS_Digital.o [1]
image_data_DS_Digital_0x3d
                        0x08007cec    0xa0  Data  Lc  DS_Digital.o [1]
image_data_DS_Digital_0x3e
                        0x08007d8c    0xa0  Data  Lc  DS_Digital.o [1]
image_data_DS_Digital_0x3f
                        0x08007e2c    0xa0  Data  Lc  DS_Digital.o [1]
image_data_DS_Digital_0x40
                        0x08007ecc    0xa0  Data  Lc  DS_Digital.o [1]
image_data_DS_Digital_0x41
                        0x08007f6c    0xa0  Data  Lc  DS_Digital.o [1]
image_data_DS_Digital_0x42
                        0x0800800c    0xa0  Data  Lc  DS_Digital.o [1]
image_data_DS_Digital_0x43
                        0x080080ac    0xa0  Data  Lc  DS_Digital.o [1]
image_data_DS_Digital_Small_0x20
                        0x080086dc    0x48  Data  Lc  DS_Digital_Small.o [1]
image_data_DS_Digital_Small_0x21
                        0x08008724    0x48  Data  Lc  DS_Digital_Small.o [1]
image_data_DS_Digital_Small_0x22
                        0x0800876c    0x48  Data  Lc  DS_Digital_Small.o [1]
image_data_DS_Digital_Small_0x23
                        0x080087b4    0x48  Data  Lc  DS_Digital_Small.o [1]
image_data_DS_Digital_Small_0x24
                        0x080087fc    0x48  Data  Lc  DS_Digital_Small.o [1]
image_data_DS_Digital_Small_0x25
                        0x080082b4    0x4c  Data  Lc  DS_Digital_Small.o [1]
image_data_DS_Digital_Small_0x26
                        0x08008844    0x48  Data  Lc  DS_Digital_Small.o [1]
image_data_DS_Digital_Small_0x27
                        0x08009af8     0x8  Data  Lc  DS_Digital_Small.o [1]
image_data_DS_Digital_Small_0x28
                        0x08009b08     0x8  Data  Lc  DS_Digital_Small.o [1]
image_data_DS_Digital_Small_0x29
                        0x08009b18     0x8  Data  Lc  DS_Digital_Small.o [1]
image_data_DS_Digital_Small_0x2a
                        0x08009b28     0x8  Data  Lc  DS_Digital_Small.o [1]
image_data_DS_Digital_Small_0x2b
                        0x08009b38     0x8  Data  Lc  DS_Digital_Small.o [1]
image_data_DS_Digital_Small_0x2c
                        0x08009b48     0x8  Data  Lc  DS_Digital_Small.o [1]
image_data_DS_Digital_Small_0x2d
                        0x08008300    0x4c  Data  Lc  DS_Digital_Small.o [1]
image_data_DS_Digital_Small_0x2e
                        0x08009318    0x18  Data  Lc  DS_Digital_Small.o [1]
image_data_DS_Digital_Small_0x2f
                        0x08009330    0x18  Data  Lc  DS_Digital_Small.o [1]
image_data_DS_Digital_Small_0x30
                        0x0800834c    0x4c  Data  Lc  DS_Digital_Small.o [1]
image_data_DS_Digital_Small_0x31
                        0x08008398    0x4c  Data  Lc  DS_Digital_Small.o [1]
image_data_DS_Digital_Small_0x32
                        0x080083e4    0x4c  Data  Lc  DS_Digital_Small.o [1]
image_data_DS_Digital_Small_0x33
                        0x08008430    0x4c  Data  Lc  DS_Digital_Small.o [1]
image_data_DS_Digital_Small_0x34
                        0x0800847c    0x4c  Data  Lc  DS_Digital_Small.o [1]
image_data_DS_Digital_Small_0x35
                        0x080084c8    0x4c  Data  Lc  DS_Digital_Small.o [1]
image_data_DS_Digital_Small_0x36
                        0x08008514    0x4c  Data  Lc  DS_Digital_Small.o [1]
image_data_DS_Digital_Small_0x37
                        0x08008560    0x4c  Data  Lc  DS_Digital_Small.o [1]
image_data_DS_Digital_Small_0x38
                        0x080085ac    0x4c  Data  Lc  DS_Digital_Small.o [1]
image_data_DS_Digital_Small_0x39
                        0x080085f8    0x4c  Data  Lc  DS_Digital_Small.o [1]
image_data_DS_Digital_Small_0x3a
                        0x08008644    0x4c  Data  Lc  DS_Digital_Small.o [1]
image_data_DS_Digital_Small_0x3b
                        0x08008690    0x4c  Data  Lc  DS_Digital_Small.o [1]
image_data_DS_Digital_Small_0x3c
                        0x080088cc    0x34  Data  Lc  DS_Digital_Small.o [1]
image_data_DS_Digital_Small_0x3d
                        0x08008900    0x34  Data  Lc  DS_Digital_Small.o [1]
image_data_DS_Digital_Small_0x3e
                        0x08008934    0x34  Data  Lc  DS_Digital_Small.o [1]
image_data_DS_Digital_Small_0x3f
                        0x08008968    0x34  Data  Lc  DS_Digital_Small.o [1]
image_data_DS_Digital_Small_0x40
                        0x0800899c    0x34  Data  Lc  DS_Digital_Small.o [1]
image_data_DS_Digital_Small_0x41
                        0x080089d0    0x34  Data  Lc  DS_Digital_Small.o [1]
image_data_DS_Digital_Small_0x42
                        0x08008a04    0x34  Data  Lc  DS_Digital_Small.o [1]
image_data_DS_Digital_Small_0x43
                        0x08008a38    0x34  Data  Lc  DS_Digital_Small.o [1]
image_data_FanFlow      0x08004508   0x480  Data  Lc  FanFlow.o [1]
image_data_FanFlowDark  0x08004988   0x480  Data  Lc  FanFlowDark.o [1]
image_data_Thermometer  0x08004e08   0x480  Data  Lc  Thermometer.o [1]
image_data_ThermometerDark
                        0x08005288   0x480  Data  Lc  ThermometerDark.o [1]
image_data_dry          0x08001f20   0x800  Data  Lc  solderingDry.o [1]
image_data_solderingDryDisconnected
                        0x08002720   0x800  Data  Lc  solderingDryDisconnected.o [1]
image_data_solderingIronDisconnected
                        0x08003720   0x800  Data  Lc  solderingIronDisconnected.o [1]
image_data_solderingiron
                        0x08002f20   0x800  Data  Lc  solderingIron.o [1]
initTsk                 0x0800814d    0x24  Code  Gb  main.o [1]
keyboard                0x20000078    0x18  Data  Gb  keyboard.o [1]
keyboardClearAllPress   0x080063c1    0x1c  Code  Gb  keyboard.o [1]
keyboardInit            0x080063a5    0x1c  Code  Gb  keyboard.o [1]
keyboardScan            0x080063dd    0x2a  Code  Gb  keyboard.o [1]
lcdBacklight_init       0x080081c5    0x30  Code  Gb  lcd_backlight.o [1]
lcd_Char                0x08005cb5   0x110  Code  Gb  lcd.o [1]
lcd_DrawBackground      0x08005e55     0xa  Code  Gb  lcd.o [1]
lcd_FastHLine           0x08005e27    0x2e  Code  Gb  lcd.o [1]
lcd_Image               0x08005df1    0x36  Code  Gb  lcd.o [1]
lcd_String              0x08005dc5    0x2c  Code  Gb  lcd.o [1]
main                    0x080081a1    0x10  Code  Gb  main.o [1]
mainTsk                 0x08005ea1    0x68  Code  Gb  mainTSK.o [1]
mainTskEncoderSelected  0x20001655     0x1  Data  Gb  mainTSK.o [1]
mainTsk_GetEncoderSelected
                        0x08005f09     0x6  Code  Gb  mainTSK.o [1]
memchr                  0x08004495          Code  Gb  memchr.o [5]
orientation             0x20001654     0x1  Data  Gb  ili9341.o [1]
pcInterruptPriorityRegisters
                        0x08009cac     0x4  Data  Lc  port.o [1]
prvAddCurrentTaskToDelayedList
                        0x08000b8d    0x7c  Code  Lc  tasks.o [1]
prvAddNewTaskToReadyList
                        0x080002d9    0xc2  Code  Lc  tasks.o [1]
prvCheckForValidListAndQueue
                        0x08001601    0x4c  Code  Lc  timers.o [1]
prvCheckTasksWaitingTermination
                        0x08000a07    0x48  Code  Lc  tasks.o [1]
prvCopyDataFromQueue    0x08001d33    0x2a  Code  Lc  queue.o [1]
prvCopyDataToQueue      0x08001cad    0x86  Code  Lc  queue.o [1]
prvDeleteTCB            0x08000a4f    0x12  Code  Lc  tasks.o [1]
prvGetNextExpireTime    0x080013df    0x26  Code  Lc  timers.o [1]
prvHeapInit             0x08000dc9    0x62  Code  Lc  heap_4.o [1]
prvIdleTask             0x08000981    0x24  Code  Lc  tasks.o [1]
prvInitialiseNewQueue   0x08001805    0x22  Code  Lc  queue.o [1]
prvInitialiseNewTask    0x08000217    0xc2  Code  Lc  tasks.o [1]
prvInitialiseTaskLists  0x080009ad    0x5a  Code  Lc  tasks.o [1]
prvInsertBlockIntoFreeList
                        0x08000e2b    0x58  Code  Lc  heap_4.o [1]
prvInsertTimerInActiveList
                        0x0800142d    0x3e  Code  Lc  timers.o [1]
prvIsQueueEmpty         0x08001dcb    0x1c  Code  Lc  queue.o [1]
prvIsQueueFull          0x08001de7    0x1e  Code  Lc  queue.o [1]
prvProcessExpiredTimer  0x080012e9    0x6c  Code  Lc  timers.o [1]
prvProcessReceivedCommands
                        0x0800146b   0x116  Code  Lc  timers.o [1]
prvProcessTimerOrBlockTask
                        0x0800136d    0x72  Code  Lc  timers.o [1]
prvResetNextTaskUnblockTime
                        0x08000a61    0x28  Code  Lc  tasks.o [1]
prvSampleTimeNow        0x08001405    0x28  Code  Lc  timers.o [1]
prvSampleTimeNow::xLastTime
                        0x2000164c     0x4  Data  Lc  timers.o [1]
prvSwitchTimerLists     0x08001581    0x80  Code  Lc  timers.o [1]
prvTaskExitError        0x08000fd1    0x2a  Code  Lc  port.o [1]
prvTimerTask            0x08001359    0x14  Code  Lc  timers.o [1]
prvUnlockQueue          0x08001d5d    0x6e  Code  Lc  queue.o [1]
pvPortMalloc            0x08000c45   0x10e  Code  Gb  heap_4.o [1]
pxCurrentTCB            0x20001600     0x4  Data  Gb  tasks.o [1]
pxCurrentTimerList      0x2000163c     0x4  Data  Lc  timers.o [1]
pxDelayedTaskList       0x20001604     0x4  Data  Lc  tasks.o [1]
pxEnd                   0x200015ec     0x4  Data  Lc  heap_4.o [1]
pxOverflowDelayedTaskList
                        0x20001608     0x4  Data  Lc  tasks.o [1]
pxOverflowTimerList     0x20001640     0x4  Data  Lc  timers.o [1]
pxPortInitialiseStack   0x08000fa9    0x28  Code  Gb  port.o [1]
pxReadyTasksLists       0x200014b4    0x64  Data  Lc  tasks.o [1]
sec_hand                0x20001650     0x4  Data  Lc  xfail_s.o [3]
solderingDry            0x08009c40     0x8  Data  Gb  solderingDry.o [1]
solderingDryDisconnected
                        0x08009c48     0x8  Data  Gb  solderingDryDisconnected.o [1]
solderingIron           0x08009c50     0x8  Data  Gb  solderingIron.o [1]
solderingIronDisconnected
                        0x08009c58     0x8  Data  Gb  solderingIronDisconnected.o [1]
spi1                    0x20000054    0x24  Data  Gb  spi1.o [1]
sprintf                 0x08005e61    0x40  Code  Gb  sprintf.o [3]
strchr                  0x08004401          Code  Gb  strchr.o [5]
strlen                  0x0800445d          Code  Gb  strlen.o [5]
ucHeap                  0x200000b4  0x1400  Data  Lc  heap_4.o [1]
ucMaxSysCallPriority    0x20001656     0x1  Data  Lc  port.o [1]
ui                      0x08009654    0x14  Data  Gb  UI_private.o [1]
ulMaxPRIGROUPValue      0x200015fc     0x4  Data  Lc  port.o [1]
uxCriticalNesting       0x200000ac     0x4  Data  Lc  port.o [1]
uxCurrentNumberOfTasks  0x20001610     0x4  Data  Lc  tasks.o [1]
uxDeletedTasksWaitingCleanUp
                        0x2000160c     0x4  Data  Lc  tasks.o [1]
uxListRemove            0x08000f79    0x26  Code  Gb  list.o [1]
uxPendedTicks           0x20001620     0x4  Data  Lc  tasks.o [1]
uxSchedulerSuspended    0x20001638     0x4  Data  Lc  tasks.o [1]
uxTaskNumber            0x2000162c     0x4  Data  Lc  tasks.o [1]
uxTopReadyPriority      0x20001618     0x4  Data  Lc  tasks.o [1]
vListInitialise         0x08000f07    0x1e  Code  Gb  list.o [1]
vListInitialiseItem     0x08000f25     0x6  Code  Gb  list.o [1]
vListInsert             0x08000f43    0x36  Code  Gb  list.o [1]
vListInsertEnd          0x08000f2b    0x18  Code  Gb  list.o [1]
vPortEnableVFP          0x08001709          Code  Gb  portasm.o [1]
vPortEnterCritical      0x080010e3    0x3a  Code  Gb  port.o [1]
vPortExitCritical       0x0800111d    0x32  Code  Gb  port.o [1]
vPortFree               0x08000d53    0x76  Code  Gb  heap_4.o [1]
vPortStartFirstTask     0x080016e9          Code  Gb  portasm.o [1]
vPortValidateInterruptPriority
                        0x08001179    0x4a  Code  Gb  port.o [1]
vQueueAddToRegistry     0x08001e05    0x24  Code  Gb  queue.o [1]
vQueueWaitForMessageRestricted
                        0x08001e2d    0x4a  Code  Gb  queue.o [1]
vTaskDelay              0x0800047b    0x4c  Code  Gb  tasks.o [1]
vTaskDelete             0x0800039b    0xe0  Code  Gb  tasks.o [1]
vTaskInternalSetTimeOutState
                        0x080008d9    0x12  Code  Gb  tasks.o [1]
vTaskMissedYield        0x08000977     0xa  Code  Gb  tasks.o [1]
vTaskPlaceOnEventList   0x080007cb    0x2e  Code  Gb  tasks.o [1]
vTaskPlaceOnEventListRestricted
                        0x08000811    0x38  Code  Gb  tasks.o [1]
vTaskStartScheduler     0x080004c7    0x6e  Code  Gb  tasks.o [1]
vTaskSuspendAll         0x08000535    0x10  Code  Gb  tasks.o [1]
vTaskSwitchContext      0x0800075d    0x6e  Code  Gb  tasks.o [1]
xActiveTimerList1       0x200015bc    0x14  Data  Lc  timers.o [1]
xActiveTimerList2       0x200015d0    0x14  Data  Lc  timers.o [1]
xBlockAllocatedBit      0x200015f8     0x4  Data  Lc  heap_4.o [1]
xDelayedTaskList1       0x20001558    0x14  Data  Lc  tasks.o [1]
xDelayedTaskList2       0x2000156c    0x14  Data  Lc  tasks.o [1]
xFreeBytesRemaining     0x200015f0     0x4  Data  Lc  heap_4.o [1]
xHeapStructSize         0x08009ca8     0x4  Data  Lc  heap_4.o [1]
xIdleTaskHandle         0x20001634     0x4  Data  Lc  tasks.o [1]
xMinimumEverFreeBytesRemaining
                        0x200015f4     0x4  Data  Lc  heap_4.o [1]
xNextTaskUnblockTime    0x20001630     0x4  Data  Lc  tasks.o [1]
xNumOfOverflows         0x20001628     0x4  Data  Lc  tasks.o [1]
xPendingReadyList       0x20001580    0x14  Data  Lc  tasks.o [1]
xPortStartScheduler     0x08000ffb    0xe8  Code  Gb  port.o [1]
xQueueGenericCreate     0x080017bb    0x4a  Code  Gb  queue.o [1]
xQueueGenericReset      0x08001725    0x96  Code  Gb  queue.o [1]
xQueueGenericSend       0x08001827   0x196  Code  Gb  queue.o [1]
xQueueGenericSendFromISR
                        0x080019bd    0xdc  Code  Gb  queue.o [1]
xQueueGiveFromISR       0x08001a99    0xb4  Code  Gb  queue.o [1]
xQueueReceive           0x08001b4d   0x15a  Code  Gb  queue.o [1]
xQueueRegistry          0x20001518    0x40  Data  Gb  queue.o [1]
xSchedulerRunning       0x2000161c     0x4  Data  Lc  tasks.o [1]
xStart                  0x200015e4     0x8  Data  Lc  heap_4.o [1]
xSuspendedTaskList      0x200015a8    0x14  Data  Lc  tasks.o [1]
xTaskCheckForTimeOut    0x080008f5    0x82  Code  Gb  tasks.o [1]
xTaskCreate             0x080001ad    0x6a  Code  Gb  tasks.o [1]
xTaskGetSchedulerState  0x08000a89    0x20  Code  Gb  tasks.o [1]
xTaskGetTickCount       0x0800063f     0x8  Code  Gb  tasks.o [1]
xTaskIncrementTick      0x08000647   0x116  Code  Gb  tasks.o [1]
xTaskPriorityDisinherit
                        0x08000aa9    0xb6  Code  Gb  tasks.o [1]
xTaskRemoveFromEventList
                        0x08000849    0x84  Code  Gb  tasks.o [1]
xTaskResumeAll          0x08000545    0xfa  Code  Gb  tasks.o [1]
xTasksWaitingTermination
                        0x20001594    0x14  Data  Lc  tasks.o [1]
xTickCount              0x20001614     0x4  Data  Lc  tasks.o [1]
xTimerCreateTimerTask   0x0800122d    0x48  Code  Gb  timers.o [1]
xTimerGenericCommand    0x08001275    0x74  Code  Gb  timers.o [1]
xTimerQueue             0x20001644     0x4  Data  Lc  timers.o [1]
xTimerTaskHandle        0x20001648     0x4  Data  Lc  timers.o [1]
xYieldPending           0x20001624     0x4  Data  Lc  tasks.o [1]


[1] = C:\Users\Ernst\Documents\Repositories\eSolder\Fwm\fwm_eSolder\projects\iar\STM32F427_Debug\Obj
[2] = command line
[3] = dl7M_tln.a
[4] = m7M_tls.a
[5] = rt7M_tl.a
[6] = shb_l.a

  15 042 bytes of readonly  code memory
  25 614 bytes of readonly  data memory
  13 911 bytes of readwrite data memory

Errors: none
Warnings: none
