###############################################################################
#
# IAR ELF Linker V8.11.2.13589/W32 for ARM                01/Dec/2019  17:22:24
# Copyright 2007-2017 IAR Systems AB.
#
#    Output file  =  
#        C:\Users\Ernst\Documents\Repositories\eSolder\Fwm\fwm_eSolder\projects\iar\STM32F427_Debug\Exe\eSolder.out
#    Map file     =  
#        C:\Users\Ernst\Documents\Repositories\eSolder\Fwm\fwm_eSolder\projects\iar\STM32F427_Debug\List\eSolder.map
#    Command line =  
#        -f C:\Users\Ernst\AppData\Local\Temp\EW6467.tmp
#        (C:\Users\Ernst\Documents\Repositories\eSolder\Fwm\fwm_eSolder\projects\iar\STM32F427_Debug\Obj\Arial.o
#        C:\Users\Ernst\Documents\Repositories\eSolder\Fwm\fwm_eSolder\projects\iar\STM32F427_Debug\Obj\button.o
#        C:\Users\Ernst\Documents\Repositories\eSolder\Fwm\fwm_eSolder\projects\iar\STM32F427_Debug\Obj\Courier_New.o
#        C:\Users\Ernst\Documents\Repositories\eSolder\Fwm\fwm_eSolder\projects\iar\STM32F427_Debug\Obj\croutine.o
#        C:\Users\Ernst\Documents\Repositories\eSolder\Fwm\fwm_eSolder\projects\iar\STM32F427_Debug\Obj\DS_Digital.o
#        C:\Users\Ernst\Documents\Repositories\eSolder\Fwm\fwm_eSolder\projects\iar\STM32F427_Debug\Obj\DS_Digital_Small.o
#        C:\Users\Ernst\Documents\Repositories\eSolder\Fwm\fwm_eSolder\projects\iar\STM32F427_Debug\Obj\encoderPannel.o
#        C:\Users\Ernst\Documents\Repositories\eSolder\Fwm\fwm_eSolder\projects\iar\STM32F427_Debug\Obj\encoders.o
#        C:\Users\Ernst\Documents\Repositories\eSolder\Fwm\fwm_eSolder\projects\iar\STM32F427_Debug\Obj\event_groups.o
#        C:\Users\Ernst\Documents\Repositories\eSolder\Fwm\fwm_eSolder\projects\iar\STM32F427_Debug\Obj\gpio.o
#        C:\Users\Ernst\Documents\Repositories\eSolder\Fwm\fwm_eSolder\projects\iar\STM32F427_Debug\Obj\hard.o
#        C:\Users\Ernst\Documents\Repositories\eSolder\Fwm\fwm_eSolder\projects\iar\STM32F427_Debug\Obj\heap_4.o
#        C:\Users\Ernst\Documents\Repositories\eSolder\Fwm\fwm_eSolder\projects\iar\STM32F427_Debug\Obj\ili9341.o
#        C:\Users\Ernst\Documents\Repositories\eSolder\Fwm\fwm_eSolder\projects\iar\STM32F427_Debug\Obj\ili9341_fsmc.o
#        C:\Users\Ernst\Documents\Repositories\eSolder\Fwm\fwm_eSolder\projects\iar\STM32F427_Debug\Obj\keyboard.o
#        C:\Users\Ernst\Documents\Repositories\eSolder\Fwm\fwm_eSolder\projects\iar\STM32F427_Debug\Obj\lcd.o
#        C:\Users\Ernst\Documents\Repositories\eSolder\Fwm\fwm_eSolder\projects\iar\STM32F427_Debug\Obj\lcd_backlight.o
#        C:\Users\Ernst\Documents\Repositories\eSolder\Fwm\fwm_eSolder\projects\iar\STM32F427_Debug\Obj\list.o
#        C:\Users\Ernst\Documents\Repositories\eSolder\Fwm\fwm_eSolder\projects\iar\STM32F427_Debug\Obj\main.o
#        C:\Users\Ernst\Documents\Repositories\eSolder\Fwm\fwm_eSolder\projects\iar\STM32F427_Debug\Obj\mainTSK.o
#        C:\Users\Ernst\Documents\Repositories\eSolder\Fwm\fwm_eSolder\projects\iar\STM32F427_Debug\Obj\mcu.o
#        C:\Users\Ernst\Documents\Repositories\eSolder\Fwm\fwm_eSolder\projects\iar\STM32F427_Debug\Obj\OS.o
#        C:\Users\Ernst\Documents\Repositories\eSolder\Fwm\fwm_eSolder\projects\iar\STM32F427_Debug\Obj\port.o
#        C:\Users\Ernst\Documents\Repositories\eSolder\Fwm\fwm_eSolder\projects\iar\STM32F427_Debug\Obj\portasm.o
#        C:\Users\Ernst\Documents\Repositories\eSolder\Fwm\fwm_eSolder\projects\iar\STM32F427_Debug\Obj\queue.o
#        C:\Users\Ernst\Documents\Repositories\eSolder\Fwm\fwm_eSolder\projects\iar\STM32F427_Debug\Obj\specific_symbol.o
#        C:\Users\Ernst\Documents\Repositories\eSolder\Fwm\fwm_eSolder\projects\iar\STM32F427_Debug\Obj\spiF4.o
#        C:\Users\Ernst\Documents\Repositories\eSolder\Fwm\fwm_eSolder\projects\iar\STM32F427_Debug\Obj\startup_stm32f427xx.o
#        C:\Users\Ernst\Documents\Repositories\eSolder\Fwm\fwm_eSolder\projects\iar\STM32F427_Debug\Obj\stream_buffer.o
#        C:\Users\Ernst\Documents\Repositories\eSolder\Fwm\fwm_eSolder\projects\iar\STM32F427_Debug\Obj\system_stm32f4xx.o
#        C:\Users\Ernst\Documents\Repositories\eSolder\Fwm\fwm_eSolder\projects\iar\STM32F427_Debug\Obj\tasks.o
#        C:\Users\Ernst\Documents\Repositories\eSolder\Fwm\fwm_eSolder\projects\iar\STM32F427_Debug\Obj\timers.o
#        C:\Users\Ernst\Documents\Repositories\eSolder\Fwm\fwm_eSolder\projects\iar\STM32F427_Debug\Obj\UI.o
#        -o
#        C:\Users\Ernst\Documents\Repositories\eSolder\Fwm\fwm_eSolder\projects\iar\STM32F427_Debug\Exe\eSolder.out
#        --map
#        C:\Users\Ernst\Documents\Repositories\eSolder\Fwm\fwm_eSolder\projects\iar\STM32F427_Debug\List\eSolder.map
#        --config "C:\Program Files (x86)\IAR Systems\Embedded Workbench
#        8.0\arm\config\linker\ST\stm32f427xG.icf" --semihosting
#        C:\Users\Ernst\Documents\Repositories\eSolder\Fwm\fwm_eSolder\projects\iar\..\..\modules\IQ\IQmathLib-cm4.a
#        --entry __iar_program_start --vfe --text_out locale)
#
###############################################################################

*******************************************************************************
*** RUNTIME MODEL ATTRIBUTES
***

CppFlavor       = *
__SystemLibrary = DLib
__dlib_version  = 6


*******************************************************************************
*** HEAP SELECTION
***

The basic heap was selected because no calls to memory allocation
functions were found in the application outside of system library
functions, and there are calls to deallocation functions in the
application.


*******************************************************************************
*** PLACEMENT SUMMARY
***

"A0":  place at 0x08000000 { ro section .intvec };
"P1":  place in [from 0x08000000 to 0x080fffff] { ro };
define block CSTACK with size = 8K, alignment = 8 { };
"P3":  place in [from 0x10000000 to 0x1000ffff] {
          block CSTACK, section .ccram };
define block HEAP with size = 8K, alignment = 8 { };
"P4":  place in [from 0x20000000 to 0x2001bfff] |
                [from 0x2001c000 to 0x2001ffff] |
                [from 0x20020000 to 0x2002ffff] { rw, block HEAP };
initialize by copy { rw };

  Section            Kind        Address     Size  Object
  -------            ----        -------     ----  ------
"A0":                                       0x1ac
  .intvec            ro code  0x08000000    0x1ac  startup_stm32f427xx.o [1]
                            - 0x080001ac    0x1ac

"P1":                                      0x5e24
  .text              ro code  0x080001ac    0xa98  tasks.o [1]
  .text              ro code  0x08000c44    0x25c  heap_4.o [1]
  .text              ro code  0x08000ea0     0x66  ABImemset.o [5]
  .text              ro code  0x08000f06     0x98  list.o [1]
  .text              ro code  0x08000fa0    0x284  port.o [1]
  .text              ro code  0x08001224    0x448  timers.o [1]
  CODE               ro code  0x0800166c     0xb0  portasm.o [1]
  .text              ro code  0x0800171c    0x752  queue.o [1]
  .text              ro code  0x08001e70     0xa6  ABImemcpy.o [5]
  .rodata            const    0x08001f18    0x2f8  Arial.o [1]
  .text              ro code  0x08002210    0x236  lcd.o [1]
  .text              ro code  0x08002448    0x150  ili9341.o [1]
  .text              ro code  0x08002598      0x8  ili9341_fsmc.o [1]
  .text              ro code  0x080025a0    0x178  encoders.o [1]
  .text              ro code  0x08002718    0x130  gpio.o [1]
  .text              ro code  0x08002848     0x24  ABIassert.o [6]
  .text              ro code  0x0800286c      0x6  abort.o [3]
  .text              ro code  0x08002874     0x14  exit.o [6]
  .rodata            const    0x08002888    0x120  DS_Digital_Small.o [1]
  .text              ro code  0x080029a8    0x118  system_stm32f4xx.o [1]
  .text              ro code  0x08002ac0    0x110  spiF4.o [1]
  .text              ro code  0x08002bd0     0xfc  UI.o [1]
  .rodata            const    0x08002ccc     0xf8  DS_Digital.o [1]
  .text              ro code  0x08002dc4     0xe4  mcu.o [1]
  .rodata            const    0x08002ea8     0xd4  DS_Digital.o [1]
  .rodata            const    0x08002f7c     0xa0  DS_Digital.o [1]
  .rodata            const    0x0800301c     0xa0  DS_Digital.o [1]
  .rodata            const    0x080030bc     0xa0  DS_Digital.o [1]
  .rodata            const    0x0800315c     0xa0  DS_Digital.o [1]
  .rodata            const    0x080031fc     0xa0  DS_Digital.o [1]
  .rodata            const    0x0800329c     0xa0  DS_Digital.o [1]
  .rodata            const    0x0800333c     0xa0  DS_Digital.o [1]
  .rodata            const    0x080033dc     0xa0  DS_Digital.o [1]
  .rodata            const    0x0800347c     0xa0  DS_Digital.o [1]
  .rodata            const    0x0800351c     0xa0  DS_Digital.o [1]
  .rodata            const    0x080035bc     0xa0  DS_Digital.o [1]
  .rodata            const    0x0800365c     0xa0  DS_Digital.o [1]
  .rodata            const    0x080036fc     0xa0  DS_Digital.o [1]
  .rodata            const    0x0800379c     0xa0  DS_Digital.o [1]
  .rodata            const    0x0800383c     0xa0  DS_Digital.o [1]
  .rodata            const    0x080038dc     0xa0  DS_Digital.o [1]
  .rodata            const    0x0800397c     0xa0  DS_Digital.o [1]
  .rodata            const    0x08003a1c     0xa0  DS_Digital.o [1]
  .rodata            const    0x08003abc     0xa0  DS_Digital.o [1]
  .rodata            const    0x08003b5c     0xa0  DS_Digital.o [1]
  .rodata            const    0x08003bfc     0xa0  DS_Digital.o [1]
  .rodata            const    0x08003c9c     0xa0  DS_Digital.o [1]
  .rodata            const    0x08003d3c     0xa0  DS_Digital.o [1]
  .rodata            const    0x08003ddc     0xa0  DS_Digital.o [1]
  .rodata            const    0x08003e7c     0xa0  DS_Digital.o [1]
  .rodata            const    0x08003f1c     0xa0  DS_Digital.o [1]
  .rodata            const    0x08003fbc     0xa0  DS_Digital.o [1]
  .rodata            const    0x0800405c     0xa0  DS_Digital.o [1]
  .rodata            const    0x080040fc     0xa0  DS_Digital.o [1]
  .text              ro code  0x0800419c     0xa0  OS.o [1]
  .text              ro code  0x0800423c     0x10  hard.o [1]
  .text              ro code  0x0800424c     0x98  keyboard.o [1]
  .text              ro code  0x080042e4     0x34  lcd_backlight.o [1]
  .text              ro code  0x08004318     0x8e  button.o [1]
  .text              ro code  0x080043a8     0x84  mainTSK.o [1]
  .rodata            const    0x0800442c     0x58  gpio.o [1]
  .rodata            const    0x08004484     0x4c  DS_Digital_Small.o [1]
  .rodata            const    0x080044d0     0x4c  DS_Digital_Small.o [1]
  .rodata            const    0x0800451c     0x4c  DS_Digital_Small.o [1]
  .rodata            const    0x08004568     0x4c  DS_Digital_Small.o [1]
  .rodata            const    0x080045b4     0x4c  DS_Digital_Small.o [1]
  .rodata            const    0x08004600     0x4c  DS_Digital_Small.o [1]
  .rodata            const    0x0800464c     0x4c  DS_Digital_Small.o [1]
  .rodata            const    0x08004698     0x4c  DS_Digital_Small.o [1]
  .rodata            const    0x080046e4     0x4c  DS_Digital_Small.o [1]
  .rodata            const    0x08004730     0x4c  DS_Digital_Small.o [1]
  .rodata            const    0x0800477c     0x4c  DS_Digital_Small.o [1]
  .rodata            const    0x080047c8     0x4c  DS_Digital_Small.o [1]
  .rodata            const    0x08004814     0x4c  DS_Digital_Small.o [1]
  .rodata            const    0x08004860     0x48  DS_Digital_Small.o [1]
  .rodata            const    0x080048a8     0x48  DS_Digital_Small.o [1]
  .rodata            const    0x080048f0     0x48  DS_Digital_Small.o [1]
  .rodata            const    0x08004938     0x48  DS_Digital_Small.o [1]
  .rodata            const    0x08004980     0x48  DS_Digital_Small.o [1]
  .rodata            const    0x080049c8     0x48  DS_Digital_Small.o [1]
  .rodata            const    0x08004a10     0x48  DS_Digital_Small.o [1]
  .rodata            const    0x08004a58     0x44  UI.o [1]
  .text              ro code  0x08004a9c     0x40  zero_init3.o [5]
  .rodata            const    0x08004adc     0x34  DS_Digital_Small.o [1]
  .rodata            const    0x08004b10     0x34  DS_Digital_Small.o [1]
  .rodata            const    0x08004b44     0x34  DS_Digital_Small.o [1]
  .rodata            const    0x08004b78     0x34  DS_Digital_Small.o [1]
  .rodata            const    0x08004bac     0x34  DS_Digital_Small.o [1]
  .rodata            const    0x08004be0     0x34  DS_Digital_Small.o [1]
  .rodata            const    0x08004c14     0x34  DS_Digital_Small.o [1]
  .rodata            const    0x08004c48     0x34  DS_Digital_Small.o [1]
  .text              ro code  0x08004c7c     0x2c  copy_init3.o [5]
  .text              ro code  0x08004ca8     0x28  data_init.o [5]
  .rodata            const    0x08004cd0     0x24  Arial.o [1]
  .rodata            const    0x08004cf4     0x24  Arial.o [1]
  .rodata            const    0x08004d18     0x24  Arial.o [1]
  .rodata            const    0x08004d3c     0x24  Arial.o [1]
  .rodata            const    0x08004d60     0x24  Arial.o [1]
  .rodata            const    0x08004d84     0x24  Arial.o [1]
  .rodata            const    0x08004da8     0x24  Arial.o [1]
  .rodata            const    0x08004dcc     0x24  Arial.o [1]
  .rodata            const    0x08004df0     0x24  Arial.o [1]
  .rodata            const    0x08004e14     0x24  Arial.o [1]
  .rodata            const    0x08004e38     0x24  Arial.o [1]
  .rodata            const    0x08004e5c     0x24  Arial.o [1]
  .rodata            const    0x08004e80     0x24  Arial.o [1]
  .rodata            const    0x08004ea4     0x24  Arial.o [1]
  .rodata            const    0x08004ec8     0x24  Arial.o [1]
  .rodata            const    0x08004eec     0x24  Arial.o [1]
  .rodata            const    0x08004f10     0x24  Arial.o [1]
  .rodata            const    0x08004f34     0x24  Arial.o [1]
  .rodata            const    0x08004f58     0x24  Arial.o [1]
  .rodata            const    0x08004f7c     0x24  Arial.o [1]
  .rodata            const    0x08004fa0     0x24  Arial.o [1]
  .rodata            const    0x08004fc4     0x24  Arial.o [1]
  .rodata            const    0x08004fe8     0x24  Arial.o [1]
  .rodata            const    0x0800500c     0x24  Arial.o [1]
  .rodata            const    0x08005030     0x24  Arial.o [1]
  .rodata            const    0x08005054     0x24  Arial.o [1]
  .rodata            const    0x08005078     0x24  Arial.o [1]
  .rodata            const    0x0800509c     0x24  Arial.o [1]
  .rodata            const    0x080050c0     0x24  Arial.o [1]
  .rodata            const    0x080050e4     0x24  Arial.o [1]
  .rodata            const    0x08005108     0x24  Arial.o [1]
  .rodata            const    0x0800512c     0x24  Arial.o [1]
  .rodata            const    0x08005150     0x24  Arial.o [1]
  .rodata            const    0x08005174     0x24  Arial.o [1]
  .rodata            const    0x08005198     0x24  Arial.o [1]
  .rodata            const    0x080051bc     0x24  Arial.o [1]
  .rodata            const    0x080051e0     0x24  Arial.o [1]
  .rodata            const    0x08005204     0x24  Arial.o [1]
  .rodata            const    0x08005228     0x24  Arial.o [1]
  .rodata            const    0x0800524c     0x24  Arial.o [1]
  .rodata            const    0x08005270     0x24  Arial.o [1]
  .rodata            const    0x08005294     0x24  Arial.o [1]
  .rodata            const    0x080052b8     0x24  Arial.o [1]
  .rodata            const    0x080052dc     0x24  Arial.o [1]
  .rodata            const    0x08005300     0x24  Arial.o [1]
  .rodata            const    0x08005324     0x24  Arial.o [1]
  .rodata            const    0x08005348     0x24  Arial.o [1]
  .rodata            const    0x0800536c     0x24  Arial.o [1]
  .rodata            const    0x08005390     0x24  Arial.o [1]
  .rodata            const    0x080053b4     0x24  Arial.o [1]
  .rodata            const    0x080053d8     0x24  Arial.o [1]
  .rodata            const    0x080053fc     0x24  Arial.o [1]
  .rodata            const    0x08005420     0x24  Arial.o [1]
  .rodata            const    0x08005444     0x24  Arial.o [1]
  .rodata            const    0x08005468     0x24  Arial.o [1]
  .rodata            const    0x0800548c     0x24  Arial.o [1]
  .text              ro code  0x080054b0     0x22  fpinit_M.o [4]
  .iar.init_table    const    0x080054d4     0x24  - Linker created -
  .text              ro code  0x080054f8     0x1a  cmain.o [5]
  .text              ro code  0x08005512      0x4  low_level_init.o [3]
  .text              ro code  0x08005516     0x10  main.o [1]
  .text              ro code  0x08005526      0x4  exit.o [3]
  .text              ro code  0x0800552c      0xa  cexit.o [5]
  .rodata            const    0x08005538     0x18  DS_Digital_Small.o [1]
  .rodata            const    0x08005550     0x18  DS_Digital_Small.o [1]
  .rodata            const    0x08005568     0x14  Arial.o [1]
  .rodata            const    0x0800557c     0x14  Arial.o [1]
  .rodata            const    0x08005590     0x14  Arial.o [1]
  .rodata            const    0x080055a4     0x14  Arial.o [1]
  .rodata            const    0x080055b8     0x14  Arial.o [1]
  .rodata            const    0x080055cc     0x14  Arial.o [1]
  .rodata            const    0x080055e0     0x14  Arial.o [1]
  .rodata            const    0x080055f4     0x14  Arial.o [1]
  .rodata            const    0x08005608     0x14  Arial.o [1]
  .rodata            const    0x0800561c     0x14  Arial.o [1]
  .rodata            const    0x08005630     0x14  Arial.o [1]
  .rodata            const    0x08005644     0x14  Arial.o [1]
  .rodata            const    0x08005658     0x14  Arial.o [1]
  .rodata            const    0x0800566c     0x14  Arial.o [1]
  .rodata            const    0x08005680     0x14  Arial.o [1]
  .rodata            const    0x08005694     0x14  Arial.o [1]
  .rodata            const    0x080056a8     0x14  Arial.o [1]
  .rodata            const    0x080056bc     0x14  Arial.o [1]
  .rodata            const    0x080056d0     0x14  Arial.o [1]
  .rodata            const    0x080056e4     0x14  Arial.o [1]
  .rodata            const    0x080056f8     0x14  Arial.o [1]
  .rodata            const    0x0800570c     0x14  Arial.o [1]
  .rodata            const    0x08005720     0x14  Arial.o [1]
  .rodata            const    0x08005734     0x14  Arial.o [1]
  .rodata            const    0x08005748     0x14  Arial.o [1]
  .rodata            const    0x0800575c     0x14  Arial.o [1]
  .rodata            const    0x08005770     0x14  Arial.o [1]
  .rodata            const    0x08005784     0x14  Arial.o [1]
  .rodata            const    0x08005798     0x14  Arial.o [1]
  .rodata            const    0x080057ac     0x14  Arial.o [1]
  .rodata            const    0x080057c0     0x14  Arial.o [1]
  .rodata            const    0x080057d4     0x14  Arial.o [1]
  .rodata            const    0x080057e8     0x14  Arial.o [1]
  .rodata            const    0x080057fc     0x14  Arial.o [1]
  .rodata            const    0x08005810     0x14  Arial.o [1]
  .rodata            const    0x08005824     0x14  Arial.o [1]
  .rodata            const    0x08005838     0x14  Arial.o [1]
  .rodata            const    0x0800584c     0x14  Arial.o [1]
  .rodata            const    0x08005860     0x14  Arial.o [1]
  .rodata            const    0x08005874     0x10  system_stm32f4xx.o [1]
  .text              ro code  0x08005884     0x10  startup_stm32f427xx.o [1]
  .text              ro code  0x08005894      0xc  cstartup_M.o [5]
  .rodata            const    0x080058a0      0x8  Arial.o [1]
  .rodata            const    0x080058a8      0x8  Arial.o [1]
  .rodata            const    0x080058b0      0x8  Arial.o [1]
  .rodata            const    0x080058b8      0x8  Arial.o [1]
  .rodata            const    0x080058c0      0x8  Arial.o [1]
  .rodata            const    0x080058c8      0x8  Arial.o [1]
  .rodata            const    0x080058d0      0x8  Arial.o [1]
  .rodata            const    0x080058d8      0x8  Arial.o [1]
  .rodata            const    0x080058e0      0x8  Arial.o [1]
  .rodata            const    0x080058e8      0x8  Arial.o [1]
  .rodata            const    0x080058f0      0x8  Arial.o [1]
  .rodata            const    0x080058f8      0x8  Arial.o [1]
  .rodata            const    0x08005900      0x8  Arial.o [1]
  .rodata            const    0x08005908      0x8  Arial.o [1]
  .rodata            const    0x08005910      0x8  Arial.o [1]
  .rodata            const    0x08005918      0x8  Arial.o [1]
  .rodata            const    0x08005920      0x8  Arial.o [1]
  .rodata            const    0x08005928      0x8  Arial.o [1]
  .rodata            const    0x08005930      0x8  Arial.o [1]
  .rodata            const    0x08005938      0x8  Arial.o [1]
  .rodata            const    0x08005940      0x8  Arial.o [1]
  .rodata            const    0x08005948      0x8  Arial.o [1]
  .rodata            const    0x08005950      0x8  Arial.o [1]
  .rodata            const    0x08005958      0x8  Arial.o [1]
  .rodata            const    0x08005960      0x8  Arial.o [1]
  .rodata            const    0x08005968      0x8  Arial.o [1]
  .rodata            const    0x08005970      0x8  Arial.o [1]
  .rodata            const    0x08005978      0x8  Arial.o [1]
  .rodata            const    0x08005980      0x8  Arial.o [1]
  .rodata            const    0x08005988      0x8  Arial.o [1]
  .rodata            const    0x08005990      0x8  Arial.o [1]
  .rodata            const    0x08005998      0x8  Arial.o [1]
  .rodata            const    0x080059a0      0x8  Arial.o [1]
  .rodata            const    0x080059a8      0x8  Arial.o [1]
  .rodata            const    0x080059b0      0x8  Arial.o [1]
  .rodata            const    0x080059b8      0x8  Arial.o [1]
  .rodata            const    0x080059c0      0x8  Arial.o [1]
  .rodata            const    0x080059c8      0x8  Arial.o [1]
  .rodata            const    0x080059d0      0x8  Arial.o [1]
  .rodata            const    0x080059d8      0x8  Arial.o [1]
  .rodata            const    0x080059e0      0x8  Arial.o [1]
  .rodata            const    0x080059e8      0x8  Arial.o [1]
  .rodata            const    0x080059f0      0x8  Arial.o [1]
  .rodata            const    0x080059f8      0x8  Arial.o [1]
  .rodata            const    0x08005a00      0x8  Arial.o [1]
  .rodata            const    0x08005a08      0x8  Arial.o [1]
  .rodata            const    0x08005a10      0x8  Arial.o [1]
  .rodata            const    0x08005a18      0x8  Arial.o [1]
  .rodata            const    0x08005a20      0x8  Arial.o [1]
  .rodata            const    0x08005a28      0x8  Arial.o [1]
  .rodata            const    0x08005a30      0x8  Arial.o [1]
  .rodata            const    0x08005a38      0x8  Arial.o [1]
  .rodata            const    0x08005a40      0x8  Arial.o [1]
  .rodata            const    0x08005a48      0x8  Arial.o [1]
  .rodata            const    0x08005a50      0x8  Arial.o [1]
  .rodata            const    0x08005a58      0x8  Arial.o [1]
  .rodata            const    0x08005a60      0x8  Arial.o [1]
  .rodata            const    0x08005a68      0x8  Arial.o [1]
  .rodata            const    0x08005a70      0x8  Arial.o [1]
  .rodata            const    0x08005a78      0x8  Arial.o [1]
  .rodata            const    0x08005a80      0x8  Arial.o [1]
  .rodata            const    0x08005a88      0x8  Arial.o [1]
  .rodata            const    0x08005a90      0x8  Arial.o [1]
  .rodata            const    0x08005a98      0x8  Arial.o [1]
  .rodata            const    0x08005aa0      0x8  Arial.o [1]
  .rodata            const    0x08005aa8      0x8  Arial.o [1]
  .rodata            const    0x08005ab0      0x8  Arial.o [1]
  .rodata            const    0x08005ab8      0x8  Arial.o [1]
  .rodata            const    0x08005ac0      0x8  Arial.o [1]
  .rodata            const    0x08005ac8      0x8  Arial.o [1]
  .rodata            const    0x08005ad0      0x8  Arial.o [1]
  .rodata            const    0x08005ad8      0x8  Arial.o [1]
  .rodata            const    0x08005ae0      0x8  Arial.o [1]
  .rodata            const    0x08005ae8      0x8  Arial.o [1]
  .rodata            const    0x08005af0      0x8  Arial.o [1]
  .rodata            const    0x08005af8      0x8  Arial.o [1]
  .rodata            const    0x08005b00      0x8  Arial.o [1]
  .rodata            const    0x08005b08      0x8  Arial.o [1]
  .rodata            const    0x08005b10      0x8  Arial.o [1]
  .rodata            const    0x08005b18      0x8  Arial.o [1]
  .rodata            const    0x08005b20      0x8  Arial.o [1]
  .rodata            const    0x08005b28      0x8  Arial.o [1]
  .rodata            const    0x08005b30      0x8  Arial.o [1]
  .rodata            const    0x08005b38      0x8  Arial.o [1]
  .rodata            const    0x08005b40      0x8  Arial.o [1]
  .rodata            const    0x08005b48      0x8  Arial.o [1]
  .rodata            const    0x08005b50      0x8  Arial.o [1]
  .rodata            const    0x08005b58      0x8  Arial.o [1]
  .rodata            const    0x08005b60      0x8  Arial.o [1]
  .rodata            const    0x08005b68      0x8  Arial.o [1]
  .rodata            const    0x08005b70      0x8  Arial.o [1]
  .rodata            const    0x08005b78      0x8  Arial.o [1]
  .rodata            const    0x08005b80      0x8  Arial.o [1]
  .rodata            const    0x08005b88      0x8  Arial.o [1]
  .rodata            const    0x08005b90      0x8  Arial.o [1]
  .rodata            const    0x08005b98      0x8  Arial.o [1]
  .rodata            const    0x08005ba0      0x8  DS_Digital.o [1]
  .rodata            const    0x08005ba8      0x8  DS_Digital.o [1]
  .rodata            const    0x08005bb0      0x8  DS_Digital.o [1]
  .rodata            const    0x08005bb8      0x8  DS_Digital.o [1]
  .rodata            const    0x08005bc0      0x8  DS_Digital.o [1]
  .rodata            const    0x08005bc8      0x8  DS_Digital.o [1]
  .rodata            const    0x08005bd0      0x8  DS_Digital.o [1]
  .rodata            const    0x08005bd8      0x8  DS_Digital.o [1]
  .rodata            const    0x08005be0      0x8  DS_Digital.o [1]
  .rodata            const    0x08005be8      0x8  DS_Digital.o [1]
  .rodata            const    0x08005bf0      0x8  DS_Digital.o [1]
  .rodata            const    0x08005bf8      0x8  DS_Digital.o [1]
  .rodata            const    0x08005c00      0x8  DS_Digital.o [1]
  .rodata            const    0x08005c08      0x8  DS_Digital.o [1]
  .rodata            const    0x08005c10      0x8  DS_Digital.o [1]
  .rodata            const    0x08005c18      0x8  DS_Digital.o [1]
  .rodata            const    0x08005c20      0x8  DS_Digital.o [1]
  .rodata            const    0x08005c28      0x8  DS_Digital.o [1]
  .rodata            const    0x08005c30      0x8  DS_Digital.o [1]
  .rodata            const    0x08005c38      0x8  DS_Digital.o [1]
  .rodata            const    0x08005c40      0x8  DS_Digital.o [1]
  .rodata            const    0x08005c48      0x8  DS_Digital.o [1]
  .rodata            const    0x08005c50      0x8  DS_Digital.o [1]
  .rodata            const    0x08005c58      0x8  DS_Digital.o [1]
  .rodata            const    0x08005c60      0x8  DS_Digital.o [1]
  .rodata            const    0x08005c68      0x8  DS_Digital.o [1]
  .rodata            const    0x08005c70      0x8  DS_Digital.o [1]
  .rodata            const    0x08005c78      0x8  DS_Digital.o [1]
  .rodata            const    0x08005c80      0x8  DS_Digital.o [1]
  .rodata            const    0x08005c88      0x8  DS_Digital.o [1]
  .rodata            const    0x08005c90      0x8  DS_Digital.o [1]
  .rodata            const    0x08005c98      0x8  DS_Digital.o [1]
  .rodata            const    0x08005ca0      0x8  DS_Digital.o [1]
  .rodata            const    0x08005ca8      0x8  DS_Digital_Small.o [1]
  .rodata            const    0x08005cb0      0x8  DS_Digital_Small.o [1]
  .rodata            const    0x08005cb8      0x8  DS_Digital_Small.o [1]
  .rodata            const    0x08005cc0      0x8  DS_Digital_Small.o [1]
  .rodata            const    0x08005cc8      0x8  DS_Digital_Small.o [1]
  .rodata            const    0x08005cd0      0x8  DS_Digital_Small.o [1]
  .rodata            const    0x08005cd8      0x8  DS_Digital_Small.o [1]
  .rodata            const    0x08005ce0      0x8  DS_Digital_Small.o [1]
  .rodata            const    0x08005ce8      0x8  DS_Digital_Small.o [1]
  .rodata            const    0x08005cf0      0x8  DS_Digital_Small.o [1]
  .rodata            const    0x08005cf8      0x8  DS_Digital_Small.o [1]
  .rodata            const    0x08005d00      0x8  DS_Digital_Small.o [1]
  .rodata            const    0x08005d08      0x8  DS_Digital_Small.o [1]
  .rodata            const    0x08005d10      0x8  DS_Digital_Small.o [1]
  .rodata            const    0x08005d18      0x8  DS_Digital_Small.o [1]
  .rodata            const    0x08005d20      0x8  DS_Digital_Small.o [1]
  .rodata            const    0x08005d28      0x8  DS_Digital_Small.o [1]
  .rodata            const    0x08005d30      0x8  DS_Digital_Small.o [1]
  .rodata            const    0x08005d38      0x8  DS_Digital_Small.o [1]
  .rodata            const    0x08005d40      0x8  DS_Digital_Small.o [1]
  .rodata            const    0x08005d48      0x8  DS_Digital_Small.o [1]
  .rodata            const    0x08005d50      0x8  DS_Digital_Small.o [1]
  .rodata            const    0x08005d58      0x8  DS_Digital_Small.o [1]
  .rodata            const    0x08005d60      0x8  DS_Digital_Small.o [1]
  .rodata            const    0x08005d68      0x8  DS_Digital_Small.o [1]
  .rodata            const    0x08005d70      0x8  DS_Digital_Small.o [1]
  .rodata            const    0x08005d78      0x8  DS_Digital_Small.o [1]
  .rodata            const    0x08005d80      0x8  DS_Digital_Small.o [1]
  .rodata            const    0x08005d88      0x8  DS_Digital_Small.o [1]
  .rodata            const    0x08005d90      0x8  DS_Digital_Small.o [1]
  .rodata            const    0x08005d98      0x8  DS_Digital_Small.o [1]
  .rodata            const    0x08005da0      0x8  DS_Digital_Small.o [1]
  .rodata            const    0x08005da8      0x8  DS_Digital_Small.o [1]
  .rodata            const    0x08005db0      0x8  DS_Digital_Small.o [1]
  .rodata            const    0x08005db8      0x8  DS_Digital_Small.o [1]
  .rodata            const    0x08005dc0      0x8  DS_Digital_Small.o [1]
  .rodata            const    0x08005dc8      0x8  DS_Digital_Small.o [1]
  .rodata            const    0x08005dd0      0x8  DS_Digital_Small.o [1]
  .rodata            const    0x08005dd8      0x8  DS_Digital_Small.o [1]
  .rodata            const    0x08005de0      0x8  DS_Digital_Small.o [1]
  .rodata            const    0x08005de8      0x8  DS_Digital_Small.o [1]
  .rodata            const    0x08005df0      0x8  DS_Digital_Small.o [1]
  .rodata            const    0x08005df8      0x8  DS_Digital_Small.o [1]
  .rodata            const    0x08005e00      0x8  gpio.o [1]
  .rodata            const    0x08005e08      0x8  OS.o [1]
  .rodata            const    0x08005e10      0x8  OS.o [1]
  .rodata            const    0x08005e18      0x8  OS.o [1]
  .rodata            const    0x08005e20      0x8  tasks.o [1]
  .rodata            const    0x08005e28      0x8  timers.o [1]
  .rodata            const    0x08005e30      0x8  timers.o [1]
  .rodata            const    0x08005e38      0x8  UI.o [1]
  .rodata            const    0x08005e40      0x8  UI.o [1]
  .rodata            const    0x08005e48      0x8  UI.o [1]
  .rodata            const    0x08005e50      0x4  heap_4.o [1]
  .rodata            const    0x08005e54      0x4  port.o [1]
  .text              ro code  0x08005e58      0x4  startup_stm32f427xx.o [1]
  .text              ro code  0x08005e5c      0x4  startup_stm32f427xx.o [1]
  .text              ro code  0x08005e60      0x4  startup_stm32f427xx.o [1]
  .text              ro code  0x08005e64      0x4  startup_stm32f427xx.o [1]
  .text              ro code  0x08005e68      0x4  startup_stm32f427xx.o [1]
  .text              ro code  0x08005e6c      0x4  startup_stm32f427xx.o [1]
  .text              ro code  0x08005e70      0x4  startup_stm32f427xx.o [1]
  .text              ro code  0x08005e74      0x4  startup_stm32f427xx.o [1]
  .text              ro code  0x08005e78      0x4  startup_stm32f427xx.o [1]
  .text              ro code  0x08005e7c      0x4  startup_stm32f427xx.o [1]
  .text              ro code  0x08005e80      0x4  startup_stm32f427xx.o [1]
  .text              ro code  0x08005e84      0x4  startup_stm32f427xx.o [1]
  .text              ro code  0x08005e88      0x4  startup_stm32f427xx.o [1]
  .text              ro code  0x08005e8c      0x4  startup_stm32f427xx.o [1]
  .text              ro code  0x08005e90      0x4  startup_stm32f427xx.o [1]
  .text              ro code  0x08005e94      0x4  startup_stm32f427xx.o [1]
  .text              ro code  0x08005e98      0x4  startup_stm32f427xx.o [1]
  .text              ro code  0x08005e9c      0x4  startup_stm32f427xx.o [1]
  .text              ro code  0x08005ea0      0x4  startup_stm32f427xx.o [1]
  .text              ro code  0x08005ea4      0x4  startup_stm32f427xx.o [1]
  .text              ro code  0x08005ea8      0x4  startup_stm32f427xx.o [1]
  .text              ro code  0x08005eac      0x4  startup_stm32f427xx.o [1]
  .text              ro code  0x08005eb0      0x4  startup_stm32f427xx.o [1]
  .text              ro code  0x08005eb4      0x4  startup_stm32f427xx.o [1]
  .text              ro code  0x08005eb8      0x4  startup_stm32f427xx.o [1]
  .text              ro code  0x08005ebc      0x4  startup_stm32f427xx.o [1]
  .text              ro code  0x08005ec0      0x4  startup_stm32f427xx.o [1]
  .text              ro code  0x08005ec4      0x4  startup_stm32f427xx.o [1]
  .text              ro code  0x08005ec8      0x4  startup_stm32f427xx.o [1]
  .text              ro code  0x08005ecc      0x4  startup_stm32f427xx.o [1]
  .text              ro code  0x08005ed0      0x4  startup_stm32f427xx.o [1]
  .text              ro code  0x08005ed4      0x4  startup_stm32f427xx.o [1]
  .text              ro code  0x08005ed8      0x4  startup_stm32f427xx.o [1]
  .text              ro code  0x08005edc      0x4  startup_stm32f427xx.o [1]
  .text              ro code  0x08005ee0      0x4  startup_stm32f427xx.o [1]
  .text              ro code  0x08005ee4      0x4  startup_stm32f427xx.o [1]
  .text              ro code  0x08005ee8      0x4  startup_stm32f427xx.o [1]
  .text              ro code  0x08005eec      0x4  startup_stm32f427xx.o [1]
  .text              ro code  0x08005ef0      0x4  startup_stm32f427xx.o [1]
  .text              ro code  0x08005ef4      0x4  startup_stm32f427xx.o [1]
  .text              ro code  0x08005ef8      0x4  startup_stm32f427xx.o [1]
  .text              ro code  0x08005efc      0x4  startup_stm32f427xx.o [1]
  .text              ro code  0x08005f00      0x4  startup_stm32f427xx.o [1]
  .text              ro code  0x08005f04      0x4  startup_stm32f427xx.o [1]
  .text              ro code  0x08005f08      0x4  startup_stm32f427xx.o [1]
  .text              ro code  0x08005f0c      0x4  startup_stm32f427xx.o [1]
  .text              ro code  0x08005f10      0x4  startup_stm32f427xx.o [1]
  .text              ro code  0x08005f14      0x4  startup_stm32f427xx.o [1]
  .text              ro code  0x08005f18      0x4  startup_stm32f427xx.o [1]
  .text              ro code  0x08005f1c      0x4  startup_stm32f427xx.o [1]
  .text              ro code  0x08005f20      0x4  startup_stm32f427xx.o [1]
  .text              ro code  0x08005f24      0x4  startup_stm32f427xx.o [1]
  .text              ro code  0x08005f28      0x4  startup_stm32f427xx.o [1]
  .text              ro code  0x08005f2c      0x4  startup_stm32f427xx.o [1]
  .text              ro code  0x08005f30      0x4  startup_stm32f427xx.o [1]
  .text              ro code  0x08005f34      0x4  startup_stm32f427xx.o [1]
  .text              ro code  0x08005f38      0x4  startup_stm32f427xx.o [1]
  .text              ro code  0x08005f3c      0x4  startup_stm32f427xx.o [1]
  .text              ro code  0x08005f40      0x4  startup_stm32f427xx.o [1]
  .text              ro code  0x08005f44      0x4  startup_stm32f427xx.o [1]
  .text              ro code  0x08005f48      0x4  startup_stm32f427xx.o [1]
  .text              ro code  0x08005f4c      0x4  startup_stm32f427xx.o [1]
  .text              ro code  0x08005f50      0x4  startup_stm32f427xx.o [1]
  .text              ro code  0x08005f54      0x4  startup_stm32f427xx.o [1]
  .text              ro code  0x08005f58      0x4  startup_stm32f427xx.o [1]
  .text              ro code  0x08005f5c      0x4  startup_stm32f427xx.o [1]
  .text              ro code  0x08005f60      0x4  startup_stm32f427xx.o [1]
  .text              ro code  0x08005f64      0x4  startup_stm32f427xx.o [1]
  .text              ro code  0x08005f68      0x4  startup_stm32f427xx.o [1]
  .text              ro code  0x08005f6c      0x4  startup_stm32f427xx.o [1]
  .text              ro code  0x08005f70      0x4  startup_stm32f427xx.o [1]
  .text              ro code  0x08005f74      0x4  startup_stm32f427xx.o [1]
  .text              ro code  0x08005f78      0x4  startup_stm32f427xx.o [1]
  .text              ro code  0x08005f7c      0x4  startup_stm32f427xx.o [1]
  .text              ro code  0x08005f80      0x4  startup_stm32f427xx.o [1]
  .text              ro code  0x08005f84      0x4  startup_stm32f427xx.o [1]
  .text              ro code  0x08005f88      0x4  startup_stm32f427xx.o [1]
  .text              ro code  0x08005f8c      0x4  startup_stm32f427xx.o [1]
  .text              ro code  0x08005f90      0x4  startup_stm32f427xx.o [1]
  .text              ro code  0x08005f94      0x4  startup_stm32f427xx.o [1]
  .text              ro code  0x08005f98      0x4  startup_stm32f427xx.o [1]
  .text              ro code  0x08005f9c      0x4  startup_stm32f427xx.o [1]
  .text              ro code  0x08005fa0      0x4  startup_stm32f427xx.o [1]
  .text              ro code  0x08005fa4      0x4  startup_stm32f427xx.o [1]
  .text              ro code  0x08005fa8      0x4  startup_stm32f427xx.o [1]
  .text              ro code  0x08005fac      0x4  startup_stm32f427xx.o [1]
  .text              ro code  0x08005fb0      0x4  startup_stm32f427xx.o [1]
  .text              ro code  0x08005fb4      0x4  startup_stm32f427xx.o [1]
  .text              ro code  0x08005fb8      0x4  startup_stm32f427xx.o [1]
  .text              ro code  0x08005fbc      0x4  startup_stm32f427xx.o [1]
  .rodata            const    0x08005fc0      0x0  zero_init3.o [5]
  .rodata            const    0x08005fc0      0x0  copy_init3.o [5]
  Initializer bytes  const    0x08005fc0     0x10  <for P4 s0>
                            - 0x08005fd0   0x5e24

"P3":                                      0x2000
  CSTACK                      0x10000000   0x2000  <Block>
    CSTACK           uninit   0x10000000   0x2000  <Block tail>
                            - 0x10002000   0x2000

"P4", part 1 of 2:                           0x10
  P4 s0                       0x20000000     0x10  <Init block>
    .data            inited   0x20000000      0x8  lcd_backlight.o [1]
    .data            inited   0x20000008      0x4  port.o [1]
    .data            inited   0x2000000c      0x4  system_stm32f4xx.o [1]
                            - 0x20000010     0x10

"P4", part 2 of 2:                        0x12e04
  .bss               zero     0x20000010  0x12c00  heap_4.o [1]
  .bss               zero     0x20012c10     0x64  tasks.o [1]
  .bss               zero     0x20012c74     0x40  queue.o [1]
  .bss               zero     0x20012cb4     0x1c  spiF4.o [1]
  .bss               zero     0x20012cd0     0x1c  spiF4.o [1]
  .bss               zero     0x20012cec     0x18  keyboard.o [1]
  .bss               zero     0x20012d04     0x14  encoderPannel.o [1]
  .bss               zero     0x20012d18     0x14  tasks.o [1]
  .bss               zero     0x20012d2c     0x14  tasks.o [1]
  .bss               zero     0x20012d40     0x14  tasks.o [1]
  .bss               zero     0x20012d54     0x14  tasks.o [1]
  .bss               zero     0x20012d68     0x14  tasks.o [1]
  .bss               zero     0x20012d7c     0x14  timers.o [1]
  .bss               zero     0x20012d90     0x14  timers.o [1]
  .bss               zero     0x20012da4      0x8  heap_4.o [1]
  .bss               zero     0x20012dac      0x4  heap_4.o [1]
  .bss               zero     0x20012db0      0x4  heap_4.o [1]
  .bss               zero     0x20012db4      0x4  heap_4.o [1]
  .bss               zero     0x20012db8      0x4  heap_4.o [1]
  .bss               zero     0x20012dbc      0x4  port.o [1]
  .bss               zero     0x20012dc0      0x4  tasks.o [1]
  .bss               zero     0x20012dc4      0x4  tasks.o [1]
  .bss               zero     0x20012dc8      0x4  tasks.o [1]
  .bss               zero     0x20012dcc      0x4  tasks.o [1]
  .bss               zero     0x20012dd0      0x4  tasks.o [1]
  .bss               zero     0x20012dd4      0x4  tasks.o [1]
  .bss               zero     0x20012dd8      0x4  tasks.o [1]
  .bss               zero     0x20012ddc      0x4  tasks.o [1]
  .bss               zero     0x20012de0      0x4  tasks.o [1]
  .bss               zero     0x20012de4      0x4  tasks.o [1]
  .bss               zero     0x20012de8      0x4  tasks.o [1]
  .bss               zero     0x20012dec      0x4  tasks.o [1]
  .bss               zero     0x20012df0      0x4  tasks.o [1]
  .bss               zero     0x20012df4      0x4  tasks.o [1]
  .bss               zero     0x20012df8      0x4  tasks.o [1]
  .bss               zero     0x20012dfc      0x4  timers.o [1]
  .bss               zero     0x20012e00      0x4  timers.o [1]
  .bss               zero     0x20012e04      0x4  timers.o [1]
  .bss               zero     0x20012e08      0x4  timers.o [1]
  .bss               zero     0x20012e0c      0x4  timers.o [1]
  .bss               zero     0x20012e10      0x1  ili9341.o [1]
  .bss               zero     0x20012e11      0x1  port.o [1]
                            - 0x20012e12  0x12e02


*******************************************************************************
*** INIT TABLE
***

          Address     Size
          -------     ----
Zero (__iar_zero_init3)
    1 destination range, total size 0x12e02:
          0x20000010  0x12e02

Copy (__iar_copy_init3)
    1 source range, total size 0x10:
          0x08005fc0     0x10
    1 destination range, total size 0x10:
          0x20000000     0x10



*******************************************************************************
*** MODULE SUMMARY
***

    Module                 ro code  ro data  rw data
    ------                 -------  -------  -------
C:\Users\Ernst\Documents\Repositories\eSolder\Fwm\fwm_eSolder\projects\iar\STM32F427_Debug\Obj: [1]
    Arial.o                           4 324
    DS_Digital.o                      5 364
    DS_Digital_Small.o                2 588
    OS.o                       160       24
    UI.o                       252       92
    button.o                   142
    encoderPannel.o                               20
    encoders.o                 376
    gpio.o                     304       96
    hard.o                      16
    heap_4.o                   604        4   76 824
    ili9341.o                  336                 1
    ili9341_fsmc.o               8
    keyboard.o                 152                24
    lcd.o                      566
    lcd_backlight.o             52        8        8
    list.o                     152
    main.o                      16
    mainTSK.o                  132
    mcu.o                      228
    port.o                     644        8        9
    portasm.o                  176
    queue.o                  1 874                64
    spiF4.o                    272                56
    startup_stm32f427xx.o      804
    system_stm32f4xx.o         280       20        4
    tasks.o                  2 712        8      260
    timers.o                 1 096       16       60
    ------------------------------------------------
    Total:                  11 354   12 552   77 330

command line: [2]
    ------------------------------------------------
    Total:

dl7M_tln.a: [3]
    abort.o                      6
    exit.o                       4
    low_level_init.o             4
    ------------------------------------------------
    Total:                      14

m7M_tls.a: [4]
    fpinit_M.o                  34
    ------------------------------------------------
    Total:                      34

rt7M_tl.a: [5]
    ABImemcpy.o                166
    ABImemset.o                102
    cexit.o                     10
    cmain.o                     26
    copy_init3.o                44
    cstartup_M.o                12
    data_init.o                 40
    zero_init3.o                64
    ------------------------------------------------
    Total:                     464

shb_l.a: [6]
    ABIassert.o                 36
    exit.o                      20
    ------------------------------------------------
    Total:                      56

    Gaps                        12        6
    Linker created                       36    8 192
----------------------------------------------------
    Grand Total:            11 934   12 594   85 522


*******************************************************************************
*** ENTRY LIST
***

Entry                      Address     Size  Type      Object
-----                      -------     ----  ----      ------
.iar.init_table$$Base   0x080054d4            --   Gb  - Linker created -
.iar.init_table$$Limit  0x080054f8            --   Gb  - Linker created -
?main                   0x080054f9           Code  Gb  cmain.o [5]
AHBPrescTable           0x08005874     0x10  Data  Gb  system_stm32f4xx.o [1]
Arial                   0x08005b98      0x8  Data  Gb  Arial.o [1]
Arial_0x20              0x080058a0      0x8  Data  Lc  Arial.o [1]
Arial_0x21              0x080058a8      0x8  Data  Lc  Arial.o [1]
Arial_0x22              0x080058b0      0x8  Data  Lc  Arial.o [1]
Arial_0x23              0x080058b8      0x8  Data  Lc  Arial.o [1]
Arial_0x24              0x080058c0      0x8  Data  Lc  Arial.o [1]
Arial_0x25              0x080058c8      0x8  Data  Lc  Arial.o [1]
Arial_0x26              0x080058d0      0x8  Data  Lc  Arial.o [1]
Arial_0x27              0x080058d8      0x8  Data  Lc  Arial.o [1]
Arial_0x28              0x080058e0      0x8  Data  Lc  Arial.o [1]
Arial_0x29              0x080058e8      0x8  Data  Lc  Arial.o [1]
Arial_0x2a              0x080058f0      0x8  Data  Lc  Arial.o [1]
Arial_0x2b              0x080058f8      0x8  Data  Lc  Arial.o [1]
Arial_0x2c              0x08005900      0x8  Data  Lc  Arial.o [1]
Arial_0x2d              0x08005908      0x8  Data  Lc  Arial.o [1]
Arial_0x2e              0x08005910      0x8  Data  Lc  Arial.o [1]
Arial_0x2f              0x08005918      0x8  Data  Lc  Arial.o [1]
Arial_0x30              0x08005920      0x8  Data  Lc  Arial.o [1]
Arial_0x31              0x08005928      0x8  Data  Lc  Arial.o [1]
Arial_0x32              0x08005930      0x8  Data  Lc  Arial.o [1]
Arial_0x33              0x08005938      0x8  Data  Lc  Arial.o [1]
Arial_0x34              0x08005940      0x8  Data  Lc  Arial.o [1]
Arial_0x35              0x08005948      0x8  Data  Lc  Arial.o [1]
Arial_0x36              0x08005950      0x8  Data  Lc  Arial.o [1]
Arial_0x37              0x08005958      0x8  Data  Lc  Arial.o [1]
Arial_0x38              0x08005960      0x8  Data  Lc  Arial.o [1]
Arial_0x39              0x08005968      0x8  Data  Lc  Arial.o [1]
Arial_0x3a              0x08005970      0x8  Data  Lc  Arial.o [1]
Arial_0x3b              0x08005978      0x8  Data  Lc  Arial.o [1]
Arial_0x3c              0x08005980      0x8  Data  Lc  Arial.o [1]
Arial_0x3d              0x08005988      0x8  Data  Lc  Arial.o [1]
Arial_0x3e              0x08005990      0x8  Data  Lc  Arial.o [1]
Arial_0x3f              0x08005998      0x8  Data  Lc  Arial.o [1]
Arial_0x40              0x080059a0      0x8  Data  Lc  Arial.o [1]
Arial_0x41              0x080059a8      0x8  Data  Lc  Arial.o [1]
Arial_0x42              0x080059b0      0x8  Data  Lc  Arial.o [1]
Arial_0x43              0x080059b8      0x8  Data  Lc  Arial.o [1]
Arial_0x44              0x080059c0      0x8  Data  Lc  Arial.o [1]
Arial_0x45              0x080059c8      0x8  Data  Lc  Arial.o [1]
Arial_0x46              0x080059d0      0x8  Data  Lc  Arial.o [1]
Arial_0x47              0x080059d8      0x8  Data  Lc  Arial.o [1]
Arial_0x48              0x080059e0      0x8  Data  Lc  Arial.o [1]
Arial_0x49              0x080059e8      0x8  Data  Lc  Arial.o [1]
Arial_0x4a              0x080059f0      0x8  Data  Lc  Arial.o [1]
Arial_0x4b              0x080059f8      0x8  Data  Lc  Arial.o [1]
Arial_0x4c              0x08005a00      0x8  Data  Lc  Arial.o [1]
Arial_0x4d              0x08005a08      0x8  Data  Lc  Arial.o [1]
Arial_0x4e              0x08005a10      0x8  Data  Lc  Arial.o [1]
Arial_0x4f              0x08005a18      0x8  Data  Lc  Arial.o [1]
Arial_0x50              0x08005a20      0x8  Data  Lc  Arial.o [1]
Arial_0x51              0x08005a28      0x8  Data  Lc  Arial.o [1]
Arial_0x52              0x08005a30      0x8  Data  Lc  Arial.o [1]
Arial_0x53              0x08005a38      0x8  Data  Lc  Arial.o [1]
Arial_0x54              0x08005a40      0x8  Data  Lc  Arial.o [1]
Arial_0x55              0x08005a48      0x8  Data  Lc  Arial.o [1]
Arial_0x56              0x08005a50      0x8  Data  Lc  Arial.o [1]
Arial_0x57              0x08005a58      0x8  Data  Lc  Arial.o [1]
Arial_0x58              0x08005a60      0x8  Data  Lc  Arial.o [1]
Arial_0x59              0x08005a68      0x8  Data  Lc  Arial.o [1]
Arial_0x5a              0x08005a70      0x8  Data  Lc  Arial.o [1]
Arial_0x5b              0x08005a78      0x8  Data  Lc  Arial.o [1]
Arial_0x5c              0x08005a80      0x8  Data  Lc  Arial.o [1]
Arial_0x5d              0x08005a88      0x8  Data  Lc  Arial.o [1]
Arial_0x5e              0x08005a90      0x8  Data  Lc  Arial.o [1]
Arial_0x5f              0x08005a98      0x8  Data  Lc  Arial.o [1]
Arial_0x60              0x08005aa0      0x8  Data  Lc  Arial.o [1]
Arial_0x61              0x08005aa8      0x8  Data  Lc  Arial.o [1]
Arial_0x62              0x08005ab0      0x8  Data  Lc  Arial.o [1]
Arial_0x63              0x08005ab8      0x8  Data  Lc  Arial.o [1]
Arial_0x64              0x08005ac0      0x8  Data  Lc  Arial.o [1]
Arial_0x65              0x08005ac8      0x8  Data  Lc  Arial.o [1]
Arial_0x66              0x08005ad0      0x8  Data  Lc  Arial.o [1]
Arial_0x67              0x08005ad8      0x8  Data  Lc  Arial.o [1]
Arial_0x68              0x08005ae0      0x8  Data  Lc  Arial.o [1]
Arial_0x69              0x08005ae8      0x8  Data  Lc  Arial.o [1]
Arial_0x6a              0x08005af0      0x8  Data  Lc  Arial.o [1]
Arial_0x6b              0x08005af8      0x8  Data  Lc  Arial.o [1]
Arial_0x6c              0x08005b00      0x8  Data  Lc  Arial.o [1]
Arial_0x6d              0x08005b08      0x8  Data  Lc  Arial.o [1]
Arial_0x6e              0x08005b10      0x8  Data  Lc  Arial.o [1]
Arial_0x6f              0x08005b18      0x8  Data  Lc  Arial.o [1]
Arial_0x70              0x08005b20      0x8  Data  Lc  Arial.o [1]
Arial_0x71              0x08005b28      0x8  Data  Lc  Arial.o [1]
Arial_0x72              0x08005b30      0x8  Data  Lc  Arial.o [1]
Arial_0x73              0x08005b38      0x8  Data  Lc  Arial.o [1]
Arial_0x74              0x08005b40      0x8  Data  Lc  Arial.o [1]
Arial_0x75              0x08005b48      0x8  Data  Lc  Arial.o [1]
Arial_0x76              0x08005b50      0x8  Data  Lc  Arial.o [1]
Arial_0x77              0x08005b58      0x8  Data  Lc  Arial.o [1]
Arial_0x78              0x08005b60      0x8  Data  Lc  Arial.o [1]
Arial_0x79              0x08005b68      0x8  Data  Lc  Arial.o [1]
Arial_0x7a              0x08005b70      0x8  Data  Lc  Arial.o [1]
Arial_0x7b              0x08005b78      0x8  Data  Lc  Arial.o [1]
Arial_0x7c              0x08005b80      0x8  Data  Lc  Arial.o [1]
Arial_0x7d              0x08005b88      0x8  Data  Lc  Arial.o [1]
Arial_0x7e              0x08005b90      0x8  Data  Lc  Arial.o [1]
Arial_array             0x08001f18    0x2f8  Data  Lc  Arial.o [1]
CSTACK$$Base            0x10000000            --   Gb  - Linker created -
CSTACK$$Limit           0x10002000            --   Gb  - Linker created -
DMA2_Stream0_IRQHandler
                        0x08002ae9     0x1c  Code  Gb  spiF4.o [1]
DMA2_Stream3_IRQHandler
                        0x08002acd     0x1c  Code  Gb  spiF4.o [1]
DS_Digital              0x08005ca0      0x8  Data  Gb  DS_Digital.o [1]
DS_Digital_0x25         0x08005ba0      0x8  Data  Lc  DS_Digital.o [1]
DS_Digital_0x26         0x08005ba8      0x8  Data  Lc  DS_Digital.o [1]
DS_Digital_0x27         0x08005bb8      0x8  Data  Lc  DS_Digital.o [1]
DS_Digital_0x28         0x08005bc0      0x8  Data  Lc  DS_Digital.o [1]
DS_Digital_0x29         0x08005bc8      0x8  Data  Lc  DS_Digital.o [1]
DS_Digital_0x2a         0x08005bd0      0x8  Data  Lc  DS_Digital.o [1]
DS_Digital_0x2b         0x08005bd8      0x8  Data  Lc  DS_Digital.o [1]
DS_Digital_0x2c         0x08005be0      0x8  Data  Lc  DS_Digital.o [1]
DS_Digital_0x2d         0x08005be8      0x8  Data  Lc  DS_Digital.o [1]
DS_Digital_0x2e         0x08005bf0      0x8  Data  Lc  DS_Digital.o [1]
DS_Digital_0x2f         0x08005bf8      0x8  Data  Lc  DS_Digital.o [1]
DS_Digital_0x30         0x08005c00      0x8  Data  Lc  DS_Digital.o [1]
DS_Digital_0x31         0x08005c08      0x8  Data  Lc  DS_Digital.o [1]
DS_Digital_0x32         0x08005c10      0x8  Data  Lc  DS_Digital.o [1]
DS_Digital_0x33         0x08005c18      0x8  Data  Lc  DS_Digital.o [1]
DS_Digital_0x34         0x08005c20      0x8  Data  Lc  DS_Digital.o [1]
DS_Digital_0x35         0x08005c28      0x8  Data  Lc  DS_Digital.o [1]
DS_Digital_0x36         0x08005c30      0x8  Data  Lc  DS_Digital.o [1]
DS_Digital_0x37         0x08005c38      0x8  Data  Lc  DS_Digital.o [1]
DS_Digital_0x38         0x08005c40      0x8  Data  Lc  DS_Digital.o [1]
DS_Digital_0x39         0x08005c48      0x8  Data  Lc  DS_Digital.o [1]
DS_Digital_0x3a         0x08005c50      0x8  Data  Lc  DS_Digital.o [1]
DS_Digital_0x3b         0x08005c58      0x8  Data  Lc  DS_Digital.o [1]
DS_Digital_0x3c         0x08005c60      0x8  Data  Lc  DS_Digital.o [1]
DS_Digital_0x3d         0x08005c68      0x8  Data  Lc  DS_Digital.o [1]
DS_Digital_0x3e         0x08005c70      0x8  Data  Lc  DS_Digital.o [1]
DS_Digital_0x3f         0x08005c78      0x8  Data  Lc  DS_Digital.o [1]
DS_Digital_0x40         0x08005c80      0x8  Data  Lc  DS_Digital.o [1]
DS_Digital_0x41         0x08005c88      0x8  Data  Lc  DS_Digital.o [1]
DS_Digital_0x42         0x08005c90      0x8  Data  Lc  DS_Digital.o [1]
DS_Digital_0x43         0x08005c98      0x8  Data  Lc  DS_Digital.o [1]
DS_Digital_Small        0x08005df8      0x8  Data  Gb  DS_Digital_Small.o [1]
DS_Digital_Small_0x20   0x08005ca8      0x8  Data  Lc  DS_Digital_Small.o [1]
DS_Digital_Small_0x21   0x08005cb0      0x8  Data  Lc  DS_Digital_Small.o [1]
DS_Digital_Small_0x22   0x08005cb8      0x8  Data  Lc  DS_Digital_Small.o [1]
DS_Digital_Small_0x23   0x08005cc0      0x8  Data  Lc  DS_Digital_Small.o [1]
DS_Digital_Small_0x24   0x08005cc8      0x8  Data  Lc  DS_Digital_Small.o [1]
DS_Digital_Small_0x25   0x08005cd0      0x8  Data  Lc  DS_Digital_Small.o [1]
DS_Digital_Small_0x26   0x08005cd8      0x8  Data  Lc  DS_Digital_Small.o [1]
DS_Digital_Small_0x27   0x08005ce8      0x8  Data  Lc  DS_Digital_Small.o [1]
DS_Digital_Small_0x28   0x08005cf8      0x8  Data  Lc  DS_Digital_Small.o [1]
DS_Digital_Small_0x29   0x08005d08      0x8  Data  Lc  DS_Digital_Small.o [1]
DS_Digital_Small_0x2a   0x08005d18      0x8  Data  Lc  DS_Digital_Small.o [1]
DS_Digital_Small_0x2b   0x08005d28      0x8  Data  Lc  DS_Digital_Small.o [1]
DS_Digital_Small_0x2c   0x08005d38      0x8  Data  Lc  DS_Digital_Small.o [1]
DS_Digital_Small_0x2d   0x08005d40      0x8  Data  Lc  DS_Digital_Small.o [1]
DS_Digital_Small_0x2e   0x08005d48      0x8  Data  Lc  DS_Digital_Small.o [1]
DS_Digital_Small_0x2f   0x08005d50      0x8  Data  Lc  DS_Digital_Small.o [1]
DS_Digital_Small_0x30   0x08005d58      0x8  Data  Lc  DS_Digital_Small.o [1]
DS_Digital_Small_0x31   0x08005d60      0x8  Data  Lc  DS_Digital_Small.o [1]
DS_Digital_Small_0x32   0x08005d68      0x8  Data  Lc  DS_Digital_Small.o [1]
DS_Digital_Small_0x33   0x08005d70      0x8  Data  Lc  DS_Digital_Small.o [1]
DS_Digital_Small_0x34   0x08005d78      0x8  Data  Lc  DS_Digital_Small.o [1]
DS_Digital_Small_0x35   0x08005d80      0x8  Data  Lc  DS_Digital_Small.o [1]
DS_Digital_Small_0x36   0x08005d88      0x8  Data  Lc  DS_Digital_Small.o [1]
DS_Digital_Small_0x37   0x08005d90      0x8  Data  Lc  DS_Digital_Small.o [1]
DS_Digital_Small_0x38   0x08005d98      0x8  Data  Lc  DS_Digital_Small.o [1]
DS_Digital_Small_0x39   0x08005da0      0x8  Data  Lc  DS_Digital_Small.o [1]
DS_Digital_Small_0x3a   0x08005da8      0x8  Data  Lc  DS_Digital_Small.o [1]
DS_Digital_Small_0x3b   0x08005db0      0x8  Data  Lc  DS_Digital_Small.o [1]
DS_Digital_Small_0x3c   0x08005db8      0x8  Data  Lc  DS_Digital_Small.o [1]
DS_Digital_Small_0x3d   0x08005dc0      0x8  Data  Lc  DS_Digital_Small.o [1]
DS_Digital_Small_0x3e   0x08005dc8      0x8  Data  Lc  DS_Digital_Small.o [1]
DS_Digital_Small_0x3f   0x08005dd0      0x8  Data  Lc  DS_Digital_Small.o [1]
DS_Digital_Small_0x40   0x08005dd8      0x8  Data  Lc  DS_Digital_Small.o [1]
DS_Digital_Small_0x41   0x08005de0      0x8  Data  Lc  DS_Digital_Small.o [1]
DS_Digital_Small_0x42   0x08005de8      0x8  Data  Lc  DS_Digital_Small.o [1]
DS_Digital_Small_0x43   0x08005df0      0x8  Data  Lc  DS_Digital_Small.o [1]
DS_Digital_Small_array  0x08002888    0x120  Data  Lc  DS_Digital_Small.o [1]
DS_Digital_array        0x08002ccc     0xf8  Data  Lc  DS_Digital.o [1]
MCU_init                0x08002dc5     0xe4  Code  Gb  mcu.o [1]
OS_init                 0x080041ff     0x1e  Code  Gb  OS.o [1]
PendSV_Handler          0x0800166d           Code  Gb  portasm.o [1]
Region$$Table$$Base     0x080054d4            --   Gb  - Linker created -
Region$$Table$$Limit    0x080054f8            --   Gb  - Linker created -
SPI1_IRQHandler         0x08002ac1      0xc  Code  Gb  spiF4.o [1]
SPI5_IRQHandler         0x08002b05      0xc  Code  Gb  spiF4.o [1]
SVC_Handler             0x080016c5           Code  Gb  portasm.o [1]
SysTick_Handler         0x08001147     0x28  Code  Gb  port.o [1]
SystemCoreClock         0x2000000c      0x4  Data  Gb  system_stm32f4xx.o [1]
SystemCoreClockUpdate   0x080029f5     0x9a  Code  Gb  system_stm32f4xx.o [1]
SystemInit              0x080029a9     0x4c  Code  Gb  system_stm32f4xx.o [1]
UI_MainWindowRendering  0x08002bd1     0xe0  Code  Gb  UI.o [1]
__aeabi_assert          0x08002849     0x24  Code  Gb  ABIassert.o [6]
__aeabi_memcpy          0x08001e71           Code  Gb  ABImemcpy.o [5]
__aeabi_memcpy4         0x08001e91           Code  Gb  ABImemcpy.o [5]
__aeabi_memcpy8         0x08001e91           Code  Gb  ABImemcpy.o [5]
__aeabi_memset          0x08000ea1           Code  Gb  ABImemset.o [5]
__cmain                 0x080054f9           Code  Gb  cmain.o [5]
__exit                  0x08002875     0x14  Code  Gb  exit.o [6]
__iar_Memset            0x08000ea1           Code  Gb  ABImemset.o [5]
__iar_Memset_word       0x08000ea9           Code  Gb  ABImemset.o [5]
__iar_copy_init3        0x08004c7d     0x2c  Code  Gb  copy_init3.o [5]
__iar_data_init3        0x08004ca9     0x28  Code  Gb  data_init.o [5]
__iar_init_vfp          0x080054b1           Code  Gb  fpinit_M.o [4]
__iar_program_start     0x08005895           Code  Gb  cstartup_M.o [5]
__iar_systems$$module {Abs}
                        0x00000001           Data  Gb  command line/config [2]
__iar_zero_init3        0x08004a9d     0x40  Code  Gb  zero_init3.o [5]
__low_level_init        0x08005513      0x4  Code  Gb  low_level_init.o [3]
__vector_table          0x08000000           Data  Gb  startup_stm32f427xx.o [1]
_call_main              0x08005505           Code  Gb  cmain.o [5]
_exit                   0x0800552d           Code  Gb  cexit.o [5]
_main                   0x0800550f           Code  Gb  cmain.o [5]
abort                   0x0800286d      0x6  Code  Gb  abort.o [3]
backlight               0x20000000      0x8  Data  Gb  lcd_backlight.o [1]
buttonClearPressed      0x08004399      0xe  Code  Gb  button.o [1]
buttonInit              0x08004319     0x2a  Code  Gb  button.o [1]
buttonScan              0x08004343     0x56  Code  Gb  button.o [1]
dbgTSK                  0x0800419d     0x2a  Code  Gb  OS.o [1]
enReadVal               0x080025a1     0x38  Code  Gb  encoders.o [1]
enWriteVal              0x080025d9     0x30  Code  Gb  encoders.o [1]
encoderPannel           0x20012d04     0x14  Data  Gb  encoderPannel.o [1]
encoderUpdate           0x08002609    0x10c  Code  Gb  encoders.o [1]
exit                    0x08005527      0x4  Code  Gb  exit.o [3]
gpioAfInit              0x080027bf     0x80  Code  Gb  gpio.o [1]
gpioInit                0x08002719     0xa6  Code  Gb  gpio.o [1]
hard_init               0x0800423d     0x10  Code  Gb  hard.o [1]
ili9341_ColumnAddressSet
                        0x080024e5     0x1e  Code  Lc  ili9341.o [1]
ili9341_Init            0x08002449     0x9c  Code  Gb  ili9341.o [1]
ili9341_InitCommunication
                        0x08002599      0x2  Code  Gb  ili9341_fsmc.o [1]
ili9341_PageAddressSet  0x08002503     0x1e  Code  Lc  ili9341.o [1]
ili9341_Reset           0x08002585      0xa  Code  Gb  ili9341.o [1]
ili9341_SetOrientation  0x08002525     0x3e  Code  Gb  ili9341.o [1]
ili9341_SetRegion       0x08002563     0x22  Code  Gb  ili9341.o [1]
ili9341_WriteCommand    0x0800259f      0x2  Code  Gb  ili9341_fsmc.o [1]
ili9341_WriteData       0x0800259b      0x2  Code  Gb  ili9341_fsmc.o [1]
ili9341_WriteData_16    0x0800259d      0x2  Code  Gb  ili9341_fsmc.o [1]
ili9341_displayOn       0x0800258f      0xa  Code  Gb  ili9341.o [1]
image_data_Arial_0x20   0x08005568     0x14  Data  Lc  Arial.o [1]
image_data_Arial_0x21   0x0800557c     0x14  Data  Lc  Arial.o [1]
image_data_Arial_0x22   0x08005590     0x14  Data  Lc  Arial.o [1]
image_data_Arial_0x23   0x08004cd0     0x24  Data  Lc  Arial.o [1]
image_data_Arial_0x24   0x08004cf4     0x24  Data  Lc  Arial.o [1]
image_data_Arial_0x25   0x08004d18     0x24  Data  Lc  Arial.o [1]
image_data_Arial_0x26   0x08004d3c     0x24  Data  Lc  Arial.o [1]
image_data_Arial_0x27   0x080055a4     0x14  Data  Lc  Arial.o [1]
image_data_Arial_0x28   0x080055b8     0x14  Data  Lc  Arial.o [1]
image_data_Arial_0x29   0x080055cc     0x14  Data  Lc  Arial.o [1]
image_data_Arial_0x2a   0x080055e0     0x14  Data  Lc  Arial.o [1]
image_data_Arial_0x2b   0x08004d60     0x24  Data  Lc  Arial.o [1]
image_data_Arial_0x2c   0x080055f4     0x14  Data  Lc  Arial.o [1]
image_data_Arial_0x2d   0x08005608     0x14  Data  Lc  Arial.o [1]
image_data_Arial_0x2e   0x0800561c     0x14  Data  Lc  Arial.o [1]
image_data_Arial_0x2f   0x08005630     0x14  Data  Lc  Arial.o [1]
image_data_Arial_0x30   0x08004d84     0x24  Data  Lc  Arial.o [1]
image_data_Arial_0x31   0x08004da8     0x24  Data  Lc  Arial.o [1]
image_data_Arial_0x32   0x08004dcc     0x24  Data  Lc  Arial.o [1]
image_data_Arial_0x33   0x08004df0     0x24  Data  Lc  Arial.o [1]
image_data_Arial_0x34   0x08004e14     0x24  Data  Lc  Arial.o [1]
image_data_Arial_0x35   0x08004e38     0x24  Data  Lc  Arial.o [1]
image_data_Arial_0x36   0x08004e5c     0x24  Data  Lc  Arial.o [1]
image_data_Arial_0x37   0x08004e80     0x24  Data  Lc  Arial.o [1]
image_data_Arial_0x38   0x08004ea4     0x24  Data  Lc  Arial.o [1]
image_data_Arial_0x39   0x08004ec8     0x24  Data  Lc  Arial.o [1]
image_data_Arial_0x3a   0x08005644     0x14  Data  Lc  Arial.o [1]
image_data_Arial_0x3b   0x08005658     0x14  Data  Lc  Arial.o [1]
image_data_Arial_0x3c   0x08004eec     0x24  Data  Lc  Arial.o [1]
image_data_Arial_0x3d   0x08004f10     0x24  Data  Lc  Arial.o [1]
image_data_Arial_0x3e   0x08004f34     0x24  Data  Lc  Arial.o [1]
image_data_Arial_0x3f   0x08004f58     0x24  Data  Lc  Arial.o [1]
image_data_Arial_0x40   0x08004f7c     0x24  Data  Lc  Arial.o [1]
image_data_Arial_0x41   0x08004fa0     0x24  Data  Lc  Arial.o [1]
image_data_Arial_0x42   0x08004fc4     0x24  Data  Lc  Arial.o [1]
image_data_Arial_0x43   0x08004fe8     0x24  Data  Lc  Arial.o [1]
image_data_Arial_0x44   0x0800500c     0x24  Data  Lc  Arial.o [1]
image_data_Arial_0x45   0x08005030     0x24  Data  Lc  Arial.o [1]
image_data_Arial_0x46   0x08005054     0x24  Data  Lc  Arial.o [1]
image_data_Arial_0x47   0x08005078     0x24  Data  Lc  Arial.o [1]
image_data_Arial_0x48   0x0800509c     0x24  Data  Lc  Arial.o [1]
image_data_Arial_0x49   0x0800566c     0x14  Data  Lc  Arial.o [1]
image_data_Arial_0x4a   0x08005680     0x14  Data  Lc  Arial.o [1]
image_data_Arial_0x4b   0x080050c0     0x24  Data  Lc  Arial.o [1]
image_data_Arial_0x4c   0x080050e4     0x24  Data  Lc  Arial.o [1]
image_data_Arial_0x4d   0x08005108     0x24  Data  Lc  Arial.o [1]
image_data_Arial_0x4e   0x0800512c     0x24  Data  Lc  Arial.o [1]
image_data_Arial_0x4f   0x08005150     0x24  Data  Lc  Arial.o [1]
image_data_Arial_0x50   0x08005174     0x24  Data  Lc  Arial.o [1]
image_data_Arial_0x51   0x08005198     0x24  Data  Lc  Arial.o [1]
image_data_Arial_0x52   0x080051bc     0x24  Data  Lc  Arial.o [1]
image_data_Arial_0x53   0x080051e0     0x24  Data  Lc  Arial.o [1]
image_data_Arial_0x54   0x08005204     0x24  Data  Lc  Arial.o [1]
image_data_Arial_0x55   0x08005228     0x24  Data  Lc  Arial.o [1]
image_data_Arial_0x56   0x0800524c     0x24  Data  Lc  Arial.o [1]
image_data_Arial_0x57   0x08005270     0x24  Data  Lc  Arial.o [1]
image_data_Arial_0x58   0x08005294     0x24  Data  Lc  Arial.o [1]
image_data_Arial_0x59   0x080052b8     0x24  Data  Lc  Arial.o [1]
image_data_Arial_0x5a   0x080052dc     0x24  Data  Lc  Arial.o [1]
image_data_Arial_0x5b   0x08005694     0x14  Data  Lc  Arial.o [1]
image_data_Arial_0x5c   0x080056a8     0x14  Data  Lc  Arial.o [1]
image_data_Arial_0x5d   0x080056bc     0x14  Data  Lc  Arial.o [1]
image_data_Arial_0x5e   0x080056d0     0x14  Data  Lc  Arial.o [1]
image_data_Arial_0x5f   0x08005300     0x24  Data  Lc  Arial.o [1]
image_data_Arial_0x60   0x080056e4     0x14  Data  Lc  Arial.o [1]
image_data_Arial_0x61   0x08005324     0x24  Data  Lc  Arial.o [1]
image_data_Arial_0x62   0x08005348     0x24  Data  Lc  Arial.o [1]
image_data_Arial_0x63   0x080056f8     0x14  Data  Lc  Arial.o [1]
image_data_Arial_0x64   0x0800536c     0x24  Data  Lc  Arial.o [1]
image_data_Arial_0x65   0x08005390     0x24  Data  Lc  Arial.o [1]
image_data_Arial_0x66   0x0800570c     0x14  Data  Lc  Arial.o [1]
image_data_Arial_0x67   0x080053b4     0x24  Data  Lc  Arial.o [1]
image_data_Arial_0x68   0x08005720     0x14  Data  Lc  Arial.o [1]
image_data_Arial_0x69   0x08005734     0x14  Data  Lc  Arial.o [1]
image_data_Arial_0x6a   0x08005748     0x14  Data  Lc  Arial.o [1]
image_data_Arial_0x6b   0x0800575c     0x14  Data  Lc  Arial.o [1]
image_data_Arial_0x6c   0x08005770     0x14  Data  Lc  Arial.o [1]
image_data_Arial_0x6d   0x080053d8     0x24  Data  Lc  Arial.o [1]
image_data_Arial_0x6e   0x08005784     0x14  Data  Lc  Arial.o [1]
image_data_Arial_0x6f   0x080053fc     0x24  Data  Lc  Arial.o [1]
image_data_Arial_0x70   0x08005420     0x24  Data  Lc  Arial.o [1]
image_data_Arial_0x71   0x08005444     0x24  Data  Lc  Arial.o [1]
image_data_Arial_0x72   0x08005798     0x14  Data  Lc  Arial.o [1]
image_data_Arial_0x73   0x080057ac     0x14  Data  Lc  Arial.o [1]
image_data_Arial_0x74   0x080057c0     0x14  Data  Lc  Arial.o [1]
image_data_Arial_0x75   0x080057d4     0x14  Data  Lc  Arial.o [1]
image_data_Arial_0x76   0x080057e8     0x14  Data  Lc  Arial.o [1]
image_data_Arial_0x77   0x08005468     0x24  Data  Lc  Arial.o [1]
image_data_Arial_0x78   0x080057fc     0x14  Data  Lc  Arial.o [1]
image_data_Arial_0x79   0x08005810     0x14  Data  Lc  Arial.o [1]
image_data_Arial_0x7a   0x08005824     0x14  Data  Lc  Arial.o [1]
image_data_Arial_0x7b   0x08005838     0x14  Data  Lc  Arial.o [1]
image_data_Arial_0x7c   0x0800584c     0x14  Data  Lc  Arial.o [1]
image_data_Arial_0x7d   0x08005860     0x14  Data  Lc  Arial.o [1]
image_data_Arial_0x7e   0x0800548c     0x24  Data  Lc  Arial.o [1]
image_data_DS_Digital_0x25
                        0x08002ea8     0xd4  Data  Lc  DS_Digital.o [1]
image_data_DS_Digital_0x26
                        0x08002f7c     0xa0  Data  Lc  DS_Digital.o [1]
image_data_DS_Digital_0x27
                        0x08005bb0      0x8  Data  Lc  DS_Digital.o [1]
image_data_DS_Digital_0x28
                        0x0800301c     0xa0  Data  Lc  DS_Digital.o [1]
image_data_DS_Digital_0x29
                        0x080030bc     0xa0  Data  Lc  DS_Digital.o [1]
image_data_DS_Digital_0x2a
                        0x0800315c     0xa0  Data  Lc  DS_Digital.o [1]
image_data_DS_Digital_0x2b
                        0x080031fc     0xa0  Data  Lc  DS_Digital.o [1]
image_data_DS_Digital_0x2c
                        0x0800329c     0xa0  Data  Lc  DS_Digital.o [1]
image_data_DS_Digital_0x2d
                        0x0800333c     0xa0  Data  Lc  DS_Digital.o [1]
image_data_DS_Digital_0x2e
                        0x080033dc     0xa0  Data  Lc  DS_Digital.o [1]
image_data_DS_Digital_0x2f
                        0x0800347c     0xa0  Data  Lc  DS_Digital.o [1]
image_data_DS_Digital_0x30
                        0x0800351c     0xa0  Data  Lc  DS_Digital.o [1]
image_data_DS_Digital_0x31
                        0x080035bc     0xa0  Data  Lc  DS_Digital.o [1]
image_data_DS_Digital_0x32
                        0x0800365c     0xa0  Data  Lc  DS_Digital.o [1]
image_data_DS_Digital_0x33
                        0x080036fc     0xa0  Data  Lc  DS_Digital.o [1]
image_data_DS_Digital_0x34
                        0x0800379c     0xa0  Data  Lc  DS_Digital.o [1]
image_data_DS_Digital_0x35
                        0x0800383c     0xa0  Data  Lc  DS_Digital.o [1]
image_data_DS_Digital_0x36
                        0x080038dc     0xa0  Data  Lc  DS_Digital.o [1]
image_data_DS_Digital_0x37
                        0x0800397c     0xa0  Data  Lc  DS_Digital.o [1]
image_data_DS_Digital_0x38
                        0x08003a1c     0xa0  Data  Lc  DS_Digital.o [1]
image_data_DS_Digital_0x39
                        0x08003abc     0xa0  Data  Lc  DS_Digital.o [1]
image_data_DS_Digital_0x3a
                        0x08003b5c     0xa0  Data  Lc  DS_Digital.o [1]
image_data_DS_Digital_0x3b
                        0x08003bfc     0xa0  Data  Lc  DS_Digital.o [1]
image_data_DS_Digital_0x3c
                        0x08003c9c     0xa0  Data  Lc  DS_Digital.o [1]
image_data_DS_Digital_0x3d
                        0x08003d3c     0xa0  Data  Lc  DS_Digital.o [1]
image_data_DS_Digital_0x3e
                        0x08003ddc     0xa0  Data  Lc  DS_Digital.o [1]
image_data_DS_Digital_0x3f
                        0x08003e7c     0xa0  Data  Lc  DS_Digital.o [1]
image_data_DS_Digital_0x40
                        0x08003f1c     0xa0  Data  Lc  DS_Digital.o [1]
image_data_DS_Digital_0x41
                        0x08003fbc     0xa0  Data  Lc  DS_Digital.o [1]
image_data_DS_Digital_0x42
                        0x0800405c     0xa0  Data  Lc  DS_Digital.o [1]
image_data_DS_Digital_0x43
                        0x080040fc     0xa0  Data  Lc  DS_Digital.o [1]
image_data_DS_Digital_Small_0x20
                        0x08004860     0x48  Data  Lc  DS_Digital_Small.o [1]
image_data_DS_Digital_Small_0x21
                        0x080048a8     0x48  Data  Lc  DS_Digital_Small.o [1]
image_data_DS_Digital_Small_0x22
                        0x080048f0     0x48  Data  Lc  DS_Digital_Small.o [1]
image_data_DS_Digital_Small_0x23
                        0x08004938     0x48  Data  Lc  DS_Digital_Small.o [1]
image_data_DS_Digital_Small_0x24
                        0x08004980     0x48  Data  Lc  DS_Digital_Small.o [1]
image_data_DS_Digital_Small_0x25
                        0x080049c8     0x48  Data  Lc  DS_Digital_Small.o [1]
image_data_DS_Digital_Small_0x26
                        0x08004a10     0x48  Data  Lc  DS_Digital_Small.o [1]
image_data_DS_Digital_Small_0x27
                        0x08005ce0      0x8  Data  Lc  DS_Digital_Small.o [1]
image_data_DS_Digital_Small_0x28
                        0x08005cf0      0x8  Data  Lc  DS_Digital_Small.o [1]
image_data_DS_Digital_Small_0x29
                        0x08005d00      0x8  Data  Lc  DS_Digital_Small.o [1]
image_data_DS_Digital_Small_0x2a
                        0x08005d10      0x8  Data  Lc  DS_Digital_Small.o [1]
image_data_DS_Digital_Small_0x2b
                        0x08005d20      0x8  Data  Lc  DS_Digital_Small.o [1]
image_data_DS_Digital_Small_0x2c
                        0x08005d30      0x8  Data  Lc  DS_Digital_Small.o [1]
image_data_DS_Digital_Small_0x2d
                        0x08004484     0x4c  Data  Lc  DS_Digital_Small.o [1]
image_data_DS_Digital_Small_0x2e
                        0x08005538     0x18  Data  Lc  DS_Digital_Small.o [1]
image_data_DS_Digital_Small_0x2f
                        0x08005550     0x18  Data  Lc  DS_Digital_Small.o [1]
image_data_DS_Digital_Small_0x30
                        0x080044d0     0x4c  Data  Lc  DS_Digital_Small.o [1]
image_data_DS_Digital_Small_0x31
                        0x0800451c     0x4c  Data  Lc  DS_Digital_Small.o [1]
image_data_DS_Digital_Small_0x32
                        0x08004568     0x4c  Data  Lc  DS_Digital_Small.o [1]
image_data_DS_Digital_Small_0x33
                        0x080045b4     0x4c  Data  Lc  DS_Digital_Small.o [1]
image_data_DS_Digital_Small_0x34
                        0x08004600     0x4c  Data  Lc  DS_Digital_Small.o [1]
image_data_DS_Digital_Small_0x35
                        0x0800464c     0x4c  Data  Lc  DS_Digital_Small.o [1]
image_data_DS_Digital_Small_0x36
                        0x08004698     0x4c  Data  Lc  DS_Digital_Small.o [1]
image_data_DS_Digital_Small_0x37
                        0x080046e4     0x4c  Data  Lc  DS_Digital_Small.o [1]
image_data_DS_Digital_Small_0x38
                        0x08004730     0x4c  Data  Lc  DS_Digital_Small.o [1]
image_data_DS_Digital_Small_0x39
                        0x0800477c     0x4c  Data  Lc  DS_Digital_Small.o [1]
image_data_DS_Digital_Small_0x3a
                        0x080047c8     0x4c  Data  Lc  DS_Digital_Small.o [1]
image_data_DS_Digital_Small_0x3b
                        0x08004814     0x4c  Data  Lc  DS_Digital_Small.o [1]
image_data_DS_Digital_Small_0x3c
                        0x08004adc     0x34  Data  Lc  DS_Digital_Small.o [1]
image_data_DS_Digital_Small_0x3d
                        0x08004b10     0x34  Data  Lc  DS_Digital_Small.o [1]
image_data_DS_Digital_Small_0x3e
                        0x08004b44     0x34  Data  Lc  DS_Digital_Small.o [1]
image_data_DS_Digital_Small_0x3f
                        0x08004b78     0x34  Data  Lc  DS_Digital_Small.o [1]
image_data_DS_Digital_Small_0x40
                        0x08004bac     0x34  Data  Lc  DS_Digital_Small.o [1]
image_data_DS_Digital_Small_0x41
                        0x08004be0     0x34  Data  Lc  DS_Digital_Small.o [1]
image_data_DS_Digital_Small_0x42
                        0x08004c14     0x34  Data  Lc  DS_Digital_Small.o [1]
image_data_DS_Digital_Small_0x43
                        0x08004c48     0x34  Data  Lc  DS_Digital_Small.o [1]
initTsk                 0x080041c7     0x38  Code  Gb  OS.o [1]
keyboard                0x20012cec     0x18  Data  Gb  keyboard.o [1]
keyboardClearAllPress   0x08004287     0x16  Code  Gb  keyboard.o [1]
keyboardInit            0x0800424d     0x3a  Code  Gb  keyboard.o [1]
keyboardScan            0x0800429d     0x34  Code  Gb  keyboard.o [1]
lcdBacklight_init       0x080042e5     0x30  Code  Gb  lcd_backlight.o [1]
lcd_Char                0x08002211    0x110  Code  Gb  lcd.o [1]
lcd_DrawBackground      0x08002445      0x2  Code  Gb  lcd.o [1]
lcd_FastHLine           0x080023b1     0x2e  Code  Gb  lcd.o [1]
lcd_FastVLine           0x08002383     0x2e  Code  Gb  lcd.o [1]
lcd_FillRect            0x0800234d     0x36  Code  Gb  lcd.o [1]
lcd_Rect                0x080023df     0x66  Code  Gb  lcd.o [1]
lcd_String              0x08002321     0x2c  Code  Gb  lcd.o [1]
main                    0x08005517     0x10  Code  Gb  main.o [1]
mainTsk                 0x080043a9     0x84  Code  Gb  mainTSK.o [1]
orientation             0x20012e10      0x1  Data  Gb  ili9341.o [1]
pcInterruptPriorityRegisters
                        0x08005e54      0x4  Data  Lc  port.o [1]
prvAddCurrentTaskToDelayedList
                        0x08000b8d     0x7c  Code  Lc  tasks.o [1]
prvAddNewTaskToReadyList
                        0x080002d9     0xc2  Code  Lc  tasks.o [1]
prvCheckForValidListAndQueue
                        0x080015f9     0x4c  Code  Lc  timers.o [1]
prvCheckTasksWaitingTermination
                        0x08000a07     0x48  Code  Lc  tasks.o [1]
prvCopyDataFromQueue    0x08001d2b     0x2a  Code  Lc  queue.o [1]
prvCopyDataToQueue      0x08001ca5     0x86  Code  Lc  queue.o [1]
prvDeleteTCB            0x08000a4f     0x12  Code  Lc  tasks.o [1]
prvGetNextExpireTime    0x080013d7     0x26  Code  Lc  timers.o [1]
prvHeapInit             0x08000dc9     0x62  Code  Lc  heap_4.o [1]
prvIdleTask             0x08000981     0x24  Code  Lc  tasks.o [1]
prvInitialiseNewQueue   0x080017fd     0x22  Code  Lc  queue.o [1]
prvInitialiseNewTask    0x08000217     0xc2  Code  Lc  tasks.o [1]
prvInitialiseTaskLists  0x080009ad     0x5a  Code  Lc  tasks.o [1]
prvInsertBlockIntoFreeList
                        0x08000e2b     0x58  Code  Lc  heap_4.o [1]
prvInsertTimerInActiveList
                        0x08001425     0x3e  Code  Lc  timers.o [1]
prvIsQueueEmpty         0x08001dc3     0x1c  Code  Lc  queue.o [1]
prvIsQueueFull          0x08001ddf     0x1e  Code  Lc  queue.o [1]
prvProcessExpiredTimer  0x080012e1     0x6c  Code  Lc  timers.o [1]
prvProcessReceivedCommands
                        0x08001463    0x116  Code  Lc  timers.o [1]
prvProcessTimerOrBlockTask
                        0x08001365     0x72  Code  Lc  timers.o [1]
prvResetNextTaskUnblockTime
                        0x08000a61     0x28  Code  Lc  tasks.o [1]
prvSampleTimeNow        0x080013fd     0x28  Code  Lc  timers.o [1]
prvSampleTimeNow::xLastTime
                        0x20012e0c      0x4  Data  Lc  timers.o [1]
prvSwitchTimerLists     0x08001579     0x80  Code  Lc  timers.o [1]
prvTaskExitError        0x08000fc9     0x2a  Code  Lc  port.o [1]
prvTimerTask            0x08001351     0x14  Code  Lc  timers.o [1]
prvUnlockQueue          0x08001d55     0x6e  Code  Lc  queue.o [1]
pvPortMalloc            0x08000c45    0x10e  Code  Gb  heap_4.o [1]
pxCurrentTCB            0x20012dc0      0x4  Data  Gb  tasks.o [1]
pxCurrentTimerList      0x20012dfc      0x4  Data  Lc  timers.o [1]
pxDelayedTaskList       0x20012dc4      0x4  Data  Lc  tasks.o [1]
pxEnd                   0x20012dac      0x4  Data  Lc  heap_4.o [1]
pxOverflowDelayedTaskList
                        0x20012dc8      0x4  Data  Lc  tasks.o [1]
pxOverflowTimerList     0x20012e00      0x4  Data  Lc  timers.o [1]
pxPortInitialiseStack   0x08000fa1     0x28  Code  Gb  port.o [1]
pxReadyTasksLists       0x20012c10     0x64  Data  Lc  tasks.o [1]
spi1                    0x20012cb4     0x1c  Data  Gb  spiF4.o [1]
spi5                    0x20012cd0     0x1c  Data  Gb  spiF4.o [1]
spi_DmaTxIrqHandler     0x08002b11     0x3e  Code  Gb  spiF4.o [1]
spi_IrqHandler          0x08002b4f     0x72  Code  Gb  spiF4.o [1]
ucHeap                  0x20000010  0x12c00  Data  Lc  heap_4.o [1]
ucMaxSysCallPriority    0x20012e11      0x1  Data  Lc  port.o [1]
ui                      0x08004a58     0x44  Data  Lc  UI.o [1]
ulMaxPRIGROUPValue      0x20012dbc      0x4  Data  Lc  port.o [1]
uxCriticalNesting       0x20000008      0x4  Data  Lc  port.o [1]
uxCurrentNumberOfTasks  0x20012dd0      0x4  Data  Lc  tasks.o [1]
uxDeletedTasksWaitingCleanUp
                        0x20012dcc      0x4  Data  Lc  tasks.o [1]
uxListRemove            0x08000f79     0x26  Code  Gb  list.o [1]
uxPendedTicks           0x20012de0      0x4  Data  Lc  tasks.o [1]
uxSchedulerSuspended    0x20012df8      0x4  Data  Lc  tasks.o [1]
uxTaskNumber            0x20012dec      0x4  Data  Lc  tasks.o [1]
uxTopReadyPriority      0x20012dd8      0x4  Data  Lc  tasks.o [1]
vListInitialise         0x08000f07     0x1e  Code  Gb  list.o [1]
vListInitialiseItem     0x08000f25      0x6  Code  Gb  list.o [1]
vListInsert             0x08000f43     0x36  Code  Gb  list.o [1]
vListInsertEnd          0x08000f2b     0x18  Code  Gb  list.o [1]
vPortEnableVFP          0x08001701           Code  Gb  portasm.o [1]
vPortEnterCritical      0x080010db     0x3a  Code  Gb  port.o [1]
vPortExitCritical       0x08001115     0x32  Code  Gb  port.o [1]
vPortFree               0x08000d53     0x76  Code  Gb  heap_4.o [1]
vPortStartFirstTask     0x080016e1           Code  Gb  portasm.o [1]
vPortValidateInterruptPriority
                        0x08001171     0x4a  Code  Gb  port.o [1]
vQueueAddToRegistry     0x08001dfd     0x24  Code  Gb  queue.o [1]
vQueueWaitForMessageRestricted
                        0x08001e25     0x4a  Code  Gb  queue.o [1]
vTaskDelay              0x0800047b     0x4c  Code  Gb  tasks.o [1]
vTaskDelete             0x0800039b     0xe0  Code  Gb  tasks.o [1]
vTaskInternalSetTimeOutState
                        0x080008d9     0x12  Code  Gb  tasks.o [1]
vTaskMissedYield        0x08000977      0xa  Code  Gb  tasks.o [1]
vTaskPlaceOnEventList   0x080007cb     0x2e  Code  Gb  tasks.o [1]
vTaskPlaceOnEventListRestricted
                        0x08000811     0x38  Code  Gb  tasks.o [1]
vTaskStartScheduler     0x080004c7     0x6e  Code  Gb  tasks.o [1]
vTaskSuspendAll         0x08000535     0x10  Code  Gb  tasks.o [1]
vTaskSwitchContext      0x0800075d     0x6e  Code  Gb  tasks.o [1]
xActiveTimerList1       0x20012d7c     0x14  Data  Lc  timers.o [1]
xActiveTimerList2       0x20012d90     0x14  Data  Lc  timers.o [1]
xBlockAllocatedBit      0x20012db8      0x4  Data  Lc  heap_4.o [1]
xDelayedTaskList1       0x20012d18     0x14  Data  Lc  tasks.o [1]
xDelayedTaskList2       0x20012d2c     0x14  Data  Lc  tasks.o [1]
xFreeBytesRemaining     0x20012db0      0x4  Data  Lc  heap_4.o [1]
xHeapStructSize         0x08005e50      0x4  Data  Lc  heap_4.o [1]
xIdleTaskHandle         0x20012df4      0x4  Data  Lc  tasks.o [1]
xMinimumEverFreeBytesRemaining
                        0x20012db4      0x4  Data  Lc  heap_4.o [1]
xNextTaskUnblockTime    0x20012df0      0x4  Data  Lc  tasks.o [1]
xNumOfOverflows         0x20012de8      0x4  Data  Lc  tasks.o [1]
xPendingReadyList       0x20012d40     0x14  Data  Lc  tasks.o [1]
xPortStartScheduler     0x08000ff3     0xe8  Code  Gb  port.o [1]
xQueueGenericCreate     0x080017b3     0x4a  Code  Gb  queue.o [1]
xQueueGenericReset      0x0800171d     0x96  Code  Gb  queue.o [1]
xQueueGenericSend       0x0800181f    0x196  Code  Gb  queue.o [1]
xQueueGenericSendFromISR
                        0x080019b5     0xdc  Code  Gb  queue.o [1]
xQueueGiveFromISR       0x08001a91     0xb4  Code  Gb  queue.o [1]
xQueueReceive           0x08001b45    0x15a  Code  Gb  queue.o [1]
xQueueRegistry          0x20012c74     0x40  Data  Gb  queue.o [1]
xSchedulerRunning       0x20012ddc      0x4  Data  Lc  tasks.o [1]
xStart                  0x20012da4      0x8  Data  Lc  heap_4.o [1]
xSuspendedTaskList      0x20012d68     0x14  Data  Lc  tasks.o [1]
xTaskCheckForTimeOut    0x080008f5     0x82  Code  Gb  tasks.o [1]
xTaskCreate             0x080001ad     0x6a  Code  Gb  tasks.o [1]
xTaskGetSchedulerState  0x08000a89     0x20  Code  Gb  tasks.o [1]
xTaskGetTickCount       0x0800063f      0x8  Code  Gb  tasks.o [1]
xTaskIncrementTick      0x08000647    0x116  Code  Gb  tasks.o [1]
xTaskPriorityDisinherit
                        0x08000aa9     0xb6  Code  Gb  tasks.o [1]
xTaskRemoveFromEventList
                        0x08000849     0x84  Code  Gb  tasks.o [1]
xTaskResumeAll          0x08000545     0xfa  Code  Gb  tasks.o [1]
xTasksWaitingTermination
                        0x20012d54     0x14  Data  Lc  tasks.o [1]
xTickCount              0x20012dd4      0x4  Data  Lc  tasks.o [1]
xTimerCreateTimerTask   0x08001225     0x48  Code  Gb  timers.o [1]
xTimerGenericCommand    0x0800126d     0x74  Code  Gb  timers.o [1]
xTimerQueue             0x20012e04      0x4  Data  Lc  timers.o [1]
xTimerTaskHandle        0x20012e08      0x4  Data  Lc  timers.o [1]
xYieldPending           0x20012de4      0x4  Data  Lc  tasks.o [1]


[1] = C:\Users\Ernst\Documents\Repositories\eSolder\Fwm\fwm_eSolder\projects\iar\STM32F427_Debug\Obj
[2] = command line
[3] = dl7M_tln.a
[4] = m7M_tls.a
[5] = rt7M_tl.a
[6] = shb_l.a

  11 934 bytes of readonly  code memory
  12 594 bytes of readonly  data memory
  85 522 bytes of readwrite data memory

Errors: none
Warnings: none
