###############################################################################
#
# IAR ELF Linker V8.11.2.13589/W32 for ARM                02/Jan/2020  17:06:56
# Copyright 2007-2017 IAR Systems AB.
#
#    Output file  =  
#        C:\Users\Ernst\Documents\Repositories\eSolder\Fwm\fwm_eSolder\projects\iar\STM32F427_Debug\Exe\eSolder.out
#    Map file     =  
#        C:\Users\Ernst\Documents\Repositories\eSolder\Fwm\fwm_eSolder\projects\iar\STM32F427_Debug\List\eSolder.map
#    Command line =  
#        -f C:\Users\Ernst\AppData\Local\Temp\EWC37.tmp
#        (C:\Users\Ernst\Documents\Repositories\eSolder\Fwm\fwm_eSolder\projects\iar\STM32F427_Debug\Obj\Arial.o
#        C:\Users\Ernst\Documents\Repositories\eSolder\Fwm\fwm_eSolder\projects\iar\STM32F427_Debug\Obj\button.o
#        C:\Users\Ernst\Documents\Repositories\eSolder\Fwm\fwm_eSolder\projects\iar\STM32F427_Debug\Obj\clock.o
#        C:\Users\Ernst\Documents\Repositories\eSolder\Fwm\fwm_eSolder\projects\iar\STM32F427_Debug\Obj\Courier_New.o
#        C:\Users\Ernst\Documents\Repositories\eSolder\Fwm\fwm_eSolder\projects\iar\STM32F427_Debug\Obj\croutine.o
#        C:\Users\Ernst\Documents\Repositories\eSolder\Fwm\fwm_eSolder\projects\iar\STM32F427_Debug\Obj\dry.o
#        C:\Users\Ernst\Documents\Repositories\eSolder\Fwm\fwm_eSolder\projects\iar\STM32F427_Debug\Obj\DS_Digital.o
#        C:\Users\Ernst\Documents\Repositories\eSolder\Fwm\fwm_eSolder\projects\iar\STM32F427_Debug\Obj\DS_Digital_Small.o
#        C:\Users\Ernst\Documents\Repositories\eSolder\Fwm\fwm_eSolder\projects\iar\STM32F427_Debug\Obj\encoderPannel.o
#        C:\Users\Ernst\Documents\Repositories\eSolder\Fwm\fwm_eSolder\projects\iar\STM32F427_Debug\Obj\encoders.o
#        C:\Users\Ernst\Documents\Repositories\eSolder\Fwm\fwm_eSolder\projects\iar\STM32F427_Debug\Obj\eSolder.o
#        C:\Users\Ernst\Documents\Repositories\eSolder\Fwm\fwm_eSolder\projects\iar\STM32F427_Debug\Obj\event_groups.o
#        C:\Users\Ernst\Documents\Repositories\eSolder\Fwm\fwm_eSolder\projects\iar\STM32F427_Debug\Obj\gpio.o
#        C:\Users\Ernst\Documents\Repositories\eSolder\Fwm\fwm_eSolder\projects\iar\STM32F427_Debug\Obj\hard.o
#        C:\Users\Ernst\Documents\Repositories\eSolder\Fwm\fwm_eSolder\projects\iar\STM32F427_Debug\Obj\heap_4.o
#        C:\Users\Ernst\Documents\Repositories\eSolder\Fwm\fwm_eSolder\projects\iar\STM32F427_Debug\Obj\ili9341.o
#        C:\Users\Ernst\Documents\Repositories\eSolder\Fwm\fwm_eSolder\projects\iar\STM32F427_Debug\Obj\ili9341_fsmc.o
#        C:\Users\Ernst\Documents\Repositories\eSolder\Fwm\fwm_eSolder\projects\iar\STM32F427_Debug\Obj\keyboard.o
#        C:\Users\Ernst\Documents\Repositories\eSolder\Fwm\fwm_eSolder\projects\iar\STM32F427_Debug\Obj\lcd.o
#        C:\Users\Ernst\Documents\Repositories\eSolder\Fwm\fwm_eSolder\projects\iar\STM32F427_Debug\Obj\lcd_backlight.o
#        C:\Users\Ernst\Documents\Repositories\eSolder\Fwm\fwm_eSolder\projects\iar\STM32F427_Debug\Obj\list.o
#        C:\Users\Ernst\Documents\Repositories\eSolder\Fwm\fwm_eSolder\projects\iar\STM32F427_Debug\Obj\main.o
#        C:\Users\Ernst\Documents\Repositories\eSolder\Fwm\fwm_eSolder\projects\iar\STM32F427_Debug\Obj\mainTSK.o
#        C:\Users\Ernst\Documents\Repositories\eSolder\Fwm\fwm_eSolder\projects\iar\STM32F427_Debug\Obj\mcu.o
#        C:\Users\Ernst\Documents\Repositories\eSolder\Fwm\fwm_eSolder\projects\iar\STM32F427_Debug\Obj\OS.o
#        C:\Users\Ernst\Documents\Repositories\eSolder\Fwm\fwm_eSolder\projects\iar\STM32F427_Debug\Obj\port.o
#        C:\Users\Ernst\Documents\Repositories\eSolder\Fwm\fwm_eSolder\projects\iar\STM32F427_Debug\Obj\portasm.o
#        C:\Users\Ernst\Documents\Repositories\eSolder\Fwm\fwm_eSolder\projects\iar\STM32F427_Debug\Obj\queue.o
#        C:\Users\Ernst\Documents\Repositories\eSolder\Fwm\fwm_eSolder\projects\iar\STM32F427_Debug\Obj\soldering-iron.o
#        C:\Users\Ernst\Documents\Repositories\eSolder\Fwm\fwm_eSolder\projects\iar\STM32F427_Debug\Obj\solderingDryDisconnected.o
#        C:\Users\Ernst\Documents\Repositories\eSolder\Fwm\fwm_eSolder\projects\iar\STM32F427_Debug\Obj\specific_symbol.o
#        C:\Users\Ernst\Documents\Repositories\eSolder\Fwm\fwm_eSolder\projects\iar\STM32F427_Debug\Obj\spiF4.o
#        C:\Users\Ernst\Documents\Repositories\eSolder\Fwm\fwm_eSolder\projects\iar\STM32F427_Debug\Obj\startup_stm32f427xx.o
#        C:\Users\Ernst\Documents\Repositories\eSolder\Fwm\fwm_eSolder\projects\iar\STM32F427_Debug\Obj\stream_buffer.o
#        C:\Users\Ernst\Documents\Repositories\eSolder\Fwm\fwm_eSolder\projects\iar\STM32F427_Debug\Obj\system_stm32f4xx.o
#        C:\Users\Ernst\Documents\Repositories\eSolder\Fwm\fwm_eSolder\projects\iar\STM32F427_Debug\Obj\tasks.o
#        C:\Users\Ernst\Documents\Repositories\eSolder\Fwm\fwm_eSolder\projects\iar\STM32F427_Debug\Obj\timers.o
#        C:\Users\Ernst\Documents\Repositories\eSolder\Fwm\fwm_eSolder\projects\iar\STM32F427_Debug\Obj\UI_mainWindow.o
#        C:\Users\Ernst\Documents\Repositories\eSolder\Fwm\fwm_eSolder\projects\iar\STM32F427_Debug\Obj\UI_private.o
#        -o
#        C:\Users\Ernst\Documents\Repositories\eSolder\Fwm\fwm_eSolder\projects\iar\STM32F427_Debug\Exe\eSolder.out
#        --map
#        C:\Users\Ernst\Documents\Repositories\eSolder\Fwm\fwm_eSolder\projects\iar\STM32F427_Debug\List\eSolder.map
#        --config "C:\Program Files (x86)\IAR Systems\Embedded Workbench
#        8.0\arm\config\linker\ST\stm32f427xG.icf" --semihosting
#        C:\Users\Ernst\Documents\Repositories\eSolder\Fwm\fwm_eSolder\projects\iar\..\..\modules\IQ\IQmathLib-cm4.a
#        --entry __iar_program_start --vfe --text_out locale)
#
###############################################################################

*******************************************************************************
*** RUNTIME MODEL ATTRIBUTES
***

CppFlavor       = *
__SystemLibrary = DLib
__dlib_version  = 6


*******************************************************************************
*** HEAP SELECTION
***

The basic heap was selected because no calls to memory allocation
functions were found in the application outside of system library
functions, and there are calls to deallocation functions in the
application.


*******************************************************************************
*** PLACEMENT SUMMARY
***

"A0":  place at 0x08000000 { ro section .intvec };
"P1":  place in [from 0x08000000 to 0x080fffff] { ro };
define block CSTACK with size = 8K, alignment = 8 { };
"P3":  place in [from 0x10000000 to 0x1000ffff] {
          block CSTACK, section .ccram };
define block HEAP with size = 8K, alignment = 8 { };
"P4":  place in [from 0x20000000 to 0x2001bfff] |
                [from 0x2001c000 to 0x2001ffff] |
                [from 0x20020000 to 0x2002ffff] { rw, block HEAP };
initialize by copy { rw };

  Section            Kind        Address    Size  Object
  -------            ----        -------    ----  ------
"A0":                                      0x1ac
  .intvec            ro code  0x08000000   0x1ac  startup_stm32f427xx.o [1]
                            - 0x080001ac   0x1ac

"P1":                                     0x4028
  .text              ro code  0x080001ac   0xa98  tasks.o [1]
  .text              ro code  0x08000c44   0x25c  heap_4.o [1]
  .text              ro code  0x08000ea0    0x66  ABImemset.o [5]
  .text              ro code  0x08000f06    0x98  list.o [1]
  .text              ro code  0x08000fa0   0x284  port.o [1]
  .text              ro code  0x08001224   0x448  timers.o [1]
  CODE               ro code  0x0800166c    0xb0  portasm.o [1]
  .text              ro code  0x0800171c   0x752  queue.o [1]
  .text              ro code  0x08001e70    0xa6  ABImemcpy.o [5]
  .rodata            const    0x08001f18   0x800  dry.o [1]
  .rodata            const    0x08002718   0x800  soldering-iron.o [1]
  .text              ro code  0x08002f18   0x29e  ili9341_fsmc.o [1]
  .text              ro code  0x080031b8   0x13c  gpio.o [1]
  .text              ro code  0x080032f4    0x24  ABIassert.o [6]
  .text              ro code  0x08003318     0x6  abort.o [3]
  .text              ro code  0x08003320    0x14  exit.o [6]
  .text              ro code  0x08003334   0x210  ili9341.o [1]
  .text              ro code  0x08003544   0x178  encoders.o [1]
  .text              ro code  0x080036bc   0x134  clock.o [1]
  .text              ro code  0x080037f0   0x118  system_stm32f4xx.o [1]
  .text              ro code  0x08003908   0x110  spiF4.o [1]
  .text              ro code  0x08003a18    0xf4  mcu.o [1]
  .text              ro code  0x08003b0c    0x98  keyboard.o [1]
  .text              ro code  0x08003ba4    0x8e  button.o [1]
  .text              ro code  0x08003c34    0x80  mainTSK.o [1]
  .text              ro code  0x08003cb4    0x80  UI_mainWindow.o [1]
  .text              ro code  0x08003d34    0x7c  lcd.o [1]
  .text              ro code  0x08003db0    0x64  main.o [1]
  .text              ro code  0x08003e14    0x10  hard.o [1]
  .text              ro code  0x08003e24    0x34  lcd_backlight.o [1]
  .rodata            const    0x08003e58    0x58  gpio.o [1]
  .text              ro code  0x08003eb0    0x40  zero_init3.o [5]
  .rodata            const    0x08003ef0    0x2c  UI_private.o [1]
  .text              ro code  0x08003f1c    0x2c  copy_init3.o [5]
  .text              ro code  0x08003f48    0x28  data_init.o [5]
  .text              ro code  0x08003f70    0x22  fpinit_M.o [4]
  .iar.init_table    const    0x08003f94    0x24  - Linker created -
  .text              ro code  0x08003fb8    0x1a  cmain.o [5]
  .text              ro code  0x08003fd2     0x4  low_level_init.o [3]
  .text              ro code  0x08003fd6     0x4  exit.o [3]
  .text              ro code  0x08003fdc     0xa  cexit.o [5]
  .rodata            const    0x08003fe8    0x10  system_stm32f4xx.o [1]
  .text              ro code  0x08003ff8    0x10  startup_stm32f427xx.o [1]
  .text              ro code  0x08004008     0xc  cstartup_M.o [5]
  .rodata            const    0x08004014     0x8  dry.o [1]
  .rodata            const    0x0800401c     0x8  gpio.o [1]
  .rodata            const    0x08004024     0x8  main.o [1]
  .rodata            const    0x0800402c     0x8  main.o [1]
  .rodata            const    0x08004034     0x8  soldering-iron.o [1]
  .rodata            const    0x0800403c     0x8  tasks.o [1]
  .rodata            const    0x08004044     0x8  timers.o [1]
  .rodata            const    0x0800404c     0x8  timers.o [1]
  .rodata            const    0x08004054     0x4  heap_4.o [1]
  .rodata            const    0x08004058     0x4  port.o [1]
  .text              ro code  0x0800405c     0x4  startup_stm32f427xx.o [1]
  .text              ro code  0x08004060     0x4  startup_stm32f427xx.o [1]
  .text              ro code  0x08004064     0x4  startup_stm32f427xx.o [1]
  .text              ro code  0x08004068     0x4  startup_stm32f427xx.o [1]
  .text              ro code  0x0800406c     0x4  startup_stm32f427xx.o [1]
  .text              ro code  0x08004070     0x4  startup_stm32f427xx.o [1]
  .text              ro code  0x08004074     0x4  startup_stm32f427xx.o [1]
  .text              ro code  0x08004078     0x4  startup_stm32f427xx.o [1]
  .text              ro code  0x0800407c     0x4  startup_stm32f427xx.o [1]
  .text              ro code  0x08004080     0x4  startup_stm32f427xx.o [1]
  .text              ro code  0x08004084     0x4  startup_stm32f427xx.o [1]
  .text              ro code  0x08004088     0x4  startup_stm32f427xx.o [1]
  .text              ro code  0x0800408c     0x4  startup_stm32f427xx.o [1]
  .text              ro code  0x08004090     0x4  startup_stm32f427xx.o [1]
  .text              ro code  0x08004094     0x4  startup_stm32f427xx.o [1]
  .text              ro code  0x08004098     0x4  startup_stm32f427xx.o [1]
  .text              ro code  0x0800409c     0x4  startup_stm32f427xx.o [1]
  .text              ro code  0x080040a0     0x4  startup_stm32f427xx.o [1]
  .text              ro code  0x080040a4     0x4  startup_stm32f427xx.o [1]
  .text              ro code  0x080040a8     0x4  startup_stm32f427xx.o [1]
  .text              ro code  0x080040ac     0x4  startup_stm32f427xx.o [1]
  .text              ro code  0x080040b0     0x4  startup_stm32f427xx.o [1]
  .text              ro code  0x080040b4     0x4  startup_stm32f427xx.o [1]
  .text              ro code  0x080040b8     0x4  startup_stm32f427xx.o [1]
  .text              ro code  0x080040bc     0x4  startup_stm32f427xx.o [1]
  .text              ro code  0x080040c0     0x4  startup_stm32f427xx.o [1]
  .text              ro code  0x080040c4     0x4  startup_stm32f427xx.o [1]
  .text              ro code  0x080040c8     0x4  startup_stm32f427xx.o [1]
  .text              ro code  0x080040cc     0x4  startup_stm32f427xx.o [1]
  .text              ro code  0x080040d0     0x4  startup_stm32f427xx.o [1]
  .text              ro code  0x080040d4     0x4  startup_stm32f427xx.o [1]
  .text              ro code  0x080040d8     0x4  startup_stm32f427xx.o [1]
  .text              ro code  0x080040dc     0x4  startup_stm32f427xx.o [1]
  .text              ro code  0x080040e0     0x4  startup_stm32f427xx.o [1]
  .text              ro code  0x080040e4     0x4  startup_stm32f427xx.o [1]
  .text              ro code  0x080040e8     0x4  startup_stm32f427xx.o [1]
  .text              ro code  0x080040ec     0x4  startup_stm32f427xx.o [1]
  .text              ro code  0x080040f0     0x4  startup_stm32f427xx.o [1]
  .text              ro code  0x080040f4     0x4  startup_stm32f427xx.o [1]
  .text              ro code  0x080040f8     0x4  startup_stm32f427xx.o [1]
  .text              ro code  0x080040fc     0x4  startup_stm32f427xx.o [1]
  .text              ro code  0x08004100     0x4  startup_stm32f427xx.o [1]
  .text              ro code  0x08004104     0x4  startup_stm32f427xx.o [1]
  .text              ro code  0x08004108     0x4  startup_stm32f427xx.o [1]
  .text              ro code  0x0800410c     0x4  startup_stm32f427xx.o [1]
  .text              ro code  0x08004110     0x4  startup_stm32f427xx.o [1]
  .text              ro code  0x08004114     0x4  startup_stm32f427xx.o [1]
  .text              ro code  0x08004118     0x4  startup_stm32f427xx.o [1]
  .text              ro code  0x0800411c     0x4  startup_stm32f427xx.o [1]
  .text              ro code  0x08004120     0x4  startup_stm32f427xx.o [1]
  .text              ro code  0x08004124     0x4  startup_stm32f427xx.o [1]
  .text              ro code  0x08004128     0x4  startup_stm32f427xx.o [1]
  .text              ro code  0x0800412c     0x4  startup_stm32f427xx.o [1]
  .text              ro code  0x08004130     0x4  startup_stm32f427xx.o [1]
  .text              ro code  0x08004134     0x4  startup_stm32f427xx.o [1]
  .text              ro code  0x08004138     0x4  startup_stm32f427xx.o [1]
  .text              ro code  0x0800413c     0x4  startup_stm32f427xx.o [1]
  .text              ro code  0x08004140     0x4  startup_stm32f427xx.o [1]
  .text              ro code  0x08004144     0x4  startup_stm32f427xx.o [1]
  .text              ro code  0x08004148     0x4  startup_stm32f427xx.o [1]
  .text              ro code  0x0800414c     0x4  startup_stm32f427xx.o [1]
  .text              ro code  0x08004150     0x4  startup_stm32f427xx.o [1]
  .text              ro code  0x08004154     0x4  startup_stm32f427xx.o [1]
  .text              ro code  0x08004158     0x4  startup_stm32f427xx.o [1]
  .text              ro code  0x0800415c     0x4  startup_stm32f427xx.o [1]
  .text              ro code  0x08004160     0x4  startup_stm32f427xx.o [1]
  .text              ro code  0x08004164     0x4  startup_stm32f427xx.o [1]
  .text              ro code  0x08004168     0x4  startup_stm32f427xx.o [1]
  .text              ro code  0x0800416c     0x4  startup_stm32f427xx.o [1]
  .text              ro code  0x08004170     0x4  startup_stm32f427xx.o [1]
  .text              ro code  0x08004174     0x4  startup_stm32f427xx.o [1]
  .text              ro code  0x08004178     0x4  startup_stm32f427xx.o [1]
  .text              ro code  0x0800417c     0x4  startup_stm32f427xx.o [1]
  .text              ro code  0x08004180     0x4  startup_stm32f427xx.o [1]
  .text              ro code  0x08004184     0x4  startup_stm32f427xx.o [1]
  .text              ro code  0x08004188     0x4  startup_stm32f427xx.o [1]
  .text              ro code  0x0800418c     0x4  startup_stm32f427xx.o [1]
  .text              ro code  0x08004190     0x4  startup_stm32f427xx.o [1]
  .text              ro code  0x08004194     0x4  startup_stm32f427xx.o [1]
  .text              ro code  0x08004198     0x4  startup_stm32f427xx.o [1]
  .text              ro code  0x0800419c     0x4  startup_stm32f427xx.o [1]
  .text              ro code  0x080041a0     0x4  startup_stm32f427xx.o [1]
  .text              ro code  0x080041a4     0x4  startup_stm32f427xx.o [1]
  .text              ro code  0x080041a8     0x4  startup_stm32f427xx.o [1]
  .text              ro code  0x080041ac     0x4  startup_stm32f427xx.o [1]
  .text              ro code  0x080041b0     0x4  startup_stm32f427xx.o [1]
  .text              ro code  0x080041b4     0x4  startup_stm32f427xx.o [1]
  .text              ro code  0x080041b8     0x4  startup_stm32f427xx.o [1]
  .text              ro code  0x080041bc     0x4  startup_stm32f427xx.o [1]
  .text              ro code  0x080041c0     0x4  startup_stm32f427xx.o [1]
  .rodata            const    0x080041c4     0x0  zero_init3.o [5]
  .rodata            const    0x080041c4     0x0  copy_init3.o [5]
  Initializer bytes  const    0x080041c4    0x10  <for P4 s0>
                            - 0x080041d4  0x4028

"P3":                                     0x2000
  CSTACK                      0x10000000  0x2000  <Block>
    CSTACK           uninit   0x10000000  0x2000  <Block tail>
                            - 0x10002000  0x2000

"P4", part 1 of 2:                          0x10
  P4 s0                       0x20000000    0x10  <Init block>
    .data            inited   0x20000000     0x8  lcd_backlight.o [1]
    .data            inited   0x20000008     0x4  port.o [1]
    .data            inited   0x2000000c     0x4  system_stm32f4xx.o [1]
                            - 0x20000010    0x10

"P4", part 2 of 2:                        0x1604
  .bss               zero     0x20000010  0x1400  heap_4.o [1]
  .bss               zero     0x20001410    0x64  tasks.o [1]
  .bss               zero     0x20001474    0x40  queue.o [1]
  .bss               zero     0x200014b4    0x1c  spiF4.o [1]
  .bss               zero     0x200014d0    0x1c  spiF4.o [1]
  .bss               zero     0x200014ec    0x18  keyboard.o [1]
  .bss               zero     0x20001504    0x14  encoderPannel.o [1]
  .bss               zero     0x20001518    0x14  tasks.o [1]
  .bss               zero     0x2000152c    0x14  tasks.o [1]
  .bss               zero     0x20001540    0x14  tasks.o [1]
  .bss               zero     0x20001554    0x14  tasks.o [1]
  .bss               zero     0x20001568    0x14  tasks.o [1]
  .bss               zero     0x2000157c    0x14  timers.o [1]
  .bss               zero     0x20001590    0x14  timers.o [1]
  .bss               zero     0x200015a4     0x8  heap_4.o [1]
  .bss               zero     0x200015ac     0x4  heap_4.o [1]
  .bss               zero     0x200015b0     0x4  heap_4.o [1]
  .bss               zero     0x200015b4     0x4  heap_4.o [1]
  .bss               zero     0x200015b8     0x4  heap_4.o [1]
  .bss               zero     0x200015bc     0x4  port.o [1]
  .bss               zero     0x200015c0     0x4  tasks.o [1]
  .bss               zero     0x200015c4     0x4  tasks.o [1]
  .bss               zero     0x200015c8     0x4  tasks.o [1]
  .bss               zero     0x200015cc     0x4  tasks.o [1]
  .bss               zero     0x200015d0     0x4  tasks.o [1]
  .bss               zero     0x200015d4     0x4  tasks.o [1]
  .bss               zero     0x200015d8     0x4  tasks.o [1]
  .bss               zero     0x200015dc     0x4  tasks.o [1]
  .bss               zero     0x200015e0     0x4  tasks.o [1]
  .bss               zero     0x200015e4     0x4  tasks.o [1]
  .bss               zero     0x200015e8     0x4  tasks.o [1]
  .bss               zero     0x200015ec     0x4  tasks.o [1]
  .bss               zero     0x200015f0     0x4  tasks.o [1]
  .bss               zero     0x200015f4     0x4  tasks.o [1]
  .bss               zero     0x200015f8     0x4  tasks.o [1]
  .bss               zero     0x200015fc     0x4  timers.o [1]
  .bss               zero     0x20001600     0x4  timers.o [1]
  .bss               zero     0x20001604     0x4  timers.o [1]
  .bss               zero     0x20001608     0x4  timers.o [1]
  .bss               zero     0x2000160c     0x4  timers.o [1]
  .bss               zero     0x20001610     0x1  ili9341.o [1]
  .bss               zero     0x20001611     0x1  port.o [1]
                            - 0x20001612  0x1602


*******************************************************************************
*** INIT TABLE
***

          Address     Size
          -------     ----
Zero (__iar_zero_init3)
    1 destination range, total size 0x1602:
          0x20000010  0x1602

Copy (__iar_copy_init3)
    1 source range, total size 0x10:
          0x080041c4    0x10
    1 destination range, total size 0x10:
          0x20000000    0x10



*******************************************************************************
*** MODULE SUMMARY
***

    Module                 ro code  ro data  rw data
    ------                 -------  -------  -------
C:\Users\Ernst\Documents\Repositories\eSolder\Fwm\fwm_eSolder\projects\iar\STM32F427_Debug\Obj: [1]
    UI_mainWindow.o            128
    UI_private.o                         44
    button.o                   142
    clock.o                    308
    dry.o                             2 056
    encoderPannel.o                               20
    encoders.o                 376
    gpio.o                     316       96
    hard.o                      16
    heap_4.o                   604        4    5 144
    ili9341.o                  528                 1
    ili9341_fsmc.o             670
    keyboard.o                 152                24
    lcd.o                      124
    lcd_backlight.o             52        8        8
    list.o                     152
    main.o                     100       16
    mainTSK.o                  128
    mcu.o                      244
    port.o                     644        8        9
    portasm.o                  176
    queue.o                  1 874                64
    soldering-iron.o                  2 056
    spiF4.o                    272                56
    startup_stm32f427xx.o      804
    system_stm32f4xx.o         280       20        4
    tasks.o                  2 712        8      260
    timers.o                 1 096       16       60
    ------------------------------------------------
    Total:                  11 898    4 332    5 650

command line: [2]
    ------------------------------------------------
    Total:

dl7M_tln.a: [3]
    abort.o                      6
    exit.o                       4
    low_level_init.o             4
    ------------------------------------------------
    Total:                      14

m7M_tls.a: [4]
    fpinit_M.o                  34
    ------------------------------------------------
    Total:                      34

rt7M_tl.a: [5]
    ABImemcpy.o                166
    ABImemset.o                102
    cexit.o                     10
    cmain.o                     26
    copy_init3.o                44
    cstartup_M.o                12
    data_init.o                 40
    zero_init3.o                64
    ------------------------------------------------
    Total:                     464

shb_l.a: [6]
    ABIassert.o                 36
    exit.o                      20
    ------------------------------------------------
    Total:                      56

    Gaps                        12        6
    Linker created                       36    8 192
----------------------------------------------------
    Grand Total:            12 478    4 374   13 842


*******************************************************************************
*** ENTRY LIST
***

Entry                      Address    Size  Type      Object
-----                      -------    ----  ----      ------
.iar.init_table$$Base   0x08003f94           --   Gb  - Linker created -
.iar.init_table$$Limit  0x08003fb8           --   Gb  - Linker created -
?main                   0x08003fb9          Code  Gb  cmain.o [5]
AHBPrescTable           0x08003fe8    0x10  Data  Gb  system_stm32f4xx.o [1]
CSTACK$$Base            0x10000000           --   Gb  - Linker created -
CSTACK$$Limit           0x10002000           --   Gb  - Linker created -
DMA2_Stream0_IRQHandler
                        0x08003931    0x1c  Code  Gb  spiF4.o [1]
DMA2_Stream3_IRQHandler
                        0x08003915    0x1c  Code  Gb  spiF4.o [1]
MCU_init                0x08003a19    0xf4  Code  Gb  mcu.o [1]
OS_init                 0x08003dd5    0x1e  Code  Gb  main.o [1]
PendSV_Handler          0x0800166d          Code  Gb  portasm.o [1]
Region$$Table$$Base     0x08003f94           --   Gb  - Linker created -
Region$$Table$$Limit    0x08003fb8           --   Gb  - Linker created -
SPI1_IRQHandler         0x08003909     0xc  Code  Gb  spiF4.o [1]
SPI5_IRQHandler         0x0800394d     0xc  Code  Gb  spiF4.o [1]
SVC_Handler             0x080016c5          Code  Gb  portasm.o [1]
SysTick_Handler         0x08001147    0x28  Code  Gb  port.o [1]
SystemCoreClock         0x2000000c     0x4  Data  Gb  system_stm32f4xx.o [1]
SystemCoreClockUpdate   0x0800383d    0x9a  Code  Gb  system_stm32f4xx.o [1]
SystemInit              0x080037f1    0x4c  Code  Gb  system_stm32f4xx.o [1]
UI_MainWindowRendering  0x08003cb5    0x74  Code  Gb  UI_mainWindow.o [1]
__aeabi_assert          0x080032f5    0x24  Code  Gb  ABIassert.o [6]
__aeabi_memcpy          0x08001e71          Code  Gb  ABImemcpy.o [5]
__aeabi_memcpy4         0x08001e91          Code  Gb  ABImemcpy.o [5]
__aeabi_memcpy8         0x08001e91          Code  Gb  ABImemcpy.o [5]
__aeabi_memset          0x08000ea1          Code  Gb  ABImemset.o [5]
__cmain                 0x08003fb9          Code  Gb  cmain.o [5]
__exit                  0x08003321    0x14  Code  Gb  exit.o [6]
__iar_Memset            0x08000ea1          Code  Gb  ABImemset.o [5]
__iar_Memset_word       0x08000ea9          Code  Gb  ABImemset.o [5]
__iar_copy_init3        0x08003f1d    0x2c  Code  Gb  copy_init3.o [5]
__iar_data_init3        0x08003f49    0x28  Code  Gb  data_init.o [5]
__iar_init_vfp          0x08003f71          Code  Gb  fpinit_M.o [4]
__iar_program_start     0x08004009          Code  Gb  cstartup_M.o [5]
__iar_systems$$module {Abs}
                        0x00000001          Data  Gb  command line/config [2]
__iar_zero_init3        0x08003eb1    0x40  Code  Gb  zero_init3.o [5]
__low_level_init        0x08003fd3     0x4  Code  Gb  low_level_init.o [3]
__vector_table          0x08000000          Data  Gb  startup_stm32f427xx.o [1]
_call_main              0x08003fc5          Code  Gb  cmain.o [5]
_exit                   0x08003fdd          Code  Gb  cexit.o [5]
_main                   0x08003fcf          Code  Gb  cmain.o [5]
abort                   0x08003319     0x6  Code  Gb  abort.o [3]
backlight               0x20000000     0x8  Data  Gb  lcd_backlight.o [1]
buttonClearPressed      0x08003c25     0xe  Code  Gb  button.o [1]
buttonInit              0x08003ba5    0x2a  Code  Gb  button.o [1]
buttonScan              0x08003bcf    0x56  Code  Gb  button.o [1]
clock_init              0x080036bd   0x134  Code  Gb  clock.o [1]
enReadVal               0x08003545    0x38  Code  Gb  encoders.o [1]
enWriteVal              0x0800357d    0x30  Code  Gb  encoders.o [1]
encoderPannel           0x20001504    0x14  Data  Gb  encoderPannel.o [1]
encoderUpdate           0x080035ad   0x10c  Code  Gb  encoders.o [1]
exit                    0x08003fd7     0x4  Code  Gb  exit.o [3]
gpioAfInit              0x0800326b    0x80  Code  Gb  gpio.o [1]
gpioInit                0x080031b9    0xb2  Code  Gb  gpio.o [1]
hard_init               0x08003e15    0x10  Code  Gb  hard.o [1]
ili9341_ColumnAddressSet
                        0x080033d5    0x34  Code  Lc  ili9341.o [1]
ili9341_DrawBackground  0x08003469    0x64  Code  Gb  ili9341.o [1]
ili9341_Init            0x08003335    0xa0  Code  Gb  ili9341.o [1]
ili9341_InitCommunication
                        0x08002f19   0x26a  Code  Gb  ili9341_fsmc.o [1]
ili9341_PageAddressSet  0x08003409    0x34  Code  Lc  ili9341.o [1]
ili9341_Reset           0x08003531     0xa  Code  Gb  ili9341.o [1]
ili9341_SetOrientation  0x080034d1    0x3e  Code  Gb  ili9341.o [1]
ili9341_SetPixel        0x0800343d    0x2c  Code  Gb  ili9341.o [1]
ili9341_SetRegion       0x0800350f    0x22  Code  Gb  ili9341.o [1]
ili9341_WriteCommand    0x080031ad     0xa  Code  Gb  ili9341_fsmc.o [1]
ili9341_WriteData       0x08003183     0x6  Code  Gb  ili9341_fsmc.o [1]
ili9341_WriteData_16    0x08003189     0x6  Code  Gb  ili9341_fsmc.o [1]
ili9341_displayOn       0x0800353b     0xa  Code  Gb  ili9341.o [1]
image_data_dry          0x08001f18   0x800  Data  Lc  dry.o [1]
image_data_solderingiron
                        0x08002718   0x800  Data  Lc  soldering-iron.o [1]
initTsk                 0x08003db1    0x24  Code  Gb  main.o [1]
keyboard                0x200014ec    0x18  Data  Gb  keyboard.o [1]
keyboardClearAllPress   0x08003b47    0x16  Code  Gb  keyboard.o [1]
keyboardInit            0x08003b0d    0x3a  Code  Gb  keyboard.o [1]
keyboardScan            0x08003b5d    0x34  Code  Gb  keyboard.o [1]
lcdBacklight_init       0x08003e25    0x30  Code  Gb  lcd_backlight.o [1]
lcd_DrawBackground      0x08003d99     0xa  Code  Gb  lcd.o [1]
lcd_FastHLine           0x08003d6b    0x2e  Code  Gb  lcd.o [1]
lcd_Image               0x08003d35    0x36  Code  Gb  lcd.o [1]
lcd_SetPixel            0x08003da3     0xe  Code  Gb  lcd.o [1]
main                    0x08003e05    0x10  Code  Gb  main.o [1]
mainTsk                 0x08003c35    0x80  Code  Gb  mainTSK.o [1]
orientation             0x20001610     0x1  Data  Gb  ili9341.o [1]
pcInterruptPriorityRegisters
                        0x08004058     0x4  Data  Lc  port.o [1]
prvAddCurrentTaskToDelayedList
                        0x08000b8d    0x7c  Code  Lc  tasks.o [1]
prvAddNewTaskToReadyList
                        0x080002d9    0xc2  Code  Lc  tasks.o [1]
prvCheckForValidListAndQueue
                        0x080015f9    0x4c  Code  Lc  timers.o [1]
prvCheckTasksWaitingTermination
                        0x08000a07    0x48  Code  Lc  tasks.o [1]
prvCopyDataFromQueue    0x08001d2b    0x2a  Code  Lc  queue.o [1]
prvCopyDataToQueue      0x08001ca5    0x86  Code  Lc  queue.o [1]
prvDeleteTCB            0x08000a4f    0x12  Code  Lc  tasks.o [1]
prvGetNextExpireTime    0x080013d7    0x26  Code  Lc  timers.o [1]
prvHeapInit             0x08000dc9    0x62  Code  Lc  heap_4.o [1]
prvIdleTask             0x08000981    0x24  Code  Lc  tasks.o [1]
prvInitialiseNewQueue   0x080017fd    0x22  Code  Lc  queue.o [1]
prvInitialiseNewTask    0x08000217    0xc2  Code  Lc  tasks.o [1]
prvInitialiseTaskLists  0x080009ad    0x5a  Code  Lc  tasks.o [1]
prvInsertBlockIntoFreeList
                        0x08000e2b    0x58  Code  Lc  heap_4.o [1]
prvInsertTimerInActiveList
                        0x08001425    0x3e  Code  Lc  timers.o [1]
prvIsQueueEmpty         0x08001dc3    0x1c  Code  Lc  queue.o [1]
prvIsQueueFull          0x08001ddf    0x1e  Code  Lc  queue.o [1]
prvProcessExpiredTimer  0x080012e1    0x6c  Code  Lc  timers.o [1]
prvProcessReceivedCommands
                        0x08001463   0x116  Code  Lc  timers.o [1]
prvProcessTimerOrBlockTask
                        0x08001365    0x72  Code  Lc  timers.o [1]
prvResetNextTaskUnblockTime
                        0x08000a61    0x28  Code  Lc  tasks.o [1]
prvSampleTimeNow        0x080013fd    0x28  Code  Lc  timers.o [1]
prvSampleTimeNow::xLastTime
                        0x2000160c     0x4  Data  Lc  timers.o [1]
prvSwitchTimerLists     0x08001579    0x80  Code  Lc  timers.o [1]
prvTaskExitError        0x08000fc9    0x2a  Code  Lc  port.o [1]
prvTimerTask            0x08001351    0x14  Code  Lc  timers.o [1]
prvUnlockQueue          0x08001d55    0x6e  Code  Lc  queue.o [1]
pvPortMalloc            0x08000c45   0x10e  Code  Gb  heap_4.o [1]
pxCurrentTCB            0x200015c0     0x4  Data  Gb  tasks.o [1]
pxCurrentTimerList      0x200015fc     0x4  Data  Lc  timers.o [1]
pxDelayedTaskList       0x200015c4     0x4  Data  Lc  tasks.o [1]
pxEnd                   0x200015ac     0x4  Data  Lc  heap_4.o [1]
pxOverflowDelayedTaskList
                        0x200015c8     0x4  Data  Lc  tasks.o [1]
pxOverflowTimerList     0x20001600     0x4  Data  Lc  timers.o [1]
pxPortInitialiseStack   0x08000fa1    0x28  Code  Gb  port.o [1]
pxReadyTasksLists       0x20001410    0x64  Data  Lc  tasks.o [1]
solderingDry            0x08004014     0x8  Data  Gb  dry.o [1]
solderingIron           0x08004034     0x8  Data  Gb  soldering-iron.o [1]
spi1                    0x200014b4    0x1c  Data  Gb  spiF4.o [1]
spi5                    0x200014d0    0x1c  Data  Gb  spiF4.o [1]
spi_DmaTxIrqHandler     0x08003959    0x3e  Code  Gb  spiF4.o [1]
spi_IrqHandler          0x08003997    0x72  Code  Gb  spiF4.o [1]
ucHeap                  0x20000010  0x1400  Data  Lc  heap_4.o [1]
ucMaxSysCallPriority    0x20001611     0x1  Data  Lc  port.o [1]
ui                      0x08003ef0    0x2c  Data  Gb  UI_private.o [1]
ulMaxPRIGROUPValue      0x200015bc     0x4  Data  Lc  port.o [1]
uxCriticalNesting       0x20000008     0x4  Data  Lc  port.o [1]
uxCurrentNumberOfTasks  0x200015d0     0x4  Data  Lc  tasks.o [1]
uxDeletedTasksWaitingCleanUp
                        0x200015cc     0x4  Data  Lc  tasks.o [1]
uxListRemove            0x08000f79    0x26  Code  Gb  list.o [1]
uxPendedTicks           0x200015e0     0x4  Data  Lc  tasks.o [1]
uxSchedulerSuspended    0x200015f8     0x4  Data  Lc  tasks.o [1]
uxTaskNumber            0x200015ec     0x4  Data  Lc  tasks.o [1]
uxTopReadyPriority      0x200015d8     0x4  Data  Lc  tasks.o [1]
vListInitialise         0x08000f07    0x1e  Code  Gb  list.o [1]
vListInitialiseItem     0x08000f25     0x6  Code  Gb  list.o [1]
vListInsert             0x08000f43    0x36  Code  Gb  list.o [1]
vListInsertEnd          0x08000f2b    0x18  Code  Gb  list.o [1]
vPortEnableVFP          0x08001701          Code  Gb  portasm.o [1]
vPortEnterCritical      0x080010db    0x3a  Code  Gb  port.o [1]
vPortExitCritical       0x08001115    0x32  Code  Gb  port.o [1]
vPortFree               0x08000d53    0x76  Code  Gb  heap_4.o [1]
vPortStartFirstTask     0x080016e1          Code  Gb  portasm.o [1]
vPortValidateInterruptPriority
                        0x08001171    0x4a  Code  Gb  port.o [1]
vQueueAddToRegistry     0x08001dfd    0x24  Code  Gb  queue.o [1]
vQueueWaitForMessageRestricted
                        0x08001e25    0x4a  Code  Gb  queue.o [1]
vTaskDelay              0x0800047b    0x4c  Code  Gb  tasks.o [1]
vTaskDelete             0x0800039b    0xe0  Code  Gb  tasks.o [1]
vTaskInternalSetTimeOutState
                        0x080008d9    0x12  Code  Gb  tasks.o [1]
vTaskMissedYield        0x08000977     0xa  Code  Gb  tasks.o [1]
vTaskPlaceOnEventList   0x080007cb    0x2e  Code  Gb  tasks.o [1]
vTaskPlaceOnEventListRestricted
                        0x08000811    0x38  Code  Gb  tasks.o [1]
vTaskStartScheduler     0x080004c7    0x6e  Code  Gb  tasks.o [1]
vTaskSuspendAll         0x08000535    0x10  Code  Gb  tasks.o [1]
vTaskSwitchContext      0x0800075d    0x6e  Code  Gb  tasks.o [1]
xActiveTimerList1       0x2000157c    0x14  Data  Lc  timers.o [1]
xActiveTimerList2       0x20001590    0x14  Data  Lc  timers.o [1]
xBlockAllocatedBit      0x200015b8     0x4  Data  Lc  heap_4.o [1]
xDelayedTaskList1       0x20001518    0x14  Data  Lc  tasks.o [1]
xDelayedTaskList2       0x2000152c    0x14  Data  Lc  tasks.o [1]
xFreeBytesRemaining     0x200015b0     0x4  Data  Lc  heap_4.o [1]
xHeapStructSize         0x08004054     0x4  Data  Lc  heap_4.o [1]
xIdleTaskHandle         0x200015f4     0x4  Data  Lc  tasks.o [1]
xMinimumEverFreeBytesRemaining
                        0x200015b4     0x4  Data  Lc  heap_4.o [1]
xNextTaskUnblockTime    0x200015f0     0x4  Data  Lc  tasks.o [1]
xNumOfOverflows         0x200015e8     0x4  Data  Lc  tasks.o [1]
xPendingReadyList       0x20001540    0x14  Data  Lc  tasks.o [1]
xPortStartScheduler     0x08000ff3    0xe8  Code  Gb  port.o [1]
xQueueGenericCreate     0x080017b3    0x4a  Code  Gb  queue.o [1]
xQueueGenericReset      0x0800171d    0x96  Code  Gb  queue.o [1]
xQueueGenericSend       0x0800181f   0x196  Code  Gb  queue.o [1]
xQueueGenericSendFromISR
                        0x080019b5    0xdc  Code  Gb  queue.o [1]
xQueueGiveFromISR       0x08001a91    0xb4  Code  Gb  queue.o [1]
xQueueReceive           0x08001b45   0x15a  Code  Gb  queue.o [1]
xQueueRegistry          0x20001474    0x40  Data  Gb  queue.o [1]
xSchedulerRunning       0x200015dc     0x4  Data  Lc  tasks.o [1]
xStart                  0x200015a4     0x8  Data  Lc  heap_4.o [1]
xSuspendedTaskList      0x20001568    0x14  Data  Lc  tasks.o [1]
xTaskCheckForTimeOut    0x080008f5    0x82  Code  Gb  tasks.o [1]
xTaskCreate             0x080001ad    0x6a  Code  Gb  tasks.o [1]
xTaskGetSchedulerState  0x08000a89    0x20  Code  Gb  tasks.o [1]
xTaskGetTickCount       0x0800063f     0x8  Code  Gb  tasks.o [1]
xTaskIncrementTick      0x08000647   0x116  Code  Gb  tasks.o [1]
xTaskPriorityDisinherit
                        0x08000aa9    0xb6  Code  Gb  tasks.o [1]
xTaskRemoveFromEventList
                        0x08000849    0x84  Code  Gb  tasks.o [1]
xTaskResumeAll          0x08000545    0xfa  Code  Gb  tasks.o [1]
xTasksWaitingTermination
                        0x20001554    0x14  Data  Lc  tasks.o [1]
xTickCount              0x200015d4     0x4  Data  Lc  tasks.o [1]
xTimerCreateTimerTask   0x08001225    0x48  Code  Gb  timers.o [1]
xTimerGenericCommand    0x0800126d    0x74  Code  Gb  timers.o [1]
xTimerQueue             0x20001604     0x4  Data  Lc  timers.o [1]
xTimerTaskHandle        0x20001608     0x4  Data  Lc  timers.o [1]
xYieldPending           0x200015e4     0x4  Data  Lc  tasks.o [1]


[1] = C:\Users\Ernst\Documents\Repositories\eSolder\Fwm\fwm_eSolder\projects\iar\STM32F427_Debug\Obj
[2] = command line
[3] = dl7M_tln.a
[4] = m7M_tls.a
[5] = rt7M_tl.a
[6] = shb_l.a

  12 478 bytes of readonly  code memory
   4 374 bytes of readonly  data memory
  13 842 bytes of readwrite data memory

Errors: none
Warnings: none
