###############################################################################
#
# IAR ELF Linker V8.11.1.13263/W32 for ARM                07/Nov/2019  12:28:38
# Copyright 2007-2017 IAR Systems AB.
#
#    Output file  =  
#        C:\Users\User\Documents\Repositories\eSolder\Fwm\fwm_eSolder\projects\iar\STM32F427_Debug\Exe\eSolder.out
#    Map file     =  
#        C:\Users\User\Documents\Repositories\eSolder\Fwm\fwm_eSolder\projects\iar\STM32F427_Debug\List\eSolder.map
#    Command line =  
#        -f C:\Users\User\AppData\Local\Temp\EW821.tmp
#        (C:\Users\User\Documents\Repositories\eSolder\Fwm\fwm_eSolder\projects\iar\STM32F427_Debug\Obj\Arial.o
#        C:\Users\User\Documents\Repositories\eSolder\Fwm\fwm_eSolder\projects\iar\STM32F427_Debug\Obj\Courier_New.o
#        C:\Users\User\Documents\Repositories\eSolder\Fwm\fwm_eSolder\projects\iar\STM32F427_Debug\Obj\croutine.o
#        C:\Users\User\Documents\Repositories\eSolder\Fwm\fwm_eSolder\projects\iar\STM32F427_Debug\Obj\DS_Digital.o
#        C:\Users\User\Documents\Repositories\eSolder\Fwm\fwm_eSolder\projects\iar\STM32F427_Debug\Obj\DS_Digital_Small.o
#        C:\Users\User\Documents\Repositories\eSolder\Fwm\fwm_eSolder\projects\iar\STM32F427_Debug\Obj\event_groups.o
#        C:\Users\User\Documents\Repositories\eSolder\Fwm\fwm_eSolder\projects\iar\STM32F427_Debug\Obj\gpio.o
#        C:\Users\User\Documents\Repositories\eSolder\Fwm\fwm_eSolder\projects\iar\STM32F427_Debug\Obj\hard.o
#        C:\Users\User\Documents\Repositories\eSolder\Fwm\fwm_eSolder\projects\iar\STM32F427_Debug\Obj\heap_4.o
#        C:\Users\User\Documents\Repositories\eSolder\Fwm\fwm_eSolder\projects\iar\STM32F427_Debug\Obj\ili9341.o
#        C:\Users\User\Documents\Repositories\eSolder\Fwm\fwm_eSolder\projects\iar\STM32F427_Debug\Obj\ili9341_fsmc.o
#        C:\Users\User\Documents\Repositories\eSolder\Fwm\fwm_eSolder\projects\iar\STM32F427_Debug\Obj\ili9341_spi.o
#        C:\Users\User\Documents\Repositories\eSolder\Fwm\fwm_eSolder\projects\iar\STM32F427_Debug\Obj\lcd.o
#        C:\Users\User\Documents\Repositories\eSolder\Fwm\fwm_eSolder\projects\iar\STM32F427_Debug\Obj\list.o
#        C:\Users\User\Documents\Repositories\eSolder\Fwm\fwm_eSolder\projects\iar\STM32F427_Debug\Obj\main.o
#        C:\Users\User\Documents\Repositories\eSolder\Fwm\fwm_eSolder\projects\iar\STM32F427_Debug\Obj\mainTSK.o
#        C:\Users\User\Documents\Repositories\eSolder\Fwm\fwm_eSolder\projects\iar\STM32F427_Debug\Obj\mcu.o
#        C:\Users\User\Documents\Repositories\eSolder\Fwm\fwm_eSolder\projects\iar\STM32F427_Debug\Obj\OS.o
#        C:\Users\User\Documents\Repositories\eSolder\Fwm\fwm_eSolder\projects\iar\STM32F427_Debug\Obj\port.o
#        C:\Users\User\Documents\Repositories\eSolder\Fwm\fwm_eSolder\projects\iar\STM32F427_Debug\Obj\portasm.o
#        C:\Users\User\Documents\Repositories\eSolder\Fwm\fwm_eSolder\projects\iar\STM32F427_Debug\Obj\queue.o
#        C:\Users\User\Documents\Repositories\eSolder\Fwm\fwm_eSolder\projects\iar\STM32F427_Debug\Obj\specific_symbol.o
#        C:\Users\User\Documents\Repositories\eSolder\Fwm\fwm_eSolder\projects\iar\STM32F427_Debug\Obj\spi3.o
#        C:\Users\User\Documents\Repositories\eSolder\Fwm\fwm_eSolder\projects\iar\STM32F427_Debug\Obj\startup_stm32f427xx.o
#        C:\Users\User\Documents\Repositories\eSolder\Fwm\fwm_eSolder\projects\iar\STM32F427_Debug\Obj\stream_buffer.o
#        C:\Users\User\Documents\Repositories\eSolder\Fwm\fwm_eSolder\projects\iar\STM32F427_Debug\Obj\system_stm32f4xx.o
#        C:\Users\User\Documents\Repositories\eSolder\Fwm\fwm_eSolder\projects\iar\STM32F427_Debug\Obj\tasks.o
#        C:\Users\User\Documents\Repositories\eSolder\Fwm\fwm_eSolder\projects\iar\STM32F427_Debug\Obj\timers.o
#        C:\Users\User\Documents\Repositories\eSolder\Fwm\fwm_eSolder\projects\iar\STM32F427_Debug\Obj\UI.o
#        -o
#        C:\Users\User\Documents\Repositories\eSolder\Fwm\fwm_eSolder\projects\iar\STM32F427_Debug\Exe\eSolder.out
#        --map
#        C:\Users\User\Documents\Repositories\eSolder\Fwm\fwm_eSolder\projects\iar\STM32F427_Debug\List\eSolder.map
#        --config "C:\Program Files (x86)\IAR Systems\Embedded Workbench
#        8.0\arm\config\linker\ST\stm32f427xG.icf" --semihosting
#        C:\Users\User\Documents\Repositories\eSolder\Fwm\fwm_eSolder\projects\iar\..\..\modules\IQ\IQmathLib-cm4.a
#        --entry __iar_program_start --vfe --text_out locale)
#
###############################################################################

*******************************************************************************
*** RUNTIME MODEL ATTRIBUTES
***

CppFlavor       = *
__SystemLibrary = DLib
__dlib_version  = 6


*******************************************************************************
*** HEAP SELECTION
***

The basic heap was selected because no calls to memory allocation
functions were found in the application outside of system library
functions, and there are calls to deallocation functions in the
application.


*******************************************************************************
*** PLACEMENT SUMMARY
***

"A0":  place at 0x08000000 { ro section .intvec };
"P1":  place in [from 0x08000000 to 0x080fffff] { ro };
"P3":  place in [from 0x10000000 to 0x1000ffff] { block CSTACK, section .ccram };
"P4":  place in [from 0x20000000 to 0x2001bfff] |
                [from 0x2001c000 to 0x2001ffff] |
                [from 0x20020000 to 0x2002ffff] { rw, block HEAP };
initialize by copy { rw };

  Section            Kind        Address     Size  Object
  -------            ----        -------     ----  ------
"A0":                                       0x1ac
  .intvec            ro code  0x08000000    0x1ac  startup_stm32f427xx.o [1]
                            - 0x080001ac    0x1ac

"P1":                                      0x5880
  .text              ro code  0x080001ac    0x974  tasks.o [1]
  .text              ro code  0x08000b20    0x264  heap_4.o [1]
  .text              ro code  0x08000d84     0x66  ABImemset.o [5]
  .text              ro code  0x08000dea     0x98  list.o [1]
  .text              ro code  0x08000e84    0x284  port.o [1]
  .text              ro code  0x08001108    0x448  timers.o [1]
  CODE               ro code  0x08001550     0xb0  portasm.o [1]
  .text              ro code  0x08001600    0x69a  queue.o [1]
  .text              ro code  0x08001c9c     0xa6  ABImemcpy.o [5]
  .rodata            const    0x08001d44    0x2f8  Arial.o [1]
  .text              ro code  0x0800203c    0x23a  lcd.o [1]
  .text              ro code  0x08002278    0x140  ili9341.o [1]
  .text              ro code  0x080023b8     0x84  ili9341_spi.o [1]
  .text              ro code  0x0800243c    0x130  gpio.o [1]
  .text              ro code  0x0800256c     0xc8  spi3.o [1]
  .text              ro code  0x08002634     0x24  ABIassert.o [6]
  .text              ro code  0x08002658      0x6  abort.o [3]
  .text              ro code  0x08002660     0x14  exit.o [6]
  .rodata            const    0x08002674    0x120  DS_Digital_Small.o [1]
  .text              ro code  0x08002794    0x118  system_stm32f4xx.o [1]
  .text              ro code  0x080028ac     0xfc  UI.o [1]
  .rodata            const    0x080029a8     0xf8  DS_Digital.o [1]
  .rodata            const    0x08002aa0     0xd4  DS_Digital.o [1]
  .text              ro code  0x08002b74     0xc0  mcu.o [1]
  .rodata            const    0x08002c34     0xa0  DS_Digital.o [1]
  .rodata            const    0x08002cd4     0xa0  DS_Digital.o [1]
  .rodata            const    0x08002d74     0xa0  DS_Digital.o [1]
  .rodata            const    0x08002e14     0xa0  DS_Digital.o [1]
  .rodata            const    0x08002eb4     0xa0  DS_Digital.o [1]
  .rodata            const    0x08002f54     0xa0  DS_Digital.o [1]
  .rodata            const    0x08002ff4     0xa0  DS_Digital.o [1]
  .rodata            const    0x08003094     0xa0  DS_Digital.o [1]
  .rodata            const    0x08003134     0xa0  DS_Digital.o [1]
  .rodata            const    0x080031d4     0xa0  DS_Digital.o [1]
  .rodata            const    0x08003274     0xa0  DS_Digital.o [1]
  .rodata            const    0x08003314     0xa0  DS_Digital.o [1]
  .rodata            const    0x080033b4     0xa0  DS_Digital.o [1]
  .rodata            const    0x08003454     0xa0  DS_Digital.o [1]
  .rodata            const    0x080034f4     0xa0  DS_Digital.o [1]
  .rodata            const    0x08003594     0xa0  DS_Digital.o [1]
  .rodata            const    0x08003634     0xa0  DS_Digital.o [1]
  .rodata            const    0x080036d4     0xa0  DS_Digital.o [1]
  .rodata            const    0x08003774     0xa0  DS_Digital.o [1]
  .rodata            const    0x08003814     0xa0  DS_Digital.o [1]
  .rodata            const    0x080038b4     0xa0  DS_Digital.o [1]
  .rodata            const    0x08003954     0xa0  DS_Digital.o [1]
  .rodata            const    0x080039f4     0xa0  DS_Digital.o [1]
  .rodata            const    0x08003a94     0xa0  DS_Digital.o [1]
  .rodata            const    0x08003b34     0xa0  DS_Digital.o [1]
  .rodata            const    0x08003bd4     0xa0  DS_Digital.o [1]
  .rodata            const    0x08003c74     0xa0  DS_Digital.o [1]
  .rodata            const    0x08003d14     0xa0  DS_Digital.o [1]
  .rodata            const    0x08003db4     0xa0  DS_Digital.o [1]
  .rodata            const    0x08003e54     0x54  gpio.o [1]
  .rodata            const    0x08003ea8     0x4c  DS_Digital_Small.o [1]
  .rodata            const    0x08003ef4     0x4c  DS_Digital_Small.o [1]
  .rodata            const    0x08003f40     0x4c  DS_Digital_Small.o [1]
  .rodata            const    0x08003f8c     0x4c  DS_Digital_Small.o [1]
  .rodata            const    0x08003fd8     0x4c  DS_Digital_Small.o [1]
  .rodata            const    0x08004024     0x4c  DS_Digital_Small.o [1]
  .rodata            const    0x08004070     0x4c  DS_Digital_Small.o [1]
  .rodata            const    0x080040bc     0x4c  DS_Digital_Small.o [1]
  .rodata            const    0x08004108     0x4c  DS_Digital_Small.o [1]
  .rodata            const    0x08004154     0x4c  DS_Digital_Small.o [1]
  .rodata            const    0x080041a0     0x4c  DS_Digital_Small.o [1]
  .rodata            const    0x080041ec     0x4c  DS_Digital_Small.o [1]
  .rodata            const    0x08004238     0x4c  DS_Digital_Small.o [1]
  .rodata            const    0x08004284     0x48  DS_Digital_Small.o [1]
  .rodata            const    0x080042cc     0x48  DS_Digital_Small.o [1]
  .rodata            const    0x08004314     0x48  DS_Digital_Small.o [1]
  .rodata            const    0x0800435c     0x48  DS_Digital_Small.o [1]
  .rodata            const    0x080043a4     0x48  DS_Digital_Small.o [1]
  .rodata            const    0x080043ec     0x48  DS_Digital_Small.o [1]
  .rodata            const    0x08004434     0x48  DS_Digital_Small.o [1]
  .rodata            const    0x0800447c     0x44  UI.o [1]
  .text              ro code  0x080044c0     0x40  zero_init3.o [5]
  .rodata            const    0x08004500     0x34  DS_Digital_Small.o [1]
  .rodata            const    0x08004534     0x34  DS_Digital_Small.o [1]
  .rodata            const    0x08004568     0x34  DS_Digital_Small.o [1]
  .rodata            const    0x0800459c     0x34  DS_Digital_Small.o [1]
  .rodata            const    0x080045d0     0x34  DS_Digital_Small.o [1]
  .rodata            const    0x08004604     0x34  DS_Digital_Small.o [1]
  .rodata            const    0x08004638     0x34  DS_Digital_Small.o [1]
  .rodata            const    0x0800466c     0x34  DS_Digital_Small.o [1]
  .text              ro code  0x080046a0     0x2c  copy_init3.o [5]
  .text              ro code  0x080046cc     0x28  OS.o [1]
  .text              ro code  0x080046f4     0x28  data_init.o [5]
  .rodata            const    0x0800471c     0x24  Arial.o [1]
  .rodata            const    0x08004740     0x24  Arial.o [1]
  .rodata            const    0x08004764     0x24  Arial.o [1]
  .rodata            const    0x08004788     0x24  Arial.o [1]
  .rodata            const    0x080047ac     0x24  Arial.o [1]
  .rodata            const    0x080047d0     0x24  Arial.o [1]
  .rodata            const    0x080047f4     0x24  Arial.o [1]
  .rodata            const    0x08004818     0x24  Arial.o [1]
  .rodata            const    0x0800483c     0x24  Arial.o [1]
  .rodata            const    0x08004860     0x24  Arial.o [1]
  .rodata            const    0x08004884     0x24  Arial.o [1]
  .rodata            const    0x080048a8     0x24  Arial.o [1]
  .rodata            const    0x080048cc     0x24  Arial.o [1]
  .rodata            const    0x080048f0     0x24  Arial.o [1]
  .rodata            const    0x08004914     0x24  Arial.o [1]
  .rodata            const    0x08004938     0x24  Arial.o [1]
  .rodata            const    0x0800495c     0x24  Arial.o [1]
  .rodata            const    0x08004980     0x24  Arial.o [1]
  .rodata            const    0x080049a4     0x24  Arial.o [1]
  .rodata            const    0x080049c8     0x24  Arial.o [1]
  .rodata            const    0x080049ec     0x24  Arial.o [1]
  .rodata            const    0x08004a10     0x24  Arial.o [1]
  .rodata            const    0x08004a34     0x24  Arial.o [1]
  .rodata            const    0x08004a58     0x24  Arial.o [1]
  .rodata            const    0x08004a7c     0x24  Arial.o [1]
  .rodata            const    0x08004aa0     0x24  Arial.o [1]
  .rodata            const    0x08004ac4     0x24  Arial.o [1]
  .rodata            const    0x08004ae8     0x24  Arial.o [1]
  .rodata            const    0x08004b0c     0x24  Arial.o [1]
  .rodata            const    0x08004b30     0x24  Arial.o [1]
  .rodata            const    0x08004b54     0x24  Arial.o [1]
  .rodata            const    0x08004b78     0x24  Arial.o [1]
  .rodata            const    0x08004b9c     0x24  Arial.o [1]
  .rodata            const    0x08004bc0     0x24  Arial.o [1]
  .rodata            const    0x08004be4     0x24  Arial.o [1]
  .rodata            const    0x08004c08     0x24  Arial.o [1]
  .rodata            const    0x08004c2c     0x24  Arial.o [1]
  .rodata            const    0x08004c50     0x24  Arial.o [1]
  .rodata            const    0x08004c74     0x24  Arial.o [1]
  .rodata            const    0x08004c98     0x24  Arial.o [1]
  .rodata            const    0x08004cbc     0x24  Arial.o [1]
  .rodata            const    0x08004ce0     0x24  Arial.o [1]
  .rodata            const    0x08004d04     0x24  Arial.o [1]
  .rodata            const    0x08004d28     0x24  Arial.o [1]
  .rodata            const    0x08004d4c     0x24  Arial.o [1]
  .rodata            const    0x08004d70     0x24  Arial.o [1]
  .rodata            const    0x08004d94     0x24  Arial.o [1]
  .rodata            const    0x08004db8     0x24  Arial.o [1]
  .rodata            const    0x08004ddc     0x24  Arial.o [1]
  .rodata            const    0x08004e00     0x24  Arial.o [1]
  .rodata            const    0x08004e24     0x24  Arial.o [1]
  .rodata            const    0x08004e48     0x24  Arial.o [1]
  .rodata            const    0x08004e6c     0x24  Arial.o [1]
  .rodata            const    0x08004e90     0x24  Arial.o [1]
  .rodata            const    0x08004eb4     0x24  Arial.o [1]
  .rodata            const    0x08004ed8     0x24  Arial.o [1]
  .text              ro code  0x08004efc     0x22  fpinit_M.o [4]
  .iar.init_table    const    0x08004f20     0x24  - Linker created -
  .text              ro code  0x08004f44     0x1a  cmain.o [5]
  .text              ro code  0x08004f5e      0x4  low_level_init.o [3]
  .text              ro code  0x08004f62     0x14  main.o [1]
  .text              ro code  0x08004f76      0x4  exit.o [3]
  .text              ro code  0x08004f7a      0x8  hard.o [1]
  .text              ro code  0x08004f84      0xa  cexit.o [5]
  .rodata            const    0x08004f90     0x18  DS_Digital_Small.o [1]
  .rodata            const    0x08004fa8     0x18  DS_Digital_Small.o [1]
  .rodata            const    0x08004fc0     0x14  Arial.o [1]
  .rodata            const    0x08004fd4     0x14  Arial.o [1]
  .rodata            const    0x08004fe8     0x14  Arial.o [1]
  .rodata            const    0x08004ffc     0x14  Arial.o [1]
  .rodata            const    0x08005010     0x14  Arial.o [1]
  .rodata            const    0x08005024     0x14  Arial.o [1]
  .rodata            const    0x08005038     0x14  Arial.o [1]
  .rodata            const    0x0800504c     0x14  Arial.o [1]
  .rodata            const    0x08005060     0x14  Arial.o [1]
  .rodata            const    0x08005074     0x14  Arial.o [1]
  .rodata            const    0x08005088     0x14  Arial.o [1]
  .rodata            const    0x0800509c     0x14  Arial.o [1]
  .rodata            const    0x080050b0     0x14  Arial.o [1]
  .rodata            const    0x080050c4     0x14  Arial.o [1]
  .rodata            const    0x080050d8     0x14  Arial.o [1]
  .rodata            const    0x080050ec     0x14  Arial.o [1]
  .rodata            const    0x08005100     0x14  Arial.o [1]
  .rodata            const    0x08005114     0x14  Arial.o [1]
  .rodata            const    0x08005128     0x14  Arial.o [1]
  .rodata            const    0x0800513c     0x14  Arial.o [1]
  .rodata            const    0x08005150     0x14  Arial.o [1]
  .rodata            const    0x08005164     0x14  Arial.o [1]
  .rodata            const    0x08005178     0x14  Arial.o [1]
  .rodata            const    0x0800518c     0x14  Arial.o [1]
  .rodata            const    0x080051a0     0x14  Arial.o [1]
  .rodata            const    0x080051b4     0x14  Arial.o [1]
  .rodata            const    0x080051c8     0x14  Arial.o [1]
  .rodata            const    0x080051dc     0x14  Arial.o [1]
  .rodata            const    0x080051f0     0x14  Arial.o [1]
  .rodata            const    0x08005204     0x14  Arial.o [1]
  .rodata            const    0x08005218     0x14  Arial.o [1]
  .rodata            const    0x0800522c     0x14  Arial.o [1]
  .rodata            const    0x08005240     0x14  Arial.o [1]
  .rodata            const    0x08005254     0x14  Arial.o [1]
  .rodata            const    0x08005268     0x14  Arial.o [1]
  .rodata            const    0x0800527c     0x14  Arial.o [1]
  .rodata            const    0x08005290     0x14  Arial.o [1]
  .rodata            const    0x080052a4     0x14  Arial.o [1]
  .rodata            const    0x080052b8     0x14  Arial.o [1]
  .rodata            const    0x080052cc     0x10  system_stm32f4xx.o [1]
  .text              ro code  0x080052dc     0x10  startup_stm32f427xx.o [1]
  .text              ro code  0x080052ec      0xc  mainTSK.o [1]
  .text              ro code  0x080052f8      0xc  cstartup_M.o [5]
  .rodata            const    0x08005304      0x8  Arial.o [1]
  .rodata            const    0x0800530c      0x8  Arial.o [1]
  .rodata            const    0x08005314      0x8  Arial.o [1]
  .rodata            const    0x0800531c      0x8  Arial.o [1]
  .rodata            const    0x08005324      0x8  Arial.o [1]
  .rodata            const    0x0800532c      0x8  Arial.o [1]
  .rodata            const    0x08005334      0x8  Arial.o [1]
  .rodata            const    0x0800533c      0x8  Arial.o [1]
  .rodata            const    0x08005344      0x8  Arial.o [1]
  .rodata            const    0x0800534c      0x8  Arial.o [1]
  .rodata            const    0x08005354      0x8  Arial.o [1]
  .rodata            const    0x0800535c      0x8  Arial.o [1]
  .rodata            const    0x08005364      0x8  Arial.o [1]
  .rodata            const    0x0800536c      0x8  Arial.o [1]
  .rodata            const    0x08005374      0x8  Arial.o [1]
  .rodata            const    0x0800537c      0x8  Arial.o [1]
  .rodata            const    0x08005384      0x8  Arial.o [1]
  .rodata            const    0x0800538c      0x8  Arial.o [1]
  .rodata            const    0x08005394      0x8  Arial.o [1]
  .rodata            const    0x0800539c      0x8  Arial.o [1]
  .rodata            const    0x080053a4      0x8  Arial.o [1]
  .rodata            const    0x080053ac      0x8  Arial.o [1]
  .rodata            const    0x080053b4      0x8  Arial.o [1]
  .rodata            const    0x080053bc      0x8  Arial.o [1]
  .rodata            const    0x080053c4      0x8  Arial.o [1]
  .rodata            const    0x080053cc      0x8  Arial.o [1]
  .rodata            const    0x080053d4      0x8  Arial.o [1]
  .rodata            const    0x080053dc      0x8  Arial.o [1]
  .rodata            const    0x080053e4      0x8  Arial.o [1]
  .rodata            const    0x080053ec      0x8  Arial.o [1]
  .rodata            const    0x080053f4      0x8  Arial.o [1]
  .rodata            const    0x080053fc      0x8  Arial.o [1]
  .rodata            const    0x08005404      0x8  Arial.o [1]
  .rodata            const    0x0800540c      0x8  Arial.o [1]
  .rodata            const    0x08005414      0x8  Arial.o [1]
  .rodata            const    0x0800541c      0x8  Arial.o [1]
  .rodata            const    0x08005424      0x8  Arial.o [1]
  .rodata            const    0x0800542c      0x8  Arial.o [1]
  .rodata            const    0x08005434      0x8  Arial.o [1]
  .rodata            const    0x0800543c      0x8  Arial.o [1]
  .rodata            const    0x08005444      0x8  Arial.o [1]
  .rodata            const    0x0800544c      0x8  Arial.o [1]
  .rodata            const    0x08005454      0x8  Arial.o [1]
  .rodata            const    0x0800545c      0x8  Arial.o [1]
  .rodata            const    0x08005464      0x8  Arial.o [1]
  .rodata            const    0x0800546c      0x8  Arial.o [1]
  .rodata            const    0x08005474      0x8  Arial.o [1]
  .rodata            const    0x0800547c      0x8  Arial.o [1]
  .rodata            const    0x08005484      0x8  Arial.o [1]
  .rodata            const    0x0800548c      0x8  Arial.o [1]
  .rodata            const    0x08005494      0x8  Arial.o [1]
  .rodata            const    0x0800549c      0x8  Arial.o [1]
  .rodata            const    0x080054a4      0x8  Arial.o [1]
  .rodata            const    0x080054ac      0x8  Arial.o [1]
  .rodata            const    0x080054b4      0x8  Arial.o [1]
  .rodata            const    0x080054bc      0x8  Arial.o [1]
  .rodata            const    0x080054c4      0x8  Arial.o [1]
  .rodata            const    0x080054cc      0x8  Arial.o [1]
  .rodata            const    0x080054d4      0x8  Arial.o [1]
  .rodata            const    0x080054dc      0x8  Arial.o [1]
  .rodata            const    0x080054e4      0x8  Arial.o [1]
  .rodata            const    0x080054ec      0x8  Arial.o [1]
  .rodata            const    0x080054f4      0x8  Arial.o [1]
  .rodata            const    0x080054fc      0x8  Arial.o [1]
  .rodata            const    0x08005504      0x8  Arial.o [1]
  .rodata            const    0x0800550c      0x8  Arial.o [1]
  .rodata            const    0x08005514      0x8  Arial.o [1]
  .rodata            const    0x0800551c      0x8  Arial.o [1]
  .rodata            const    0x08005524      0x8  Arial.o [1]
  .rodata            const    0x0800552c      0x8  Arial.o [1]
  .rodata            const    0x08005534      0x8  Arial.o [1]
  .rodata            const    0x0800553c      0x8  Arial.o [1]
  .rodata            const    0x08005544      0x8  Arial.o [1]
  .rodata            const    0x0800554c      0x8  Arial.o [1]
  .rodata            const    0x08005554      0x8  Arial.o [1]
  .rodata            const    0x0800555c      0x8  Arial.o [1]
  .rodata            const    0x08005564      0x8  Arial.o [1]
  .rodata            const    0x0800556c      0x8  Arial.o [1]
  .rodata            const    0x08005574      0x8  Arial.o [1]
  .rodata            const    0x0800557c      0x8  Arial.o [1]
  .rodata            const    0x08005584      0x8  Arial.o [1]
  .rodata            const    0x0800558c      0x8  Arial.o [1]
  .rodata            const    0x08005594      0x8  Arial.o [1]
  .rodata            const    0x0800559c      0x8  Arial.o [1]
  .rodata            const    0x080055a4      0x8  Arial.o [1]
  .rodata            const    0x080055ac      0x8  Arial.o [1]
  .rodata            const    0x080055b4      0x8  Arial.o [1]
  .rodata            const    0x080055bc      0x8  Arial.o [1]
  .rodata            const    0x080055c4      0x8  Arial.o [1]
  .rodata            const    0x080055cc      0x8  Arial.o [1]
  .rodata            const    0x080055d4      0x8  Arial.o [1]
  .rodata            const    0x080055dc      0x8  Arial.o [1]
  .rodata            const    0x080055e4      0x8  Arial.o [1]
  .rodata            const    0x080055ec      0x8  Arial.o [1]
  .rodata            const    0x080055f4      0x8  Arial.o [1]
  .rodata            const    0x080055fc      0x8  Arial.o [1]
  .rodata            const    0x08005604      0x8  DS_Digital.o [1]
  .rodata            const    0x0800560c      0x8  DS_Digital.o [1]
  .rodata            const    0x08005614      0x8  DS_Digital.o [1]
  .rodata            const    0x0800561c      0x8  DS_Digital.o [1]
  .rodata            const    0x08005624      0x8  DS_Digital.o [1]
  .rodata            const    0x0800562c      0x8  DS_Digital.o [1]
  .rodata            const    0x08005634      0x8  DS_Digital.o [1]
  .rodata            const    0x0800563c      0x8  DS_Digital.o [1]
  .rodata            const    0x08005644      0x8  DS_Digital.o [1]
  .rodata            const    0x0800564c      0x8  DS_Digital.o [1]
  .rodata            const    0x08005654      0x8  DS_Digital.o [1]
  .rodata            const    0x0800565c      0x8  DS_Digital.o [1]
  .rodata            const    0x08005664      0x8  DS_Digital.o [1]
  .rodata            const    0x0800566c      0x8  DS_Digital.o [1]
  .rodata            const    0x08005674      0x8  DS_Digital.o [1]
  .rodata            const    0x0800567c      0x8  DS_Digital.o [1]
  .rodata            const    0x08005684      0x8  DS_Digital.o [1]
  .rodata            const    0x0800568c      0x8  DS_Digital.o [1]
  .rodata            const    0x08005694      0x8  DS_Digital.o [1]
  .rodata            const    0x0800569c      0x8  DS_Digital.o [1]
  .rodata            const    0x080056a4      0x8  DS_Digital.o [1]
  .rodata            const    0x080056ac      0x8  DS_Digital.o [1]
  .rodata            const    0x080056b4      0x8  DS_Digital.o [1]
  .rodata            const    0x080056bc      0x8  DS_Digital.o [1]
  .rodata            const    0x080056c4      0x8  DS_Digital.o [1]
  .rodata            const    0x080056cc      0x8  DS_Digital.o [1]
  .rodata            const    0x080056d4      0x8  DS_Digital.o [1]
  .rodata            const    0x080056dc      0x8  DS_Digital.o [1]
  .rodata            const    0x080056e4      0x8  DS_Digital.o [1]
  .rodata            const    0x080056ec      0x8  DS_Digital.o [1]
  .rodata            const    0x080056f4      0x8  DS_Digital.o [1]
  .rodata            const    0x080056fc      0x8  DS_Digital.o [1]
  .rodata            const    0x08005704      0x8  DS_Digital.o [1]
  .rodata            const    0x0800570c      0x8  DS_Digital_Small.o [1]
  .rodata            const    0x08005714      0x8  DS_Digital_Small.o [1]
  .rodata            const    0x0800571c      0x8  DS_Digital_Small.o [1]
  .rodata            const    0x08005724      0x8  DS_Digital_Small.o [1]
  .rodata            const    0x0800572c      0x8  DS_Digital_Small.o [1]
  .rodata            const    0x08005734      0x8  DS_Digital_Small.o [1]
  .rodata            const    0x0800573c      0x8  DS_Digital_Small.o [1]
  .rodata            const    0x08005744      0x8  DS_Digital_Small.o [1]
  .rodata            const    0x0800574c      0x8  DS_Digital_Small.o [1]
  .rodata            const    0x08005754      0x8  DS_Digital_Small.o [1]
  .rodata            const    0x0800575c      0x8  DS_Digital_Small.o [1]
  .rodata            const    0x08005764      0x8  DS_Digital_Small.o [1]
  .rodata            const    0x0800576c      0x8  DS_Digital_Small.o [1]
  .rodata            const    0x08005774      0x8  DS_Digital_Small.o [1]
  .rodata            const    0x0800577c      0x8  DS_Digital_Small.o [1]
  .rodata            const    0x08005784      0x8  DS_Digital_Small.o [1]
  .rodata            const    0x0800578c      0x8  DS_Digital_Small.o [1]
  .rodata            const    0x08005794      0x8  DS_Digital_Small.o [1]
  .rodata            const    0x0800579c      0x8  DS_Digital_Small.o [1]
  .rodata            const    0x080057a4      0x8  DS_Digital_Small.o [1]
  .rodata            const    0x080057ac      0x8  DS_Digital_Small.o [1]
  .rodata            const    0x080057b4      0x8  DS_Digital_Small.o [1]
  .rodata            const    0x080057bc      0x8  DS_Digital_Small.o [1]
  .rodata            const    0x080057c4      0x8  DS_Digital_Small.o [1]
  .rodata            const    0x080057cc      0x8  DS_Digital_Small.o [1]
  .rodata            const    0x080057d4      0x8  DS_Digital_Small.o [1]
  .rodata            const    0x080057dc      0x8  DS_Digital_Small.o [1]
  .rodata            const    0x080057e4      0x8  DS_Digital_Small.o [1]
  .rodata            const    0x080057ec      0x8  DS_Digital_Small.o [1]
  .rodata            const    0x080057f4      0x8  DS_Digital_Small.o [1]
  .rodata            const    0x080057fc      0x8  DS_Digital_Small.o [1]
  .rodata            const    0x08005804      0x8  DS_Digital_Small.o [1]
  .rodata            const    0x0800580c      0x8  DS_Digital_Small.o [1]
  .rodata            const    0x08005814      0x8  DS_Digital_Small.o [1]
  .rodata            const    0x0800581c      0x8  DS_Digital_Small.o [1]
  .rodata            const    0x08005824      0x8  DS_Digital_Small.o [1]
  .rodata            const    0x0800582c      0x8  DS_Digital_Small.o [1]
  .rodata            const    0x08005834      0x8  DS_Digital_Small.o [1]
  .rodata            const    0x0800583c      0x8  DS_Digital_Small.o [1]
  .rodata            const    0x08005844      0x8  DS_Digital_Small.o [1]
  .rodata            const    0x0800584c      0x8  DS_Digital_Small.o [1]
  .rodata            const    0x08005854      0x8  DS_Digital_Small.o [1]
  .rodata            const    0x0800585c      0x8  DS_Digital_Small.o [1]
  .rodata            const    0x08005864      0x8  gpio.o [1]
  .rodata            const    0x0800586c      0x8  OS.o [1]
  .rodata            const    0x08005874      0x8  tasks.o [1]
  .rodata            const    0x0800587c      0x8  timers.o [1]
  .rodata            const    0x08005884      0x8  timers.o [1]
  .rodata            const    0x0800588c      0x8  UI.o [1]
  .rodata            const    0x08005894      0x8  UI.o [1]
  .rodata            const    0x0800589c      0x8  UI.o [1]
  .rodata            const    0x080058a4      0x4  heap_4.o [1]
  .rodata            const    0x080058a8      0x4  port.o [1]
  .text              ro code  0x080058ac      0x4  startup_stm32f427xx.o [1]
  .text              ro code  0x080058b0      0x4  startup_stm32f427xx.o [1]
  .text              ro code  0x080058b4      0x4  startup_stm32f427xx.o [1]
  .text              ro code  0x080058b8      0x4  startup_stm32f427xx.o [1]
  .text              ro code  0x080058bc      0x4  startup_stm32f427xx.o [1]
  .text              ro code  0x080058c0      0x4  startup_stm32f427xx.o [1]
  .text              ro code  0x080058c4      0x4  startup_stm32f427xx.o [1]
  .text              ro code  0x080058c8      0x4  startup_stm32f427xx.o [1]
  .text              ro code  0x080058cc      0x4  startup_stm32f427xx.o [1]
  .text              ro code  0x080058d0      0x4  startup_stm32f427xx.o [1]
  .text              ro code  0x080058d4      0x4  startup_stm32f427xx.o [1]
  .text              ro code  0x080058d8      0x4  startup_stm32f427xx.o [1]
  .text              ro code  0x080058dc      0x4  startup_stm32f427xx.o [1]
  .text              ro code  0x080058e0      0x4  startup_stm32f427xx.o [1]
  .text              ro code  0x080058e4      0x4  startup_stm32f427xx.o [1]
  .text              ro code  0x080058e8      0x4  startup_stm32f427xx.o [1]
  .text              ro code  0x080058ec      0x4  startup_stm32f427xx.o [1]
  .text              ro code  0x080058f0      0x4  startup_stm32f427xx.o [1]
  .text              ro code  0x080058f4      0x4  startup_stm32f427xx.o [1]
  .text              ro code  0x080058f8      0x4  startup_stm32f427xx.o [1]
  .text              ro code  0x080058fc      0x4  startup_stm32f427xx.o [1]
  .text              ro code  0x08005900      0x4  startup_stm32f427xx.o [1]
  .text              ro code  0x08005904      0x4  startup_stm32f427xx.o [1]
  .text              ro code  0x08005908      0x4  startup_stm32f427xx.o [1]
  .text              ro code  0x0800590c      0x4  startup_stm32f427xx.o [1]
  .text              ro code  0x08005910      0x4  startup_stm32f427xx.o [1]
  .text              ro code  0x08005914      0x4  startup_stm32f427xx.o [1]
  .text              ro code  0x08005918      0x4  startup_stm32f427xx.o [1]
  .text              ro code  0x0800591c      0x4  startup_stm32f427xx.o [1]
  .text              ro code  0x08005920      0x4  startup_stm32f427xx.o [1]
  .text              ro code  0x08005924      0x4  startup_stm32f427xx.o [1]
  .text              ro code  0x08005928      0x4  startup_stm32f427xx.o [1]
  .text              ro code  0x0800592c      0x4  startup_stm32f427xx.o [1]
  .text              ro code  0x08005930      0x4  startup_stm32f427xx.o [1]
  .text              ro code  0x08005934      0x4  startup_stm32f427xx.o [1]
  .text              ro code  0x08005938      0x4  startup_stm32f427xx.o [1]
  .text              ro code  0x0800593c      0x4  startup_stm32f427xx.o [1]
  .text              ro code  0x08005940      0x4  startup_stm32f427xx.o [1]
  .text              ro code  0x08005944      0x4  startup_stm32f427xx.o [1]
  .text              ro code  0x08005948      0x4  startup_stm32f427xx.o [1]
  .text              ro code  0x0800594c      0x4  startup_stm32f427xx.o [1]
  .text              ro code  0x08005950      0x4  startup_stm32f427xx.o [1]
  .text              ro code  0x08005954      0x4  startup_stm32f427xx.o [1]
  .text              ro code  0x08005958      0x4  startup_stm32f427xx.o [1]
  .text              ro code  0x0800595c      0x4  startup_stm32f427xx.o [1]
  .text              ro code  0x08005960      0x4  startup_stm32f427xx.o [1]
  .text              ro code  0x08005964      0x4  startup_stm32f427xx.o [1]
  .text              ro code  0x08005968      0x4  startup_stm32f427xx.o [1]
  .text              ro code  0x0800596c      0x4  startup_stm32f427xx.o [1]
  .text              ro code  0x08005970      0x4  startup_stm32f427xx.o [1]
  .text              ro code  0x08005974      0x4  startup_stm32f427xx.o [1]
  .text              ro code  0x08005978      0x4  startup_stm32f427xx.o [1]
  .text              ro code  0x0800597c      0x4  startup_stm32f427xx.o [1]
  .text              ro code  0x08005980      0x4  startup_stm32f427xx.o [1]
  .text              ro code  0x08005984      0x4  startup_stm32f427xx.o [1]
  .text              ro code  0x08005988      0x4  startup_stm32f427xx.o [1]
  .text              ro code  0x0800598c      0x4  startup_stm32f427xx.o [1]
  .text              ro code  0x08005990      0x4  startup_stm32f427xx.o [1]
  .text              ro code  0x08005994      0x4  startup_stm32f427xx.o [1]
  .text              ro code  0x08005998      0x4  startup_stm32f427xx.o [1]
  .text              ro code  0x0800599c      0x4  startup_stm32f427xx.o [1]
  .text              ro code  0x080059a0      0x4  startup_stm32f427xx.o [1]
  .text              ro code  0x080059a4      0x4  startup_stm32f427xx.o [1]
  .text              ro code  0x080059a8      0x4  startup_stm32f427xx.o [1]
  .text              ro code  0x080059ac      0x4  startup_stm32f427xx.o [1]
  .text              ro code  0x080059b0      0x4  startup_stm32f427xx.o [1]
  .text              ro code  0x080059b4      0x4  startup_stm32f427xx.o [1]
  .text              ro code  0x080059b8      0x4  startup_stm32f427xx.o [1]
  .text              ro code  0x080059bc      0x4  startup_stm32f427xx.o [1]
  .text              ro code  0x080059c0      0x4  startup_stm32f427xx.o [1]
  .text              ro code  0x080059c4      0x4  startup_stm32f427xx.o [1]
  .text              ro code  0x080059c8      0x4  startup_stm32f427xx.o [1]
  .text              ro code  0x080059cc      0x4  startup_stm32f427xx.o [1]
  .text              ro code  0x080059d0      0x4  startup_stm32f427xx.o [1]
  .text              ro code  0x080059d4      0x4  startup_stm32f427xx.o [1]
  .text              ro code  0x080059d8      0x4  startup_stm32f427xx.o [1]
  .text              ro code  0x080059dc      0x4  startup_stm32f427xx.o [1]
  .text              ro code  0x080059e0      0x4  startup_stm32f427xx.o [1]
  .text              ro code  0x080059e4      0x4  startup_stm32f427xx.o [1]
  .text              ro code  0x080059e8      0x4  startup_stm32f427xx.o [1]
  .text              ro code  0x080059ec      0x4  startup_stm32f427xx.o [1]
  .text              ro code  0x080059f0      0x4  startup_stm32f427xx.o [1]
  .text              ro code  0x080059f4      0x4  startup_stm32f427xx.o [1]
  .text              ro code  0x080059f8      0x4  startup_stm32f427xx.o [1]
  .text              ro code  0x080059fc      0x4  startup_stm32f427xx.o [1]
  .text              ro code  0x08005a00      0x4  startup_stm32f427xx.o [1]
  .text              ro code  0x08005a04      0x4  startup_stm32f427xx.o [1]
  .text              ro code  0x08005a08      0x4  startup_stm32f427xx.o [1]
  .text              ro code  0x08005a0c      0x4  startup_stm32f427xx.o [1]
  .text              ro code  0x08005a10      0x4  startup_stm32f427xx.o [1]
  .text              ro code  0x08005a14      0x4  startup_stm32f427xx.o [1]
  .text              ro code  0x08005a18      0x4  startup_stm32f427xx.o [1]
  .text              ro code  0x08005a1c      0x4  startup_stm32f427xx.o [1]
  .text              ro code  0x08005a20      0x4  startup_stm32f427xx.o [1]
  .rodata            const    0x08005a24      0x0  zero_init3.o [5]
  .rodata            const    0x08005a24      0x0  copy_init3.o [5]
  Initializer bytes  const    0x08005a24      0x8  <for P4 s0>
                            - 0x08005a2c   0x5880

"P3":                                      0x2000
  CSTACK                      0x10000000   0x2000  <Block>
    CSTACK           uninit   0x10000000   0x2000  <Block tail>
                            - 0x10002000   0x2000

"P4", part 1 of 2:                            0x8
  P4 s0                       0x20000000      0x8  <Init block>
    .data            inited   0x20000000      0x4  port.o [1]
    .data            inited   0x20000004      0x4  system_stm32f4xx.o [1]
                            - 0x20000008      0x8

"P4", part 2 of 2:                        0x12d78
  .bss               zero     0x20000008  0x12c00  heap_4.o [1]
  .bss               zero     0x20012c08     0x40  queue.o [1]
  .bss               zero     0x20012c48     0x3c  tasks.o [1]
  .bss               zero     0x20012c84     0x14  tasks.o [1]
  .bss               zero     0x20012c98     0x14  tasks.o [1]
  .bss               zero     0x20012cac     0x14  tasks.o [1]
  .bss               zero     0x20012cc0     0x14  tasks.o [1]
  .bss               zero     0x20012cd4     0x14  tasks.o [1]
  .bss               zero     0x20012ce8     0x14  timers.o [1]
  .bss               zero     0x20012cfc     0x14  timers.o [1]
  .bss               zero     0x20012d10      0x8  heap_4.o [1]
  .bss               zero     0x20012d18      0x4  heap_4.o [1]
  .bss               zero     0x20012d1c      0x4  heap_4.o [1]
  .bss               zero     0x20012d20      0x4  heap_4.o [1]
  .bss               zero     0x20012d24      0x4  heap_4.o [1]
  .bss               zero     0x20012d28      0x4  port.o [1]
  .bss               zero     0x20012d2c      0x4  tasks.o [1]
  .bss               zero     0x20012d30      0x4  tasks.o [1]
  .bss               zero     0x20012d34      0x4  tasks.o [1]
  .bss               zero     0x20012d38      0x4  tasks.o [1]
  .bss               zero     0x20012d3c      0x4  tasks.o [1]
  .bss               zero     0x20012d40      0x4  tasks.o [1]
  .bss               zero     0x20012d44      0x4  tasks.o [1]
  .bss               zero     0x20012d48      0x4  tasks.o [1]
  .bss               zero     0x20012d4c      0x4  tasks.o [1]
  .bss               zero     0x20012d50      0x4  tasks.o [1]
  .bss               zero     0x20012d54      0x4  tasks.o [1]
  .bss               zero     0x20012d58      0x4  tasks.o [1]
  .bss               zero     0x20012d5c      0x4  tasks.o [1]
  .bss               zero     0x20012d60      0x4  tasks.o [1]
  .bss               zero     0x20012d64      0x4  tasks.o [1]
  .bss               zero     0x20012d68      0x4  timers.o [1]
  .bss               zero     0x20012d6c      0x4  timers.o [1]
  .bss               zero     0x20012d70      0x4  timers.o [1]
  .bss               zero     0x20012d74      0x4  timers.o [1]
  .bss               zero     0x20012d78      0x4  timers.o [1]
  .bss               zero     0x20012d7c      0x1  ili9341.o [1]
  .bss               zero     0x20012d7d      0x1  port.o [1]
                            - 0x20012d7e  0x12d76


*******************************************************************************
*** INIT TABLE
***

          Address     Size
          -------     ----
Zero (__iar_zero_init3)
    1 destination range, total size 0x12d76:
          0x20000008  0x12d76

Copy (__iar_copy_init3)
    1 source range, total size 0x8:
          0x08005a24      0x8
    1 destination range, total size 0x8:
          0x20000000      0x8



*******************************************************************************
*** MODULE SUMMARY
***

    Module                 ro code  ro data  rw data
    ------                 -------  -------  -------
C:\Users\User\Documents\Repositories\eSolder\Fwm\fwm_eSolder\projects\iar\STM32F427_Debug\Obj: [1]
    Arial.o                           4 324
    DS_Digital.o                      5 364
    DS_Digital_Small.o                2 588
    OS.o                        40        8
    UI.o                       252       92
    gpio.o                     304       92
    hard.o                       8
    heap_4.o                   612        4   76 824
    ili9341.o                  320                 1
    ili9341_spi.o              132
    lcd.o                      570
    list.o                     152
    main.o                      20
    mainTSK.o                   12
    mcu.o                      192
    port.o                     644        8        9
    portasm.o                  176
    queue.o                  1 690                64
    spi3.o                     200
    startup_stm32f427xx.o      820
    system_stm32f4xx.o         280       20        4
    tasks.o                  2 420        8      220
    timers.o                 1 096       16       60
    ------------------------------------------------
    Total:                   9 940   12 524   77 182

command line: [2]
    ------------------------------------------------
    Total:

dl7M_tln.a: [3]
    abort.o                      6
    exit.o                       4
    low_level_init.o             4
    ------------------------------------------------
    Total:                      14

m7M_tls.a: [4]
    fpinit_M.o                  34
    ------------------------------------------------
    Total:                      34

rt7M_tl.a: [5]
    ABImemcpy.o                166
    ABImemset.o                102
    cexit.o                     10
    cmain.o                     26
    copy_init3.o                44
    cstartup_M.o                12
    data_init.o                 40
    zero_init3.o                64
    ------------------------------------------------
    Total:                     464

shb_l.a: [6]
    ABIassert.o                 36
    exit.o                      20
    ------------------------------------------------
    Total:                      56

    Gaps                        10        6
    Linker created                       36    8 192
----------------------------------------------------
    Grand Total:            10 518   12 566   85 374


*******************************************************************************
*** ENTRY LIST
***

Entry                      Address     Size  Type      Object
-----                      -------     ----  ----      ------
.iar.init_table$$Base   0x08004f20            --   Gb  - Linker created -
.iar.init_table$$Limit  0x08004f44            --   Gb  - Linker created -
?main                   0x08004f45           Code  Gb  cmain.o [5]
AHBPrescTable           0x080052cc     0x10  Data  Gb  system_stm32f4xx.o [1]
Arial                   0x080055fc      0x8  Data  Gb  Arial.o [1]
Arial_0x20              0x08005304      0x8  Data  Lc  Arial.o [1]
Arial_0x21              0x0800530c      0x8  Data  Lc  Arial.o [1]
Arial_0x22              0x08005314      0x8  Data  Lc  Arial.o [1]
Arial_0x23              0x0800531c      0x8  Data  Lc  Arial.o [1]
Arial_0x24              0x08005324      0x8  Data  Lc  Arial.o [1]
Arial_0x25              0x0800532c      0x8  Data  Lc  Arial.o [1]
Arial_0x26              0x08005334      0x8  Data  Lc  Arial.o [1]
Arial_0x27              0x0800533c      0x8  Data  Lc  Arial.o [1]
Arial_0x28              0x08005344      0x8  Data  Lc  Arial.o [1]
Arial_0x29              0x0800534c      0x8  Data  Lc  Arial.o [1]
Arial_0x2a              0x08005354      0x8  Data  Lc  Arial.o [1]
Arial_0x2b              0x0800535c      0x8  Data  Lc  Arial.o [1]
Arial_0x2c              0x08005364      0x8  Data  Lc  Arial.o [1]
Arial_0x2d              0x0800536c      0x8  Data  Lc  Arial.o [1]
Arial_0x2e              0x08005374      0x8  Data  Lc  Arial.o [1]
Arial_0x2f              0x0800537c      0x8  Data  Lc  Arial.o [1]
Arial_0x30              0x08005384      0x8  Data  Lc  Arial.o [1]
Arial_0x31              0x0800538c      0x8  Data  Lc  Arial.o [1]
Arial_0x32              0x08005394      0x8  Data  Lc  Arial.o [1]
Arial_0x33              0x0800539c      0x8  Data  Lc  Arial.o [1]
Arial_0x34              0x080053a4      0x8  Data  Lc  Arial.o [1]
Arial_0x35              0x080053ac      0x8  Data  Lc  Arial.o [1]
Arial_0x36              0x080053b4      0x8  Data  Lc  Arial.o [1]
Arial_0x37              0x080053bc      0x8  Data  Lc  Arial.o [1]
Arial_0x38              0x080053c4      0x8  Data  Lc  Arial.o [1]
Arial_0x39              0x080053cc      0x8  Data  Lc  Arial.o [1]
Arial_0x3a              0x080053d4      0x8  Data  Lc  Arial.o [1]
Arial_0x3b              0x080053dc      0x8  Data  Lc  Arial.o [1]
Arial_0x3c              0x080053e4      0x8  Data  Lc  Arial.o [1]
Arial_0x3d              0x080053ec      0x8  Data  Lc  Arial.o [1]
Arial_0x3e              0x080053f4      0x8  Data  Lc  Arial.o [1]
Arial_0x3f              0x080053fc      0x8  Data  Lc  Arial.o [1]
Arial_0x40              0x08005404      0x8  Data  Lc  Arial.o [1]
Arial_0x41              0x0800540c      0x8  Data  Lc  Arial.o [1]
Arial_0x42              0x08005414      0x8  Data  Lc  Arial.o [1]
Arial_0x43              0x0800541c      0x8  Data  Lc  Arial.o [1]
Arial_0x44              0x08005424      0x8  Data  Lc  Arial.o [1]
Arial_0x45              0x0800542c      0x8  Data  Lc  Arial.o [1]
Arial_0x46              0x08005434      0x8  Data  Lc  Arial.o [1]
Arial_0x47              0x0800543c      0x8  Data  Lc  Arial.o [1]
Arial_0x48              0x08005444      0x8  Data  Lc  Arial.o [1]
Arial_0x49              0x0800544c      0x8  Data  Lc  Arial.o [1]
Arial_0x4a              0x08005454      0x8  Data  Lc  Arial.o [1]
Arial_0x4b              0x0800545c      0x8  Data  Lc  Arial.o [1]
Arial_0x4c              0x08005464      0x8  Data  Lc  Arial.o [1]
Arial_0x4d              0x0800546c      0x8  Data  Lc  Arial.o [1]
Arial_0x4e              0x08005474      0x8  Data  Lc  Arial.o [1]
Arial_0x4f              0x0800547c      0x8  Data  Lc  Arial.o [1]
Arial_0x50              0x08005484      0x8  Data  Lc  Arial.o [1]
Arial_0x51              0x0800548c      0x8  Data  Lc  Arial.o [1]
Arial_0x52              0x08005494      0x8  Data  Lc  Arial.o [1]
Arial_0x53              0x0800549c      0x8  Data  Lc  Arial.o [1]
Arial_0x54              0x080054a4      0x8  Data  Lc  Arial.o [1]
Arial_0x55              0x080054ac      0x8  Data  Lc  Arial.o [1]
Arial_0x56              0x080054b4      0x8  Data  Lc  Arial.o [1]
Arial_0x57              0x080054bc      0x8  Data  Lc  Arial.o [1]
Arial_0x58              0x080054c4      0x8  Data  Lc  Arial.o [1]
Arial_0x59              0x080054cc      0x8  Data  Lc  Arial.o [1]
Arial_0x5a              0x080054d4      0x8  Data  Lc  Arial.o [1]
Arial_0x5b              0x080054dc      0x8  Data  Lc  Arial.o [1]
Arial_0x5c              0x080054e4      0x8  Data  Lc  Arial.o [1]
Arial_0x5d              0x080054ec      0x8  Data  Lc  Arial.o [1]
Arial_0x5e              0x080054f4      0x8  Data  Lc  Arial.o [1]
Arial_0x5f              0x080054fc      0x8  Data  Lc  Arial.o [1]
Arial_0x60              0x08005504      0x8  Data  Lc  Arial.o [1]
Arial_0x61              0x0800550c      0x8  Data  Lc  Arial.o [1]
Arial_0x62              0x08005514      0x8  Data  Lc  Arial.o [1]
Arial_0x63              0x0800551c      0x8  Data  Lc  Arial.o [1]
Arial_0x64              0x08005524      0x8  Data  Lc  Arial.o [1]
Arial_0x65              0x0800552c      0x8  Data  Lc  Arial.o [1]
Arial_0x66              0x08005534      0x8  Data  Lc  Arial.o [1]
Arial_0x67              0x0800553c      0x8  Data  Lc  Arial.o [1]
Arial_0x68              0x08005544      0x8  Data  Lc  Arial.o [1]
Arial_0x69              0x0800554c      0x8  Data  Lc  Arial.o [1]
Arial_0x6a              0x08005554      0x8  Data  Lc  Arial.o [1]
Arial_0x6b              0x0800555c      0x8  Data  Lc  Arial.o [1]
Arial_0x6c              0x08005564      0x8  Data  Lc  Arial.o [1]
Arial_0x6d              0x0800556c      0x8  Data  Lc  Arial.o [1]
Arial_0x6e              0x08005574      0x8  Data  Lc  Arial.o [1]
Arial_0x6f              0x0800557c      0x8  Data  Lc  Arial.o [1]
Arial_0x70              0x08005584      0x8  Data  Lc  Arial.o [1]
Arial_0x71              0x0800558c      0x8  Data  Lc  Arial.o [1]
Arial_0x72              0x08005594      0x8  Data  Lc  Arial.o [1]
Arial_0x73              0x0800559c      0x8  Data  Lc  Arial.o [1]
Arial_0x74              0x080055a4      0x8  Data  Lc  Arial.o [1]
Arial_0x75              0x080055ac      0x8  Data  Lc  Arial.o [1]
Arial_0x76              0x080055b4      0x8  Data  Lc  Arial.o [1]
Arial_0x77              0x080055bc      0x8  Data  Lc  Arial.o [1]
Arial_0x78              0x080055c4      0x8  Data  Lc  Arial.o [1]
Arial_0x79              0x080055cc      0x8  Data  Lc  Arial.o [1]
Arial_0x7a              0x080055d4      0x8  Data  Lc  Arial.o [1]
Arial_0x7b              0x080055dc      0x8  Data  Lc  Arial.o [1]
Arial_0x7c              0x080055e4      0x8  Data  Lc  Arial.o [1]
Arial_0x7d              0x080055ec      0x8  Data  Lc  Arial.o [1]
Arial_0x7e              0x080055f4      0x8  Data  Lc  Arial.o [1]
Arial_array             0x08001d44    0x2f8  Data  Lc  Arial.o [1]
CSTACK$$Base            0x10000000            --   Gb  - Linker created -
CSTACK$$Limit           0x10002000            --   Gb  - Linker created -
DS_Digital              0x08005704      0x8  Data  Gb  DS_Digital.o [1]
DS_Digital_0x25         0x08005604      0x8  Data  Lc  DS_Digital.o [1]
DS_Digital_0x26         0x0800560c      0x8  Data  Lc  DS_Digital.o [1]
DS_Digital_0x27         0x0800561c      0x8  Data  Lc  DS_Digital.o [1]
DS_Digital_0x28         0x08005624      0x8  Data  Lc  DS_Digital.o [1]
DS_Digital_0x29         0x0800562c      0x8  Data  Lc  DS_Digital.o [1]
DS_Digital_0x2a         0x08005634      0x8  Data  Lc  DS_Digital.o [1]
DS_Digital_0x2b         0x0800563c      0x8  Data  Lc  DS_Digital.o [1]
DS_Digital_0x2c         0x08005644      0x8  Data  Lc  DS_Digital.o [1]
DS_Digital_0x2d         0x0800564c      0x8  Data  Lc  DS_Digital.o [1]
DS_Digital_0x2e         0x08005654      0x8  Data  Lc  DS_Digital.o [1]
DS_Digital_0x2f         0x0800565c      0x8  Data  Lc  DS_Digital.o [1]
DS_Digital_0x30         0x08005664      0x8  Data  Lc  DS_Digital.o [1]
DS_Digital_0x31         0x0800566c      0x8  Data  Lc  DS_Digital.o [1]
DS_Digital_0x32         0x08005674      0x8  Data  Lc  DS_Digital.o [1]
DS_Digital_0x33         0x0800567c      0x8  Data  Lc  DS_Digital.o [1]
DS_Digital_0x34         0x08005684      0x8  Data  Lc  DS_Digital.o [1]
DS_Digital_0x35         0x0800568c      0x8  Data  Lc  DS_Digital.o [1]
DS_Digital_0x36         0x08005694      0x8  Data  Lc  DS_Digital.o [1]
DS_Digital_0x37         0x0800569c      0x8  Data  Lc  DS_Digital.o [1]
DS_Digital_0x38         0x080056a4      0x8  Data  Lc  DS_Digital.o [1]
DS_Digital_0x39         0x080056ac      0x8  Data  Lc  DS_Digital.o [1]
DS_Digital_0x3a         0x080056b4      0x8  Data  Lc  DS_Digital.o [1]
DS_Digital_0x3b         0x080056bc      0x8  Data  Lc  DS_Digital.o [1]
DS_Digital_0x3c         0x080056c4      0x8  Data  Lc  DS_Digital.o [1]
DS_Digital_0x3d         0x080056cc      0x8  Data  Lc  DS_Digital.o [1]
DS_Digital_0x3e         0x080056d4      0x8  Data  Lc  DS_Digital.o [1]
DS_Digital_0x3f         0x080056dc      0x8  Data  Lc  DS_Digital.o [1]
DS_Digital_0x40         0x080056e4      0x8  Data  Lc  DS_Digital.o [1]
DS_Digital_0x41         0x080056ec      0x8  Data  Lc  DS_Digital.o [1]
DS_Digital_0x42         0x080056f4      0x8  Data  Lc  DS_Digital.o [1]
DS_Digital_0x43         0x080056fc      0x8  Data  Lc  DS_Digital.o [1]
DS_Digital_Small        0x0800585c      0x8  Data  Gb  DS_Digital_Small.o [1]
DS_Digital_Small_0x20   0x0800570c      0x8  Data  Lc  DS_Digital_Small.o [1]
DS_Digital_Small_0x21   0x08005714      0x8  Data  Lc  DS_Digital_Small.o [1]
DS_Digital_Small_0x22   0x0800571c      0x8  Data  Lc  DS_Digital_Small.o [1]
DS_Digital_Small_0x23   0x08005724      0x8  Data  Lc  DS_Digital_Small.o [1]
DS_Digital_Small_0x24   0x0800572c      0x8  Data  Lc  DS_Digital_Small.o [1]
DS_Digital_Small_0x25   0x08005734      0x8  Data  Lc  DS_Digital_Small.o [1]
DS_Digital_Small_0x26   0x0800573c      0x8  Data  Lc  DS_Digital_Small.o [1]
DS_Digital_Small_0x27   0x0800574c      0x8  Data  Lc  DS_Digital_Small.o [1]
DS_Digital_Small_0x28   0x0800575c      0x8  Data  Lc  DS_Digital_Small.o [1]
DS_Digital_Small_0x29   0x0800576c      0x8  Data  Lc  DS_Digital_Small.o [1]
DS_Digital_Small_0x2a   0x0800577c      0x8  Data  Lc  DS_Digital_Small.o [1]
DS_Digital_Small_0x2b   0x0800578c      0x8  Data  Lc  DS_Digital_Small.o [1]
DS_Digital_Small_0x2c   0x0800579c      0x8  Data  Lc  DS_Digital_Small.o [1]
DS_Digital_Small_0x2d   0x080057a4      0x8  Data  Lc  DS_Digital_Small.o [1]
DS_Digital_Small_0x2e   0x080057ac      0x8  Data  Lc  DS_Digital_Small.o [1]
DS_Digital_Small_0x2f   0x080057b4      0x8  Data  Lc  DS_Digital_Small.o [1]
DS_Digital_Small_0x30   0x080057bc      0x8  Data  Lc  DS_Digital_Small.o [1]
DS_Digital_Small_0x31   0x080057c4      0x8  Data  Lc  DS_Digital_Small.o [1]
DS_Digital_Small_0x32   0x080057cc      0x8  Data  Lc  DS_Digital_Small.o [1]
DS_Digital_Small_0x33   0x080057d4      0x8  Data  Lc  DS_Digital_Small.o [1]
DS_Digital_Small_0x34   0x080057dc      0x8  Data  Lc  DS_Digital_Small.o [1]
DS_Digital_Small_0x35   0x080057e4      0x8  Data  Lc  DS_Digital_Small.o [1]
DS_Digital_Small_0x36   0x080057ec      0x8  Data  Lc  DS_Digital_Small.o [1]
DS_Digital_Small_0x37   0x080057f4      0x8  Data  Lc  DS_Digital_Small.o [1]
DS_Digital_Small_0x38   0x080057fc      0x8  Data  Lc  DS_Digital_Small.o [1]
DS_Digital_Small_0x39   0x08005804      0x8  Data  Lc  DS_Digital_Small.o [1]
DS_Digital_Small_0x3a   0x0800580c      0x8  Data  Lc  DS_Digital_Small.o [1]
DS_Digital_Small_0x3b   0x08005814      0x8  Data  Lc  DS_Digital_Small.o [1]
DS_Digital_Small_0x3c   0x0800581c      0x8  Data  Lc  DS_Digital_Small.o [1]
DS_Digital_Small_0x3d   0x08005824      0x8  Data  Lc  DS_Digital_Small.o [1]
DS_Digital_Small_0x3e   0x0800582c      0x8  Data  Lc  DS_Digital_Small.o [1]
DS_Digital_Small_0x3f   0x08005834      0x8  Data  Lc  DS_Digital_Small.o [1]
DS_Digital_Small_0x40   0x0800583c      0x8  Data  Lc  DS_Digital_Small.o [1]
DS_Digital_Small_0x41   0x08005844      0x8  Data  Lc  DS_Digital_Small.o [1]
DS_Digital_Small_0x42   0x0800584c      0x8  Data  Lc  DS_Digital_Small.o [1]
DS_Digital_Small_0x43   0x08005854      0x8  Data  Lc  DS_Digital_Small.o [1]
DS_Digital_Small_array  0x08002674    0x120  Data  Lc  DS_Digital_Small.o [1]
DS_Digital_array        0x080029a8     0xf8  Data  Lc  DS_Digital.o [1]
MCU_init                0x08002b75     0xc0  Code  Gb  mcu.o [1]
OS_init                 0x080046cd     0x28  Code  Gb  OS.o [1]
PendSV_Handler          0x08001551           Code  Gb  portasm.o [1]
Region$$Table$$Base     0x08004f20            --   Gb  - Linker created -
Region$$Table$$Limit    0x08004f44            --   Gb  - Linker created -
SVC_Handler             0x080015a9           Code  Gb  portasm.o [1]
SysTick_Handler         0x0800102b     0x28  Code  Gb  port.o [1]
SystemCoreClock         0x20000004      0x4  Data  Gb  system_stm32f4xx.o [1]
SystemCoreClockUpdate   0x080027e1     0x9a  Code  Gb  system_stm32f4xx.o [1]
SystemInit              0x08002795     0x4c  Code  Gb  system_stm32f4xx.o [1]
UI_MainWindowRendering  0x080028ad     0xe0  Code  Gb  UI.o [1]
__aeabi_assert          0x08002635     0x24  Code  Gb  ABIassert.o [6]
__aeabi_memcpy          0x08001c9d           Code  Gb  ABImemcpy.o [5]
__aeabi_memcpy4         0x08001cbd           Code  Gb  ABImemcpy.o [5]
__aeabi_memcpy8         0x08001cbd           Code  Gb  ABImemcpy.o [5]
__aeabi_memset          0x08000d85           Code  Gb  ABImemset.o [5]
__cmain                 0x08004f45           Code  Gb  cmain.o [5]
__exit                  0x08002661     0x14  Code  Gb  exit.o [6]
__iar_Memset            0x08000d85           Code  Gb  ABImemset.o [5]
__iar_Memset_word       0x08000d8d           Code  Gb  ABImemset.o [5]
__iar_copy_init3        0x080046a1     0x2c  Code  Gb  copy_init3.o [5]
__iar_data_init3        0x080046f5     0x28  Code  Gb  data_init.o [5]
__iar_init_vfp          0x08004efd           Code  Gb  fpinit_M.o [4]
__iar_program_start     0x080052f9           Code  Gb  cstartup_M.o [5]
__iar_systems$$module {Abs}
                        0x00000001           Data  Gb  command line/config [2]
__iar_zero_init3        0x080044c1     0x40  Code  Gb  zero_init3.o [5]
__low_level_init        0x08004f5f      0x4  Code  Gb  low_level_init.o [3]
__vector_table          0x08000000           Data  Gb  startup_stm32f427xx.o [1]
_call_main              0x08004f51           Code  Gb  cmain.o [5]
_exit                   0x08004f85           Code  Gb  cexit.o [5]
_main                   0x08004f5b           Code  Gb  cmain.o [5]
abort                   0x08002659      0x6  Code  Gb  abort.o [3]
exit                    0x08004f77      0x4  Code  Gb  exit.o [3]
gpioAfInit              0x080024e1     0x82  Code  Gb  gpio.o [1]
gpioInit                0x0800243d     0xa4  Code  Gb  gpio.o [1]
hard_init               0x08004f7b      0x8  Code  Gb  hard.o [1]
ili9341_ColumnAddressSet
                        0x08002303     0x1e  Code  Lc  ili9341.o [1]
ili9341_Init            0x08002279     0x8a  Code  Gb  ili9341.o [1]
ili9341_InitCommunication
                        0x080023b9     0x38  Code  Gb  ili9341_spi.o [1]
ili9341_PageAddressSet  0x08002321     0x1e  Code  Lc  ili9341.o [1]
ili9341_Reset           0x080023a5      0xa  Code  Gb  ili9341.o [1]
ili9341_SetOrientation  0x08002345     0x3e  Code  Gb  ili9341.o [1]
ili9341_SetRegion       0x08002383     0x22  Code  Gb  ili9341.o [1]
ili9341_WriteCommand    0x08002415     0x20  Code  Gb  ili9341_spi.o [1]
ili9341_WriteData       0x080023f1     0x10  Code  Gb  ili9341_spi.o [1]
ili9341_WriteData_16    0x08002401     0x14  Code  Gb  ili9341_spi.o [1]
ili9341_displayOn       0x080023af      0xa  Code  Gb  ili9341.o [1]
image_data_Arial_0x20   0x08004fc0     0x14  Data  Lc  Arial.o [1]
image_data_Arial_0x21   0x08004fd4     0x14  Data  Lc  Arial.o [1]
image_data_Arial_0x22   0x08004fe8     0x14  Data  Lc  Arial.o [1]
image_data_Arial_0x23   0x0800471c     0x24  Data  Lc  Arial.o [1]
image_data_Arial_0x24   0x08004740     0x24  Data  Lc  Arial.o [1]
image_data_Arial_0x25   0x08004764     0x24  Data  Lc  Arial.o [1]
image_data_Arial_0x26   0x08004788     0x24  Data  Lc  Arial.o [1]
image_data_Arial_0x27   0x08004ffc     0x14  Data  Lc  Arial.o [1]
image_data_Arial_0x28   0x08005010     0x14  Data  Lc  Arial.o [1]
image_data_Arial_0x29   0x08005024     0x14  Data  Lc  Arial.o [1]
image_data_Arial_0x2a   0x08005038     0x14  Data  Lc  Arial.o [1]
image_data_Arial_0x2b   0x080047ac     0x24  Data  Lc  Arial.o [1]
image_data_Arial_0x2c   0x0800504c     0x14  Data  Lc  Arial.o [1]
image_data_Arial_0x2d   0x08005060     0x14  Data  Lc  Arial.o [1]
image_data_Arial_0x2e   0x08005074     0x14  Data  Lc  Arial.o [1]
image_data_Arial_0x2f   0x08005088     0x14  Data  Lc  Arial.o [1]
image_data_Arial_0x30   0x080047d0     0x24  Data  Lc  Arial.o [1]
image_data_Arial_0x31   0x080047f4     0x24  Data  Lc  Arial.o [1]
image_data_Arial_0x32   0x08004818     0x24  Data  Lc  Arial.o [1]
image_data_Arial_0x33   0x0800483c     0x24  Data  Lc  Arial.o [1]
image_data_Arial_0x34   0x08004860     0x24  Data  Lc  Arial.o [1]
image_data_Arial_0x35   0x08004884     0x24  Data  Lc  Arial.o [1]
image_data_Arial_0x36   0x080048a8     0x24  Data  Lc  Arial.o [1]
image_data_Arial_0x37   0x080048cc     0x24  Data  Lc  Arial.o [1]
image_data_Arial_0x38   0x080048f0     0x24  Data  Lc  Arial.o [1]
image_data_Arial_0x39   0x08004914     0x24  Data  Lc  Arial.o [1]
image_data_Arial_0x3a   0x0800509c     0x14  Data  Lc  Arial.o [1]
image_data_Arial_0x3b   0x080050b0     0x14  Data  Lc  Arial.o [1]
image_data_Arial_0x3c   0x08004938     0x24  Data  Lc  Arial.o [1]
image_data_Arial_0x3d   0x0800495c     0x24  Data  Lc  Arial.o [1]
image_data_Arial_0x3e   0x08004980     0x24  Data  Lc  Arial.o [1]
image_data_Arial_0x3f   0x080049a4     0x24  Data  Lc  Arial.o [1]
image_data_Arial_0x40   0x080049c8     0x24  Data  Lc  Arial.o [1]
image_data_Arial_0x41   0x080049ec     0x24  Data  Lc  Arial.o [1]
image_data_Arial_0x42   0x08004a10     0x24  Data  Lc  Arial.o [1]
image_data_Arial_0x43   0x08004a34     0x24  Data  Lc  Arial.o [1]
image_data_Arial_0x44   0x08004a58     0x24  Data  Lc  Arial.o [1]
image_data_Arial_0x45   0x08004a7c     0x24  Data  Lc  Arial.o [1]
image_data_Arial_0x46   0x08004aa0     0x24  Data  Lc  Arial.o [1]
image_data_Arial_0x47   0x08004ac4     0x24  Data  Lc  Arial.o [1]
image_data_Arial_0x48   0x08004ae8     0x24  Data  Lc  Arial.o [1]
image_data_Arial_0x49   0x080050c4     0x14  Data  Lc  Arial.o [1]
image_data_Arial_0x4a   0x080050d8     0x14  Data  Lc  Arial.o [1]
image_data_Arial_0x4b   0x08004b0c     0x24  Data  Lc  Arial.o [1]
image_data_Arial_0x4c   0x08004b30     0x24  Data  Lc  Arial.o [1]
image_data_Arial_0x4d   0x08004b54     0x24  Data  Lc  Arial.o [1]
image_data_Arial_0x4e   0x08004b78     0x24  Data  Lc  Arial.o [1]
image_data_Arial_0x4f   0x08004b9c     0x24  Data  Lc  Arial.o [1]
image_data_Arial_0x50   0x08004bc0     0x24  Data  Lc  Arial.o [1]
image_data_Arial_0x51   0x08004be4     0x24  Data  Lc  Arial.o [1]
image_data_Arial_0x52   0x08004c08     0x24  Data  Lc  Arial.o [1]
image_data_Arial_0x53   0x08004c2c     0x24  Data  Lc  Arial.o [1]
image_data_Arial_0x54   0x08004c50     0x24  Data  Lc  Arial.o [1]
image_data_Arial_0x55   0x08004c74     0x24  Data  Lc  Arial.o [1]
image_data_Arial_0x56   0x08004c98     0x24  Data  Lc  Arial.o [1]
image_data_Arial_0x57   0x08004cbc     0x24  Data  Lc  Arial.o [1]
image_data_Arial_0x58   0x08004ce0     0x24  Data  Lc  Arial.o [1]
image_data_Arial_0x59   0x08004d04     0x24  Data  Lc  Arial.o [1]
image_data_Arial_0x5a   0x08004d28     0x24  Data  Lc  Arial.o [1]
image_data_Arial_0x5b   0x080050ec     0x14  Data  Lc  Arial.o [1]
image_data_Arial_0x5c   0x08005100     0x14  Data  Lc  Arial.o [1]
image_data_Arial_0x5d   0x08005114     0x14  Data  Lc  Arial.o [1]
image_data_Arial_0x5e   0x08005128     0x14  Data  Lc  Arial.o [1]
image_data_Arial_0x5f   0x08004d4c     0x24  Data  Lc  Arial.o [1]
image_data_Arial_0x60   0x0800513c     0x14  Data  Lc  Arial.o [1]
image_data_Arial_0x61   0x08004d70     0x24  Data  Lc  Arial.o [1]
image_data_Arial_0x62   0x08004d94     0x24  Data  Lc  Arial.o [1]
image_data_Arial_0x63   0x08005150     0x14  Data  Lc  Arial.o [1]
image_data_Arial_0x64   0x08004db8     0x24  Data  Lc  Arial.o [1]
image_data_Arial_0x65   0x08004ddc     0x24  Data  Lc  Arial.o [1]
image_data_Arial_0x66   0x08005164     0x14  Data  Lc  Arial.o [1]
image_data_Arial_0x67   0x08004e00     0x24  Data  Lc  Arial.o [1]
image_data_Arial_0x68   0x08005178     0x14  Data  Lc  Arial.o [1]
image_data_Arial_0x69   0x0800518c     0x14  Data  Lc  Arial.o [1]
image_data_Arial_0x6a   0x080051a0     0x14  Data  Lc  Arial.o [1]
image_data_Arial_0x6b   0x080051b4     0x14  Data  Lc  Arial.o [1]
image_data_Arial_0x6c   0x080051c8     0x14  Data  Lc  Arial.o [1]
image_data_Arial_0x6d   0x08004e24     0x24  Data  Lc  Arial.o [1]
image_data_Arial_0x6e   0x080051dc     0x14  Data  Lc  Arial.o [1]
image_data_Arial_0x6f   0x08004e48     0x24  Data  Lc  Arial.o [1]
image_data_Arial_0x70   0x08004e6c     0x24  Data  Lc  Arial.o [1]
image_data_Arial_0x71   0x08004e90     0x24  Data  Lc  Arial.o [1]
image_data_Arial_0x72   0x080051f0     0x14  Data  Lc  Arial.o [1]
image_data_Arial_0x73   0x08005204     0x14  Data  Lc  Arial.o [1]
image_data_Arial_0x74   0x08005218     0x14  Data  Lc  Arial.o [1]
image_data_Arial_0x75   0x0800522c     0x14  Data  Lc  Arial.o [1]
image_data_Arial_0x76   0x08005240     0x14  Data  Lc  Arial.o [1]
image_data_Arial_0x77   0x08004eb4     0x24  Data  Lc  Arial.o [1]
image_data_Arial_0x78   0x08005254     0x14  Data  Lc  Arial.o [1]
image_data_Arial_0x79   0x08005268     0x14  Data  Lc  Arial.o [1]
image_data_Arial_0x7a   0x0800527c     0x14  Data  Lc  Arial.o [1]
image_data_Arial_0x7b   0x08005290     0x14  Data  Lc  Arial.o [1]
image_data_Arial_0x7c   0x080052a4     0x14  Data  Lc  Arial.o [1]
image_data_Arial_0x7d   0x080052b8     0x14  Data  Lc  Arial.o [1]
image_data_Arial_0x7e   0x08004ed8     0x24  Data  Lc  Arial.o [1]
image_data_DS_Digital_0x25
                        0x08002aa0     0xd4  Data  Lc  DS_Digital.o [1]
image_data_DS_Digital_0x26
                        0x08002c34     0xa0  Data  Lc  DS_Digital.o [1]
image_data_DS_Digital_0x27
                        0x08005614      0x8  Data  Lc  DS_Digital.o [1]
image_data_DS_Digital_0x28
                        0x08002cd4     0xa0  Data  Lc  DS_Digital.o [1]
image_data_DS_Digital_0x29
                        0x08002d74     0xa0  Data  Lc  DS_Digital.o [1]
image_data_DS_Digital_0x2a
                        0x08002e14     0xa0  Data  Lc  DS_Digital.o [1]
image_data_DS_Digital_0x2b
                        0x08002eb4     0xa0  Data  Lc  DS_Digital.o [1]
image_data_DS_Digital_0x2c
                        0x08002f54     0xa0  Data  Lc  DS_Digital.o [1]
image_data_DS_Digital_0x2d
                        0x08002ff4     0xa0  Data  Lc  DS_Digital.o [1]
image_data_DS_Digital_0x2e
                        0x08003094     0xa0  Data  Lc  DS_Digital.o [1]
image_data_DS_Digital_0x2f
                        0x08003134     0xa0  Data  Lc  DS_Digital.o [1]
image_data_DS_Digital_0x30
                        0x080031d4     0xa0  Data  Lc  DS_Digital.o [1]
image_data_DS_Digital_0x31
                        0x08003274     0xa0  Data  Lc  DS_Digital.o [1]
image_data_DS_Digital_0x32
                        0x08003314     0xa0  Data  Lc  DS_Digital.o [1]
image_data_DS_Digital_0x33
                        0x080033b4     0xa0  Data  Lc  DS_Digital.o [1]
image_data_DS_Digital_0x34
                        0x08003454     0xa0  Data  Lc  DS_Digital.o [1]
image_data_DS_Digital_0x35
                        0x080034f4     0xa0  Data  Lc  DS_Digital.o [1]
image_data_DS_Digital_0x36
                        0x08003594     0xa0  Data  Lc  DS_Digital.o [1]
image_data_DS_Digital_0x37
                        0x08003634     0xa0  Data  Lc  DS_Digital.o [1]
image_data_DS_Digital_0x38
                        0x080036d4     0xa0  Data  Lc  DS_Digital.o [1]
image_data_DS_Digital_0x39
                        0x08003774     0xa0  Data  Lc  DS_Digital.o [1]
image_data_DS_Digital_0x3a
                        0x08003814     0xa0  Data  Lc  DS_Digital.o [1]
image_data_DS_Digital_0x3b
                        0x080038b4     0xa0  Data  Lc  DS_Digital.o [1]
image_data_DS_Digital_0x3c
                        0x08003954     0xa0  Data  Lc  DS_Digital.o [1]
image_data_DS_Digital_0x3d
                        0x080039f4     0xa0  Data  Lc  DS_Digital.o [1]
image_data_DS_Digital_0x3e
                        0x08003a94     0xa0  Data  Lc  DS_Digital.o [1]
image_data_DS_Digital_0x3f
                        0x08003b34     0xa0  Data  Lc  DS_Digital.o [1]
image_data_DS_Digital_0x40
                        0x08003bd4     0xa0  Data  Lc  DS_Digital.o [1]
image_data_DS_Digital_0x41
                        0x08003c74     0xa0  Data  Lc  DS_Digital.o [1]
image_data_DS_Digital_0x42
                        0x08003d14     0xa0  Data  Lc  DS_Digital.o [1]
image_data_DS_Digital_0x43
                        0x08003db4     0xa0  Data  Lc  DS_Digital.o [1]
image_data_DS_Digital_Small_0x20
                        0x08004284     0x48  Data  Lc  DS_Digital_Small.o [1]
image_data_DS_Digital_Small_0x21
                        0x080042cc     0x48  Data  Lc  DS_Digital_Small.o [1]
image_data_DS_Digital_Small_0x22
                        0x08004314     0x48  Data  Lc  DS_Digital_Small.o [1]
image_data_DS_Digital_Small_0x23
                        0x0800435c     0x48  Data  Lc  DS_Digital_Small.o [1]
image_data_DS_Digital_Small_0x24
                        0x080043a4     0x48  Data  Lc  DS_Digital_Small.o [1]
image_data_DS_Digital_Small_0x25
                        0x080043ec     0x48  Data  Lc  DS_Digital_Small.o [1]
image_data_DS_Digital_Small_0x26
                        0x08004434     0x48  Data  Lc  DS_Digital_Small.o [1]
image_data_DS_Digital_Small_0x27
                        0x08005744      0x8  Data  Lc  DS_Digital_Small.o [1]
image_data_DS_Digital_Small_0x28
                        0x08005754      0x8  Data  Lc  DS_Digital_Small.o [1]
image_data_DS_Digital_Small_0x29
                        0x08005764      0x8  Data  Lc  DS_Digital_Small.o [1]
image_data_DS_Digital_Small_0x2a
                        0x08005774      0x8  Data  Lc  DS_Digital_Small.o [1]
image_data_DS_Digital_Small_0x2b
                        0x08005784      0x8  Data  Lc  DS_Digital_Small.o [1]
image_data_DS_Digital_Small_0x2c
                        0x08005794      0x8  Data  Lc  DS_Digital_Small.o [1]
image_data_DS_Digital_Small_0x2d
                        0x08003ea8     0x4c  Data  Lc  DS_Digital_Small.o [1]
image_data_DS_Digital_Small_0x2e
                        0x08004f90     0x18  Data  Lc  DS_Digital_Small.o [1]
image_data_DS_Digital_Small_0x2f
                        0x08004fa8     0x18  Data  Lc  DS_Digital_Small.o [1]
image_data_DS_Digital_Small_0x30
                        0x08003ef4     0x4c  Data  Lc  DS_Digital_Small.o [1]
image_data_DS_Digital_Small_0x31
                        0x08003f40     0x4c  Data  Lc  DS_Digital_Small.o [1]
image_data_DS_Digital_Small_0x32
                        0x08003f8c     0x4c  Data  Lc  DS_Digital_Small.o [1]
image_data_DS_Digital_Small_0x33
                        0x08003fd8     0x4c  Data  Lc  DS_Digital_Small.o [1]
image_data_DS_Digital_Small_0x34
                        0x08004024     0x4c  Data  Lc  DS_Digital_Small.o [1]
image_data_DS_Digital_Small_0x35
                        0x08004070     0x4c  Data  Lc  DS_Digital_Small.o [1]
image_data_DS_Digital_Small_0x36
                        0x080040bc     0x4c  Data  Lc  DS_Digital_Small.o [1]
image_data_DS_Digital_Small_0x37
                        0x08004108     0x4c  Data  Lc  DS_Digital_Small.o [1]
image_data_DS_Digital_Small_0x38
                        0x08004154     0x4c  Data  Lc  DS_Digital_Small.o [1]
image_data_DS_Digital_Small_0x39
                        0x080041a0     0x4c  Data  Lc  DS_Digital_Small.o [1]
image_data_DS_Digital_Small_0x3a
                        0x080041ec     0x4c  Data  Lc  DS_Digital_Small.o [1]
image_data_DS_Digital_Small_0x3b
                        0x08004238     0x4c  Data  Lc  DS_Digital_Small.o [1]
image_data_DS_Digital_Small_0x3c
                        0x08004500     0x34  Data  Lc  DS_Digital_Small.o [1]
image_data_DS_Digital_Small_0x3d
                        0x08004534     0x34  Data  Lc  DS_Digital_Small.o [1]
image_data_DS_Digital_Small_0x3e
                        0x08004568     0x34  Data  Lc  DS_Digital_Small.o [1]
image_data_DS_Digital_Small_0x3f
                        0x0800459c     0x34  Data  Lc  DS_Digital_Small.o [1]
image_data_DS_Digital_Small_0x40
                        0x080045d0     0x34  Data  Lc  DS_Digital_Small.o [1]
image_data_DS_Digital_Small_0x41
                        0x08004604     0x34  Data  Lc  DS_Digital_Small.o [1]
image_data_DS_Digital_Small_0x42
                        0x08004638     0x34  Data  Lc  DS_Digital_Small.o [1]
image_data_DS_Digital_Small_0x43
                        0x0800466c     0x34  Data  Lc  DS_Digital_Small.o [1]
lcd_Char                0x0800203d    0x114  Code  Gb  lcd.o [1]
lcd_DrawBackground      0x08002275      0x2  Code  Gb  lcd.o [1]
lcd_FastHLine           0x080021e1     0x2e  Code  Gb  lcd.o [1]
lcd_FastVLine           0x080021b3     0x2e  Code  Gb  lcd.o [1]
lcd_FillRect            0x0800217d     0x36  Code  Gb  lcd.o [1]
lcd_Rect                0x0800220f     0x66  Code  Gb  lcd.o [1]
lcd_String              0x08002151     0x2c  Code  Gb  lcd.o [1]
main                    0x08004f63     0x14  Code  Gb  main.o [1]
mainTsk                 0x080052ed      0xc  Code  Gb  mainTSK.o [1]
orientation             0x20012d7c      0x1  Data  Gb  ili9341.o [1]
pcInterruptPriorityRegisters
                        0x080058a8      0x4  Data  Lc  port.o [1]
prvAddCurrentTaskToDelayedList
                        0x08000a69     0x7c  Code  Lc  tasks.o [1]
prvAddNewTaskToReadyList
                        0x080002e7     0xc2  Code  Lc  tasks.o [1]
prvCheckForValidListAndQueue
                        0x080014dd     0x4c  Code  Lc  timers.o [1]
prvCheckTasksWaitingTermination
                        0x080008e3     0x48  Code  Lc  tasks.o [1]
prvCopyDataFromQueue    0x08001b57     0x2a  Code  Lc  queue.o [1]
prvCopyDataToQueue      0x08001ad1     0x86  Code  Lc  queue.o [1]
prvDeleteTCB            0x0800092b     0x12  Code  Lc  tasks.o [1]
prvGetNextExpireTime    0x080012bb     0x26  Code  Lc  timers.o [1]
prvHeapInit             0x08000ca5     0x66  Code  Lc  heap_4.o [1]
prvIdleTask             0x0800085d     0x24  Code  Lc  tasks.o [1]
prvInitialiseNewQueue   0x080016e1     0x22  Code  Lc  queue.o [1]
prvInitialiseNewTask    0x0800021d     0xca  Code  Lc  tasks.o [1]
prvInitialiseTaskLists  0x08000889     0x5a  Code  Lc  tasks.o [1]
prvInsertBlockIntoFreeList
                        0x08000d0b     0x5c  Code  Lc  heap_4.o [1]
prvInsertTimerInActiveList
                        0x08001309     0x3e  Code  Lc  timers.o [1]
prvIsQueueEmpty         0x08001bef     0x1c  Code  Lc  queue.o [1]
prvIsQueueFull          0x08001c0b     0x1e  Code  Lc  queue.o [1]
prvProcessExpiredTimer  0x080011c5     0x6c  Code  Lc  timers.o [1]
prvProcessReceivedCommands
                        0x08001347    0x116  Code  Lc  timers.o [1]
prvProcessTimerOrBlockTask
                        0x08001249     0x72  Code  Lc  timers.o [1]
prvResetNextTaskUnblockTime
                        0x0800093d     0x28  Code  Lc  tasks.o [1]
prvSampleTimeNow        0x080012e1     0x28  Code  Lc  timers.o [1]
prvSampleTimeNow::xLastTime
                        0x20012d78      0x4  Data  Lc  timers.o [1]
prvSwitchTimerLists     0x0800145d     0x80  Code  Lc  timers.o [1]
prvTaskExitError        0x08000ead     0x2a  Code  Lc  port.o [1]
prvTimerTask            0x08001235     0x14  Code  Lc  timers.o [1]
prvUnlockQueue          0x08001b81     0x6e  Code  Lc  queue.o [1]
pvPortMalloc            0x08000b21    0x10e  Code  Gb  heap_4.o [1]
pxCurrentTCB            0x20012d2c      0x4  Data  Gb  tasks.o [1]
pxCurrentTimerList      0x20012d68      0x4  Data  Lc  timers.o [1]
pxDelayedTaskList       0x20012d30      0x4  Data  Lc  tasks.o [1]
pxEnd                   0x20012d18      0x4  Data  Lc  heap_4.o [1]
pxOverflowDelayedTaskList
                        0x20012d34      0x4  Data  Lc  tasks.o [1]
pxOverflowTimerList     0x20012d6c      0x4  Data  Lc  timers.o [1]
pxPortInitialiseStack   0x08000e85     0x28  Code  Gb  port.o [1]
pxReadyTasksLists       0x20012c48     0x3c  Data  Lc  tasks.o [1]
spi3Init                0x0800256d     0xac  Code  Gb  spi3.o [1]
spi3Tranceive           0x08002619      0x8  Code  Gb  spi3.o [1]
ucHeap                  0x20000008  0x12c00  Data  Lc  heap_4.o [1]
ucMaxSysCallPriority    0x20012d7d      0x1  Data  Lc  port.o [1]
ui                      0x0800447c     0x44  Data  Lc  UI.o [1]
ulMaxPRIGROUPValue      0x20012d28      0x4  Data  Lc  port.o [1]
uxCriticalNesting       0x20000000      0x4  Data  Lc  port.o [1]
uxCurrentNumberOfTasks  0x20012d3c      0x4  Data  Lc  tasks.o [1]
uxDeletedTasksWaitingCleanUp
                        0x20012d38      0x4  Data  Lc  tasks.o [1]
uxListRemove            0x08000e5d     0x26  Code  Gb  list.o [1]
uxPendedTicks           0x20012d4c      0x4  Data  Lc  tasks.o [1]
uxSchedulerSuspended    0x20012d64      0x4  Data  Lc  tasks.o [1]
uxTaskNumber            0x20012d58      0x4  Data  Lc  tasks.o [1]
uxTopReadyPriority      0x20012d44      0x4  Data  Lc  tasks.o [1]
vListInitialise         0x08000deb     0x1e  Code  Gb  list.o [1]
vListInitialiseItem     0x08000e09      0x6  Code  Gb  list.o [1]
vListInsert             0x08000e27     0x36  Code  Gb  list.o [1]
vListInsertEnd          0x08000e0f     0x18  Code  Gb  list.o [1]
vPortEnableVFP          0x080015e5           Code  Gb  portasm.o [1]
vPortEnterCritical      0x08000fbf     0x3a  Code  Gb  port.o [1]
vPortExitCritical       0x08000ff9     0x32  Code  Gb  port.o [1]
vPortFree               0x08000c2f     0x76  Code  Gb  heap_4.o [1]
vPortStartFirstTask     0x080015c5           Code  Gb  portasm.o [1]
vPortValidateInterruptPriority
                        0x08001055     0x4a  Code  Gb  port.o [1]
vQueueAddToRegistry     0x08001c29     0x24  Code  Gb  queue.o [1]
vQueueWaitForMessageRestricted
                        0x08001c51     0x4a  Code  Gb  queue.o [1]
vTaskInternalSetTimeOutState
                        0x080007b5     0x12  Code  Gb  tasks.o [1]
vTaskMissedYield        0x08000853      0xa  Code  Gb  tasks.o [1]
vTaskPlaceOnEventList   0x080006ad     0x2e  Code  Gb  tasks.o [1]
vTaskPlaceOnEventListRestricted
                        0x080006f5     0x38  Code  Gb  tasks.o [1]
vTaskStartScheduler     0x080003a9     0x6e  Code  Gb  tasks.o [1]
vTaskSuspendAll         0x08000417     0x10  Code  Gb  tasks.o [1]
vTaskSwitchContext      0x0800063f     0x6e  Code  Gb  tasks.o [1]
xActiveTimerList1       0x20012ce8     0x14  Data  Lc  timers.o [1]
xActiveTimerList2       0x20012cfc     0x14  Data  Lc  timers.o [1]
xBlockAllocatedBit      0x20012d24      0x4  Data  Lc  heap_4.o [1]
xDelayedTaskList1       0x20012c84     0x14  Data  Lc  tasks.o [1]
xDelayedTaskList2       0x20012c98     0x14  Data  Lc  tasks.o [1]
xFreeBytesRemaining     0x20012d1c      0x4  Data  Lc  heap_4.o [1]
xHeapStructSize         0x080058a4      0x4  Data  Lc  heap_4.o [1]
xIdleTaskHandle         0x20012d60      0x4  Data  Lc  tasks.o [1]
xMinimumEverFreeBytesRemaining
                        0x20012d20      0x4  Data  Lc  heap_4.o [1]
xNextTaskUnblockTime    0x20012d5c      0x4  Data  Lc  tasks.o [1]
xNumOfOverflows         0x20012d54      0x4  Data  Lc  tasks.o [1]
xPendingReadyList       0x20012cac     0x14  Data  Lc  tasks.o [1]
xPortStartScheduler     0x08000ed7     0xe8  Code  Gb  port.o [1]
xQueueGenericCreate     0x08001697     0x4a  Code  Gb  queue.o [1]
xQueueGenericReset      0x08001601     0x96  Code  Gb  queue.o [1]
xQueueGenericSend       0x08001703    0x196  Code  Gb  queue.o [1]
xQueueGenericSendFromISR
                        0x08001899     0xd8  Code  Gb  queue.o [1]
xQueueReceive           0x08001971    0x15a  Code  Gb  queue.o [1]
xQueueRegistry          0x20012c08     0x40  Data  Gb  queue.o [1]
xSchedulerRunning       0x20012d48      0x4  Data  Lc  tasks.o [1]
xStart                  0x20012d10      0x8  Data  Lc  heap_4.o [1]
xSuspendedTaskList      0x20012cd4     0x14  Data  Lc  tasks.o [1]
xTaskCheckForTimeOut    0x080007d1     0x82  Code  Gb  tasks.o [1]
xTaskCreate             0x080001ad     0x70  Code  Gb  tasks.o [1]
xTaskGetSchedulerState  0x08000965     0x20  Code  Gb  tasks.o [1]
xTaskGetTickCount       0x08000521      0x8  Code  Gb  tasks.o [1]
xTaskIncrementTick      0x08000529    0x116  Code  Gb  tasks.o [1]
xTaskPriorityDisinherit
                        0x08000985     0xb6  Code  Gb  tasks.o [1]
xTaskRemoveFromEventList
                        0x0800072d     0x84  Code  Gb  tasks.o [1]
xTaskResumeAll          0x08000427     0xfa  Code  Gb  tasks.o [1]
xTasksWaitingTermination
                        0x20012cc0     0x14  Data  Lc  tasks.o [1]
xTickCount              0x20012d40      0x4  Data  Lc  tasks.o [1]
xTimerCreateTimerTask   0x08001109     0x48  Code  Gb  timers.o [1]
xTimerGenericCommand    0x08001151     0x74  Code  Gb  timers.o [1]
xTimerQueue             0x20012d70      0x4  Data  Lc  timers.o [1]
xTimerTaskHandle        0x20012d74      0x4  Data  Lc  timers.o [1]
xYieldPending           0x20012d50      0x4  Data  Lc  tasks.o [1]


[1] = C:\Users\User\Documents\Repositories\eSolder\Fwm\fwm_eSolder\projects\iar\STM32F427_Debug\Obj
[2] = command line
[3] = dl7M_tln.a
[4] = m7M_tls.a
[5] = rt7M_tl.a
[6] = shb_l.a

  10 518 bytes of readonly  code memory
  12 566 bytes of readonly  data memory
  85 374 bytes of readwrite data memory

Errors: none
Warnings: none
