###############################################################################
#
# IAR ELF Linker V8.11.1.13263/W32 for ARM                07/Nov/2019  17:08:19
# Copyright 2007-2017 IAR Systems AB.
#
#    Output file  =  
#        C:\Users\User\Documents\Repositories\eSolder\Fwm\fwm_eSolder\projects\iar\STM32F427_Debug\Exe\eSolder.out
#    Map file     =  
#        C:\Users\User\Documents\Repositories\eSolder\Fwm\fwm_eSolder\projects\iar\STM32F427_Debug\List\eSolder.map
#    Command line =  
#        -f C:\Users\User\AppData\Local\Temp\EWF0C.tmp
#        (C:\Users\User\Documents\Repositories\eSolder\Fwm\fwm_eSolder\projects\iar\STM32F427_Debug\Obj\Arial.o
#        C:\Users\User\Documents\Repositories\eSolder\Fwm\fwm_eSolder\projects\iar\STM32F427_Debug\Obj\button.o
#        C:\Users\User\Documents\Repositories\eSolder\Fwm\fwm_eSolder\projects\iar\STM32F427_Debug\Obj\Courier_New.o
#        C:\Users\User\Documents\Repositories\eSolder\Fwm\fwm_eSolder\projects\iar\STM32F427_Debug\Obj\croutine.o
#        C:\Users\User\Documents\Repositories\eSolder\Fwm\fwm_eSolder\projects\iar\STM32F427_Debug\Obj\DS_Digital.o
#        C:\Users\User\Documents\Repositories\eSolder\Fwm\fwm_eSolder\projects\iar\STM32F427_Debug\Obj\DS_Digital_Small.o
#        C:\Users\User\Documents\Repositories\eSolder\Fwm\fwm_eSolder\projects\iar\STM32F427_Debug\Obj\encoderPannel.o
#        C:\Users\User\Documents\Repositories\eSolder\Fwm\fwm_eSolder\projects\iar\STM32F427_Debug\Obj\encoders.o
#        C:\Users\User\Documents\Repositories\eSolder\Fwm\fwm_eSolder\projects\iar\STM32F427_Debug\Obj\event_groups.o
#        C:\Users\User\Documents\Repositories\eSolder\Fwm\fwm_eSolder\projects\iar\STM32F427_Debug\Obj\gpio.o
#        C:\Users\User\Documents\Repositories\eSolder\Fwm\fwm_eSolder\projects\iar\STM32F427_Debug\Obj\hard.o
#        C:\Users\User\Documents\Repositories\eSolder\Fwm\fwm_eSolder\projects\iar\STM32F427_Debug\Obj\heap_4.o
#        C:\Users\User\Documents\Repositories\eSolder\Fwm\fwm_eSolder\projects\iar\STM32F427_Debug\Obj\ili9341.o
#        C:\Users\User\Documents\Repositories\eSolder\Fwm\fwm_eSolder\projects\iar\STM32F427_Debug\Obj\ili9341_fsmc.o
#        C:\Users\User\Documents\Repositories\eSolder\Fwm\fwm_eSolder\projects\iar\STM32F427_Debug\Obj\ili9341_spi.o
#        C:\Users\User\Documents\Repositories\eSolder\Fwm\fwm_eSolder\projects\iar\STM32F427_Debug\Obj\keyboard.o
#        C:\Users\User\Documents\Repositories\eSolder\Fwm\fwm_eSolder\projects\iar\STM32F427_Debug\Obj\lcd.o
#        C:\Users\User\Documents\Repositories\eSolder\Fwm\fwm_eSolder\projects\iar\STM32F427_Debug\Obj\list.o
#        C:\Users\User\Documents\Repositories\eSolder\Fwm\fwm_eSolder\projects\iar\STM32F427_Debug\Obj\main.o
#        C:\Users\User\Documents\Repositories\eSolder\Fwm\fwm_eSolder\projects\iar\STM32F427_Debug\Obj\mainTSK.o
#        C:\Users\User\Documents\Repositories\eSolder\Fwm\fwm_eSolder\projects\iar\STM32F427_Debug\Obj\mcu.o
#        C:\Users\User\Documents\Repositories\eSolder\Fwm\fwm_eSolder\projects\iar\STM32F427_Debug\Obj\OS.o
#        C:\Users\User\Documents\Repositories\eSolder\Fwm\fwm_eSolder\projects\iar\STM32F427_Debug\Obj\port.o
#        C:\Users\User\Documents\Repositories\eSolder\Fwm\fwm_eSolder\projects\iar\STM32F427_Debug\Obj\portasm.o
#        C:\Users\User\Documents\Repositories\eSolder\Fwm\fwm_eSolder\projects\iar\STM32F427_Debug\Obj\queue.o
#        C:\Users\User\Documents\Repositories\eSolder\Fwm\fwm_eSolder\projects\iar\STM32F427_Debug\Obj\specific_symbol.o
#        C:\Users\User\Documents\Repositories\eSolder\Fwm\fwm_eSolder\projects\iar\STM32F427_Debug\Obj\spi3.o
#        C:\Users\User\Documents\Repositories\eSolder\Fwm\fwm_eSolder\projects\iar\STM32F427_Debug\Obj\startup_stm32f427xx.o
#        C:\Users\User\Documents\Repositories\eSolder\Fwm\fwm_eSolder\projects\iar\STM32F427_Debug\Obj\stream_buffer.o
#        C:\Users\User\Documents\Repositories\eSolder\Fwm\fwm_eSolder\projects\iar\STM32F427_Debug\Obj\system_stm32f4xx.o
#        C:\Users\User\Documents\Repositories\eSolder\Fwm\fwm_eSolder\projects\iar\STM32F427_Debug\Obj\tasks.o
#        C:\Users\User\Documents\Repositories\eSolder\Fwm\fwm_eSolder\projects\iar\STM32F427_Debug\Obj\timers.o
#        C:\Users\User\Documents\Repositories\eSolder\Fwm\fwm_eSolder\projects\iar\STM32F427_Debug\Obj\UI.o
#        -o
#        C:\Users\User\Documents\Repositories\eSolder\Fwm\fwm_eSolder\projects\iar\STM32F427_Debug\Exe\eSolder.out
#        --map
#        C:\Users\User\Documents\Repositories\eSolder\Fwm\fwm_eSolder\projects\iar\STM32F427_Debug\List\eSolder.map
#        --config "C:\Program Files (x86)\IAR Systems\Embedded Workbench
#        8.0\arm\config\linker\ST\stm32f427xG.icf" --semihosting
#        C:\Users\User\Documents\Repositories\eSolder\Fwm\fwm_eSolder\projects\iar\..\..\modules\IQ\IQmathLib-cm4.a
#        --entry __iar_program_start --vfe --text_out locale)
#
###############################################################################

*******************************************************************************
*** RUNTIME MODEL ATTRIBUTES
***

CppFlavor       = *
__SystemLibrary = DLib
__dlib_version  = 6


*******************************************************************************
*** HEAP SELECTION
***

The basic heap was selected because no calls to memory allocation
functions were found in the application outside of system library
functions, and there are calls to deallocation functions in the
application.


*******************************************************************************
*** PLACEMENT SUMMARY
***

"A0":  place at 0x08000000 { ro section .intvec };
"P1":  place in [from 0x08000000 to 0x080fffff] { ro };
"P3":  place in [from 0x10000000 to 0x1000ffff] { block CSTACK, section .ccram };
"P4":  place in [from 0x20000000 to 0x2001bfff] |
                [from 0x2001c000 to 0x2001ffff] |
                [from 0x20020000 to 0x2002ffff] { rw, block HEAP };
initialize by copy { rw };

  Section            Kind        Address     Size  Object
  -------            ----        -------     ----  ------
"A0":                                       0x1ac
  .intvec            ro code  0x08000000    0x1ac  startup_stm32f427xx.o [1]
                            - 0x080001ac    0x1ac

"P1":                                      0x5b98
  .text              ro code  0x080001ac    0x974  tasks.o [1]
  .text              ro code  0x08000b20    0x264  heap_4.o [1]
  .text              ro code  0x08000d84     0x66  ABImemset.o [5]
  .text              ro code  0x08000dea     0x98  list.o [1]
  .text              ro code  0x08000e84    0x284  port.o [1]
  .text              ro code  0x08001108    0x448  timers.o [1]
  CODE               ro code  0x08001550     0xb0  portasm.o [1]
  .text              ro code  0x08001600    0x69a  queue.o [1]
  .text              ro code  0x08001c9c     0xa6  ABImemcpy.o [5]
  .rodata            const    0x08001d44    0x2f8  Arial.o [1]
  .text              ro code  0x0800203c    0x23a  lcd.o [1]
  .text              ro code  0x08002278    0x140  ili9341.o [1]
  .text              ro code  0x080023b8     0x84  ili9341_spi.o [1]
  .text              ro code  0x0800243c    0x130  gpio.o [1]
  .text              ro code  0x0800256c     0xc8  spi3.o [1]
  .text              ro code  0x08002634     0x24  ABIassert.o [6]
  .text              ro code  0x08002658      0x6  abort.o [3]
  .text              ro code  0x08002660     0x14  exit.o [6]
  .text              ro code  0x08002674    0x178  encoders.o [1]
  .rodata            const    0x080027ec    0x120  DS_Digital_Small.o [1]
  .text              ro code  0x0800290c    0x118  system_stm32f4xx.o [1]
  .text              ro code  0x08002a24     0xfc  UI.o [1]
  .rodata            const    0x08002b20     0xf8  DS_Digital.o [1]
  .rodata            const    0x08002c18     0xd4  DS_Digital.o [1]
  .text              ro code  0x08002cec     0xc0  mcu.o [1]
  .rodata            const    0x08002dac     0xa0  DS_Digital.o [1]
  .rodata            const    0x08002e4c     0xa0  DS_Digital.o [1]
  .rodata            const    0x08002eec     0xa0  DS_Digital.o [1]
  .rodata            const    0x08002f8c     0xa0  DS_Digital.o [1]
  .rodata            const    0x0800302c     0xa0  DS_Digital.o [1]
  .rodata            const    0x080030cc     0xa0  DS_Digital.o [1]
  .rodata            const    0x0800316c     0xa0  DS_Digital.o [1]
  .rodata            const    0x0800320c     0xa0  DS_Digital.o [1]
  .rodata            const    0x080032ac     0xa0  DS_Digital.o [1]
  .rodata            const    0x0800334c     0xa0  DS_Digital.o [1]
  .rodata            const    0x080033ec     0xa0  DS_Digital.o [1]
  .rodata            const    0x0800348c     0xa0  DS_Digital.o [1]
  .rodata            const    0x0800352c     0xa0  DS_Digital.o [1]
  .rodata            const    0x080035cc     0xa0  DS_Digital.o [1]
  .rodata            const    0x0800366c     0xa0  DS_Digital.o [1]
  .rodata            const    0x0800370c     0xa0  DS_Digital.o [1]
  .rodata            const    0x080037ac     0xa0  DS_Digital.o [1]
  .rodata            const    0x0800384c     0xa0  DS_Digital.o [1]
  .rodata            const    0x080038ec     0xa0  DS_Digital.o [1]
  .rodata            const    0x0800398c     0xa0  DS_Digital.o [1]
  .rodata            const    0x08003a2c     0xa0  DS_Digital.o [1]
  .rodata            const    0x08003acc     0xa0  DS_Digital.o [1]
  .rodata            const    0x08003b6c     0xa0  DS_Digital.o [1]
  .rodata            const    0x08003c0c     0xa0  DS_Digital.o [1]
  .rodata            const    0x08003cac     0xa0  DS_Digital.o [1]
  .rodata            const    0x08003d4c     0xa0  DS_Digital.o [1]
  .rodata            const    0x08003dec     0xa0  DS_Digital.o [1]
  .rodata            const    0x08003e8c     0xa0  DS_Digital.o [1]
  .rodata            const    0x08003f2c     0xa0  DS_Digital.o [1]
  .text              ro code  0x08003fcc     0x98  keyboard.o [1]
  .text              ro code  0x08004064     0x8e  button.o [1]
  .text              ro code  0x080040f4     0x80  mainTSK.o [1]
  .rodata            const    0x08004174     0x54  gpio.o [1]
  .rodata            const    0x080041c8     0x4c  DS_Digital_Small.o [1]
  .rodata            const    0x08004214     0x4c  DS_Digital_Small.o [1]
  .rodata            const    0x08004260     0x4c  DS_Digital_Small.o [1]
  .rodata            const    0x080042ac     0x4c  DS_Digital_Small.o [1]
  .rodata            const    0x080042f8     0x4c  DS_Digital_Small.o [1]
  .rodata            const    0x08004344     0x4c  DS_Digital_Small.o [1]
  .rodata            const    0x08004390     0x4c  DS_Digital_Small.o [1]
  .rodata            const    0x080043dc     0x4c  DS_Digital_Small.o [1]
  .rodata            const    0x08004428     0x4c  DS_Digital_Small.o [1]
  .rodata            const    0x08004474     0x4c  DS_Digital_Small.o [1]
  .rodata            const    0x080044c0     0x4c  DS_Digital_Small.o [1]
  .rodata            const    0x0800450c     0x4c  DS_Digital_Small.o [1]
  .rodata            const    0x08004558     0x4c  DS_Digital_Small.o [1]
  .rodata            const    0x080045a4     0x48  DS_Digital_Small.o [1]
  .rodata            const    0x080045ec     0x48  DS_Digital_Small.o [1]
  .rodata            const    0x08004634     0x48  DS_Digital_Small.o [1]
  .rodata            const    0x0800467c     0x48  DS_Digital_Small.o [1]
  .rodata            const    0x080046c4     0x48  DS_Digital_Small.o [1]
  .rodata            const    0x0800470c     0x48  DS_Digital_Small.o [1]
  .rodata            const    0x08004754     0x48  DS_Digital_Small.o [1]
  .rodata            const    0x0800479c     0x44  UI.o [1]
  .text              ro code  0x080047e0     0x40  zero_init3.o [5]
  .rodata            const    0x08004820     0x34  DS_Digital_Small.o [1]
  .rodata            const    0x08004854     0x34  DS_Digital_Small.o [1]
  .rodata            const    0x08004888     0x34  DS_Digital_Small.o [1]
  .rodata            const    0x080048bc     0x34  DS_Digital_Small.o [1]
  .rodata            const    0x080048f0     0x34  DS_Digital_Small.o [1]
  .rodata            const    0x08004924     0x34  DS_Digital_Small.o [1]
  .rodata            const    0x08004958     0x34  DS_Digital_Small.o [1]
  .rodata            const    0x0800498c     0x34  DS_Digital_Small.o [1]
  .text              ro code  0x080049c0     0x2c  copy_init3.o [5]
  .text              ro code  0x080049ec     0x28  OS.o [1]
  .text              ro code  0x08004a14     0x28  data_init.o [5]
  .rodata            const    0x08004a3c     0x24  Arial.o [1]
  .rodata            const    0x08004a60     0x24  Arial.o [1]
  .rodata            const    0x08004a84     0x24  Arial.o [1]
  .rodata            const    0x08004aa8     0x24  Arial.o [1]
  .rodata            const    0x08004acc     0x24  Arial.o [1]
  .rodata            const    0x08004af0     0x24  Arial.o [1]
  .rodata            const    0x08004b14     0x24  Arial.o [1]
  .rodata            const    0x08004b38     0x24  Arial.o [1]
  .rodata            const    0x08004b5c     0x24  Arial.o [1]
  .rodata            const    0x08004b80     0x24  Arial.o [1]
  .rodata            const    0x08004ba4     0x24  Arial.o [1]
  .rodata            const    0x08004bc8     0x24  Arial.o [1]
  .rodata            const    0x08004bec     0x24  Arial.o [1]
  .rodata            const    0x08004c10     0x24  Arial.o [1]
  .rodata            const    0x08004c34     0x24  Arial.o [1]
  .rodata            const    0x08004c58     0x24  Arial.o [1]
  .rodata            const    0x08004c7c     0x24  Arial.o [1]
  .rodata            const    0x08004ca0     0x24  Arial.o [1]
  .rodata            const    0x08004cc4     0x24  Arial.o [1]
  .rodata            const    0x08004ce8     0x24  Arial.o [1]
  .rodata            const    0x08004d0c     0x24  Arial.o [1]
  .rodata            const    0x08004d30     0x24  Arial.o [1]
  .rodata            const    0x08004d54     0x24  Arial.o [1]
  .rodata            const    0x08004d78     0x24  Arial.o [1]
  .rodata            const    0x08004d9c     0x24  Arial.o [1]
  .rodata            const    0x08004dc0     0x24  Arial.o [1]
  .rodata            const    0x08004de4     0x24  Arial.o [1]
  .rodata            const    0x08004e08     0x24  Arial.o [1]
  .rodata            const    0x08004e2c     0x24  Arial.o [1]
  .rodata            const    0x08004e50     0x24  Arial.o [1]
  .rodata            const    0x08004e74     0x24  Arial.o [1]
  .rodata            const    0x08004e98     0x24  Arial.o [1]
  .rodata            const    0x08004ebc     0x24  Arial.o [1]
  .rodata            const    0x08004ee0     0x24  Arial.o [1]
  .rodata            const    0x08004f04     0x24  Arial.o [1]
  .rodata            const    0x08004f28     0x24  Arial.o [1]
  .rodata            const    0x08004f4c     0x24  Arial.o [1]
  .rodata            const    0x08004f70     0x24  Arial.o [1]
  .rodata            const    0x08004f94     0x24  Arial.o [1]
  .rodata            const    0x08004fb8     0x24  Arial.o [1]
  .rodata            const    0x08004fdc     0x24  Arial.o [1]
  .rodata            const    0x08005000     0x24  Arial.o [1]
  .rodata            const    0x08005024     0x24  Arial.o [1]
  .rodata            const    0x08005048     0x24  Arial.o [1]
  .rodata            const    0x0800506c     0x24  Arial.o [1]
  .rodata            const    0x08005090     0x24  Arial.o [1]
  .rodata            const    0x080050b4     0x24  Arial.o [1]
  .rodata            const    0x080050d8     0x24  Arial.o [1]
  .rodata            const    0x080050fc     0x24  Arial.o [1]
  .rodata            const    0x08005120     0x24  Arial.o [1]
  .rodata            const    0x08005144     0x24  Arial.o [1]
  .rodata            const    0x08005168     0x24  Arial.o [1]
  .rodata            const    0x0800518c     0x24  Arial.o [1]
  .rodata            const    0x080051b0     0x24  Arial.o [1]
  .rodata            const    0x080051d4     0x24  Arial.o [1]
  .rodata            const    0x080051f8     0x24  Arial.o [1]
  .text              ro code  0x0800521c     0x22  fpinit_M.o [4]
  .iar.init_table    const    0x08005240     0x24  - Linker created -
  .text              ro code  0x08005264     0x1a  cmain.o [5]
  .text              ro code  0x0800527e      0x4  low_level_init.o [3]
  .text              ro code  0x08005282     0x14  main.o [1]
  .text              ro code  0x08005296      0x4  exit.o [3]
  .text              ro code  0x0800529a      0xc  hard.o [1]
  .text              ro code  0x080052a8      0xa  cexit.o [5]
  .rodata            const    0x080052b4     0x18  DS_Digital_Small.o [1]
  .rodata            const    0x080052cc     0x18  DS_Digital_Small.o [1]
  .rodata            const    0x080052e4     0x14  Arial.o [1]
  .rodata            const    0x080052f8     0x14  Arial.o [1]
  .rodata            const    0x0800530c     0x14  Arial.o [1]
  .rodata            const    0x08005320     0x14  Arial.o [1]
  .rodata            const    0x08005334     0x14  Arial.o [1]
  .rodata            const    0x08005348     0x14  Arial.o [1]
  .rodata            const    0x0800535c     0x14  Arial.o [1]
  .rodata            const    0x08005370     0x14  Arial.o [1]
  .rodata            const    0x08005384     0x14  Arial.o [1]
  .rodata            const    0x08005398     0x14  Arial.o [1]
  .rodata            const    0x080053ac     0x14  Arial.o [1]
  .rodata            const    0x080053c0     0x14  Arial.o [1]
  .rodata            const    0x080053d4     0x14  Arial.o [1]
  .rodata            const    0x080053e8     0x14  Arial.o [1]
  .rodata            const    0x080053fc     0x14  Arial.o [1]
  .rodata            const    0x08005410     0x14  Arial.o [1]
  .rodata            const    0x08005424     0x14  Arial.o [1]
  .rodata            const    0x08005438     0x14  Arial.o [1]
  .rodata            const    0x0800544c     0x14  Arial.o [1]
  .rodata            const    0x08005460     0x14  Arial.o [1]
  .rodata            const    0x08005474     0x14  Arial.o [1]
  .rodata            const    0x08005488     0x14  Arial.o [1]
  .rodata            const    0x0800549c     0x14  Arial.o [1]
  .rodata            const    0x080054b0     0x14  Arial.o [1]
  .rodata            const    0x080054c4     0x14  Arial.o [1]
  .rodata            const    0x080054d8     0x14  Arial.o [1]
  .rodata            const    0x080054ec     0x14  Arial.o [1]
  .rodata            const    0x08005500     0x14  Arial.o [1]
  .rodata            const    0x08005514     0x14  Arial.o [1]
  .rodata            const    0x08005528     0x14  Arial.o [1]
  .rodata            const    0x0800553c     0x14  Arial.o [1]
  .rodata            const    0x08005550     0x14  Arial.o [1]
  .rodata            const    0x08005564     0x14  Arial.o [1]
  .rodata            const    0x08005578     0x14  Arial.o [1]
  .rodata            const    0x0800558c     0x14  Arial.o [1]
  .rodata            const    0x080055a0     0x14  Arial.o [1]
  .rodata            const    0x080055b4     0x14  Arial.o [1]
  .rodata            const    0x080055c8     0x14  Arial.o [1]
  .rodata            const    0x080055dc     0x14  Arial.o [1]
  .rodata            const    0x080055f0     0x10  system_stm32f4xx.o [1]
  .text              ro code  0x08005600     0x10  startup_stm32f427xx.o [1]
  .text              ro code  0x08005610      0xc  cstartup_M.o [5]
  .rodata            const    0x0800561c      0x8  Arial.o [1]
  .rodata            const    0x08005624      0x8  Arial.o [1]
  .rodata            const    0x0800562c      0x8  Arial.o [1]
  .rodata            const    0x08005634      0x8  Arial.o [1]
  .rodata            const    0x0800563c      0x8  Arial.o [1]
  .rodata            const    0x08005644      0x8  Arial.o [1]
  .rodata            const    0x0800564c      0x8  Arial.o [1]
  .rodata            const    0x08005654      0x8  Arial.o [1]
  .rodata            const    0x0800565c      0x8  Arial.o [1]
  .rodata            const    0x08005664      0x8  Arial.o [1]
  .rodata            const    0x0800566c      0x8  Arial.o [1]
  .rodata            const    0x08005674      0x8  Arial.o [1]
  .rodata            const    0x0800567c      0x8  Arial.o [1]
  .rodata            const    0x08005684      0x8  Arial.o [1]
  .rodata            const    0x0800568c      0x8  Arial.o [1]
  .rodata            const    0x08005694      0x8  Arial.o [1]
  .rodata            const    0x0800569c      0x8  Arial.o [1]
  .rodata            const    0x080056a4      0x8  Arial.o [1]
  .rodata            const    0x080056ac      0x8  Arial.o [1]
  .rodata            const    0x080056b4      0x8  Arial.o [1]
  .rodata            const    0x080056bc      0x8  Arial.o [1]
  .rodata            const    0x080056c4      0x8  Arial.o [1]
  .rodata            const    0x080056cc      0x8  Arial.o [1]
  .rodata            const    0x080056d4      0x8  Arial.o [1]
  .rodata            const    0x080056dc      0x8  Arial.o [1]
  .rodata            const    0x080056e4      0x8  Arial.o [1]
  .rodata            const    0x080056ec      0x8  Arial.o [1]
  .rodata            const    0x080056f4      0x8  Arial.o [1]
  .rodata            const    0x080056fc      0x8  Arial.o [1]
  .rodata            const    0x08005704      0x8  Arial.o [1]
  .rodata            const    0x0800570c      0x8  Arial.o [1]
  .rodata            const    0x08005714      0x8  Arial.o [1]
  .rodata            const    0x0800571c      0x8  Arial.o [1]
  .rodata            const    0x08005724      0x8  Arial.o [1]
  .rodata            const    0x0800572c      0x8  Arial.o [1]
  .rodata            const    0x08005734      0x8  Arial.o [1]
  .rodata            const    0x0800573c      0x8  Arial.o [1]
  .rodata            const    0x08005744      0x8  Arial.o [1]
  .rodata            const    0x0800574c      0x8  Arial.o [1]
  .rodata            const    0x08005754      0x8  Arial.o [1]
  .rodata            const    0x0800575c      0x8  Arial.o [1]
  .rodata            const    0x08005764      0x8  Arial.o [1]
  .rodata            const    0x0800576c      0x8  Arial.o [1]
  .rodata            const    0x08005774      0x8  Arial.o [1]
  .rodata            const    0x0800577c      0x8  Arial.o [1]
  .rodata            const    0x08005784      0x8  Arial.o [1]
  .rodata            const    0x0800578c      0x8  Arial.o [1]
  .rodata            const    0x08005794      0x8  Arial.o [1]
  .rodata            const    0x0800579c      0x8  Arial.o [1]
  .rodata            const    0x080057a4      0x8  Arial.o [1]
  .rodata            const    0x080057ac      0x8  Arial.o [1]
  .rodata            const    0x080057b4      0x8  Arial.o [1]
  .rodata            const    0x080057bc      0x8  Arial.o [1]
  .rodata            const    0x080057c4      0x8  Arial.o [1]
  .rodata            const    0x080057cc      0x8  Arial.o [1]
  .rodata            const    0x080057d4      0x8  Arial.o [1]
  .rodata            const    0x080057dc      0x8  Arial.o [1]
  .rodata            const    0x080057e4      0x8  Arial.o [1]
  .rodata            const    0x080057ec      0x8  Arial.o [1]
  .rodata            const    0x080057f4      0x8  Arial.o [1]
  .rodata            const    0x080057fc      0x8  Arial.o [1]
  .rodata            const    0x08005804      0x8  Arial.o [1]
  .rodata            const    0x0800580c      0x8  Arial.o [1]
  .rodata            const    0x08005814      0x8  Arial.o [1]
  .rodata            const    0x0800581c      0x8  Arial.o [1]
  .rodata            const    0x08005824      0x8  Arial.o [1]
  .rodata            const    0x0800582c      0x8  Arial.o [1]
  .rodata            const    0x08005834      0x8  Arial.o [1]
  .rodata            const    0x0800583c      0x8  Arial.o [1]
  .rodata            const    0x08005844      0x8  Arial.o [1]
  .rodata            const    0x0800584c      0x8  Arial.o [1]
  .rodata            const    0x08005854      0x8  Arial.o [1]
  .rodata            const    0x0800585c      0x8  Arial.o [1]
  .rodata            const    0x08005864      0x8  Arial.o [1]
  .rodata            const    0x0800586c      0x8  Arial.o [1]
  .rodata            const    0x08005874      0x8  Arial.o [1]
  .rodata            const    0x0800587c      0x8  Arial.o [1]
  .rodata            const    0x08005884      0x8  Arial.o [1]
  .rodata            const    0x0800588c      0x8  Arial.o [1]
  .rodata            const    0x08005894      0x8  Arial.o [1]
  .rodata            const    0x0800589c      0x8  Arial.o [1]
  .rodata            const    0x080058a4      0x8  Arial.o [1]
  .rodata            const    0x080058ac      0x8  Arial.o [1]
  .rodata            const    0x080058b4      0x8  Arial.o [1]
  .rodata            const    0x080058bc      0x8  Arial.o [1]
  .rodata            const    0x080058c4      0x8  Arial.o [1]
  .rodata            const    0x080058cc      0x8  Arial.o [1]
  .rodata            const    0x080058d4      0x8  Arial.o [1]
  .rodata            const    0x080058dc      0x8  Arial.o [1]
  .rodata            const    0x080058e4      0x8  Arial.o [1]
  .rodata            const    0x080058ec      0x8  Arial.o [1]
  .rodata            const    0x080058f4      0x8  Arial.o [1]
  .rodata            const    0x080058fc      0x8  Arial.o [1]
  .rodata            const    0x08005904      0x8  Arial.o [1]
  .rodata            const    0x0800590c      0x8  Arial.o [1]
  .rodata            const    0x08005914      0x8  Arial.o [1]
  .rodata            const    0x0800591c      0x8  DS_Digital.o [1]
  .rodata            const    0x08005924      0x8  DS_Digital.o [1]
  .rodata            const    0x0800592c      0x8  DS_Digital.o [1]
  .rodata            const    0x08005934      0x8  DS_Digital.o [1]
  .rodata            const    0x0800593c      0x8  DS_Digital.o [1]
  .rodata            const    0x08005944      0x8  DS_Digital.o [1]
  .rodata            const    0x0800594c      0x8  DS_Digital.o [1]
  .rodata            const    0x08005954      0x8  DS_Digital.o [1]
  .rodata            const    0x0800595c      0x8  DS_Digital.o [1]
  .rodata            const    0x08005964      0x8  DS_Digital.o [1]
  .rodata            const    0x0800596c      0x8  DS_Digital.o [1]
  .rodata            const    0x08005974      0x8  DS_Digital.o [1]
  .rodata            const    0x0800597c      0x8  DS_Digital.o [1]
  .rodata            const    0x08005984      0x8  DS_Digital.o [1]
  .rodata            const    0x0800598c      0x8  DS_Digital.o [1]
  .rodata            const    0x08005994      0x8  DS_Digital.o [1]
  .rodata            const    0x0800599c      0x8  DS_Digital.o [1]
  .rodata            const    0x080059a4      0x8  DS_Digital.o [1]
  .rodata            const    0x080059ac      0x8  DS_Digital.o [1]
  .rodata            const    0x080059b4      0x8  DS_Digital.o [1]
  .rodata            const    0x080059bc      0x8  DS_Digital.o [1]
  .rodata            const    0x080059c4      0x8  DS_Digital.o [1]
  .rodata            const    0x080059cc      0x8  DS_Digital.o [1]
  .rodata            const    0x080059d4      0x8  DS_Digital.o [1]
  .rodata            const    0x080059dc      0x8  DS_Digital.o [1]
  .rodata            const    0x080059e4      0x8  DS_Digital.o [1]
  .rodata            const    0x080059ec      0x8  DS_Digital.o [1]
  .rodata            const    0x080059f4      0x8  DS_Digital.o [1]
  .rodata            const    0x080059fc      0x8  DS_Digital.o [1]
  .rodata            const    0x08005a04      0x8  DS_Digital.o [1]
  .rodata            const    0x08005a0c      0x8  DS_Digital.o [1]
  .rodata            const    0x08005a14      0x8  DS_Digital.o [1]
  .rodata            const    0x08005a1c      0x8  DS_Digital.o [1]
  .rodata            const    0x08005a24      0x8  DS_Digital_Small.o [1]
  .rodata            const    0x08005a2c      0x8  DS_Digital_Small.o [1]
  .rodata            const    0x08005a34      0x8  DS_Digital_Small.o [1]
  .rodata            const    0x08005a3c      0x8  DS_Digital_Small.o [1]
  .rodata            const    0x08005a44      0x8  DS_Digital_Small.o [1]
  .rodata            const    0x08005a4c      0x8  DS_Digital_Small.o [1]
  .rodata            const    0x08005a54      0x8  DS_Digital_Small.o [1]
  .rodata            const    0x08005a5c      0x8  DS_Digital_Small.o [1]
  .rodata            const    0x08005a64      0x8  DS_Digital_Small.o [1]
  .rodata            const    0x08005a6c      0x8  DS_Digital_Small.o [1]
  .rodata            const    0x08005a74      0x8  DS_Digital_Small.o [1]
  .rodata            const    0x08005a7c      0x8  DS_Digital_Small.o [1]
  .rodata            const    0x08005a84      0x8  DS_Digital_Small.o [1]
  .rodata            const    0x08005a8c      0x8  DS_Digital_Small.o [1]
  .rodata            const    0x08005a94      0x8  DS_Digital_Small.o [1]
  .rodata            const    0x08005a9c      0x8  DS_Digital_Small.o [1]
  .rodata            const    0x08005aa4      0x8  DS_Digital_Small.o [1]
  .rodata            const    0x08005aac      0x8  DS_Digital_Small.o [1]
  .rodata            const    0x08005ab4      0x8  DS_Digital_Small.o [1]
  .rodata            const    0x08005abc      0x8  DS_Digital_Small.o [1]
  .rodata            const    0x08005ac4      0x8  DS_Digital_Small.o [1]
  .rodata            const    0x08005acc      0x8  DS_Digital_Small.o [1]
  .rodata            const    0x08005ad4      0x8  DS_Digital_Small.o [1]
  .rodata            const    0x08005adc      0x8  DS_Digital_Small.o [1]
  .rodata            const    0x08005ae4      0x8  DS_Digital_Small.o [1]
  .rodata            const    0x08005aec      0x8  DS_Digital_Small.o [1]
  .rodata            const    0x08005af4      0x8  DS_Digital_Small.o [1]
  .rodata            const    0x08005afc      0x8  DS_Digital_Small.o [1]
  .rodata            const    0x08005b04      0x8  DS_Digital_Small.o [1]
  .rodata            const    0x08005b0c      0x8  DS_Digital_Small.o [1]
  .rodata            const    0x08005b14      0x8  DS_Digital_Small.o [1]
  .rodata            const    0x08005b1c      0x8  DS_Digital_Small.o [1]
  .rodata            const    0x08005b24      0x8  DS_Digital_Small.o [1]
  .rodata            const    0x08005b2c      0x8  DS_Digital_Small.o [1]
  .rodata            const    0x08005b34      0x8  DS_Digital_Small.o [1]
  .rodata            const    0x08005b3c      0x8  DS_Digital_Small.o [1]
  .rodata            const    0x08005b44      0x8  DS_Digital_Small.o [1]
  .rodata            const    0x08005b4c      0x8  DS_Digital_Small.o [1]
  .rodata            const    0x08005b54      0x8  DS_Digital_Small.o [1]
  .rodata            const    0x08005b5c      0x8  DS_Digital_Small.o [1]
  .rodata            const    0x08005b64      0x8  DS_Digital_Small.o [1]
  .rodata            const    0x08005b6c      0x8  DS_Digital_Small.o [1]
  .rodata            const    0x08005b74      0x8  DS_Digital_Small.o [1]
  .rodata            const    0x08005b7c      0x8  gpio.o [1]
  .rodata            const    0x08005b84      0x8  OS.o [1]
  .rodata            const    0x08005b8c      0x8  tasks.o [1]
  .rodata            const    0x08005b94      0x8  timers.o [1]
  .rodata            const    0x08005b9c      0x8  timers.o [1]
  .rodata            const    0x08005ba4      0x8  UI.o [1]
  .rodata            const    0x08005bac      0x8  UI.o [1]
  .rodata            const    0x08005bb4      0x8  UI.o [1]
  .rodata            const    0x08005bbc      0x4  heap_4.o [1]
  .rodata            const    0x08005bc0      0x4  port.o [1]
  .text              ro code  0x08005bc4      0x4  startup_stm32f427xx.o [1]
  .text              ro code  0x08005bc8      0x4  startup_stm32f427xx.o [1]
  .text              ro code  0x08005bcc      0x4  startup_stm32f427xx.o [1]
  .text              ro code  0x08005bd0      0x4  startup_stm32f427xx.o [1]
  .text              ro code  0x08005bd4      0x4  startup_stm32f427xx.o [1]
  .text              ro code  0x08005bd8      0x4  startup_stm32f427xx.o [1]
  .text              ro code  0x08005bdc      0x4  startup_stm32f427xx.o [1]
  .text              ro code  0x08005be0      0x4  startup_stm32f427xx.o [1]
  .text              ro code  0x08005be4      0x4  startup_stm32f427xx.o [1]
  .text              ro code  0x08005be8      0x4  startup_stm32f427xx.o [1]
  .text              ro code  0x08005bec      0x4  startup_stm32f427xx.o [1]
  .text              ro code  0x08005bf0      0x4  startup_stm32f427xx.o [1]
  .text              ro code  0x08005bf4      0x4  startup_stm32f427xx.o [1]
  .text              ro code  0x08005bf8      0x4  startup_stm32f427xx.o [1]
  .text              ro code  0x08005bfc      0x4  startup_stm32f427xx.o [1]
  .text              ro code  0x08005c00      0x4  startup_stm32f427xx.o [1]
  .text              ro code  0x08005c04      0x4  startup_stm32f427xx.o [1]
  .text              ro code  0x08005c08      0x4  startup_stm32f427xx.o [1]
  .text              ro code  0x08005c0c      0x4  startup_stm32f427xx.o [1]
  .text              ro code  0x08005c10      0x4  startup_stm32f427xx.o [1]
  .text              ro code  0x08005c14      0x4  startup_stm32f427xx.o [1]
  .text              ro code  0x08005c18      0x4  startup_stm32f427xx.o [1]
  .text              ro code  0x08005c1c      0x4  startup_stm32f427xx.o [1]
  .text              ro code  0x08005c20      0x4  startup_stm32f427xx.o [1]
  .text              ro code  0x08005c24      0x4  startup_stm32f427xx.o [1]
  .text              ro code  0x08005c28      0x4  startup_stm32f427xx.o [1]
  .text              ro code  0x08005c2c      0x4  startup_stm32f427xx.o [1]
  .text              ro code  0x08005c30      0x4  startup_stm32f427xx.o [1]
  .text              ro code  0x08005c34      0x4  startup_stm32f427xx.o [1]
  .text              ro code  0x08005c38      0x4  startup_stm32f427xx.o [1]
  .text              ro code  0x08005c3c      0x4  startup_stm32f427xx.o [1]
  .text              ro code  0x08005c40      0x4  startup_stm32f427xx.o [1]
  .text              ro code  0x08005c44      0x4  startup_stm32f427xx.o [1]
  .text              ro code  0x08005c48      0x4  startup_stm32f427xx.o [1]
  .text              ro code  0x08005c4c      0x4  startup_stm32f427xx.o [1]
  .text              ro code  0x08005c50      0x4  startup_stm32f427xx.o [1]
  .text              ro code  0x08005c54      0x4  startup_stm32f427xx.o [1]
  .text              ro code  0x08005c58      0x4  startup_stm32f427xx.o [1]
  .text              ro code  0x08005c5c      0x4  startup_stm32f427xx.o [1]
  .text              ro code  0x08005c60      0x4  startup_stm32f427xx.o [1]
  .text              ro code  0x08005c64      0x4  startup_stm32f427xx.o [1]
  .text              ro code  0x08005c68      0x4  startup_stm32f427xx.o [1]
  .text              ro code  0x08005c6c      0x4  startup_stm32f427xx.o [1]
  .text              ro code  0x08005c70      0x4  startup_stm32f427xx.o [1]
  .text              ro code  0x08005c74      0x4  startup_stm32f427xx.o [1]
  .text              ro code  0x08005c78      0x4  startup_stm32f427xx.o [1]
  .text              ro code  0x08005c7c      0x4  startup_stm32f427xx.o [1]
  .text              ro code  0x08005c80      0x4  startup_stm32f427xx.o [1]
  .text              ro code  0x08005c84      0x4  startup_stm32f427xx.o [1]
  .text              ro code  0x08005c88      0x4  startup_stm32f427xx.o [1]
  .text              ro code  0x08005c8c      0x4  startup_stm32f427xx.o [1]
  .text              ro code  0x08005c90      0x4  startup_stm32f427xx.o [1]
  .text              ro code  0x08005c94      0x4  startup_stm32f427xx.o [1]
  .text              ro code  0x08005c98      0x4  startup_stm32f427xx.o [1]
  .text              ro code  0x08005c9c      0x4  startup_stm32f427xx.o [1]
  .text              ro code  0x08005ca0      0x4  startup_stm32f427xx.o [1]
  .text              ro code  0x08005ca4      0x4  startup_stm32f427xx.o [1]
  .text              ro code  0x08005ca8      0x4  startup_stm32f427xx.o [1]
  .text              ro code  0x08005cac      0x4  startup_stm32f427xx.o [1]
  .text              ro code  0x08005cb0      0x4  startup_stm32f427xx.o [1]
  .text              ro code  0x08005cb4      0x4  startup_stm32f427xx.o [1]
  .text              ro code  0x08005cb8      0x4  startup_stm32f427xx.o [1]
  .text              ro code  0x08005cbc      0x4  startup_stm32f427xx.o [1]
  .text              ro code  0x08005cc0      0x4  startup_stm32f427xx.o [1]
  .text              ro code  0x08005cc4      0x4  startup_stm32f427xx.o [1]
  .text              ro code  0x08005cc8      0x4  startup_stm32f427xx.o [1]
  .text              ro code  0x08005ccc      0x4  startup_stm32f427xx.o [1]
  .text              ro code  0x08005cd0      0x4  startup_stm32f427xx.o [1]
  .text              ro code  0x08005cd4      0x4  startup_stm32f427xx.o [1]
  .text              ro code  0x08005cd8      0x4  startup_stm32f427xx.o [1]
  .text              ro code  0x08005cdc      0x4  startup_stm32f427xx.o [1]
  .text              ro code  0x08005ce0      0x4  startup_stm32f427xx.o [1]
  .text              ro code  0x08005ce4      0x4  startup_stm32f427xx.o [1]
  .text              ro code  0x08005ce8      0x4  startup_stm32f427xx.o [1]
  .text              ro code  0x08005cec      0x4  startup_stm32f427xx.o [1]
  .text              ro code  0x08005cf0      0x4  startup_stm32f427xx.o [1]
  .text              ro code  0x08005cf4      0x4  startup_stm32f427xx.o [1]
  .text              ro code  0x08005cf8      0x4  startup_stm32f427xx.o [1]
  .text              ro code  0x08005cfc      0x4  startup_stm32f427xx.o [1]
  .text              ro code  0x08005d00      0x4  startup_stm32f427xx.o [1]
  .text              ro code  0x08005d04      0x4  startup_stm32f427xx.o [1]
  .text              ro code  0x08005d08      0x4  startup_stm32f427xx.o [1]
  .text              ro code  0x08005d0c      0x4  startup_stm32f427xx.o [1]
  .text              ro code  0x08005d10      0x4  startup_stm32f427xx.o [1]
  .text              ro code  0x08005d14      0x4  startup_stm32f427xx.o [1]
  .text              ro code  0x08005d18      0x4  startup_stm32f427xx.o [1]
  .text              ro code  0x08005d1c      0x4  startup_stm32f427xx.o [1]
  .text              ro code  0x08005d20      0x4  startup_stm32f427xx.o [1]
  .text              ro code  0x08005d24      0x4  startup_stm32f427xx.o [1]
  .text              ro code  0x08005d28      0x4  startup_stm32f427xx.o [1]
  .text              ro code  0x08005d2c      0x4  startup_stm32f427xx.o [1]
  .text              ro code  0x08005d30      0x4  startup_stm32f427xx.o [1]
  .text              ro code  0x08005d34      0x4  startup_stm32f427xx.o [1]
  .text              ro code  0x08005d38      0x4  startup_stm32f427xx.o [1]
  .rodata            const    0x08005d3c      0x0  zero_init3.o [5]
  .rodata            const    0x08005d3c      0x0  copy_init3.o [5]
  Initializer bytes  const    0x08005d3c      0x8  <for P4 s0>
                            - 0x08005d44   0x5b98

"P3":                                      0x2000
  CSTACK                      0x10000000   0x2000  <Block>
    CSTACK           uninit   0x10000000   0x2000  <Block tail>
                            - 0x10002000   0x2000

"P4", part 1 of 2:                            0x8
  P4 s0                       0x20000000      0x8  <Init block>
    .data            inited   0x20000000      0x4  port.o [1]
    .data            inited   0x20000004      0x4  system_stm32f4xx.o [1]
                            - 0x20000008      0x8

"P4", part 2 of 2:                        0x12da4
  .bss               zero     0x20000008  0x12c00  heap_4.o [1]
  .bss               zero     0x20012c08     0x40  queue.o [1]
  .bss               zero     0x20012c48     0x3c  tasks.o [1]
  .bss               zero     0x20012c84     0x18  keyboard.o [1]
  .bss               zero     0x20012c9c     0x14  encoderPannel.o [1]
  .bss               zero     0x20012cb0     0x14  tasks.o [1]
  .bss               zero     0x20012cc4     0x14  tasks.o [1]
  .bss               zero     0x20012cd8     0x14  tasks.o [1]
  .bss               zero     0x20012cec     0x14  tasks.o [1]
  .bss               zero     0x20012d00     0x14  tasks.o [1]
  .bss               zero     0x20012d14     0x14  timers.o [1]
  .bss               zero     0x20012d28     0x14  timers.o [1]
  .bss               zero     0x20012d3c      0x8  heap_4.o [1]
  .bss               zero     0x20012d44      0x4  heap_4.o [1]
  .bss               zero     0x20012d48      0x4  heap_4.o [1]
  .bss               zero     0x20012d4c      0x4  heap_4.o [1]
  .bss               zero     0x20012d50      0x4  heap_4.o [1]
  .bss               zero     0x20012d54      0x4  port.o [1]
  .bss               zero     0x20012d58      0x4  tasks.o [1]
  .bss               zero     0x20012d5c      0x4  tasks.o [1]
  .bss               zero     0x20012d60      0x4  tasks.o [1]
  .bss               zero     0x20012d64      0x4  tasks.o [1]
  .bss               zero     0x20012d68      0x4  tasks.o [1]
  .bss               zero     0x20012d6c      0x4  tasks.o [1]
  .bss               zero     0x20012d70      0x4  tasks.o [1]
  .bss               zero     0x20012d74      0x4  tasks.o [1]
  .bss               zero     0x20012d78      0x4  tasks.o [1]
  .bss               zero     0x20012d7c      0x4  tasks.o [1]
  .bss               zero     0x20012d80      0x4  tasks.o [1]
  .bss               zero     0x20012d84      0x4  tasks.o [1]
  .bss               zero     0x20012d88      0x4  tasks.o [1]
  .bss               zero     0x20012d8c      0x4  tasks.o [1]
  .bss               zero     0x20012d90      0x4  tasks.o [1]
  .bss               zero     0x20012d94      0x4  timers.o [1]
  .bss               zero     0x20012d98      0x4  timers.o [1]
  .bss               zero     0x20012d9c      0x4  timers.o [1]
  .bss               zero     0x20012da0      0x4  timers.o [1]
  .bss               zero     0x20012da4      0x4  timers.o [1]
  .bss               zero     0x20012da8      0x1  ili9341.o [1]
  .bss               zero     0x20012da9      0x1  port.o [1]
                            - 0x20012daa  0x12da2


*******************************************************************************
*** INIT TABLE
***

          Address     Size
          -------     ----
Zero (__iar_zero_init3)
    1 destination range, total size 0x12da2:
          0x20000008  0x12da2

Copy (__iar_copy_init3)
    1 source range, total size 0x8:
          0x08005d3c      0x8
    1 destination range, total size 0x8:
          0x20000000      0x8



*******************************************************************************
*** MODULE SUMMARY
***

    Module                 ro code  ro data  rw data
    ------                 -------  -------  -------
C:\Users\User\Documents\Repositories\eSolder\Fwm\fwm_eSolder\projects\iar\STM32F427_Debug\Obj: [1]
    Arial.o                           4 324
    DS_Digital.o                      5 364
    DS_Digital_Small.o                2 588
    OS.o                        40        8
    UI.o                       252       92
    button.o                   142
    encoderPannel.o                               20
    encoders.o                 376
    gpio.o                     304       92
    hard.o                      12
    heap_4.o                   612        4   76 824
    ili9341.o                  320                 1
    ili9341_spi.o              132
    keyboard.o                 152                24
    lcd.o                      570
    list.o                     152
    main.o                      20
    mainTSK.o                  128
    mcu.o                      192
    port.o                     644        8        9
    portasm.o                  176
    queue.o                  1 690                64
    spi3.o                     200
    startup_stm32f427xx.o      820
    system_stm32f4xx.o         280       20        4
    tasks.o                  2 420        8      220
    timers.o                 1 096       16       60
    ------------------------------------------------
    Total:                  10 730   12 524   77 226

command line: [2]
    ------------------------------------------------
    Total:

dl7M_tln.a: [3]
    abort.o                      6
    exit.o                       4
    low_level_init.o             4
    ------------------------------------------------
    Total:                      14

m7M_tls.a: [4]
    fpinit_M.o                  34
    ------------------------------------------------
    Total:                      34

rt7M_tl.a: [5]
    ABImemcpy.o                166
    ABImemset.o                102
    cexit.o                     10
    cmain.o                     26
    copy_init3.o                44
    cstartup_M.o                12
    data_init.o                 40
    zero_init3.o                64
    ------------------------------------------------
    Total:                     464

shb_l.a: [6]
    ABIassert.o                 36
    exit.o                      20
    ------------------------------------------------
    Total:                      56

    Gaps                        12        6
    Linker created                       36    8 192
----------------------------------------------------
    Grand Total:            11 310   12 566   85 418


*******************************************************************************
*** ENTRY LIST
***

Entry                      Address     Size  Type      Object
-----                      -------     ----  ----      ------
.iar.init_table$$Base   0x08005240            --   Gb  - Linker created -
.iar.init_table$$Limit  0x08005264            --   Gb  - Linker created -
?main                   0x08005265           Code  Gb  cmain.o [5]
AHBPrescTable           0x080055f0     0x10  Data  Gb  system_stm32f4xx.o [1]
Arial                   0x08005914      0x8  Data  Gb  Arial.o [1]
Arial_0x20              0x0800561c      0x8  Data  Lc  Arial.o [1]
Arial_0x21              0x08005624      0x8  Data  Lc  Arial.o [1]
Arial_0x22              0x0800562c      0x8  Data  Lc  Arial.o [1]
Arial_0x23              0x08005634      0x8  Data  Lc  Arial.o [1]
Arial_0x24              0x0800563c      0x8  Data  Lc  Arial.o [1]
Arial_0x25              0x08005644      0x8  Data  Lc  Arial.o [1]
Arial_0x26              0x0800564c      0x8  Data  Lc  Arial.o [1]
Arial_0x27              0x08005654      0x8  Data  Lc  Arial.o [1]
Arial_0x28              0x0800565c      0x8  Data  Lc  Arial.o [1]
Arial_0x29              0x08005664      0x8  Data  Lc  Arial.o [1]
Arial_0x2a              0x0800566c      0x8  Data  Lc  Arial.o [1]
Arial_0x2b              0x08005674      0x8  Data  Lc  Arial.o [1]
Arial_0x2c              0x0800567c      0x8  Data  Lc  Arial.o [1]
Arial_0x2d              0x08005684      0x8  Data  Lc  Arial.o [1]
Arial_0x2e              0x0800568c      0x8  Data  Lc  Arial.o [1]
Arial_0x2f              0x08005694      0x8  Data  Lc  Arial.o [1]
Arial_0x30              0x0800569c      0x8  Data  Lc  Arial.o [1]
Arial_0x31              0x080056a4      0x8  Data  Lc  Arial.o [1]
Arial_0x32              0x080056ac      0x8  Data  Lc  Arial.o [1]
Arial_0x33              0x080056b4      0x8  Data  Lc  Arial.o [1]
Arial_0x34              0x080056bc      0x8  Data  Lc  Arial.o [1]
Arial_0x35              0x080056c4      0x8  Data  Lc  Arial.o [1]
Arial_0x36              0x080056cc      0x8  Data  Lc  Arial.o [1]
Arial_0x37              0x080056d4      0x8  Data  Lc  Arial.o [1]
Arial_0x38              0x080056dc      0x8  Data  Lc  Arial.o [1]
Arial_0x39              0x080056e4      0x8  Data  Lc  Arial.o [1]
Arial_0x3a              0x080056ec      0x8  Data  Lc  Arial.o [1]
Arial_0x3b              0x080056f4      0x8  Data  Lc  Arial.o [1]
Arial_0x3c              0x080056fc      0x8  Data  Lc  Arial.o [1]
Arial_0x3d              0x08005704      0x8  Data  Lc  Arial.o [1]
Arial_0x3e              0x0800570c      0x8  Data  Lc  Arial.o [1]
Arial_0x3f              0x08005714      0x8  Data  Lc  Arial.o [1]
Arial_0x40              0x0800571c      0x8  Data  Lc  Arial.o [1]
Arial_0x41              0x08005724      0x8  Data  Lc  Arial.o [1]
Arial_0x42              0x0800572c      0x8  Data  Lc  Arial.o [1]
Arial_0x43              0x08005734      0x8  Data  Lc  Arial.o [1]
Arial_0x44              0x0800573c      0x8  Data  Lc  Arial.o [1]
Arial_0x45              0x08005744      0x8  Data  Lc  Arial.o [1]
Arial_0x46              0x0800574c      0x8  Data  Lc  Arial.o [1]
Arial_0x47              0x08005754      0x8  Data  Lc  Arial.o [1]
Arial_0x48              0x0800575c      0x8  Data  Lc  Arial.o [1]
Arial_0x49              0x08005764      0x8  Data  Lc  Arial.o [1]
Arial_0x4a              0x0800576c      0x8  Data  Lc  Arial.o [1]
Arial_0x4b              0x08005774      0x8  Data  Lc  Arial.o [1]
Arial_0x4c              0x0800577c      0x8  Data  Lc  Arial.o [1]
Arial_0x4d              0x08005784      0x8  Data  Lc  Arial.o [1]
Arial_0x4e              0x0800578c      0x8  Data  Lc  Arial.o [1]
Arial_0x4f              0x08005794      0x8  Data  Lc  Arial.o [1]
Arial_0x50              0x0800579c      0x8  Data  Lc  Arial.o [1]
Arial_0x51              0x080057a4      0x8  Data  Lc  Arial.o [1]
Arial_0x52              0x080057ac      0x8  Data  Lc  Arial.o [1]
Arial_0x53              0x080057b4      0x8  Data  Lc  Arial.o [1]
Arial_0x54              0x080057bc      0x8  Data  Lc  Arial.o [1]
Arial_0x55              0x080057c4      0x8  Data  Lc  Arial.o [1]
Arial_0x56              0x080057cc      0x8  Data  Lc  Arial.o [1]
Arial_0x57              0x080057d4      0x8  Data  Lc  Arial.o [1]
Arial_0x58              0x080057dc      0x8  Data  Lc  Arial.o [1]
Arial_0x59              0x080057e4      0x8  Data  Lc  Arial.o [1]
Arial_0x5a              0x080057ec      0x8  Data  Lc  Arial.o [1]
Arial_0x5b              0x080057f4      0x8  Data  Lc  Arial.o [1]
Arial_0x5c              0x080057fc      0x8  Data  Lc  Arial.o [1]
Arial_0x5d              0x08005804      0x8  Data  Lc  Arial.o [1]
Arial_0x5e              0x0800580c      0x8  Data  Lc  Arial.o [1]
Arial_0x5f              0x08005814      0x8  Data  Lc  Arial.o [1]
Arial_0x60              0x0800581c      0x8  Data  Lc  Arial.o [1]
Arial_0x61              0x08005824      0x8  Data  Lc  Arial.o [1]
Arial_0x62              0x0800582c      0x8  Data  Lc  Arial.o [1]
Arial_0x63              0x08005834      0x8  Data  Lc  Arial.o [1]
Arial_0x64              0x0800583c      0x8  Data  Lc  Arial.o [1]
Arial_0x65              0x08005844      0x8  Data  Lc  Arial.o [1]
Arial_0x66              0x0800584c      0x8  Data  Lc  Arial.o [1]
Arial_0x67              0x08005854      0x8  Data  Lc  Arial.o [1]
Arial_0x68              0x0800585c      0x8  Data  Lc  Arial.o [1]
Arial_0x69              0x08005864      0x8  Data  Lc  Arial.o [1]
Arial_0x6a              0x0800586c      0x8  Data  Lc  Arial.o [1]
Arial_0x6b              0x08005874      0x8  Data  Lc  Arial.o [1]
Arial_0x6c              0x0800587c      0x8  Data  Lc  Arial.o [1]
Arial_0x6d              0x08005884      0x8  Data  Lc  Arial.o [1]
Arial_0x6e              0x0800588c      0x8  Data  Lc  Arial.o [1]
Arial_0x6f              0x08005894      0x8  Data  Lc  Arial.o [1]
Arial_0x70              0x0800589c      0x8  Data  Lc  Arial.o [1]
Arial_0x71              0x080058a4      0x8  Data  Lc  Arial.o [1]
Arial_0x72              0x080058ac      0x8  Data  Lc  Arial.o [1]
Arial_0x73              0x080058b4      0x8  Data  Lc  Arial.o [1]
Arial_0x74              0x080058bc      0x8  Data  Lc  Arial.o [1]
Arial_0x75              0x080058c4      0x8  Data  Lc  Arial.o [1]
Arial_0x76              0x080058cc      0x8  Data  Lc  Arial.o [1]
Arial_0x77              0x080058d4      0x8  Data  Lc  Arial.o [1]
Arial_0x78              0x080058dc      0x8  Data  Lc  Arial.o [1]
Arial_0x79              0x080058e4      0x8  Data  Lc  Arial.o [1]
Arial_0x7a              0x080058ec      0x8  Data  Lc  Arial.o [1]
Arial_0x7b              0x080058f4      0x8  Data  Lc  Arial.o [1]
Arial_0x7c              0x080058fc      0x8  Data  Lc  Arial.o [1]
Arial_0x7d              0x08005904      0x8  Data  Lc  Arial.o [1]
Arial_0x7e              0x0800590c      0x8  Data  Lc  Arial.o [1]
Arial_array             0x08001d44    0x2f8  Data  Lc  Arial.o [1]
CSTACK$$Base            0x10000000            --   Gb  - Linker created -
CSTACK$$Limit           0x10002000            --   Gb  - Linker created -
DS_Digital              0x08005a1c      0x8  Data  Gb  DS_Digital.o [1]
DS_Digital_0x25         0x0800591c      0x8  Data  Lc  DS_Digital.o [1]
DS_Digital_0x26         0x08005924      0x8  Data  Lc  DS_Digital.o [1]
DS_Digital_0x27         0x08005934      0x8  Data  Lc  DS_Digital.o [1]
DS_Digital_0x28         0x0800593c      0x8  Data  Lc  DS_Digital.o [1]
DS_Digital_0x29         0x08005944      0x8  Data  Lc  DS_Digital.o [1]
DS_Digital_0x2a         0x0800594c      0x8  Data  Lc  DS_Digital.o [1]
DS_Digital_0x2b         0x08005954      0x8  Data  Lc  DS_Digital.o [1]
DS_Digital_0x2c         0x0800595c      0x8  Data  Lc  DS_Digital.o [1]
DS_Digital_0x2d         0x08005964      0x8  Data  Lc  DS_Digital.o [1]
DS_Digital_0x2e         0x0800596c      0x8  Data  Lc  DS_Digital.o [1]
DS_Digital_0x2f         0x08005974      0x8  Data  Lc  DS_Digital.o [1]
DS_Digital_0x30         0x0800597c      0x8  Data  Lc  DS_Digital.o [1]
DS_Digital_0x31         0x08005984      0x8  Data  Lc  DS_Digital.o [1]
DS_Digital_0x32         0x0800598c      0x8  Data  Lc  DS_Digital.o [1]
DS_Digital_0x33         0x08005994      0x8  Data  Lc  DS_Digital.o [1]
DS_Digital_0x34         0x0800599c      0x8  Data  Lc  DS_Digital.o [1]
DS_Digital_0x35         0x080059a4      0x8  Data  Lc  DS_Digital.o [1]
DS_Digital_0x36         0x080059ac      0x8  Data  Lc  DS_Digital.o [1]
DS_Digital_0x37         0x080059b4      0x8  Data  Lc  DS_Digital.o [1]
DS_Digital_0x38         0x080059bc      0x8  Data  Lc  DS_Digital.o [1]
DS_Digital_0x39         0x080059c4      0x8  Data  Lc  DS_Digital.o [1]
DS_Digital_0x3a         0x080059cc      0x8  Data  Lc  DS_Digital.o [1]
DS_Digital_0x3b         0x080059d4      0x8  Data  Lc  DS_Digital.o [1]
DS_Digital_0x3c         0x080059dc      0x8  Data  Lc  DS_Digital.o [1]
DS_Digital_0x3d         0x080059e4      0x8  Data  Lc  DS_Digital.o [1]
DS_Digital_0x3e         0x080059ec      0x8  Data  Lc  DS_Digital.o [1]
DS_Digital_0x3f         0x080059f4      0x8  Data  Lc  DS_Digital.o [1]
DS_Digital_0x40         0x080059fc      0x8  Data  Lc  DS_Digital.o [1]
DS_Digital_0x41         0x08005a04      0x8  Data  Lc  DS_Digital.o [1]
DS_Digital_0x42         0x08005a0c      0x8  Data  Lc  DS_Digital.o [1]
DS_Digital_0x43         0x08005a14      0x8  Data  Lc  DS_Digital.o [1]
DS_Digital_Small        0x08005b74      0x8  Data  Gb  DS_Digital_Small.o [1]
DS_Digital_Small_0x20   0x08005a24      0x8  Data  Lc  DS_Digital_Small.o [1]
DS_Digital_Small_0x21   0x08005a2c      0x8  Data  Lc  DS_Digital_Small.o [1]
DS_Digital_Small_0x22   0x08005a34      0x8  Data  Lc  DS_Digital_Small.o [1]
DS_Digital_Small_0x23   0x08005a3c      0x8  Data  Lc  DS_Digital_Small.o [1]
DS_Digital_Small_0x24   0x08005a44      0x8  Data  Lc  DS_Digital_Small.o [1]
DS_Digital_Small_0x25   0x08005a4c      0x8  Data  Lc  DS_Digital_Small.o [1]
DS_Digital_Small_0x26   0x08005a54      0x8  Data  Lc  DS_Digital_Small.o [1]
DS_Digital_Small_0x27   0x08005a64      0x8  Data  Lc  DS_Digital_Small.o [1]
DS_Digital_Small_0x28   0x08005a74      0x8  Data  Lc  DS_Digital_Small.o [1]
DS_Digital_Small_0x29   0x08005a84      0x8  Data  Lc  DS_Digital_Small.o [1]
DS_Digital_Small_0x2a   0x08005a94      0x8  Data  Lc  DS_Digital_Small.o [1]
DS_Digital_Small_0x2b   0x08005aa4      0x8  Data  Lc  DS_Digital_Small.o [1]
DS_Digital_Small_0x2c   0x08005ab4      0x8  Data  Lc  DS_Digital_Small.o [1]
DS_Digital_Small_0x2d   0x08005abc      0x8  Data  Lc  DS_Digital_Small.o [1]
DS_Digital_Small_0x2e   0x08005ac4      0x8  Data  Lc  DS_Digital_Small.o [1]
DS_Digital_Small_0x2f   0x08005acc      0x8  Data  Lc  DS_Digital_Small.o [1]
DS_Digital_Small_0x30   0x08005ad4      0x8  Data  Lc  DS_Digital_Small.o [1]
DS_Digital_Small_0x31   0x08005adc      0x8  Data  Lc  DS_Digital_Small.o [1]
DS_Digital_Small_0x32   0x08005ae4      0x8  Data  Lc  DS_Digital_Small.o [1]
DS_Digital_Small_0x33   0x08005aec      0x8  Data  Lc  DS_Digital_Small.o [1]
DS_Digital_Small_0x34   0x08005af4      0x8  Data  Lc  DS_Digital_Small.o [1]
DS_Digital_Small_0x35   0x08005afc      0x8  Data  Lc  DS_Digital_Small.o [1]
DS_Digital_Small_0x36   0x08005b04      0x8  Data  Lc  DS_Digital_Small.o [1]
DS_Digital_Small_0x37   0x08005b0c      0x8  Data  Lc  DS_Digital_Small.o [1]
DS_Digital_Small_0x38   0x08005b14      0x8  Data  Lc  DS_Digital_Small.o [1]
DS_Digital_Small_0x39   0x08005b1c      0x8  Data  Lc  DS_Digital_Small.o [1]
DS_Digital_Small_0x3a   0x08005b24      0x8  Data  Lc  DS_Digital_Small.o [1]
DS_Digital_Small_0x3b   0x08005b2c      0x8  Data  Lc  DS_Digital_Small.o [1]
DS_Digital_Small_0x3c   0x08005b34      0x8  Data  Lc  DS_Digital_Small.o [1]
DS_Digital_Small_0x3d   0x08005b3c      0x8  Data  Lc  DS_Digital_Small.o [1]
DS_Digital_Small_0x3e   0x08005b44      0x8  Data  Lc  DS_Digital_Small.o [1]
DS_Digital_Small_0x3f   0x08005b4c      0x8  Data  Lc  DS_Digital_Small.o [1]
DS_Digital_Small_0x40   0x08005b54      0x8  Data  Lc  DS_Digital_Small.o [1]
DS_Digital_Small_0x41   0x08005b5c      0x8  Data  Lc  DS_Digital_Small.o [1]
DS_Digital_Small_0x42   0x08005b64      0x8  Data  Lc  DS_Digital_Small.o [1]
DS_Digital_Small_0x43   0x08005b6c      0x8  Data  Lc  DS_Digital_Small.o [1]
DS_Digital_Small_array  0x080027ec    0x120  Data  Lc  DS_Digital_Small.o [1]
DS_Digital_array        0x08002b20     0xf8  Data  Lc  DS_Digital.o [1]
MCU_init                0x08002ced     0xc0  Code  Gb  mcu.o [1]
OS_init                 0x080049ed     0x28  Code  Gb  OS.o [1]
PendSV_Handler          0x08001551           Code  Gb  portasm.o [1]
Region$$Table$$Base     0x08005240            --   Gb  - Linker created -
Region$$Table$$Limit    0x08005264            --   Gb  - Linker created -
SVC_Handler             0x080015a9           Code  Gb  portasm.o [1]
SysTick_Handler         0x0800102b     0x28  Code  Gb  port.o [1]
SystemCoreClock         0x20000004      0x4  Data  Gb  system_stm32f4xx.o [1]
SystemCoreClockUpdate   0x08002959     0x9a  Code  Gb  system_stm32f4xx.o [1]
SystemInit              0x0800290d     0x4c  Code  Gb  system_stm32f4xx.o [1]
UI_MainWindowRendering  0x08002a25     0xe0  Code  Gb  UI.o [1]
__aeabi_assert          0x08002635     0x24  Code  Gb  ABIassert.o [6]
__aeabi_memcpy          0x08001c9d           Code  Gb  ABImemcpy.o [5]
__aeabi_memcpy4         0x08001cbd           Code  Gb  ABImemcpy.o [5]
__aeabi_memcpy8         0x08001cbd           Code  Gb  ABImemcpy.o [5]
__aeabi_memset          0x08000d85           Code  Gb  ABImemset.o [5]
__cmain                 0x08005265           Code  Gb  cmain.o [5]
__exit                  0x08002661     0x14  Code  Gb  exit.o [6]
__iar_Memset            0x08000d85           Code  Gb  ABImemset.o [5]
__iar_Memset_word       0x08000d8d           Code  Gb  ABImemset.o [5]
__iar_copy_init3        0x080049c1     0x2c  Code  Gb  copy_init3.o [5]
__iar_data_init3        0x08004a15     0x28  Code  Gb  data_init.o [5]
__iar_init_vfp          0x0800521d           Code  Gb  fpinit_M.o [4]
__iar_program_start     0x08005611           Code  Gb  cstartup_M.o [5]
__iar_systems$$module {Abs}
                        0x00000001           Data  Gb  command line/config [2]
__iar_zero_init3        0x080047e1     0x40  Code  Gb  zero_init3.o [5]
__low_level_init        0x0800527f      0x4  Code  Gb  low_level_init.o [3]
__vector_table          0x08000000           Data  Gb  startup_stm32f427xx.o [1]
_call_main              0x08005271           Code  Gb  cmain.o [5]
_exit                   0x080052a9           Code  Gb  cexit.o [5]
_main                   0x0800527b           Code  Gb  cmain.o [5]
abort                   0x08002659      0x6  Code  Gb  abort.o [3]
buttonClearPressed      0x080040e5      0xe  Code  Gb  button.o [1]
buttonInit              0x08004065     0x2a  Code  Gb  button.o [1]
buttonScan              0x0800408f     0x56  Code  Gb  button.o [1]
enReadVal               0x08002675     0x38  Code  Gb  encoders.o [1]
enWriteVal              0x080026ad     0x30  Code  Gb  encoders.o [1]
encoderPannel           0x20012c9c     0x14  Data  Gb  encoderPannel.o [1]
encoderUpdate           0x080026dd    0x10a  Code  Gb  encoders.o [1]
exit                    0x08005297      0x4  Code  Gb  exit.o [3]
gpioAfInit              0x080024e1     0x82  Code  Gb  gpio.o [1]
gpioInit                0x0800243d     0xa4  Code  Gb  gpio.o [1]
hard_init               0x0800529b      0xc  Code  Gb  hard.o [1]
ili9341_ColumnAddressSet
                        0x08002303     0x1e  Code  Lc  ili9341.o [1]
ili9341_Init            0x08002279     0x8a  Code  Gb  ili9341.o [1]
ili9341_InitCommunication
                        0x080023b9     0x38  Code  Gb  ili9341_spi.o [1]
ili9341_PageAddressSet  0x08002321     0x1e  Code  Lc  ili9341.o [1]
ili9341_Reset           0x080023a5      0xa  Code  Gb  ili9341.o [1]
ili9341_SetOrientation  0x08002345     0x3e  Code  Gb  ili9341.o [1]
ili9341_SetRegion       0x08002383     0x22  Code  Gb  ili9341.o [1]
ili9341_WriteCommand    0x08002415     0x20  Code  Gb  ili9341_spi.o [1]
ili9341_WriteData       0x080023f1     0x10  Code  Gb  ili9341_spi.o [1]
ili9341_WriteData_16    0x08002401     0x14  Code  Gb  ili9341_spi.o [1]
ili9341_displayOn       0x080023af      0xa  Code  Gb  ili9341.o [1]
image_data_Arial_0x20   0x080052e4     0x14  Data  Lc  Arial.o [1]
image_data_Arial_0x21   0x080052f8     0x14  Data  Lc  Arial.o [1]
image_data_Arial_0x22   0x0800530c     0x14  Data  Lc  Arial.o [1]
image_data_Arial_0x23   0x08004a3c     0x24  Data  Lc  Arial.o [1]
image_data_Arial_0x24   0x08004a60     0x24  Data  Lc  Arial.o [1]
image_data_Arial_0x25   0x08004a84     0x24  Data  Lc  Arial.o [1]
image_data_Arial_0x26   0x08004aa8     0x24  Data  Lc  Arial.o [1]
image_data_Arial_0x27   0x08005320     0x14  Data  Lc  Arial.o [1]
image_data_Arial_0x28   0x08005334     0x14  Data  Lc  Arial.o [1]
image_data_Arial_0x29   0x08005348     0x14  Data  Lc  Arial.o [1]
image_data_Arial_0x2a   0x0800535c     0x14  Data  Lc  Arial.o [1]
image_data_Arial_0x2b   0x08004acc     0x24  Data  Lc  Arial.o [1]
image_data_Arial_0x2c   0x08005370     0x14  Data  Lc  Arial.o [1]
image_data_Arial_0x2d   0x08005384     0x14  Data  Lc  Arial.o [1]
image_data_Arial_0x2e   0x08005398     0x14  Data  Lc  Arial.o [1]
image_data_Arial_0x2f   0x080053ac     0x14  Data  Lc  Arial.o [1]
image_data_Arial_0x30   0x08004af0     0x24  Data  Lc  Arial.o [1]
image_data_Arial_0x31   0x08004b14     0x24  Data  Lc  Arial.o [1]
image_data_Arial_0x32   0x08004b38     0x24  Data  Lc  Arial.o [1]
image_data_Arial_0x33   0x08004b5c     0x24  Data  Lc  Arial.o [1]
image_data_Arial_0x34   0x08004b80     0x24  Data  Lc  Arial.o [1]
image_data_Arial_0x35   0x08004ba4     0x24  Data  Lc  Arial.o [1]
image_data_Arial_0x36   0x08004bc8     0x24  Data  Lc  Arial.o [1]
image_data_Arial_0x37   0x08004bec     0x24  Data  Lc  Arial.o [1]
image_data_Arial_0x38   0x08004c10     0x24  Data  Lc  Arial.o [1]
image_data_Arial_0x39   0x08004c34     0x24  Data  Lc  Arial.o [1]
image_data_Arial_0x3a   0x080053c0     0x14  Data  Lc  Arial.o [1]
image_data_Arial_0x3b   0x080053d4     0x14  Data  Lc  Arial.o [1]
image_data_Arial_0x3c   0x08004c58     0x24  Data  Lc  Arial.o [1]
image_data_Arial_0x3d   0x08004c7c     0x24  Data  Lc  Arial.o [1]
image_data_Arial_0x3e   0x08004ca0     0x24  Data  Lc  Arial.o [1]
image_data_Arial_0x3f   0x08004cc4     0x24  Data  Lc  Arial.o [1]
image_data_Arial_0x40   0x08004ce8     0x24  Data  Lc  Arial.o [1]
image_data_Arial_0x41   0x08004d0c     0x24  Data  Lc  Arial.o [1]
image_data_Arial_0x42   0x08004d30     0x24  Data  Lc  Arial.o [1]
image_data_Arial_0x43   0x08004d54     0x24  Data  Lc  Arial.o [1]
image_data_Arial_0x44   0x08004d78     0x24  Data  Lc  Arial.o [1]
image_data_Arial_0x45   0x08004d9c     0x24  Data  Lc  Arial.o [1]
image_data_Arial_0x46   0x08004dc0     0x24  Data  Lc  Arial.o [1]
image_data_Arial_0x47   0x08004de4     0x24  Data  Lc  Arial.o [1]
image_data_Arial_0x48   0x08004e08     0x24  Data  Lc  Arial.o [1]
image_data_Arial_0x49   0x080053e8     0x14  Data  Lc  Arial.o [1]
image_data_Arial_0x4a   0x080053fc     0x14  Data  Lc  Arial.o [1]
image_data_Arial_0x4b   0x08004e2c     0x24  Data  Lc  Arial.o [1]
image_data_Arial_0x4c   0x08004e50     0x24  Data  Lc  Arial.o [1]
image_data_Arial_0x4d   0x08004e74     0x24  Data  Lc  Arial.o [1]
image_data_Arial_0x4e   0x08004e98     0x24  Data  Lc  Arial.o [1]
image_data_Arial_0x4f   0x08004ebc     0x24  Data  Lc  Arial.o [1]
image_data_Arial_0x50   0x08004ee0     0x24  Data  Lc  Arial.o [1]
image_data_Arial_0x51   0x08004f04     0x24  Data  Lc  Arial.o [1]
image_data_Arial_0x52   0x08004f28     0x24  Data  Lc  Arial.o [1]
image_data_Arial_0x53   0x08004f4c     0x24  Data  Lc  Arial.o [1]
image_data_Arial_0x54   0x08004f70     0x24  Data  Lc  Arial.o [1]
image_data_Arial_0x55   0x08004f94     0x24  Data  Lc  Arial.o [1]
image_data_Arial_0x56   0x08004fb8     0x24  Data  Lc  Arial.o [1]
image_data_Arial_0x57   0x08004fdc     0x24  Data  Lc  Arial.o [1]
image_data_Arial_0x58   0x08005000     0x24  Data  Lc  Arial.o [1]
image_data_Arial_0x59   0x08005024     0x24  Data  Lc  Arial.o [1]
image_data_Arial_0x5a   0x08005048     0x24  Data  Lc  Arial.o [1]
image_data_Arial_0x5b   0x08005410     0x14  Data  Lc  Arial.o [1]
image_data_Arial_0x5c   0x08005424     0x14  Data  Lc  Arial.o [1]
image_data_Arial_0x5d   0x08005438     0x14  Data  Lc  Arial.o [1]
image_data_Arial_0x5e   0x0800544c     0x14  Data  Lc  Arial.o [1]
image_data_Arial_0x5f   0x0800506c     0x24  Data  Lc  Arial.o [1]
image_data_Arial_0x60   0x08005460     0x14  Data  Lc  Arial.o [1]
image_data_Arial_0x61   0x08005090     0x24  Data  Lc  Arial.o [1]
image_data_Arial_0x62   0x080050b4     0x24  Data  Lc  Arial.o [1]
image_data_Arial_0x63   0x08005474     0x14  Data  Lc  Arial.o [1]
image_data_Arial_0x64   0x080050d8     0x24  Data  Lc  Arial.o [1]
image_data_Arial_0x65   0x080050fc     0x24  Data  Lc  Arial.o [1]
image_data_Arial_0x66   0x08005488     0x14  Data  Lc  Arial.o [1]
image_data_Arial_0x67   0x08005120     0x24  Data  Lc  Arial.o [1]
image_data_Arial_0x68   0x0800549c     0x14  Data  Lc  Arial.o [1]
image_data_Arial_0x69   0x080054b0     0x14  Data  Lc  Arial.o [1]
image_data_Arial_0x6a   0x080054c4     0x14  Data  Lc  Arial.o [1]
image_data_Arial_0x6b   0x080054d8     0x14  Data  Lc  Arial.o [1]
image_data_Arial_0x6c   0x080054ec     0x14  Data  Lc  Arial.o [1]
image_data_Arial_0x6d   0x08005144     0x24  Data  Lc  Arial.o [1]
image_data_Arial_0x6e   0x08005500     0x14  Data  Lc  Arial.o [1]
image_data_Arial_0x6f   0x08005168     0x24  Data  Lc  Arial.o [1]
image_data_Arial_0x70   0x0800518c     0x24  Data  Lc  Arial.o [1]
image_data_Arial_0x71   0x080051b0     0x24  Data  Lc  Arial.o [1]
image_data_Arial_0x72   0x08005514     0x14  Data  Lc  Arial.o [1]
image_data_Arial_0x73   0x08005528     0x14  Data  Lc  Arial.o [1]
image_data_Arial_0x74   0x0800553c     0x14  Data  Lc  Arial.o [1]
image_data_Arial_0x75   0x08005550     0x14  Data  Lc  Arial.o [1]
image_data_Arial_0x76   0x08005564     0x14  Data  Lc  Arial.o [1]
image_data_Arial_0x77   0x080051d4     0x24  Data  Lc  Arial.o [1]
image_data_Arial_0x78   0x08005578     0x14  Data  Lc  Arial.o [1]
image_data_Arial_0x79   0x0800558c     0x14  Data  Lc  Arial.o [1]
image_data_Arial_0x7a   0x080055a0     0x14  Data  Lc  Arial.o [1]
image_data_Arial_0x7b   0x080055b4     0x14  Data  Lc  Arial.o [1]
image_data_Arial_0x7c   0x080055c8     0x14  Data  Lc  Arial.o [1]
image_data_Arial_0x7d   0x080055dc     0x14  Data  Lc  Arial.o [1]
image_data_Arial_0x7e   0x080051f8     0x24  Data  Lc  Arial.o [1]
image_data_DS_Digital_0x25
                        0x08002c18     0xd4  Data  Lc  DS_Digital.o [1]
image_data_DS_Digital_0x26
                        0x08002dac     0xa0  Data  Lc  DS_Digital.o [1]
image_data_DS_Digital_0x27
                        0x0800592c      0x8  Data  Lc  DS_Digital.o [1]
image_data_DS_Digital_0x28
                        0x08002e4c     0xa0  Data  Lc  DS_Digital.o [1]
image_data_DS_Digital_0x29
                        0x08002eec     0xa0  Data  Lc  DS_Digital.o [1]
image_data_DS_Digital_0x2a
                        0x08002f8c     0xa0  Data  Lc  DS_Digital.o [1]
image_data_DS_Digital_0x2b
                        0x0800302c     0xa0  Data  Lc  DS_Digital.o [1]
image_data_DS_Digital_0x2c
                        0x080030cc     0xa0  Data  Lc  DS_Digital.o [1]
image_data_DS_Digital_0x2d
                        0x0800316c     0xa0  Data  Lc  DS_Digital.o [1]
image_data_DS_Digital_0x2e
                        0x0800320c     0xa0  Data  Lc  DS_Digital.o [1]
image_data_DS_Digital_0x2f
                        0x080032ac     0xa0  Data  Lc  DS_Digital.o [1]
image_data_DS_Digital_0x30
                        0x0800334c     0xa0  Data  Lc  DS_Digital.o [1]
image_data_DS_Digital_0x31
                        0x080033ec     0xa0  Data  Lc  DS_Digital.o [1]
image_data_DS_Digital_0x32
                        0x0800348c     0xa0  Data  Lc  DS_Digital.o [1]
image_data_DS_Digital_0x33
                        0x0800352c     0xa0  Data  Lc  DS_Digital.o [1]
image_data_DS_Digital_0x34
                        0x080035cc     0xa0  Data  Lc  DS_Digital.o [1]
image_data_DS_Digital_0x35
                        0x0800366c     0xa0  Data  Lc  DS_Digital.o [1]
image_data_DS_Digital_0x36
                        0x0800370c     0xa0  Data  Lc  DS_Digital.o [1]
image_data_DS_Digital_0x37
                        0x080037ac     0xa0  Data  Lc  DS_Digital.o [1]
image_data_DS_Digital_0x38
                        0x0800384c     0xa0  Data  Lc  DS_Digital.o [1]
image_data_DS_Digital_0x39
                        0x080038ec     0xa0  Data  Lc  DS_Digital.o [1]
image_data_DS_Digital_0x3a
                        0x0800398c     0xa0  Data  Lc  DS_Digital.o [1]
image_data_DS_Digital_0x3b
                        0x08003a2c     0xa0  Data  Lc  DS_Digital.o [1]
image_data_DS_Digital_0x3c
                        0x08003acc     0xa0  Data  Lc  DS_Digital.o [1]
image_data_DS_Digital_0x3d
                        0x08003b6c     0xa0  Data  Lc  DS_Digital.o [1]
image_data_DS_Digital_0x3e
                        0x08003c0c     0xa0  Data  Lc  DS_Digital.o [1]
image_data_DS_Digital_0x3f
                        0x08003cac     0xa0  Data  Lc  DS_Digital.o [1]
image_data_DS_Digital_0x40
                        0x08003d4c     0xa0  Data  Lc  DS_Digital.o [1]
image_data_DS_Digital_0x41
                        0x08003dec     0xa0  Data  Lc  DS_Digital.o [1]
image_data_DS_Digital_0x42
                        0x08003e8c     0xa0  Data  Lc  DS_Digital.o [1]
image_data_DS_Digital_0x43
                        0x08003f2c     0xa0  Data  Lc  DS_Digital.o [1]
image_data_DS_Digital_Small_0x20
                        0x080045a4     0x48  Data  Lc  DS_Digital_Small.o [1]
image_data_DS_Digital_Small_0x21
                        0x080045ec     0x48  Data  Lc  DS_Digital_Small.o [1]
image_data_DS_Digital_Small_0x22
                        0x08004634     0x48  Data  Lc  DS_Digital_Small.o [1]
image_data_DS_Digital_Small_0x23
                        0x0800467c     0x48  Data  Lc  DS_Digital_Small.o [1]
image_data_DS_Digital_Small_0x24
                        0x080046c4     0x48  Data  Lc  DS_Digital_Small.o [1]
image_data_DS_Digital_Small_0x25
                        0x0800470c     0x48  Data  Lc  DS_Digital_Small.o [1]
image_data_DS_Digital_Small_0x26
                        0x08004754     0x48  Data  Lc  DS_Digital_Small.o [1]
image_data_DS_Digital_Small_0x27
                        0x08005a5c      0x8  Data  Lc  DS_Digital_Small.o [1]
image_data_DS_Digital_Small_0x28
                        0x08005a6c      0x8  Data  Lc  DS_Digital_Small.o [1]
image_data_DS_Digital_Small_0x29
                        0x08005a7c      0x8  Data  Lc  DS_Digital_Small.o [1]
image_data_DS_Digital_Small_0x2a
                        0x08005a8c      0x8  Data  Lc  DS_Digital_Small.o [1]
image_data_DS_Digital_Small_0x2b
                        0x08005a9c      0x8  Data  Lc  DS_Digital_Small.o [1]
image_data_DS_Digital_Small_0x2c
                        0x08005aac      0x8  Data  Lc  DS_Digital_Small.o [1]
image_data_DS_Digital_Small_0x2d
                        0x080041c8     0x4c  Data  Lc  DS_Digital_Small.o [1]
image_data_DS_Digital_Small_0x2e
                        0x080052b4     0x18  Data  Lc  DS_Digital_Small.o [1]
image_data_DS_Digital_Small_0x2f
                        0x080052cc     0x18  Data  Lc  DS_Digital_Small.o [1]
image_data_DS_Digital_Small_0x30
                        0x08004214     0x4c  Data  Lc  DS_Digital_Small.o [1]
image_data_DS_Digital_Small_0x31
                        0x08004260     0x4c  Data  Lc  DS_Digital_Small.o [1]
image_data_DS_Digital_Small_0x32
                        0x080042ac     0x4c  Data  Lc  DS_Digital_Small.o [1]
image_data_DS_Digital_Small_0x33
                        0x080042f8     0x4c  Data  Lc  DS_Digital_Small.o [1]
image_data_DS_Digital_Small_0x34
                        0x08004344     0x4c  Data  Lc  DS_Digital_Small.o [1]
image_data_DS_Digital_Small_0x35
                        0x08004390     0x4c  Data  Lc  DS_Digital_Small.o [1]
image_data_DS_Digital_Small_0x36
                        0x080043dc     0x4c  Data  Lc  DS_Digital_Small.o [1]
image_data_DS_Digital_Small_0x37
                        0x08004428     0x4c  Data  Lc  DS_Digital_Small.o [1]
image_data_DS_Digital_Small_0x38
                        0x08004474     0x4c  Data  Lc  DS_Digital_Small.o [1]
image_data_DS_Digital_Small_0x39
                        0x080044c0     0x4c  Data  Lc  DS_Digital_Small.o [1]
image_data_DS_Digital_Small_0x3a
                        0x0800450c     0x4c  Data  Lc  DS_Digital_Small.o [1]
image_data_DS_Digital_Small_0x3b
                        0x08004558     0x4c  Data  Lc  DS_Digital_Small.o [1]
image_data_DS_Digital_Small_0x3c
                        0x08004820     0x34  Data  Lc  DS_Digital_Small.o [1]
image_data_DS_Digital_Small_0x3d
                        0x08004854     0x34  Data  Lc  DS_Digital_Small.o [1]
image_data_DS_Digital_Small_0x3e
                        0x08004888     0x34  Data  Lc  DS_Digital_Small.o [1]
image_data_DS_Digital_Small_0x3f
                        0x080048bc     0x34  Data  Lc  DS_Digital_Small.o [1]
image_data_DS_Digital_Small_0x40
                        0x080048f0     0x34  Data  Lc  DS_Digital_Small.o [1]
image_data_DS_Digital_Small_0x41
                        0x08004924     0x34  Data  Lc  DS_Digital_Small.o [1]
image_data_DS_Digital_Small_0x42
                        0x08004958     0x34  Data  Lc  DS_Digital_Small.o [1]
image_data_DS_Digital_Small_0x43
                        0x0800498c     0x34  Data  Lc  DS_Digital_Small.o [1]
keyboard                0x20012c84     0x18  Data  Gb  keyboard.o [1]
keyboardClearAllPress   0x08004007     0x16  Code  Gb  keyboard.o [1]
keyboardInit            0x08003fcd     0x3a  Code  Gb  keyboard.o [1]
keyboardScan            0x0800401d     0x34  Code  Gb  keyboard.o [1]
lcd_Char                0x0800203d    0x114  Code  Gb  lcd.o [1]
lcd_DrawBackground      0x08002275      0x2  Code  Gb  lcd.o [1]
lcd_FastHLine           0x080021e1     0x2e  Code  Gb  lcd.o [1]
lcd_FastVLine           0x080021b3     0x2e  Code  Gb  lcd.o [1]
lcd_FillRect            0x0800217d     0x36  Code  Gb  lcd.o [1]
lcd_Rect                0x0800220f     0x66  Code  Gb  lcd.o [1]
lcd_String              0x08002151     0x2c  Code  Gb  lcd.o [1]
main                    0x08005283     0x14  Code  Gb  main.o [1]
mainTsk                 0x080040f5     0x80  Code  Gb  mainTSK.o [1]
orientation             0x20012da8      0x1  Data  Gb  ili9341.o [1]
pcInterruptPriorityRegisters
                        0x08005bc0      0x4  Data  Lc  port.o [1]
prvAddCurrentTaskToDelayedList
                        0x08000a69     0x7c  Code  Lc  tasks.o [1]
prvAddNewTaskToReadyList
                        0x080002e7     0xc2  Code  Lc  tasks.o [1]
prvCheckForValidListAndQueue
                        0x080014dd     0x4c  Code  Lc  timers.o [1]
prvCheckTasksWaitingTermination
                        0x080008e3     0x48  Code  Lc  tasks.o [1]
prvCopyDataFromQueue    0x08001b57     0x2a  Code  Lc  queue.o [1]
prvCopyDataToQueue      0x08001ad1     0x86  Code  Lc  queue.o [1]
prvDeleteTCB            0x0800092b     0x12  Code  Lc  tasks.o [1]
prvGetNextExpireTime    0x080012bb     0x26  Code  Lc  timers.o [1]
prvHeapInit             0x08000ca5     0x66  Code  Lc  heap_4.o [1]
prvIdleTask             0x0800085d     0x24  Code  Lc  tasks.o [1]
prvInitialiseNewQueue   0x080016e1     0x22  Code  Lc  queue.o [1]
prvInitialiseNewTask    0x0800021d     0xca  Code  Lc  tasks.o [1]
prvInitialiseTaskLists  0x08000889     0x5a  Code  Lc  tasks.o [1]
prvInsertBlockIntoFreeList
                        0x08000d0b     0x5c  Code  Lc  heap_4.o [1]
prvInsertTimerInActiveList
                        0x08001309     0x3e  Code  Lc  timers.o [1]
prvIsQueueEmpty         0x08001bef     0x1c  Code  Lc  queue.o [1]
prvIsQueueFull          0x08001c0b     0x1e  Code  Lc  queue.o [1]
prvProcessExpiredTimer  0x080011c5     0x6c  Code  Lc  timers.o [1]
prvProcessReceivedCommands
                        0x08001347    0x116  Code  Lc  timers.o [1]
prvProcessTimerOrBlockTask
                        0x08001249     0x72  Code  Lc  timers.o [1]
prvResetNextTaskUnblockTime
                        0x0800093d     0x28  Code  Lc  tasks.o [1]
prvSampleTimeNow        0x080012e1     0x28  Code  Lc  timers.o [1]
prvSampleTimeNow::xLastTime
                        0x20012da4      0x4  Data  Lc  timers.o [1]
prvSwitchTimerLists     0x0800145d     0x80  Code  Lc  timers.o [1]
prvTaskExitError        0x08000ead     0x2a  Code  Lc  port.o [1]
prvTimerTask            0x08001235     0x14  Code  Lc  timers.o [1]
prvUnlockQueue          0x08001b81     0x6e  Code  Lc  queue.o [1]
pvPortMalloc            0x08000b21    0x10e  Code  Gb  heap_4.o [1]
pxCurrentTCB            0x20012d58      0x4  Data  Gb  tasks.o [1]
pxCurrentTimerList      0x20012d94      0x4  Data  Lc  timers.o [1]
pxDelayedTaskList       0x20012d5c      0x4  Data  Lc  tasks.o [1]
pxEnd                   0x20012d44      0x4  Data  Lc  heap_4.o [1]
pxOverflowDelayedTaskList
                        0x20012d60      0x4  Data  Lc  tasks.o [1]
pxOverflowTimerList     0x20012d98      0x4  Data  Lc  timers.o [1]
pxPortInitialiseStack   0x08000e85     0x28  Code  Gb  port.o [1]
pxReadyTasksLists       0x20012c48     0x3c  Data  Lc  tasks.o [1]
spi3Init                0x0800256d     0xac  Code  Gb  spi3.o [1]
spi3Tranceive           0x08002619      0x8  Code  Gb  spi3.o [1]
ucHeap                  0x20000008  0x12c00  Data  Lc  heap_4.o [1]
ucMaxSysCallPriority    0x20012da9      0x1  Data  Lc  port.o [1]
ui                      0x0800479c     0x44  Data  Lc  UI.o [1]
ulMaxPRIGROUPValue      0x20012d54      0x4  Data  Lc  port.o [1]
uxCriticalNesting       0x20000000      0x4  Data  Lc  port.o [1]
uxCurrentNumberOfTasks  0x20012d68      0x4  Data  Lc  tasks.o [1]
uxDeletedTasksWaitingCleanUp
                        0x20012d64      0x4  Data  Lc  tasks.o [1]
uxListRemove            0x08000e5d     0x26  Code  Gb  list.o [1]
uxPendedTicks           0x20012d78      0x4  Data  Lc  tasks.o [1]
uxSchedulerSuspended    0x20012d90      0x4  Data  Lc  tasks.o [1]
uxTaskNumber            0x20012d84      0x4  Data  Lc  tasks.o [1]
uxTopReadyPriority      0x20012d70      0x4  Data  Lc  tasks.o [1]
vListInitialise         0x08000deb     0x1e  Code  Gb  list.o [1]
vListInitialiseItem     0x08000e09      0x6  Code  Gb  list.o [1]
vListInsert             0x08000e27     0x36  Code  Gb  list.o [1]
vListInsertEnd          0x08000e0f     0x18  Code  Gb  list.o [1]
vPortEnableVFP          0x080015e5           Code  Gb  portasm.o [1]
vPortEnterCritical      0x08000fbf     0x3a  Code  Gb  port.o [1]
vPortExitCritical       0x08000ff9     0x32  Code  Gb  port.o [1]
vPortFree               0x08000c2f     0x76  Code  Gb  heap_4.o [1]
vPortStartFirstTask     0x080015c5           Code  Gb  portasm.o [1]
vPortValidateInterruptPriority
                        0x08001055     0x4a  Code  Gb  port.o [1]
vQueueAddToRegistry     0x08001c29     0x24  Code  Gb  queue.o [1]
vQueueWaitForMessageRestricted
                        0x08001c51     0x4a  Code  Gb  queue.o [1]
vTaskInternalSetTimeOutState
                        0x080007b5     0x12  Code  Gb  tasks.o [1]
vTaskMissedYield        0x08000853      0xa  Code  Gb  tasks.o [1]
vTaskPlaceOnEventList   0x080006ad     0x2e  Code  Gb  tasks.o [1]
vTaskPlaceOnEventListRestricted
                        0x080006f5     0x38  Code  Gb  tasks.o [1]
vTaskStartScheduler     0x080003a9     0x6e  Code  Gb  tasks.o [1]
vTaskSuspendAll         0x08000417     0x10  Code  Gb  tasks.o [1]
vTaskSwitchContext      0x0800063f     0x6e  Code  Gb  tasks.o [1]
xActiveTimerList1       0x20012d14     0x14  Data  Lc  timers.o [1]
xActiveTimerList2       0x20012d28     0x14  Data  Lc  timers.o [1]
xBlockAllocatedBit      0x20012d50      0x4  Data  Lc  heap_4.o [1]
xDelayedTaskList1       0x20012cb0     0x14  Data  Lc  tasks.o [1]
xDelayedTaskList2       0x20012cc4     0x14  Data  Lc  tasks.o [1]
xFreeBytesRemaining     0x20012d48      0x4  Data  Lc  heap_4.o [1]
xHeapStructSize         0x08005bbc      0x4  Data  Lc  heap_4.o [1]
xIdleTaskHandle         0x20012d8c      0x4  Data  Lc  tasks.o [1]
xMinimumEverFreeBytesRemaining
                        0x20012d4c      0x4  Data  Lc  heap_4.o [1]
xNextTaskUnblockTime    0x20012d88      0x4  Data  Lc  tasks.o [1]
xNumOfOverflows         0x20012d80      0x4  Data  Lc  tasks.o [1]
xPendingReadyList       0x20012cd8     0x14  Data  Lc  tasks.o [1]
xPortStartScheduler     0x08000ed7     0xe8  Code  Gb  port.o [1]
xQueueGenericCreate     0x08001697     0x4a  Code  Gb  queue.o [1]
xQueueGenericReset      0x08001601     0x96  Code  Gb  queue.o [1]
xQueueGenericSend       0x08001703    0x196  Code  Gb  queue.o [1]
xQueueGenericSendFromISR
                        0x08001899     0xd8  Code  Gb  queue.o [1]
xQueueReceive           0x08001971    0x15a  Code  Gb  queue.o [1]
xQueueRegistry          0x20012c08     0x40  Data  Gb  queue.o [1]
xSchedulerRunning       0x20012d74      0x4  Data  Lc  tasks.o [1]
xStart                  0x20012d3c      0x8  Data  Lc  heap_4.o [1]
xSuspendedTaskList      0x20012d00     0x14  Data  Lc  tasks.o [1]
xTaskCheckForTimeOut    0x080007d1     0x82  Code  Gb  tasks.o [1]
xTaskCreate             0x080001ad     0x70  Code  Gb  tasks.o [1]
xTaskGetSchedulerState  0x08000965     0x20  Code  Gb  tasks.o [1]
xTaskGetTickCount       0x08000521      0x8  Code  Gb  tasks.o [1]
xTaskIncrementTick      0x08000529    0x116  Code  Gb  tasks.o [1]
xTaskPriorityDisinherit
                        0x08000985     0xb6  Code  Gb  tasks.o [1]
xTaskRemoveFromEventList
                        0x0800072d     0x84  Code  Gb  tasks.o [1]
xTaskResumeAll          0x08000427     0xfa  Code  Gb  tasks.o [1]
xTasksWaitingTermination
                        0x20012cec     0x14  Data  Lc  tasks.o [1]
xTickCount              0x20012d6c      0x4  Data  Lc  tasks.o [1]
xTimerCreateTimerTask   0x08001109     0x48  Code  Gb  timers.o [1]
xTimerGenericCommand    0x08001151     0x74  Code  Gb  timers.o [1]
xTimerQueue             0x20012d9c      0x4  Data  Lc  timers.o [1]
xTimerTaskHandle        0x20012da0      0x4  Data  Lc  timers.o [1]
xYieldPending           0x20012d7c      0x4  Data  Lc  tasks.o [1]


[1] = C:\Users\User\Documents\Repositories\eSolder\Fwm\fwm_eSolder\projects\iar\STM32F427_Debug\Obj
[2] = command line
[3] = dl7M_tln.a
[4] = m7M_tls.a
[5] = rt7M_tl.a
[6] = shb_l.a

  11 310 bytes of readonly  code memory
  12 566 bytes of readonly  data memory
  85 418 bytes of readwrite data memory

Errors: none
Warnings: none
