###############################################################################
#
# IAR ELF Linker V8.11.2.13589/W32 for ARM                10/Nov/2019  22:47:57
# Copyright 2007-2017 IAR Systems AB.
#
#    Output file  =  
#        C:\Users\Ernst\Documents\Repositories\eSolder\Fwm\fwm_eSolder\projects\iar\STM32F427_Debug\Exe\eSolder.out
#    Map file     =  
#        C:\Users\Ernst\Documents\Repositories\eSolder\Fwm\fwm_eSolder\projects\iar\STM32F427_Debug\List\eSolder.map
#    Command line =  
#        -f C:\Users\Ernst\AppData\Local\Temp\EWE3AE.tmp
#        (C:\Users\Ernst\Documents\Repositories\eSolder\Fwm\fwm_eSolder\projects\iar\STM32F427_Debug\Obj\Arial.o
#        C:\Users\Ernst\Documents\Repositories\eSolder\Fwm\fwm_eSolder\projects\iar\STM32F427_Debug\Obj\button.o
#        C:\Users\Ernst\Documents\Repositories\eSolder\Fwm\fwm_eSolder\projects\iar\STM32F427_Debug\Obj\Courier_New.o
#        C:\Users\Ernst\Documents\Repositories\eSolder\Fwm\fwm_eSolder\projects\iar\STM32F427_Debug\Obj\croutine.o
#        C:\Users\Ernst\Documents\Repositories\eSolder\Fwm\fwm_eSolder\projects\iar\STM32F427_Debug\Obj\DS_Digital.o
#        C:\Users\Ernst\Documents\Repositories\eSolder\Fwm\fwm_eSolder\projects\iar\STM32F427_Debug\Obj\DS_Digital_Small.o
#        C:\Users\Ernst\Documents\Repositories\eSolder\Fwm\fwm_eSolder\projects\iar\STM32F427_Debug\Obj\encoderPannel.o
#        C:\Users\Ernst\Documents\Repositories\eSolder\Fwm\fwm_eSolder\projects\iar\STM32F427_Debug\Obj\encoders.o
#        C:\Users\Ernst\Documents\Repositories\eSolder\Fwm\fwm_eSolder\projects\iar\STM32F427_Debug\Obj\event_groups.o
#        C:\Users\Ernst\Documents\Repositories\eSolder\Fwm\fwm_eSolder\projects\iar\STM32F427_Debug\Obj\gpio.o
#        C:\Users\Ernst\Documents\Repositories\eSolder\Fwm\fwm_eSolder\projects\iar\STM32F427_Debug\Obj\hard.o
#        C:\Users\Ernst\Documents\Repositories\eSolder\Fwm\fwm_eSolder\projects\iar\STM32F427_Debug\Obj\heap_4.o
#        C:\Users\Ernst\Documents\Repositories\eSolder\Fwm\fwm_eSolder\projects\iar\STM32F427_Debug\Obj\ili9341.o
#        C:\Users\Ernst\Documents\Repositories\eSolder\Fwm\fwm_eSolder\projects\iar\STM32F427_Debug\Obj\ili9341_fsmc.o
#        C:\Users\Ernst\Documents\Repositories\eSolder\Fwm\fwm_eSolder\projects\iar\STM32F427_Debug\Obj\ili9341_spi_discovery.o
#        C:\Users\Ernst\Documents\Repositories\eSolder\Fwm\fwm_eSolder\projects\iar\STM32F427_Debug\Obj\keyboard.o
#        C:\Users\Ernst\Documents\Repositories\eSolder\Fwm\fwm_eSolder\projects\iar\STM32F427_Debug\Obj\lcd.o
#        C:\Users\Ernst\Documents\Repositories\eSolder\Fwm\fwm_eSolder\projects\iar\STM32F427_Debug\Obj\list.o
#        C:\Users\Ernst\Documents\Repositories\eSolder\Fwm\fwm_eSolder\projects\iar\STM32F427_Debug\Obj\main.o
#        C:\Users\Ernst\Documents\Repositories\eSolder\Fwm\fwm_eSolder\projects\iar\STM32F427_Debug\Obj\mainTSK.o
#        C:\Users\Ernst\Documents\Repositories\eSolder\Fwm\fwm_eSolder\projects\iar\STM32F427_Debug\Obj\mcu.o
#        C:\Users\Ernst\Documents\Repositories\eSolder\Fwm\fwm_eSolder\projects\iar\STM32F427_Debug\Obj\OS.o
#        C:\Users\Ernst\Documents\Repositories\eSolder\Fwm\fwm_eSolder\projects\iar\STM32F427_Debug\Obj\port.o
#        C:\Users\Ernst\Documents\Repositories\eSolder\Fwm\fwm_eSolder\projects\iar\STM32F427_Debug\Obj\portasm.o
#        C:\Users\Ernst\Documents\Repositories\eSolder\Fwm\fwm_eSolder\projects\iar\STM32F427_Debug\Obj\queue.o
#        C:\Users\Ernst\Documents\Repositories\eSolder\Fwm\fwm_eSolder\projects\iar\STM32F427_Debug\Obj\specific_symbol.o
#        C:\Users\Ernst\Documents\Repositories\eSolder\Fwm\fwm_eSolder\projects\iar\STM32F427_Debug\Obj\spiF4.o
#        C:\Users\Ernst\Documents\Repositories\eSolder\Fwm\fwm_eSolder\projects\iar\STM32F427_Debug\Obj\startup_stm32f427xx.o
#        C:\Users\Ernst\Documents\Repositories\eSolder\Fwm\fwm_eSolder\projects\iar\STM32F427_Debug\Obj\stream_buffer.o
#        C:\Users\Ernst\Documents\Repositories\eSolder\Fwm\fwm_eSolder\projects\iar\STM32F427_Debug\Obj\system_stm32f4xx.o
#        C:\Users\Ernst\Documents\Repositories\eSolder\Fwm\fwm_eSolder\projects\iar\STM32F427_Debug\Obj\tasks.o
#        C:\Users\Ernst\Documents\Repositories\eSolder\Fwm\fwm_eSolder\projects\iar\STM32F427_Debug\Obj\timers.o
#        C:\Users\Ernst\Documents\Repositories\eSolder\Fwm\fwm_eSolder\projects\iar\STM32F427_Debug\Obj\UI.o
#        -o
#        C:\Users\Ernst\Documents\Repositories\eSolder\Fwm\fwm_eSolder\projects\iar\STM32F427_Debug\Exe\eSolder.out
#        --map
#        C:\Users\Ernst\Documents\Repositories\eSolder\Fwm\fwm_eSolder\projects\iar\STM32F427_Debug\List\eSolder.map
#        --config "C:\Program Files (x86)\IAR Systems\Embedded Workbench
#        8.0\arm\config\linker\ST\stm32f427xG.icf" --semihosting
#        C:\Users\Ernst\Documents\Repositories\eSolder\Fwm\fwm_eSolder\projects\iar\..\..\modules\IQ\IQmathLib-cm4.a
#        --entry __iar_program_start --vfe --text_out locale)
#
###############################################################################

*******************************************************************************
*** RUNTIME MODEL ATTRIBUTES
***

CppFlavor       = *
__SystemLibrary = DLib
__dlib_version  = 6


*******************************************************************************
*** HEAP SELECTION
***

The basic heap was selected because no calls to memory allocation
functions were found in the application outside of system library
functions, and there are calls to deallocation functions in the
application.


*******************************************************************************
*** PLACEMENT SUMMARY
***

"A0":  place at 0x08000000 { ro section .intvec };
"P1":  place in [from 0x08000000 to 0x080fffff] { ro };
define block CSTACK with size = 8K, alignment = 8 { };
"P3":  place in [from 0x10000000 to 0x1000ffff] {
          block CSTACK, section .ccram };
define block HEAP with size = 8K, alignment = 8 { };
"P4":  place in [from 0x20000000 to 0x2001bfff] |
                [from 0x2001c000 to 0x2001ffff] |
                [from 0x20020000 to 0x2002ffff] { rw, block HEAP };
initialize by copy { rw };

  Section            Kind        Address     Size  Object
  -------            ----        -------     ----  ------
"A0":                                       0x1ac
  .intvec            ro code  0x08000000    0x1ac  startup_stm32f427xx.o [1]
                            - 0x080001ac    0x1ac

"P1":                                      0x65dc
  .text              ro code  0x080001ac    0xc28  tasks.o [1]
  .text              ro code  0x08000dd4    0x25c  heap_4.o [1]
  .text              ro code  0x08001030     0x66  ABImemset.o [5]
  .text              ro code  0x08001096     0x98  list.o [1]
  .text              ro code  0x08001130    0x284  port.o [1]
  .text              ro code  0x080013b4    0x448  timers.o [1]
  CODE               ro code  0x080017fc     0xb0  portasm.o [1]
  .text              ro code  0x080018ac    0x8fa  queue.o [1]
  .text              ro code  0x080021a8     0xa6  ABImemcpy.o [5]
  .text              ro code  0x08002250    0x508  spiF4.o [1]
  .text              ro code  0x08002758     0x24  ABIassert.o [6]
  .text              ro code  0x0800277c      0x6  abort.o [3]
  .text              ro code  0x08002784     0x14  exit.o [6]
  .rodata            const    0x08002798    0x2f8  Arial.o [1]
  .text              ro code  0x08002a90    0x236  lcd.o [1]
  .text              ro code  0x08002cc8    0x140  ili9341.o [1]
  .text              ro code  0x08002e08     0xd4  ili9341_spi_discovery.o [1]
  .text              ro code  0x08002edc    0x130  gpio.o [1]
  .text              ro code  0x0800300c    0x178  encoders.o [1]
  .rodata            const    0x08003184    0x120  DS_Digital_Small.o [1]
  .text              ro code  0x080032a4    0x118  system_stm32f4xx.o [1]
  .text              ro code  0x080033bc     0xfc  UI.o [1]
  .rodata            const    0x080034b8     0xf8  DS_Digital.o [1]
  .text              ro code  0x080035b0     0xe4  mcu.o [1]
  .rodata            const    0x08003694     0xd4  DS_Digital.o [1]
  .rodata            const    0x08003768     0xa0  DS_Digital.o [1]
  .rodata            const    0x08003808     0xa0  DS_Digital.o [1]
  .rodata            const    0x080038a8     0xa0  DS_Digital.o [1]
  .rodata            const    0x08003948     0xa0  DS_Digital.o [1]
  .rodata            const    0x080039e8     0xa0  DS_Digital.o [1]
  .rodata            const    0x08003a88     0xa0  DS_Digital.o [1]
  .rodata            const    0x08003b28     0xa0  DS_Digital.o [1]
  .rodata            const    0x08003bc8     0xa0  DS_Digital.o [1]
  .rodata            const    0x08003c68     0xa0  DS_Digital.o [1]
  .rodata            const    0x08003d08     0xa0  DS_Digital.o [1]
  .rodata            const    0x08003da8     0xa0  DS_Digital.o [1]
  .rodata            const    0x08003e48     0xa0  DS_Digital.o [1]
  .rodata            const    0x08003ee8     0xa0  DS_Digital.o [1]
  .rodata            const    0x08003f88     0xa0  DS_Digital.o [1]
  .rodata            const    0x08004028     0xa0  DS_Digital.o [1]
  .rodata            const    0x080040c8     0xa0  DS_Digital.o [1]
  .rodata            const    0x08004168     0xa0  DS_Digital.o [1]
  .rodata            const    0x08004208     0xa0  DS_Digital.o [1]
  .rodata            const    0x080042a8     0xa0  DS_Digital.o [1]
  .rodata            const    0x08004348     0xa0  DS_Digital.o [1]
  .rodata            const    0x080043e8     0xa0  DS_Digital.o [1]
  .rodata            const    0x08004488     0xa0  DS_Digital.o [1]
  .rodata            const    0x08004528     0xa0  DS_Digital.o [1]
  .rodata            const    0x080045c8     0xa0  DS_Digital.o [1]
  .rodata            const    0x08004668     0xa0  DS_Digital.o [1]
  .rodata            const    0x08004708     0xa0  DS_Digital.o [1]
  .rodata            const    0x080047a8     0xa0  DS_Digital.o [1]
  .rodata            const    0x08004848     0xa0  DS_Digital.o [1]
  .rodata            const    0x080048e8     0xa0  DS_Digital.o [1]
  .text              ro code  0x08004988     0x98  keyboard.o [1]
  .text              ro code  0x08004a20     0x8e  button.o [1]
  .text              ro code  0x08004ab0     0x84  mainTSK.o [1]
  .rodata            const    0x08004b34     0x58  gpio.o [1]
  .rodata            const    0x08004b8c     0x58  spiF4.o [1]
  .text              ro code  0x08004be4     0x54  OS.o [1]
  .text              ro code  0x08004c38      0xc  hard.o [1]
  .rodata            const    0x08004c44     0x4c  DS_Digital_Small.o [1]
  .rodata            const    0x08004c90     0x4c  DS_Digital_Small.o [1]
  .rodata            const    0x08004cdc     0x4c  DS_Digital_Small.o [1]
  .rodata            const    0x08004d28     0x4c  DS_Digital_Small.o [1]
  .rodata            const    0x08004d74     0x4c  DS_Digital_Small.o [1]
  .rodata            const    0x08004dc0     0x4c  DS_Digital_Small.o [1]
  .rodata            const    0x08004e0c     0x4c  DS_Digital_Small.o [1]
  .rodata            const    0x08004e58     0x4c  DS_Digital_Small.o [1]
  .rodata            const    0x08004ea4     0x4c  DS_Digital_Small.o [1]
  .rodata            const    0x08004ef0     0x4c  DS_Digital_Small.o [1]
  .rodata            const    0x08004f3c     0x4c  DS_Digital_Small.o [1]
  .rodata            const    0x08004f88     0x4c  DS_Digital_Small.o [1]
  .rodata            const    0x08004fd4     0x4c  DS_Digital_Small.o [1]
  .rodata            const    0x08005020     0x48  DS_Digital_Small.o [1]
  .rodata            const    0x08005068     0x48  DS_Digital_Small.o [1]
  .rodata            const    0x080050b0     0x48  DS_Digital_Small.o [1]
  .rodata            const    0x080050f8     0x48  DS_Digital_Small.o [1]
  .rodata            const    0x08005140     0x48  DS_Digital_Small.o [1]
  .rodata            const    0x08005188     0x48  DS_Digital_Small.o [1]
  .rodata            const    0x080051d0     0x48  DS_Digital_Small.o [1]
  .rodata            const    0x08005218     0x44  UI.o [1]
  .text              ro code  0x0800525c     0x40  zero_init3.o [5]
  .rodata            const    0x0800529c     0x34  DS_Digital_Small.o [1]
  .rodata            const    0x080052d0     0x34  DS_Digital_Small.o [1]
  .rodata            const    0x08005304     0x34  DS_Digital_Small.o [1]
  .rodata            const    0x08005338     0x34  DS_Digital_Small.o [1]
  .rodata            const    0x0800536c     0x34  DS_Digital_Small.o [1]
  .rodata            const    0x080053a0     0x34  DS_Digital_Small.o [1]
  .rodata            const    0x080053d4     0x34  DS_Digital_Small.o [1]
  .rodata            const    0x08005408     0x34  DS_Digital_Small.o [1]
  .text              ro code  0x0800543c     0x2c  copy_init3.o [5]
  .text              ro code  0x08005468     0x28  data_init.o [5]
  .rodata            const    0x08005490     0x24  Arial.o [1]
  .rodata            const    0x080054b4     0x24  Arial.o [1]
  .rodata            const    0x080054d8     0x24  Arial.o [1]
  .rodata            const    0x080054fc     0x24  Arial.o [1]
  .rodata            const    0x08005520     0x24  Arial.o [1]
  .rodata            const    0x08005544     0x24  Arial.o [1]
  .rodata            const    0x08005568     0x24  Arial.o [1]
  .rodata            const    0x0800558c     0x24  Arial.o [1]
  .rodata            const    0x080055b0     0x24  Arial.o [1]
  .rodata            const    0x080055d4     0x24  Arial.o [1]
  .rodata            const    0x080055f8     0x24  Arial.o [1]
  .rodata            const    0x0800561c     0x24  Arial.o [1]
  .rodata            const    0x08005640     0x24  Arial.o [1]
  .rodata            const    0x08005664     0x24  Arial.o [1]
  .rodata            const    0x08005688     0x24  Arial.o [1]
  .rodata            const    0x080056ac     0x24  Arial.o [1]
  .rodata            const    0x080056d0     0x24  Arial.o [1]
  .rodata            const    0x080056f4     0x24  Arial.o [1]
  .rodata            const    0x08005718     0x24  Arial.o [1]
  .rodata            const    0x0800573c     0x24  Arial.o [1]
  .rodata            const    0x08005760     0x24  Arial.o [1]
  .rodata            const    0x08005784     0x24  Arial.o [1]
  .rodata            const    0x080057a8     0x24  Arial.o [1]
  .rodata            const    0x080057cc     0x24  Arial.o [1]
  .rodata            const    0x080057f0     0x24  Arial.o [1]
  .rodata            const    0x08005814     0x24  Arial.o [1]
  .rodata            const    0x08005838     0x24  Arial.o [1]
  .rodata            const    0x0800585c     0x24  Arial.o [1]
  .rodata            const    0x08005880     0x24  Arial.o [1]
  .rodata            const    0x080058a4     0x24  Arial.o [1]
  .rodata            const    0x080058c8     0x24  Arial.o [1]
  .rodata            const    0x080058ec     0x24  Arial.o [1]
  .rodata            const    0x08005910     0x24  Arial.o [1]
  .rodata            const    0x08005934     0x24  Arial.o [1]
  .rodata            const    0x08005958     0x24  Arial.o [1]
  .rodata            const    0x0800597c     0x24  Arial.o [1]
  .rodata            const    0x080059a0     0x24  Arial.o [1]
  .rodata            const    0x080059c4     0x24  Arial.o [1]
  .rodata            const    0x080059e8     0x24  Arial.o [1]
  .rodata            const    0x08005a0c     0x24  Arial.o [1]
  .rodata            const    0x08005a30     0x24  Arial.o [1]
  .rodata            const    0x08005a54     0x24  Arial.o [1]
  .rodata            const    0x08005a78     0x24  Arial.o [1]
  .rodata            const    0x08005a9c     0x24  Arial.o [1]
  .rodata            const    0x08005ac0     0x24  Arial.o [1]
  .rodata            const    0x08005ae4     0x24  Arial.o [1]
  .rodata            const    0x08005b08     0x24  Arial.o [1]
  .rodata            const    0x08005b2c     0x24  Arial.o [1]
  .rodata            const    0x08005b50     0x24  Arial.o [1]
  .rodata            const    0x08005b74     0x24  Arial.o [1]
  .rodata            const    0x08005b98     0x24  Arial.o [1]
  .rodata            const    0x08005bbc     0x24  Arial.o [1]
  .rodata            const    0x08005be0     0x24  Arial.o [1]
  .rodata            const    0x08005c04     0x24  Arial.o [1]
  .rodata            const    0x08005c28     0x24  Arial.o [1]
  .rodata            const    0x08005c4c     0x24  Arial.o [1]
  .text              ro code  0x08005c70     0x22  fpinit_M.o [4]
  .iar.init_table    const    0x08005c94     0x24  - Linker created -
  .text              ro code  0x08005cb8     0x1a  cmain.o [5]
  .text              ro code  0x08005cd2      0x4  low_level_init.o [3]
  .text              ro code  0x08005cd6     0x10  main.o [1]
  .text              ro code  0x08005ce6      0x4  exit.o [3]
  .text              ro code  0x08005cec      0xa  cexit.o [5]
  .rodata            const    0x08005cf8     0x18  DS_Digital_Small.o [1]
  .rodata            const    0x08005d10     0x18  DS_Digital_Small.o [1]
  .rodata            const    0x08005d28     0x14  Arial.o [1]
  .rodata            const    0x08005d3c     0x14  Arial.o [1]
  .rodata            const    0x08005d50     0x14  Arial.o [1]
  .rodata            const    0x08005d64     0x14  Arial.o [1]
  .rodata            const    0x08005d78     0x14  Arial.o [1]
  .rodata            const    0x08005d8c     0x14  Arial.o [1]
  .rodata            const    0x08005da0     0x14  Arial.o [1]
  .rodata            const    0x08005db4     0x14  Arial.o [1]
  .rodata            const    0x08005dc8     0x14  Arial.o [1]
  .rodata            const    0x08005ddc     0x14  Arial.o [1]
  .rodata            const    0x08005df0     0x14  Arial.o [1]
  .rodata            const    0x08005e04     0x14  Arial.o [1]
  .rodata            const    0x08005e18     0x14  Arial.o [1]
  .rodata            const    0x08005e2c     0x14  Arial.o [1]
  .rodata            const    0x08005e40     0x14  Arial.o [1]
  .rodata            const    0x08005e54     0x14  Arial.o [1]
  .rodata            const    0x08005e68     0x14  Arial.o [1]
  .rodata            const    0x08005e7c     0x14  Arial.o [1]
  .rodata            const    0x08005e90     0x14  Arial.o [1]
  .rodata            const    0x08005ea4     0x14  Arial.o [1]
  .rodata            const    0x08005eb8     0x14  Arial.o [1]
  .rodata            const    0x08005ecc     0x14  Arial.o [1]
  .rodata            const    0x08005ee0     0x14  Arial.o [1]
  .rodata            const    0x08005ef4     0x14  Arial.o [1]
  .rodata            const    0x08005f08     0x14  Arial.o [1]
  .rodata            const    0x08005f1c     0x14  Arial.o [1]
  .rodata            const    0x08005f30     0x14  Arial.o [1]
  .rodata            const    0x08005f44     0x14  Arial.o [1]
  .rodata            const    0x08005f58     0x14  Arial.o [1]
  .rodata            const    0x08005f6c     0x14  Arial.o [1]
  .rodata            const    0x08005f80     0x14  Arial.o [1]
  .rodata            const    0x08005f94     0x14  Arial.o [1]
  .rodata            const    0x08005fa8     0x14  Arial.o [1]
  .rodata            const    0x08005fbc     0x14  Arial.o [1]
  .rodata            const    0x08005fd0     0x14  Arial.o [1]
  .rodata            const    0x08005fe4     0x14  Arial.o [1]
  .rodata            const    0x08005ff8     0x14  Arial.o [1]
  .rodata            const    0x0800600c     0x14  Arial.o [1]
  .rodata            const    0x08006020     0x14  Arial.o [1]
  .rodata            const    0x08006034     0x10  system_stm32f4xx.o [1]
  .text              ro code  0x08006044     0x10  startup_stm32f427xx.o [1]
  .text              ro code  0x08006054      0xc  cstartup_M.o [5]
  .rodata            const    0x08006060      0x8  Arial.o [1]
  .rodata            const    0x08006068      0x8  Arial.o [1]
  .rodata            const    0x08006070      0x8  Arial.o [1]
  .rodata            const    0x08006078      0x8  Arial.o [1]
  .rodata            const    0x08006080      0x8  Arial.o [1]
  .rodata            const    0x08006088      0x8  Arial.o [1]
  .rodata            const    0x08006090      0x8  Arial.o [1]
  .rodata            const    0x08006098      0x8  Arial.o [1]
  .rodata            const    0x080060a0      0x8  Arial.o [1]
  .rodata            const    0x080060a8      0x8  Arial.o [1]
  .rodata            const    0x080060b0      0x8  Arial.o [1]
  .rodata            const    0x080060b8      0x8  Arial.o [1]
  .rodata            const    0x080060c0      0x8  Arial.o [1]
  .rodata            const    0x080060c8      0x8  Arial.o [1]
  .rodata            const    0x080060d0      0x8  Arial.o [1]
  .rodata            const    0x080060d8      0x8  Arial.o [1]
  .rodata            const    0x080060e0      0x8  Arial.o [1]
  .rodata            const    0x080060e8      0x8  Arial.o [1]
  .rodata            const    0x080060f0      0x8  Arial.o [1]
  .rodata            const    0x080060f8      0x8  Arial.o [1]
  .rodata            const    0x08006100      0x8  Arial.o [1]
  .rodata            const    0x08006108      0x8  Arial.o [1]
  .rodata            const    0x08006110      0x8  Arial.o [1]
  .rodata            const    0x08006118      0x8  Arial.o [1]
  .rodata            const    0x08006120      0x8  Arial.o [1]
  .rodata            const    0x08006128      0x8  Arial.o [1]
  .rodata            const    0x08006130      0x8  Arial.o [1]
  .rodata            const    0x08006138      0x8  Arial.o [1]
  .rodata            const    0x08006140      0x8  Arial.o [1]
  .rodata            const    0x08006148      0x8  Arial.o [1]
  .rodata            const    0x08006150      0x8  Arial.o [1]
  .rodata            const    0x08006158      0x8  Arial.o [1]
  .rodata            const    0x08006160      0x8  Arial.o [1]
  .rodata            const    0x08006168      0x8  Arial.o [1]
  .rodata            const    0x08006170      0x8  Arial.o [1]
  .rodata            const    0x08006178      0x8  Arial.o [1]
  .rodata            const    0x08006180      0x8  Arial.o [1]
  .rodata            const    0x08006188      0x8  Arial.o [1]
  .rodata            const    0x08006190      0x8  Arial.o [1]
  .rodata            const    0x08006198      0x8  Arial.o [1]
  .rodata            const    0x080061a0      0x8  Arial.o [1]
  .rodata            const    0x080061a8      0x8  Arial.o [1]
  .rodata            const    0x080061b0      0x8  Arial.o [1]
  .rodata            const    0x080061b8      0x8  Arial.o [1]
  .rodata            const    0x080061c0      0x8  Arial.o [1]
  .rodata            const    0x080061c8      0x8  Arial.o [1]
  .rodata            const    0x080061d0      0x8  Arial.o [1]
  .rodata            const    0x080061d8      0x8  Arial.o [1]
  .rodata            const    0x080061e0      0x8  Arial.o [1]
  .rodata            const    0x080061e8      0x8  Arial.o [1]
  .rodata            const    0x080061f0      0x8  Arial.o [1]
  .rodata            const    0x080061f8      0x8  Arial.o [1]
  .rodata            const    0x08006200      0x8  Arial.o [1]
  .rodata            const    0x08006208      0x8  Arial.o [1]
  .rodata            const    0x08006210      0x8  Arial.o [1]
  .rodata            const    0x08006218      0x8  Arial.o [1]
  .rodata            const    0x08006220      0x8  Arial.o [1]
  .rodata            const    0x08006228      0x8  Arial.o [1]
  .rodata            const    0x08006230      0x8  Arial.o [1]
  .rodata            const    0x08006238      0x8  Arial.o [1]
  .rodata            const    0x08006240      0x8  Arial.o [1]
  .rodata            const    0x08006248      0x8  Arial.o [1]
  .rodata            const    0x08006250      0x8  Arial.o [1]
  .rodata            const    0x08006258      0x8  Arial.o [1]
  .rodata            const    0x08006260      0x8  Arial.o [1]
  .rodata            const    0x08006268      0x8  Arial.o [1]
  .rodata            const    0x08006270      0x8  Arial.o [1]
  .rodata            const    0x08006278      0x8  Arial.o [1]
  .rodata            const    0x08006280      0x8  Arial.o [1]
  .rodata            const    0x08006288      0x8  Arial.o [1]
  .rodata            const    0x08006290      0x8  Arial.o [1]
  .rodata            const    0x08006298      0x8  Arial.o [1]
  .rodata            const    0x080062a0      0x8  Arial.o [1]
  .rodata            const    0x080062a8      0x8  Arial.o [1]
  .rodata            const    0x080062b0      0x8  Arial.o [1]
  .rodata            const    0x080062b8      0x8  Arial.o [1]
  .rodata            const    0x080062c0      0x8  Arial.o [1]
  .rodata            const    0x080062c8      0x8  Arial.o [1]
  .rodata            const    0x080062d0      0x8  Arial.o [1]
  .rodata            const    0x080062d8      0x8  Arial.o [1]
  .rodata            const    0x080062e0      0x8  Arial.o [1]
  .rodata            const    0x080062e8      0x8  Arial.o [1]
  .rodata            const    0x080062f0      0x8  Arial.o [1]
  .rodata            const    0x080062f8      0x8  Arial.o [1]
  .rodata            const    0x08006300      0x8  Arial.o [1]
  .rodata            const    0x08006308      0x8  Arial.o [1]
  .rodata            const    0x08006310      0x8  Arial.o [1]
  .rodata            const    0x08006318      0x8  Arial.o [1]
  .rodata            const    0x08006320      0x8  Arial.o [1]
  .rodata            const    0x08006328      0x8  Arial.o [1]
  .rodata            const    0x08006330      0x8  Arial.o [1]
  .rodata            const    0x08006338      0x8  Arial.o [1]
  .rodata            const    0x08006340      0x8  Arial.o [1]
  .rodata            const    0x08006348      0x8  Arial.o [1]
  .rodata            const    0x08006350      0x8  Arial.o [1]
  .rodata            const    0x08006358      0x8  Arial.o [1]
  .rodata            const    0x08006360      0x8  DS_Digital.o [1]
  .rodata            const    0x08006368      0x8  DS_Digital.o [1]
  .rodata            const    0x08006370      0x8  DS_Digital.o [1]
  .rodata            const    0x08006378      0x8  DS_Digital.o [1]
  .rodata            const    0x08006380      0x8  DS_Digital.o [1]
  .rodata            const    0x08006388      0x8  DS_Digital.o [1]
  .rodata            const    0x08006390      0x8  DS_Digital.o [1]
  .rodata            const    0x08006398      0x8  DS_Digital.o [1]
  .rodata            const    0x080063a0      0x8  DS_Digital.o [1]
  .rodata            const    0x080063a8      0x8  DS_Digital.o [1]
  .rodata            const    0x080063b0      0x8  DS_Digital.o [1]
  .rodata            const    0x080063b8      0x8  DS_Digital.o [1]
  .rodata            const    0x080063c0      0x8  DS_Digital.o [1]
  .rodata            const    0x080063c8      0x8  DS_Digital.o [1]
  .rodata            const    0x080063d0      0x8  DS_Digital.o [1]
  .rodata            const    0x080063d8      0x8  DS_Digital.o [1]
  .rodata            const    0x080063e0      0x8  DS_Digital.o [1]
  .rodata            const    0x080063e8      0x8  DS_Digital.o [1]
  .rodata            const    0x080063f0      0x8  DS_Digital.o [1]
  .rodata            const    0x080063f8      0x8  DS_Digital.o [1]
  .rodata            const    0x08006400      0x8  DS_Digital.o [1]
  .rodata            const    0x08006408      0x8  DS_Digital.o [1]
  .rodata            const    0x08006410      0x8  DS_Digital.o [1]
  .rodata            const    0x08006418      0x8  DS_Digital.o [1]
  .rodata            const    0x08006420      0x8  DS_Digital.o [1]
  .rodata            const    0x08006428      0x8  DS_Digital.o [1]
  .rodata            const    0x08006430      0x8  DS_Digital.o [1]
  .rodata            const    0x08006438      0x8  DS_Digital.o [1]
  .rodata            const    0x08006440      0x8  DS_Digital.o [1]
  .rodata            const    0x08006448      0x8  DS_Digital.o [1]
  .rodata            const    0x08006450      0x8  DS_Digital.o [1]
  .rodata            const    0x08006458      0x8  DS_Digital.o [1]
  .rodata            const    0x08006460      0x8  DS_Digital.o [1]
  .rodata            const    0x08006468      0x8  DS_Digital_Small.o [1]
  .rodata            const    0x08006470      0x8  DS_Digital_Small.o [1]
  .rodata            const    0x08006478      0x8  DS_Digital_Small.o [1]
  .rodata            const    0x08006480      0x8  DS_Digital_Small.o [1]
  .rodata            const    0x08006488      0x8  DS_Digital_Small.o [1]
  .rodata            const    0x08006490      0x8  DS_Digital_Small.o [1]
  .rodata            const    0x08006498      0x8  DS_Digital_Small.o [1]
  .rodata            const    0x080064a0      0x8  DS_Digital_Small.o [1]
  .rodata            const    0x080064a8      0x8  DS_Digital_Small.o [1]
  .rodata            const    0x080064b0      0x8  DS_Digital_Small.o [1]
  .rodata            const    0x080064b8      0x8  DS_Digital_Small.o [1]
  .rodata            const    0x080064c0      0x8  DS_Digital_Small.o [1]
  .rodata            const    0x080064c8      0x8  DS_Digital_Small.o [1]
  .rodata            const    0x080064d0      0x8  DS_Digital_Small.o [1]
  .rodata            const    0x080064d8      0x8  DS_Digital_Small.o [1]
  .rodata            const    0x080064e0      0x8  DS_Digital_Small.o [1]
  .rodata            const    0x080064e8      0x8  DS_Digital_Small.o [1]
  .rodata            const    0x080064f0      0x8  DS_Digital_Small.o [1]
  .rodata            const    0x080064f8      0x8  DS_Digital_Small.o [1]
  .rodata            const    0x08006500      0x8  DS_Digital_Small.o [1]
  .rodata            const    0x08006508      0x8  DS_Digital_Small.o [1]
  .rodata            const    0x08006510      0x8  DS_Digital_Small.o [1]
  .rodata            const    0x08006518      0x8  DS_Digital_Small.o [1]
  .rodata            const    0x08006520      0x8  DS_Digital_Small.o [1]
  .rodata            const    0x08006528      0x8  DS_Digital_Small.o [1]
  .rodata            const    0x08006530      0x8  DS_Digital_Small.o [1]
  .rodata            const    0x08006538      0x8  DS_Digital_Small.o [1]
  .rodata            const    0x08006540      0x8  DS_Digital_Small.o [1]
  .rodata            const    0x08006548      0x8  DS_Digital_Small.o [1]
  .rodata            const    0x08006550      0x8  DS_Digital_Small.o [1]
  .rodata            const    0x08006558      0x8  DS_Digital_Small.o [1]
  .rodata            const    0x08006560      0x8  DS_Digital_Small.o [1]
  .rodata            const    0x08006568      0x8  DS_Digital_Small.o [1]
  .rodata            const    0x08006570      0x8  DS_Digital_Small.o [1]
  .rodata            const    0x08006578      0x8  DS_Digital_Small.o [1]
  .rodata            const    0x08006580      0x8  DS_Digital_Small.o [1]
  .rodata            const    0x08006588      0x8  DS_Digital_Small.o [1]
  .rodata            const    0x08006590      0x8  DS_Digital_Small.o [1]
  .rodata            const    0x08006598      0x8  DS_Digital_Small.o [1]
  .rodata            const    0x080065a0      0x8  DS_Digital_Small.o [1]
  .rodata            const    0x080065a8      0x8  DS_Digital_Small.o [1]
  .rodata            const    0x080065b0      0x8  DS_Digital_Small.o [1]
  .rodata            const    0x080065b8      0x8  DS_Digital_Small.o [1]
  .rodata            const    0x080065c0      0x8  gpio.o [1]
  .rodata            const    0x080065c8      0x8  OS.o [1]
  .rodata            const    0x080065d0      0x8  OS.o [1]
  .rodata            const    0x080065d8      0x8  spiF4.o [1]
  .rodata            const    0x080065e0      0x8  tasks.o [1]
  .rodata            const    0x080065e8      0x8  timers.o [1]
  .rodata            const    0x080065f0      0x8  timers.o [1]
  .rodata            const    0x080065f8      0x8  UI.o [1]
  .rodata            const    0x08006600      0x8  UI.o [1]
  .rodata            const    0x08006608      0x8  UI.o [1]
  .rodata            const    0x08006610      0x4  heap_4.o [1]
  .rodata            const    0x08006614      0x4  port.o [1]
  .text              ro code  0x08006618      0x4  startup_stm32f427xx.o [1]
  .text              ro code  0x0800661c      0x4  startup_stm32f427xx.o [1]
  .text              ro code  0x08006620      0x4  startup_stm32f427xx.o [1]
  .text              ro code  0x08006624      0x4  startup_stm32f427xx.o [1]
  .text              ro code  0x08006628      0x4  startup_stm32f427xx.o [1]
  .text              ro code  0x0800662c      0x4  startup_stm32f427xx.o [1]
  .text              ro code  0x08006630      0x4  startup_stm32f427xx.o [1]
  .text              ro code  0x08006634      0x4  startup_stm32f427xx.o [1]
  .text              ro code  0x08006638      0x4  startup_stm32f427xx.o [1]
  .text              ro code  0x0800663c      0x4  startup_stm32f427xx.o [1]
  .text              ro code  0x08006640      0x4  startup_stm32f427xx.o [1]
  .text              ro code  0x08006644      0x4  startup_stm32f427xx.o [1]
  .text              ro code  0x08006648      0x4  startup_stm32f427xx.o [1]
  .text              ro code  0x0800664c      0x4  startup_stm32f427xx.o [1]
  .text              ro code  0x08006650      0x4  startup_stm32f427xx.o [1]
  .text              ro code  0x08006654      0x4  startup_stm32f427xx.o [1]
  .text              ro code  0x08006658      0x4  startup_stm32f427xx.o [1]
  .text              ro code  0x0800665c      0x4  startup_stm32f427xx.o [1]
  .text              ro code  0x08006660      0x4  startup_stm32f427xx.o [1]
  .text              ro code  0x08006664      0x4  startup_stm32f427xx.o [1]
  .text              ro code  0x08006668      0x4  startup_stm32f427xx.o [1]
  .text              ro code  0x0800666c      0x4  startup_stm32f427xx.o [1]
  .text              ro code  0x08006670      0x4  startup_stm32f427xx.o [1]
  .text              ro code  0x08006674      0x4  startup_stm32f427xx.o [1]
  .text              ro code  0x08006678      0x4  startup_stm32f427xx.o [1]
  .text              ro code  0x0800667c      0x4  startup_stm32f427xx.o [1]
  .text              ro code  0x08006680      0x4  startup_stm32f427xx.o [1]
  .text              ro code  0x08006684      0x4  startup_stm32f427xx.o [1]
  .text              ro code  0x08006688      0x4  startup_stm32f427xx.o [1]
  .text              ro code  0x0800668c      0x4  startup_stm32f427xx.o [1]
  .text              ro code  0x08006690      0x4  startup_stm32f427xx.o [1]
  .text              ro code  0x08006694      0x4  startup_stm32f427xx.o [1]
  .text              ro code  0x08006698      0x4  startup_stm32f427xx.o [1]
  .text              ro code  0x0800669c      0x4  startup_stm32f427xx.o [1]
  .text              ro code  0x080066a0      0x4  startup_stm32f427xx.o [1]
  .text              ro code  0x080066a4      0x4  startup_stm32f427xx.o [1]
  .text              ro code  0x080066a8      0x4  startup_stm32f427xx.o [1]
  .text              ro code  0x080066ac      0x4  startup_stm32f427xx.o [1]
  .text              ro code  0x080066b0      0x4  startup_stm32f427xx.o [1]
  .text              ro code  0x080066b4      0x4  startup_stm32f427xx.o [1]
  .text              ro code  0x080066b8      0x4  startup_stm32f427xx.o [1]
  .text              ro code  0x080066bc      0x4  startup_stm32f427xx.o [1]
  .text              ro code  0x080066c0      0x4  startup_stm32f427xx.o [1]
  .text              ro code  0x080066c4      0x4  startup_stm32f427xx.o [1]
  .text              ro code  0x080066c8      0x4  startup_stm32f427xx.o [1]
  .text              ro code  0x080066cc      0x4  startup_stm32f427xx.o [1]
  .text              ro code  0x080066d0      0x4  startup_stm32f427xx.o [1]
  .text              ro code  0x080066d4      0x4  startup_stm32f427xx.o [1]
  .text              ro code  0x080066d8      0x4  startup_stm32f427xx.o [1]
  .text              ro code  0x080066dc      0x4  startup_stm32f427xx.o [1]
  .text              ro code  0x080066e0      0x4  startup_stm32f427xx.o [1]
  .text              ro code  0x080066e4      0x4  startup_stm32f427xx.o [1]
  .text              ro code  0x080066e8      0x4  startup_stm32f427xx.o [1]
  .text              ro code  0x080066ec      0x4  startup_stm32f427xx.o [1]
  .text              ro code  0x080066f0      0x4  startup_stm32f427xx.o [1]
  .text              ro code  0x080066f4      0x4  startup_stm32f427xx.o [1]
  .text              ro code  0x080066f8      0x4  startup_stm32f427xx.o [1]
  .text              ro code  0x080066fc      0x4  startup_stm32f427xx.o [1]
  .text              ro code  0x08006700      0x4  startup_stm32f427xx.o [1]
  .text              ro code  0x08006704      0x4  startup_stm32f427xx.o [1]
  .text              ro code  0x08006708      0x4  startup_stm32f427xx.o [1]
  .text              ro code  0x0800670c      0x4  startup_stm32f427xx.o [1]
  .text              ro code  0x08006710      0x4  startup_stm32f427xx.o [1]
  .text              ro code  0x08006714      0x4  startup_stm32f427xx.o [1]
  .text              ro code  0x08006718      0x4  startup_stm32f427xx.o [1]
  .text              ro code  0x0800671c      0x4  startup_stm32f427xx.o [1]
  .text              ro code  0x08006720      0x4  startup_stm32f427xx.o [1]
  .text              ro code  0x08006724      0x4  startup_stm32f427xx.o [1]
  .text              ro code  0x08006728      0x4  startup_stm32f427xx.o [1]
  .text              ro code  0x0800672c      0x4  startup_stm32f427xx.o [1]
  .text              ro code  0x08006730      0x4  startup_stm32f427xx.o [1]
  .text              ro code  0x08006734      0x4  startup_stm32f427xx.o [1]
  .text              ro code  0x08006738      0x4  startup_stm32f427xx.o [1]
  .text              ro code  0x0800673c      0x4  startup_stm32f427xx.o [1]
  .text              ro code  0x08006740      0x4  startup_stm32f427xx.o [1]
  .text              ro code  0x08006744      0x4  startup_stm32f427xx.o [1]
  .text              ro code  0x08006748      0x4  startup_stm32f427xx.o [1]
  .text              ro code  0x0800674c      0x4  startup_stm32f427xx.o [1]
  .text              ro code  0x08006750      0x4  startup_stm32f427xx.o [1]
  .text              ro code  0x08006754      0x4  startup_stm32f427xx.o [1]
  .text              ro code  0x08006758      0x4  startup_stm32f427xx.o [1]
  .text              ro code  0x0800675c      0x4  startup_stm32f427xx.o [1]
  .text              ro code  0x08006760      0x4  startup_stm32f427xx.o [1]
  .text              ro code  0x08006764      0x4  startup_stm32f427xx.o [1]
  .text              ro code  0x08006768      0x4  startup_stm32f427xx.o [1]
  .text              ro code  0x0800676c      0x4  startup_stm32f427xx.o [1]
  .text              ro code  0x08006770      0x4  startup_stm32f427xx.o [1]
  .text              ro code  0x08006774      0x4  startup_stm32f427xx.o [1]
  .text              ro code  0x08006778      0x4  startup_stm32f427xx.o [1]
  .text              ro code  0x0800677c      0x4  startup_stm32f427xx.o [1]
  .rodata            const    0x08006780      0x0  zero_init3.o [5]
  .rodata            const    0x08006780      0x0  copy_init3.o [5]
  Initializer bytes  const    0x08006780      0x8  <for P4 s0>
                            - 0x08006788   0x65dc

"P3":                                      0x2000
  CSTACK                      0x10000000   0x2000  <Block>
    CSTACK           uninit   0x10000000   0x2000  <Block tail>
                            - 0x10002000   0x2000

"P4", part 1 of 2:                            0x8
  P4 s0                       0x20000000      0x8  <Init block>
    .data            inited   0x20000000      0x4  port.o [1]
    .data            inited   0x20000004      0x4  system_stm32f4xx.o [1]
                            - 0x20000008      0x8

"P4", part 2 of 2:                        0x12ddc
  .bss               zero     0x20000008  0x12c00  heap_4.o [1]
  .bss               zero     0x20012c08     0x40  queue.o [1]
  .bss               zero     0x20012c48     0x3c  tasks.o [1]
  .bss               zero     0x20012c84     0x1c  spiF4.o [1]
  .bss               zero     0x20012ca0     0x1c  spiF4.o [1]
  .bss               zero     0x20012cbc     0x18  keyboard.o [1]
  .bss               zero     0x20012cd4     0x14  encoderPannel.o [1]
  .bss               zero     0x20012ce8     0x14  tasks.o [1]
  .bss               zero     0x20012cfc     0x14  tasks.o [1]
  .bss               zero     0x20012d10     0x14  tasks.o [1]
  .bss               zero     0x20012d24     0x14  tasks.o [1]
  .bss               zero     0x20012d38     0x14  tasks.o [1]
  .bss               zero     0x20012d4c     0x14  timers.o [1]
  .bss               zero     0x20012d60     0x14  timers.o [1]
  .bss               zero     0x20012d74      0x8  heap_4.o [1]
  .bss               zero     0x20012d7c      0x4  heap_4.o [1]
  .bss               zero     0x20012d80      0x4  heap_4.o [1]
  .bss               zero     0x20012d84      0x4  heap_4.o [1]
  .bss               zero     0x20012d88      0x4  heap_4.o [1]
  .bss               zero     0x20012d8c      0x4  port.o [1]
  .bss               zero     0x20012d90      0x4  tasks.o [1]
  .bss               zero     0x20012d94      0x4  tasks.o [1]
  .bss               zero     0x20012d98      0x4  tasks.o [1]
  .bss               zero     0x20012d9c      0x4  tasks.o [1]
  .bss               zero     0x20012da0      0x4  tasks.o [1]
  .bss               zero     0x20012da4      0x4  tasks.o [1]
  .bss               zero     0x20012da8      0x4  tasks.o [1]
  .bss               zero     0x20012dac      0x4  tasks.o [1]
  .bss               zero     0x20012db0      0x4  tasks.o [1]
  .bss               zero     0x20012db4      0x4  tasks.o [1]
  .bss               zero     0x20012db8      0x4  tasks.o [1]
  .bss               zero     0x20012dbc      0x4  tasks.o [1]
  .bss               zero     0x20012dc0      0x4  tasks.o [1]
  .bss               zero     0x20012dc4      0x4  tasks.o [1]
  .bss               zero     0x20012dc8      0x4  tasks.o [1]
  .bss               zero     0x20012dcc      0x4  timers.o [1]
  .bss               zero     0x20012dd0      0x4  timers.o [1]
  .bss               zero     0x20012dd4      0x4  timers.o [1]
  .bss               zero     0x20012dd8      0x4  timers.o [1]
  .bss               zero     0x20012ddc      0x4  timers.o [1]
  .bss               zero     0x20012de0      0x1  ili9341.o [1]
  .bss               zero     0x20012de1      0x1  port.o [1]
                            - 0x20012de2  0x12dda


*******************************************************************************
*** INIT TABLE
***

          Address     Size
          -------     ----
Zero (__iar_zero_init3)
    1 destination range, total size 0x12dda:
          0x20000008  0x12dda

Copy (__iar_copy_init3)
    1 source range, total size 0x8:
          0x08006780      0x8
    1 destination range, total size 0x8:
          0x20000000      0x8



*******************************************************************************
*** MODULE SUMMARY
***

    Module                   ro code  ro data  rw data
    ------                   -------  -------  -------
C:\Users\Ernst\Documents\Repositories\eSolder\Fwm\fwm_eSolder\projects\iar\STM32F427_Debug\Obj: [1]
    Arial.o                             4 324
    DS_Digital.o                        5 364
    DS_Digital_Small.o                  2 588
    OS.o                          84       16
    UI.o                         252       92
    button.o                     142
    encoderPannel.o                                 20
    encoders.o                   376
    gpio.o                       304       96
    hard.o                        12
    heap_4.o                     604        4   76 824
    ili9341.o                    320                 1
    ili9341_spi_discovery.o      212
    keyboard.o                   152                24
    lcd.o                        566
    list.o                       152
    main.o                        16
    mainTSK.o                    132
    mcu.o                        228
    port.o                       644        8        9
    portasm.o                    176
    queue.o                    2 298                64
    spiF4.o                    1 288       96       56
    startup_stm32f427xx.o        804
    system_stm32f4xx.o           280       20        4
    tasks.o                    3 112        8      220
    timers.o                   1 096       16       60
    --------------------------------------------------
    Total:                    13 250   12 632   77 282

command line: [2]
    --------------------------------------------------
    Total:

dl7M_tln.a: [3]
    abort.o                        6
    exit.o                         4
    low_level_init.o               4
    --------------------------------------------------
    Total:                        14

m7M_tls.a: [4]
    fpinit_M.o                    34
    --------------------------------------------------
    Total:                        34

rt7M_tl.a: [5]
    ABImemcpy.o                  166
    ABImemset.o                  102
    cexit.o                       10
    cmain.o                       26
    copy_init3.o                  44
    cstartup_M.o                  12
    data_init.o                   40
    zero_init3.o                  64
    --------------------------------------------------
    Total:                       464

shb_l.a: [6]
    ABIassert.o                   36
    exit.o                        20
    --------------------------------------------------
    Total:                        56

    Gaps                          14        4
    Linker created                         36    8 192
------------------------------------------------------
    Grand Total:              13 832   12 672   85 474


*******************************************************************************
*** ENTRY LIST
***

Entry                      Address     Size  Type      Object
-----                      -------     ----  ----      ------
.iar.init_table$$Base   0x08005c94            --   Gb  - Linker created -
.iar.init_table$$Limit  0x08005cb8            --   Gb  - Linker created -
?main                   0x08005cb9           Code  Gb  cmain.o [5]
AHBPrescTable           0x08006034     0x10  Data  Gb  system_stm32f4xx.o [1]
Arial                   0x08006358      0x8  Data  Gb  Arial.o [1]
Arial_0x20              0x08006060      0x8  Data  Lc  Arial.o [1]
Arial_0x21              0x08006068      0x8  Data  Lc  Arial.o [1]
Arial_0x22              0x08006070      0x8  Data  Lc  Arial.o [1]
Arial_0x23              0x08006078      0x8  Data  Lc  Arial.o [1]
Arial_0x24              0x08006080      0x8  Data  Lc  Arial.o [1]
Arial_0x25              0x08006088      0x8  Data  Lc  Arial.o [1]
Arial_0x26              0x08006090      0x8  Data  Lc  Arial.o [1]
Arial_0x27              0x08006098      0x8  Data  Lc  Arial.o [1]
Arial_0x28              0x080060a0      0x8  Data  Lc  Arial.o [1]
Arial_0x29              0x080060a8      0x8  Data  Lc  Arial.o [1]
Arial_0x2a              0x080060b0      0x8  Data  Lc  Arial.o [1]
Arial_0x2b              0x080060b8      0x8  Data  Lc  Arial.o [1]
Arial_0x2c              0x080060c0      0x8  Data  Lc  Arial.o [1]
Arial_0x2d              0x080060c8      0x8  Data  Lc  Arial.o [1]
Arial_0x2e              0x080060d0      0x8  Data  Lc  Arial.o [1]
Arial_0x2f              0x080060d8      0x8  Data  Lc  Arial.o [1]
Arial_0x30              0x080060e0      0x8  Data  Lc  Arial.o [1]
Arial_0x31              0x080060e8      0x8  Data  Lc  Arial.o [1]
Arial_0x32              0x080060f0      0x8  Data  Lc  Arial.o [1]
Arial_0x33              0x080060f8      0x8  Data  Lc  Arial.o [1]
Arial_0x34              0x08006100      0x8  Data  Lc  Arial.o [1]
Arial_0x35              0x08006108      0x8  Data  Lc  Arial.o [1]
Arial_0x36              0x08006110      0x8  Data  Lc  Arial.o [1]
Arial_0x37              0x08006118      0x8  Data  Lc  Arial.o [1]
Arial_0x38              0x08006120      0x8  Data  Lc  Arial.o [1]
Arial_0x39              0x08006128      0x8  Data  Lc  Arial.o [1]
Arial_0x3a              0x08006130      0x8  Data  Lc  Arial.o [1]
Arial_0x3b              0x08006138      0x8  Data  Lc  Arial.o [1]
Arial_0x3c              0x08006140      0x8  Data  Lc  Arial.o [1]
Arial_0x3d              0x08006148      0x8  Data  Lc  Arial.o [1]
Arial_0x3e              0x08006150      0x8  Data  Lc  Arial.o [1]
Arial_0x3f              0x08006158      0x8  Data  Lc  Arial.o [1]
Arial_0x40              0x08006160      0x8  Data  Lc  Arial.o [1]
Arial_0x41              0x08006168      0x8  Data  Lc  Arial.o [1]
Arial_0x42              0x08006170      0x8  Data  Lc  Arial.o [1]
Arial_0x43              0x08006178      0x8  Data  Lc  Arial.o [1]
Arial_0x44              0x08006180      0x8  Data  Lc  Arial.o [1]
Arial_0x45              0x08006188      0x8  Data  Lc  Arial.o [1]
Arial_0x46              0x08006190      0x8  Data  Lc  Arial.o [1]
Arial_0x47              0x08006198      0x8  Data  Lc  Arial.o [1]
Arial_0x48              0x080061a0      0x8  Data  Lc  Arial.o [1]
Arial_0x49              0x080061a8      0x8  Data  Lc  Arial.o [1]
Arial_0x4a              0x080061b0      0x8  Data  Lc  Arial.o [1]
Arial_0x4b              0x080061b8      0x8  Data  Lc  Arial.o [1]
Arial_0x4c              0x080061c0      0x8  Data  Lc  Arial.o [1]
Arial_0x4d              0x080061c8      0x8  Data  Lc  Arial.o [1]
Arial_0x4e              0x080061d0      0x8  Data  Lc  Arial.o [1]
Arial_0x4f              0x080061d8      0x8  Data  Lc  Arial.o [1]
Arial_0x50              0x080061e0      0x8  Data  Lc  Arial.o [1]
Arial_0x51              0x080061e8      0x8  Data  Lc  Arial.o [1]
Arial_0x52              0x080061f0      0x8  Data  Lc  Arial.o [1]
Arial_0x53              0x080061f8      0x8  Data  Lc  Arial.o [1]
Arial_0x54              0x08006200      0x8  Data  Lc  Arial.o [1]
Arial_0x55              0x08006208      0x8  Data  Lc  Arial.o [1]
Arial_0x56              0x08006210      0x8  Data  Lc  Arial.o [1]
Arial_0x57              0x08006218      0x8  Data  Lc  Arial.o [1]
Arial_0x58              0x08006220      0x8  Data  Lc  Arial.o [1]
Arial_0x59              0x08006228      0x8  Data  Lc  Arial.o [1]
Arial_0x5a              0x08006230      0x8  Data  Lc  Arial.o [1]
Arial_0x5b              0x08006238      0x8  Data  Lc  Arial.o [1]
Arial_0x5c              0x08006240      0x8  Data  Lc  Arial.o [1]
Arial_0x5d              0x08006248      0x8  Data  Lc  Arial.o [1]
Arial_0x5e              0x08006250      0x8  Data  Lc  Arial.o [1]
Arial_0x5f              0x08006258      0x8  Data  Lc  Arial.o [1]
Arial_0x60              0x08006260      0x8  Data  Lc  Arial.o [1]
Arial_0x61              0x08006268      0x8  Data  Lc  Arial.o [1]
Arial_0x62              0x08006270      0x8  Data  Lc  Arial.o [1]
Arial_0x63              0x08006278      0x8  Data  Lc  Arial.o [1]
Arial_0x64              0x08006280      0x8  Data  Lc  Arial.o [1]
Arial_0x65              0x08006288      0x8  Data  Lc  Arial.o [1]
Arial_0x66              0x08006290      0x8  Data  Lc  Arial.o [1]
Arial_0x67              0x08006298      0x8  Data  Lc  Arial.o [1]
Arial_0x68              0x080062a0      0x8  Data  Lc  Arial.o [1]
Arial_0x69              0x080062a8      0x8  Data  Lc  Arial.o [1]
Arial_0x6a              0x080062b0      0x8  Data  Lc  Arial.o [1]
Arial_0x6b              0x080062b8      0x8  Data  Lc  Arial.o [1]
Arial_0x6c              0x080062c0      0x8  Data  Lc  Arial.o [1]
Arial_0x6d              0x080062c8      0x8  Data  Lc  Arial.o [1]
Arial_0x6e              0x080062d0      0x8  Data  Lc  Arial.o [1]
Arial_0x6f              0x080062d8      0x8  Data  Lc  Arial.o [1]
Arial_0x70              0x080062e0      0x8  Data  Lc  Arial.o [1]
Arial_0x71              0x080062e8      0x8  Data  Lc  Arial.o [1]
Arial_0x72              0x080062f0      0x8  Data  Lc  Arial.o [1]
Arial_0x73              0x080062f8      0x8  Data  Lc  Arial.o [1]
Arial_0x74              0x08006300      0x8  Data  Lc  Arial.o [1]
Arial_0x75              0x08006308      0x8  Data  Lc  Arial.o [1]
Arial_0x76              0x08006310      0x8  Data  Lc  Arial.o [1]
Arial_0x77              0x08006318      0x8  Data  Lc  Arial.o [1]
Arial_0x78              0x08006320      0x8  Data  Lc  Arial.o [1]
Arial_0x79              0x08006328      0x8  Data  Lc  Arial.o [1]
Arial_0x7a              0x08006330      0x8  Data  Lc  Arial.o [1]
Arial_0x7b              0x08006338      0x8  Data  Lc  Arial.o [1]
Arial_0x7c              0x08006340      0x8  Data  Lc  Arial.o [1]
Arial_0x7d              0x08006348      0x8  Data  Lc  Arial.o [1]
Arial_0x7e              0x08006350      0x8  Data  Lc  Arial.o [1]
Arial_array             0x08002798    0x2f8  Data  Lc  Arial.o [1]
CSTACK$$Base            0x10000000            --   Gb  - Linker created -
CSTACK$$Limit           0x10002000            --   Gb  - Linker created -
DMA2_Stream0_IRQHandler
                        0x080022bb     0x1c  Code  Gb  spiF4.o [1]
DMA2_Stream3_IRQHandler
                        0x0800229f     0x1c  Code  Gb  spiF4.o [1]
DS_Digital              0x08006460      0x8  Data  Gb  DS_Digital.o [1]
DS_Digital_0x25         0x08006360      0x8  Data  Lc  DS_Digital.o [1]
DS_Digital_0x26         0x08006368      0x8  Data  Lc  DS_Digital.o [1]
DS_Digital_0x27         0x08006378      0x8  Data  Lc  DS_Digital.o [1]
DS_Digital_0x28         0x08006380      0x8  Data  Lc  DS_Digital.o [1]
DS_Digital_0x29         0x08006388      0x8  Data  Lc  DS_Digital.o [1]
DS_Digital_0x2a         0x08006390      0x8  Data  Lc  DS_Digital.o [1]
DS_Digital_0x2b         0x08006398      0x8  Data  Lc  DS_Digital.o [1]
DS_Digital_0x2c         0x080063a0      0x8  Data  Lc  DS_Digital.o [1]
DS_Digital_0x2d         0x080063a8      0x8  Data  Lc  DS_Digital.o [1]
DS_Digital_0x2e         0x080063b0      0x8  Data  Lc  DS_Digital.o [1]
DS_Digital_0x2f         0x080063b8      0x8  Data  Lc  DS_Digital.o [1]
DS_Digital_0x30         0x080063c0      0x8  Data  Lc  DS_Digital.o [1]
DS_Digital_0x31         0x080063c8      0x8  Data  Lc  DS_Digital.o [1]
DS_Digital_0x32         0x080063d0      0x8  Data  Lc  DS_Digital.o [1]
DS_Digital_0x33         0x080063d8      0x8  Data  Lc  DS_Digital.o [1]
DS_Digital_0x34         0x080063e0      0x8  Data  Lc  DS_Digital.o [1]
DS_Digital_0x35         0x080063e8      0x8  Data  Lc  DS_Digital.o [1]
DS_Digital_0x36         0x080063f0      0x8  Data  Lc  DS_Digital.o [1]
DS_Digital_0x37         0x080063f8      0x8  Data  Lc  DS_Digital.o [1]
DS_Digital_0x38         0x08006400      0x8  Data  Lc  DS_Digital.o [1]
DS_Digital_0x39         0x08006408      0x8  Data  Lc  DS_Digital.o [1]
DS_Digital_0x3a         0x08006410      0x8  Data  Lc  DS_Digital.o [1]
DS_Digital_0x3b         0x08006418      0x8  Data  Lc  DS_Digital.o [1]
DS_Digital_0x3c         0x08006420      0x8  Data  Lc  DS_Digital.o [1]
DS_Digital_0x3d         0x08006428      0x8  Data  Lc  DS_Digital.o [1]
DS_Digital_0x3e         0x08006430      0x8  Data  Lc  DS_Digital.o [1]
DS_Digital_0x3f         0x08006438      0x8  Data  Lc  DS_Digital.o [1]
DS_Digital_0x40         0x08006440      0x8  Data  Lc  DS_Digital.o [1]
DS_Digital_0x41         0x08006448      0x8  Data  Lc  DS_Digital.o [1]
DS_Digital_0x42         0x08006450      0x8  Data  Lc  DS_Digital.o [1]
DS_Digital_0x43         0x08006458      0x8  Data  Lc  DS_Digital.o [1]
DS_Digital_Small        0x080065b8      0x8  Data  Gb  DS_Digital_Small.o [1]
DS_Digital_Small_0x20   0x08006468      0x8  Data  Lc  DS_Digital_Small.o [1]
DS_Digital_Small_0x21   0x08006470      0x8  Data  Lc  DS_Digital_Small.o [1]
DS_Digital_Small_0x22   0x08006478      0x8  Data  Lc  DS_Digital_Small.o [1]
DS_Digital_Small_0x23   0x08006480      0x8  Data  Lc  DS_Digital_Small.o [1]
DS_Digital_Small_0x24   0x08006488      0x8  Data  Lc  DS_Digital_Small.o [1]
DS_Digital_Small_0x25   0x08006490      0x8  Data  Lc  DS_Digital_Small.o [1]
DS_Digital_Small_0x26   0x08006498      0x8  Data  Lc  DS_Digital_Small.o [1]
DS_Digital_Small_0x27   0x080064a8      0x8  Data  Lc  DS_Digital_Small.o [1]
DS_Digital_Small_0x28   0x080064b8      0x8  Data  Lc  DS_Digital_Small.o [1]
DS_Digital_Small_0x29   0x080064c8      0x8  Data  Lc  DS_Digital_Small.o [1]
DS_Digital_Small_0x2a   0x080064d8      0x8  Data  Lc  DS_Digital_Small.o [1]
DS_Digital_Small_0x2b   0x080064e8      0x8  Data  Lc  DS_Digital_Small.o [1]
DS_Digital_Small_0x2c   0x080064f8      0x8  Data  Lc  DS_Digital_Small.o [1]
DS_Digital_Small_0x2d   0x08006500      0x8  Data  Lc  DS_Digital_Small.o [1]
DS_Digital_Small_0x2e   0x08006508      0x8  Data  Lc  DS_Digital_Small.o [1]
DS_Digital_Small_0x2f   0x08006510      0x8  Data  Lc  DS_Digital_Small.o [1]
DS_Digital_Small_0x30   0x08006518      0x8  Data  Lc  DS_Digital_Small.o [1]
DS_Digital_Small_0x31   0x08006520      0x8  Data  Lc  DS_Digital_Small.o [1]
DS_Digital_Small_0x32   0x08006528      0x8  Data  Lc  DS_Digital_Small.o [1]
DS_Digital_Small_0x33   0x08006530      0x8  Data  Lc  DS_Digital_Small.o [1]
DS_Digital_Small_0x34   0x08006538      0x8  Data  Lc  DS_Digital_Small.o [1]
DS_Digital_Small_0x35   0x08006540      0x8  Data  Lc  DS_Digital_Small.o [1]
DS_Digital_Small_0x36   0x08006548      0x8  Data  Lc  DS_Digital_Small.o [1]
DS_Digital_Small_0x37   0x08006550      0x8  Data  Lc  DS_Digital_Small.o [1]
DS_Digital_Small_0x38   0x08006558      0x8  Data  Lc  DS_Digital_Small.o [1]
DS_Digital_Small_0x39   0x08006560      0x8  Data  Lc  DS_Digital_Small.o [1]
DS_Digital_Small_0x3a   0x08006568      0x8  Data  Lc  DS_Digital_Small.o [1]
DS_Digital_Small_0x3b   0x08006570      0x8  Data  Lc  DS_Digital_Small.o [1]
DS_Digital_Small_0x3c   0x08006578      0x8  Data  Lc  DS_Digital_Small.o [1]
DS_Digital_Small_0x3d   0x08006580      0x8  Data  Lc  DS_Digital_Small.o [1]
DS_Digital_Small_0x3e   0x08006588      0x8  Data  Lc  DS_Digital_Small.o [1]
DS_Digital_Small_0x3f   0x08006590      0x8  Data  Lc  DS_Digital_Small.o [1]
DS_Digital_Small_0x40   0x08006598      0x8  Data  Lc  DS_Digital_Small.o [1]
DS_Digital_Small_0x41   0x080065a0      0x8  Data  Lc  DS_Digital_Small.o [1]
DS_Digital_Small_0x42   0x080065a8      0x8  Data  Lc  DS_Digital_Small.o [1]
DS_Digital_Small_0x43   0x080065b0      0x8  Data  Lc  DS_Digital_Small.o [1]
DS_Digital_Small_array  0x08003184    0x120  Data  Lc  DS_Digital_Small.o [1]
DS_Digital_array        0x080034b8     0xf8  Data  Lc  DS_Digital.o [1]
MCU_init                0x080035b1     0xe4  Code  Gb  mcu.o [1]
OS_init                 0x08004c09     0x1e  Code  Gb  OS.o [1]
PendSV_Handler          0x080017fd           Code  Gb  portasm.o [1]
Region$$Table$$Base     0x08005c94            --   Gb  - Linker created -
Region$$Table$$Limit    0x08005cb8            --   Gb  - Linker created -
SPI1_IRQHandler         0x08002293      0xc  Code  Gb  spiF4.o [1]
SPI5_IRQHandler         0x080022d7      0xc  Code  Gb  spiF4.o [1]
SVC_Handler             0x08001855           Code  Gb  portasm.o [1]
SysTick_Handler         0x080012d7     0x28  Code  Gb  port.o [1]
SystemCoreClock         0x20000004      0x4  Data  Gb  system_stm32f4xx.o [1]
SystemCoreClockUpdate   0x080032f1     0x9a  Code  Gb  system_stm32f4xx.o [1]
SystemInit              0x080032a5     0x4c  Code  Gb  system_stm32f4xx.o [1]
UI_MainWindowRendering  0x080033bd     0xe0  Code  Gb  UI.o [1]
__NVIC_EnableIRQ        0x08002251     0x1c  Code  Lc  spiF4.o [1]
__NVIC_SetPriority      0x0800226d     0x26  Code  Lc  spiF4.o [1]
__aeabi_assert          0x08002759     0x24  Code  Gb  ABIassert.o [6]
__aeabi_memcpy          0x080021a9           Code  Gb  ABImemcpy.o [5]
__aeabi_memcpy4         0x080021c9           Code  Gb  ABImemcpy.o [5]
__aeabi_memcpy8         0x080021c9           Code  Gb  ABImemcpy.o [5]
__aeabi_memset          0x08001031           Code  Gb  ABImemset.o [5]
__cmain                 0x08005cb9           Code  Gb  cmain.o [5]
__exit                  0x08002785     0x14  Code  Gb  exit.o [6]
__iar_Memset            0x08001031           Code  Gb  ABImemset.o [5]
__iar_Memset_word       0x08001039           Code  Gb  ABImemset.o [5]
__iar_copy_init3        0x0800543d     0x2c  Code  Gb  copy_init3.o [5]
__iar_data_init3        0x08005469     0x28  Code  Gb  data_init.o [5]
__iar_init_vfp          0x08005c71           Code  Gb  fpinit_M.o [4]
__iar_program_start     0x08006055           Code  Gb  cstartup_M.o [5]
__iar_systems$$module {Abs}
                        0x00000001           Data  Gb  command line/config [2]
__iar_zero_init3        0x0800525d     0x40  Code  Gb  zero_init3.o [5]
__low_level_init        0x08005cd3      0x4  Code  Gb  low_level_init.o [3]
__vector_table          0x08000000           Data  Gb  startup_stm32f427xx.o [1]
_call_main              0x08005cc5           Code  Gb  cmain.o [5]
_exit                   0x08005ced           Code  Gb  cexit.o [5]
_main                   0x08005ccf           Code  Gb  cmain.o [5]
abort                   0x0800277d      0x6  Code  Gb  abort.o [3]
buttonClearPressed      0x08004aa1      0xe  Code  Gb  button.o [1]
buttonInit              0x08004a21     0x2a  Code  Gb  button.o [1]
buttonScan              0x08004a4b     0x56  Code  Gb  button.o [1]
enReadVal               0x0800300d     0x38  Code  Gb  encoders.o [1]
enWriteVal              0x08003045     0x30  Code  Gb  encoders.o [1]
encoderPannel           0x20012cd4     0x14  Data  Gb  encoderPannel.o [1]
encoderUpdate           0x08003075    0x10c  Code  Gb  encoders.o [1]
exit                    0x08005ce7      0x4  Code  Gb  exit.o [3]
gpioAfInit              0x08002f83     0x80  Code  Gb  gpio.o [1]
gpioInit                0x08002edd     0xa6  Code  Gb  gpio.o [1]
hard_init               0x08004c39      0xc  Code  Gb  hard.o [1]
ili9341_ColumnAddressSet
                        0x08002d53     0x1e  Code  Lc  ili9341.o [1]
ili9341_Init            0x08002cc9     0x8a  Code  Gb  ili9341.o [1]
ili9341_InitCommunication
                        0x08002e09     0x6a  Code  Gb  ili9341_spi_discovery.o [1]
ili9341_PageAddressSet  0x08002d71     0x1e  Code  Lc  ili9341.o [1]
ili9341_Reset           0x08002df5      0xa  Code  Gb  ili9341.o [1]
ili9341_SetOrientation  0x08002d95     0x3e  Code  Gb  ili9341.o [1]
ili9341_SetRegion       0x08002dd3     0x22  Code  Gb  ili9341.o [1]
ili9341_WriteCommand    0x08002e9f     0x26  Code  Gb  ili9341_spi_discovery.o [1]
ili9341_WriteData       0x08002e73     0x18  Code  Gb  ili9341_spi_discovery.o [1]
ili9341_WriteData_16    0x08002e8b     0x14  Code  Gb  ili9341_spi_discovery.o [1]
ili9341_displayOn       0x08002dff      0xa  Code  Gb  ili9341.o [1]
image_data_Arial_0x20   0x08005d28     0x14  Data  Lc  Arial.o [1]
image_data_Arial_0x21   0x08005d3c     0x14  Data  Lc  Arial.o [1]
image_data_Arial_0x22   0x08005d50     0x14  Data  Lc  Arial.o [1]
image_data_Arial_0x23   0x08005490     0x24  Data  Lc  Arial.o [1]
image_data_Arial_0x24   0x080054b4     0x24  Data  Lc  Arial.o [1]
image_data_Arial_0x25   0x080054d8     0x24  Data  Lc  Arial.o [1]
image_data_Arial_0x26   0x080054fc     0x24  Data  Lc  Arial.o [1]
image_data_Arial_0x27   0x08005d64     0x14  Data  Lc  Arial.o [1]
image_data_Arial_0x28   0x08005d78     0x14  Data  Lc  Arial.o [1]
image_data_Arial_0x29   0x08005d8c     0x14  Data  Lc  Arial.o [1]
image_data_Arial_0x2a   0x08005da0     0x14  Data  Lc  Arial.o [1]
image_data_Arial_0x2b   0x08005520     0x24  Data  Lc  Arial.o [1]
image_data_Arial_0x2c   0x08005db4     0x14  Data  Lc  Arial.o [1]
image_data_Arial_0x2d   0x08005dc8     0x14  Data  Lc  Arial.o [1]
image_data_Arial_0x2e   0x08005ddc     0x14  Data  Lc  Arial.o [1]
image_data_Arial_0x2f   0x08005df0     0x14  Data  Lc  Arial.o [1]
image_data_Arial_0x30   0x08005544     0x24  Data  Lc  Arial.o [1]
image_data_Arial_0x31   0x08005568     0x24  Data  Lc  Arial.o [1]
image_data_Arial_0x32   0x0800558c     0x24  Data  Lc  Arial.o [1]
image_data_Arial_0x33   0x080055b0     0x24  Data  Lc  Arial.o [1]
image_data_Arial_0x34   0x080055d4     0x24  Data  Lc  Arial.o [1]
image_data_Arial_0x35   0x080055f8     0x24  Data  Lc  Arial.o [1]
image_data_Arial_0x36   0x0800561c     0x24  Data  Lc  Arial.o [1]
image_data_Arial_0x37   0x08005640     0x24  Data  Lc  Arial.o [1]
image_data_Arial_0x38   0x08005664     0x24  Data  Lc  Arial.o [1]
image_data_Arial_0x39   0x08005688     0x24  Data  Lc  Arial.o [1]
image_data_Arial_0x3a   0x08005e04     0x14  Data  Lc  Arial.o [1]
image_data_Arial_0x3b   0x08005e18     0x14  Data  Lc  Arial.o [1]
image_data_Arial_0x3c   0x080056ac     0x24  Data  Lc  Arial.o [1]
image_data_Arial_0x3d   0x080056d0     0x24  Data  Lc  Arial.o [1]
image_data_Arial_0x3e   0x080056f4     0x24  Data  Lc  Arial.o [1]
image_data_Arial_0x3f   0x08005718     0x24  Data  Lc  Arial.o [1]
image_data_Arial_0x40   0x0800573c     0x24  Data  Lc  Arial.o [1]
image_data_Arial_0x41   0x08005760     0x24  Data  Lc  Arial.o [1]
image_data_Arial_0x42   0x08005784     0x24  Data  Lc  Arial.o [1]
image_data_Arial_0x43   0x080057a8     0x24  Data  Lc  Arial.o [1]
image_data_Arial_0x44   0x080057cc     0x24  Data  Lc  Arial.o [1]
image_data_Arial_0x45   0x080057f0     0x24  Data  Lc  Arial.o [1]
image_data_Arial_0x46   0x08005814     0x24  Data  Lc  Arial.o [1]
image_data_Arial_0x47   0x08005838     0x24  Data  Lc  Arial.o [1]
image_data_Arial_0x48   0x0800585c     0x24  Data  Lc  Arial.o [1]
image_data_Arial_0x49   0x08005e2c     0x14  Data  Lc  Arial.o [1]
image_data_Arial_0x4a   0x08005e40     0x14  Data  Lc  Arial.o [1]
image_data_Arial_0x4b   0x08005880     0x24  Data  Lc  Arial.o [1]
image_data_Arial_0x4c   0x080058a4     0x24  Data  Lc  Arial.o [1]
image_data_Arial_0x4d   0x080058c8     0x24  Data  Lc  Arial.o [1]
image_data_Arial_0x4e   0x080058ec     0x24  Data  Lc  Arial.o [1]
image_data_Arial_0x4f   0x08005910     0x24  Data  Lc  Arial.o [1]
image_data_Arial_0x50   0x08005934     0x24  Data  Lc  Arial.o [1]
image_data_Arial_0x51   0x08005958     0x24  Data  Lc  Arial.o [1]
image_data_Arial_0x52   0x0800597c     0x24  Data  Lc  Arial.o [1]
image_data_Arial_0x53   0x080059a0     0x24  Data  Lc  Arial.o [1]
image_data_Arial_0x54   0x080059c4     0x24  Data  Lc  Arial.o [1]
image_data_Arial_0x55   0x080059e8     0x24  Data  Lc  Arial.o [1]
image_data_Arial_0x56   0x08005a0c     0x24  Data  Lc  Arial.o [1]
image_data_Arial_0x57   0x08005a30     0x24  Data  Lc  Arial.o [1]
image_data_Arial_0x58   0x08005a54     0x24  Data  Lc  Arial.o [1]
image_data_Arial_0x59   0x08005a78     0x24  Data  Lc  Arial.o [1]
image_data_Arial_0x5a   0x08005a9c     0x24  Data  Lc  Arial.o [1]
image_data_Arial_0x5b   0x08005e54     0x14  Data  Lc  Arial.o [1]
image_data_Arial_0x5c   0x08005e68     0x14  Data  Lc  Arial.o [1]
image_data_Arial_0x5d   0x08005e7c     0x14  Data  Lc  Arial.o [1]
image_data_Arial_0x5e   0x08005e90     0x14  Data  Lc  Arial.o [1]
image_data_Arial_0x5f   0x08005ac0     0x24  Data  Lc  Arial.o [1]
image_data_Arial_0x60   0x08005ea4     0x14  Data  Lc  Arial.o [1]
image_data_Arial_0x61   0x08005ae4     0x24  Data  Lc  Arial.o [1]
image_data_Arial_0x62   0x08005b08     0x24  Data  Lc  Arial.o [1]
image_data_Arial_0x63   0x08005eb8     0x14  Data  Lc  Arial.o [1]
image_data_Arial_0x64   0x08005b2c     0x24  Data  Lc  Arial.o [1]
image_data_Arial_0x65   0x08005b50     0x24  Data  Lc  Arial.o [1]
image_data_Arial_0x66   0x08005ecc     0x14  Data  Lc  Arial.o [1]
image_data_Arial_0x67   0x08005b74     0x24  Data  Lc  Arial.o [1]
image_data_Arial_0x68   0x08005ee0     0x14  Data  Lc  Arial.o [1]
image_data_Arial_0x69   0x08005ef4     0x14  Data  Lc  Arial.o [1]
image_data_Arial_0x6a   0x08005f08     0x14  Data  Lc  Arial.o [1]
image_data_Arial_0x6b   0x08005f1c     0x14  Data  Lc  Arial.o [1]
image_data_Arial_0x6c   0x08005f30     0x14  Data  Lc  Arial.o [1]
image_data_Arial_0x6d   0x08005b98     0x24  Data  Lc  Arial.o [1]
image_data_Arial_0x6e   0x08005f44     0x14  Data  Lc  Arial.o [1]
image_data_Arial_0x6f   0x08005bbc     0x24  Data  Lc  Arial.o [1]
image_data_Arial_0x70   0x08005be0     0x24  Data  Lc  Arial.o [1]
image_data_Arial_0x71   0x08005c04     0x24  Data  Lc  Arial.o [1]
image_data_Arial_0x72   0x08005f58     0x14  Data  Lc  Arial.o [1]
image_data_Arial_0x73   0x08005f6c     0x14  Data  Lc  Arial.o [1]
image_data_Arial_0x74   0x08005f80     0x14  Data  Lc  Arial.o [1]
image_data_Arial_0x75   0x08005f94     0x14  Data  Lc  Arial.o [1]
image_data_Arial_0x76   0x08005fa8     0x14  Data  Lc  Arial.o [1]
image_data_Arial_0x77   0x08005c28     0x24  Data  Lc  Arial.o [1]
image_data_Arial_0x78   0x08005fbc     0x14  Data  Lc  Arial.o [1]
image_data_Arial_0x79   0x08005fd0     0x14  Data  Lc  Arial.o [1]
image_data_Arial_0x7a   0x08005fe4     0x14  Data  Lc  Arial.o [1]
image_data_Arial_0x7b   0x08005ff8     0x14  Data  Lc  Arial.o [1]
image_data_Arial_0x7c   0x0800600c     0x14  Data  Lc  Arial.o [1]
image_data_Arial_0x7d   0x08006020     0x14  Data  Lc  Arial.o [1]
image_data_Arial_0x7e   0x08005c4c     0x24  Data  Lc  Arial.o [1]
image_data_DS_Digital_0x25
                        0x08003694     0xd4  Data  Lc  DS_Digital.o [1]
image_data_DS_Digital_0x26
                        0x08003768     0xa0  Data  Lc  DS_Digital.o [1]
image_data_DS_Digital_0x27
                        0x08006370      0x8  Data  Lc  DS_Digital.o [1]
image_data_DS_Digital_0x28
                        0x08003808     0xa0  Data  Lc  DS_Digital.o [1]
image_data_DS_Digital_0x29
                        0x080038a8     0xa0  Data  Lc  DS_Digital.o [1]
image_data_DS_Digital_0x2a
                        0x08003948     0xa0  Data  Lc  DS_Digital.o [1]
image_data_DS_Digital_0x2b
                        0x080039e8     0xa0  Data  Lc  DS_Digital.o [1]
image_data_DS_Digital_0x2c
                        0x08003a88     0xa0  Data  Lc  DS_Digital.o [1]
image_data_DS_Digital_0x2d
                        0x08003b28     0xa0  Data  Lc  DS_Digital.o [1]
image_data_DS_Digital_0x2e
                        0x08003bc8     0xa0  Data  Lc  DS_Digital.o [1]
image_data_DS_Digital_0x2f
                        0x08003c68     0xa0  Data  Lc  DS_Digital.o [1]
image_data_DS_Digital_0x30
                        0x08003d08     0xa0  Data  Lc  DS_Digital.o [1]
image_data_DS_Digital_0x31
                        0x08003da8     0xa0  Data  Lc  DS_Digital.o [1]
image_data_DS_Digital_0x32
                        0x08003e48     0xa0  Data  Lc  DS_Digital.o [1]
image_data_DS_Digital_0x33
                        0x08003ee8     0xa0  Data  Lc  DS_Digital.o [1]
image_data_DS_Digital_0x34
                        0x08003f88     0xa0  Data  Lc  DS_Digital.o [1]
image_data_DS_Digital_0x35
                        0x08004028     0xa0  Data  Lc  DS_Digital.o [1]
image_data_DS_Digital_0x36
                        0x080040c8     0xa0  Data  Lc  DS_Digital.o [1]
image_data_DS_Digital_0x37
                        0x08004168     0xa0  Data  Lc  DS_Digital.o [1]
image_data_DS_Digital_0x38
                        0x08004208     0xa0  Data  Lc  DS_Digital.o [1]
image_data_DS_Digital_0x39
                        0x080042a8     0xa0  Data  Lc  DS_Digital.o [1]
image_data_DS_Digital_0x3a
                        0x08004348     0xa0  Data  Lc  DS_Digital.o [1]
image_data_DS_Digital_0x3b
                        0x080043e8     0xa0  Data  Lc  DS_Digital.o [1]
image_data_DS_Digital_0x3c
                        0x08004488     0xa0  Data  Lc  DS_Digital.o [1]
image_data_DS_Digital_0x3d
                        0x08004528     0xa0  Data  Lc  DS_Digital.o [1]
image_data_DS_Digital_0x3e
                        0x080045c8     0xa0  Data  Lc  DS_Digital.o [1]
image_data_DS_Digital_0x3f
                        0x08004668     0xa0  Data  Lc  DS_Digital.o [1]
image_data_DS_Digital_0x40
                        0x08004708     0xa0  Data  Lc  DS_Digital.o [1]
image_data_DS_Digital_0x41
                        0x080047a8     0xa0  Data  Lc  DS_Digital.o [1]
image_data_DS_Digital_0x42
                        0x08004848     0xa0  Data  Lc  DS_Digital.o [1]
image_data_DS_Digital_0x43
                        0x080048e8     0xa0  Data  Lc  DS_Digital.o [1]
image_data_DS_Digital_Small_0x20
                        0x08005020     0x48  Data  Lc  DS_Digital_Small.o [1]
image_data_DS_Digital_Small_0x21
                        0x08005068     0x48  Data  Lc  DS_Digital_Small.o [1]
image_data_DS_Digital_Small_0x22
                        0x080050b0     0x48  Data  Lc  DS_Digital_Small.o [1]
image_data_DS_Digital_Small_0x23
                        0x080050f8     0x48  Data  Lc  DS_Digital_Small.o [1]
image_data_DS_Digital_Small_0x24
                        0x08005140     0x48  Data  Lc  DS_Digital_Small.o [1]
image_data_DS_Digital_Small_0x25
                        0x08005188     0x48  Data  Lc  DS_Digital_Small.o [1]
image_data_DS_Digital_Small_0x26
                        0x080051d0     0x48  Data  Lc  DS_Digital_Small.o [1]
image_data_DS_Digital_Small_0x27
                        0x080064a0      0x8  Data  Lc  DS_Digital_Small.o [1]
image_data_DS_Digital_Small_0x28
                        0x080064b0      0x8  Data  Lc  DS_Digital_Small.o [1]
image_data_DS_Digital_Small_0x29
                        0x080064c0      0x8  Data  Lc  DS_Digital_Small.o [1]
image_data_DS_Digital_Small_0x2a
                        0x080064d0      0x8  Data  Lc  DS_Digital_Small.o [1]
image_data_DS_Digital_Small_0x2b
                        0x080064e0      0x8  Data  Lc  DS_Digital_Small.o [1]
image_data_DS_Digital_Small_0x2c
                        0x080064f0      0x8  Data  Lc  DS_Digital_Small.o [1]
image_data_DS_Digital_Small_0x2d
                        0x08004c44     0x4c  Data  Lc  DS_Digital_Small.o [1]
image_data_DS_Digital_Small_0x2e
                        0x08005cf8     0x18  Data  Lc  DS_Digital_Small.o [1]
image_data_DS_Digital_Small_0x2f
                        0x08005d10     0x18  Data  Lc  DS_Digital_Small.o [1]
image_data_DS_Digital_Small_0x30
                        0x08004c90     0x4c  Data  Lc  DS_Digital_Small.o [1]
image_data_DS_Digital_Small_0x31
                        0x08004cdc     0x4c  Data  Lc  DS_Digital_Small.o [1]
image_data_DS_Digital_Small_0x32
                        0x08004d28     0x4c  Data  Lc  DS_Digital_Small.o [1]
image_data_DS_Digital_Small_0x33
                        0x08004d74     0x4c  Data  Lc  DS_Digital_Small.o [1]
image_data_DS_Digital_Small_0x34
                        0x08004dc0     0x4c  Data  Lc  DS_Digital_Small.o [1]
image_data_DS_Digital_Small_0x35
                        0x08004e0c     0x4c  Data  Lc  DS_Digital_Small.o [1]
image_data_DS_Digital_Small_0x36
                        0x08004e58     0x4c  Data  Lc  DS_Digital_Small.o [1]
image_data_DS_Digital_Small_0x37
                        0x08004ea4     0x4c  Data  Lc  DS_Digital_Small.o [1]
image_data_DS_Digital_Small_0x38
                        0x08004ef0     0x4c  Data  Lc  DS_Digital_Small.o [1]
image_data_DS_Digital_Small_0x39
                        0x08004f3c     0x4c  Data  Lc  DS_Digital_Small.o [1]
image_data_DS_Digital_Small_0x3a
                        0x08004f88     0x4c  Data  Lc  DS_Digital_Small.o [1]
image_data_DS_Digital_Small_0x3b
                        0x08004fd4     0x4c  Data  Lc  DS_Digital_Small.o [1]
image_data_DS_Digital_Small_0x3c
                        0x0800529c     0x34  Data  Lc  DS_Digital_Small.o [1]
image_data_DS_Digital_Small_0x3d
                        0x080052d0     0x34  Data  Lc  DS_Digital_Small.o [1]
image_data_DS_Digital_Small_0x3e
                        0x08005304     0x34  Data  Lc  DS_Digital_Small.o [1]
image_data_DS_Digital_Small_0x3f
                        0x08005338     0x34  Data  Lc  DS_Digital_Small.o [1]
image_data_DS_Digital_Small_0x40
                        0x0800536c     0x34  Data  Lc  DS_Digital_Small.o [1]
image_data_DS_Digital_Small_0x41
                        0x080053a0     0x34  Data  Lc  DS_Digital_Small.o [1]
image_data_DS_Digital_Small_0x42
                        0x080053d4     0x34  Data  Lc  DS_Digital_Small.o [1]
image_data_DS_Digital_Small_0x43
                        0x08005408     0x34  Data  Lc  DS_Digital_Small.o [1]
initTsk                 0x08004be5     0x24  Code  Gb  OS.o [1]
keyboard                0x20012cbc     0x18  Data  Gb  keyboard.o [1]
keyboardClearAllPress   0x080049c3     0x16  Code  Gb  keyboard.o [1]
keyboardInit            0x08004989     0x3a  Code  Gb  keyboard.o [1]
keyboardScan            0x080049d9     0x34  Code  Gb  keyboard.o [1]
lcd_Char                0x08002a91    0x110  Code  Gb  lcd.o [1]
lcd_DrawBackground      0x08002cc5      0x2  Code  Gb  lcd.o [1]
lcd_FastHLine           0x08002c31     0x2e  Code  Gb  lcd.o [1]
lcd_FastVLine           0x08002c03     0x2e  Code  Gb  lcd.o [1]
lcd_FillRect            0x08002bcd     0x36  Code  Gb  lcd.o [1]
lcd_Rect                0x08002c5f     0x66  Code  Gb  lcd.o [1]
lcd_String              0x08002ba1     0x2c  Code  Gb  lcd.o [1]
main                    0x08005cd7     0x10  Code  Gb  main.o [1]
mainTsk                 0x08004ab1     0x84  Code  Gb  mainTSK.o [1]
orientation             0x20012de0      0x1  Data  Gb  ili9341.o [1]
pcInterruptPriorityRegisters
                        0x08006614      0x4  Data  Lc  port.o [1]
prvAddCurrentTaskToDelayedList
                        0x08000d1d     0x7c  Code  Lc  tasks.o [1]
prvAddNewTaskToReadyList
                        0x080002d9     0xc2  Code  Lc  tasks.o [1]
prvCheckForValidListAndQueue
                        0x08001789     0x4c  Code  Lc  timers.o [1]
prvCheckTasksWaitingTermination
                        0x080009ef     0x48  Code  Lc  tasks.o [1]
prvCopyDataFromQueue    0x08002063     0x2a  Code  Lc  queue.o [1]
prvCopyDataToQueue      0x08001fdd     0x86  Code  Lc  queue.o [1]
prvDeleteTCB            0x08000a37     0x12  Code  Lc  tasks.o [1]
prvGetDisinheritPriorityAfterTimeout
                        0x08001fc9     0x14  Code  Lc  queue.o [1]
prvGetNextExpireTime    0x08001567     0x26  Code  Lc  timers.o [1]
prvHeapInit             0x08000f59     0x62  Code  Lc  heap_4.o [1]
prvIdleTask             0x08000969     0x24  Code  Lc  tasks.o [1]
prvInitialiseNewQueue   0x0800198d     0x22  Code  Lc  queue.o [1]
prvInitialiseNewTask    0x08000217     0xc2  Code  Lc  tasks.o [1]
prvInitialiseTaskLists  0x08000995     0x5a  Code  Lc  tasks.o [1]
prvInsertBlockIntoFreeList
                        0x08000fbb     0x58  Code  Lc  heap_4.o [1]
prvInsertTimerInActiveList
                        0x080015b5     0x3e  Code  Lc  timers.o [1]
prvIsQueueEmpty         0x080020fb     0x1c  Code  Lc  queue.o [1]
prvIsQueueFull          0x08002117     0x1e  Code  Lc  queue.o [1]
prvProcessExpiredTimer  0x08001471     0x6c  Code  Lc  timers.o [1]
prvProcessReceivedCommands
                        0x080015f3    0x116  Code  Lc  timers.o [1]
prvProcessTimerOrBlockTask
                        0x080014f5     0x72  Code  Lc  timers.o [1]
prvResetNextTaskUnblockTime
                        0x08000a49     0x28  Code  Lc  tasks.o [1]
prvSampleTimeNow        0x0800158d     0x28  Code  Lc  timers.o [1]
prvSampleTimeNow::xLastTime
                        0x20012ddc      0x4  Data  Lc  timers.o [1]
prvSwitchTimerLists     0x08001709     0x80  Code  Lc  timers.o [1]
prvTaskExitError        0x08001159     0x2a  Code  Lc  port.o [1]
prvTimerTask            0x080014e1     0x14  Code  Lc  timers.o [1]
prvUnlockQueue          0x0800208d     0x6e  Code  Lc  queue.o [1]
pvPortMalloc            0x08000dd5    0x10e  Code  Gb  heap_4.o [1]
pvTaskIncrementMutexHeldCount
                        0x08000ce1     0x1e  Code  Gb  tasks.o [1]
pxCurrentTCB            0x20012d90      0x4  Data  Gb  tasks.o [1]
pxCurrentTimerList      0x20012dcc      0x4  Data  Lc  timers.o [1]
pxDelayedTaskList       0x20012d94      0x4  Data  Lc  tasks.o [1]
pxEnd                   0x20012d7c      0x4  Data  Lc  heap_4.o [1]
pxOverflowDelayedTaskList
                        0x20012d98      0x4  Data  Lc  tasks.o [1]
pxOverflowTimerList     0x20012dd0      0x4  Data  Lc  timers.o [1]
pxPortInitialiseStack   0x08001131     0x28  Code  Gb  port.o [1]
pxReadyTasksLists       0x20012c48     0x3c  Data  Lc  tasks.o [1]
spi1                    0x20012c84     0x1c  Data  Gb  spiF4.o [1]
spi5                    0x20012ca0     0x1c  Data  Gb  spiF4.o [1]
spiInit                 0x080023db    0x33a  Code  Gb  spiF4.o [1]
spiTxByte               0x08002393     0x48  Code  Gb  spiF4.o [1]
spi_DmaTxIrqHandler     0x080022e3     0x3e  Code  Gb  spiF4.o [1]
spi_IrqHandler          0x08002321     0x72  Code  Gb  spiF4.o [1]
ucHeap                  0x20000008  0x12c00  Data  Lc  heap_4.o [1]
ucMaxSysCallPriority    0x20012de1      0x1  Data  Lc  port.o [1]
ui                      0x08005218     0x44  Data  Lc  UI.o [1]
ulMaxPRIGROUPValue      0x20012d8c      0x4  Data  Lc  port.o [1]
uxCriticalNesting       0x20000000      0x4  Data  Lc  port.o [1]
uxCurrentNumberOfTasks  0x20012da0      0x4  Data  Lc  tasks.o [1]
uxDeletedTasksWaitingCleanUp
                        0x20012d9c      0x4  Data  Lc  tasks.o [1]
uxListRemove            0x08001109     0x26  Code  Gb  list.o [1]
uxPendedTicks           0x20012db0      0x4  Data  Lc  tasks.o [1]
uxSchedulerSuspended    0x20012dc8      0x4  Data  Lc  tasks.o [1]
uxTaskNumber            0x20012dbc      0x4  Data  Lc  tasks.o [1]
uxTopReadyPriority      0x20012da8      0x4  Data  Lc  tasks.o [1]
vListInitialise         0x08001097     0x1e  Code  Gb  list.o [1]
vListInitialiseItem     0x080010b5      0x6  Code  Gb  list.o [1]
vListInsert             0x080010d3     0x36  Code  Gb  list.o [1]
vListInsertEnd          0x080010bb     0x18  Code  Gb  list.o [1]
vPortEnableVFP          0x08001891           Code  Gb  portasm.o [1]
vPortEnterCritical      0x0800126b     0x3a  Code  Gb  port.o [1]
vPortExitCritical       0x080012a5     0x32  Code  Gb  port.o [1]
vPortFree               0x08000ee3     0x76  Code  Gb  heap_4.o [1]
vPortStartFirstTask     0x08001871           Code  Gb  portasm.o [1]
vPortValidateInterruptPriority
                        0x08001301     0x4a  Code  Gb  port.o [1]
vQueueAddToRegistry     0x08002135     0x24  Code  Gb  queue.o [1]
vQueueWaitForMessageRestricted
                        0x0800215d     0x4a  Code  Gb  queue.o [1]
vTaskDelete             0x0800039b     0xe0  Code  Gb  tasks.o [1]
vTaskInternalSetTimeOutState
                        0x080008bf     0x12  Code  Gb  tasks.o [1]
vTaskMissedYield        0x0800095f      0xa  Code  Gb  tasks.o [1]
vTaskPlaceOnEventList   0x0800077f     0x2e  Code  Gb  tasks.o [1]
vTaskPlaceOnEventListRestricted
                        0x080007c5     0x38  Code  Gb  tasks.o [1]
vTaskPriorityDisinheritAfterTimeout
                        0x08000c19     0xc8  Code  Gb  tasks.o [1]
vTaskSetTimeOutState    0x0800088d     0x32  Code  Gb  tasks.o [1]
vTaskStartScheduler     0x0800047b     0x6e  Code  Gb  tasks.o [1]
vTaskSuspendAll         0x080004e9     0x10  Code  Gb  tasks.o [1]
vTaskSwitchContext      0x08000711     0x6e  Code  Gb  tasks.o [1]
xActiveTimerList1       0x20012d4c     0x14  Data  Lc  timers.o [1]
xActiveTimerList2       0x20012d60     0x14  Data  Lc  timers.o [1]
xBlockAllocatedBit      0x20012d88      0x4  Data  Lc  heap_4.o [1]
xDelayedTaskList1       0x20012ce8     0x14  Data  Lc  tasks.o [1]
xDelayedTaskList2       0x20012cfc     0x14  Data  Lc  tasks.o [1]
xFreeBytesRemaining     0x20012d80      0x4  Data  Lc  heap_4.o [1]
xHeapStructSize         0x08006610      0x4  Data  Lc  heap_4.o [1]
xIdleTaskHandle         0x20012dc4      0x4  Data  Lc  tasks.o [1]
xMinimumEverFreeBytesRemaining
                        0x20012d84      0x4  Data  Lc  heap_4.o [1]
xNextTaskUnblockTime    0x20012dc0      0x4  Data  Lc  tasks.o [1]
xNumOfOverflows         0x20012db8      0x4  Data  Lc  tasks.o [1]
xPendingReadyList       0x20012d10     0x14  Data  Lc  tasks.o [1]
xPortStartScheduler     0x08001183     0xe8  Code  Gb  port.o [1]
xQueueGenericCreate     0x08001943     0x4a  Code  Gb  queue.o [1]
xQueueGenericReset      0x080018ad     0x96  Code  Gb  queue.o [1]
xQueueGenericSend       0x080019af    0x196  Code  Gb  queue.o [1]
xQueueGenericSendFromISR
                        0x08001b45     0xdc  Code  Gb  queue.o [1]
xQueueGiveFromISR       0x08001c21     0xb4  Code  Gb  queue.o [1]
xQueueReceive           0x08001cd5    0x15a  Code  Gb  queue.o [1]
xQueueRegistry          0x20012c08     0x40  Data  Gb  queue.o [1]
xQueueSemaphoreTake     0x08001e2f    0x196  Code  Gb  queue.o [1]
xSchedulerRunning       0x20012dac      0x4  Data  Lc  tasks.o [1]
xStart                  0x20012d74      0x8  Data  Lc  heap_4.o [1]
xSuspendedTaskList      0x20012d38     0x14  Data  Lc  tasks.o [1]
xTaskCheckForTimeOut    0x080008dd     0x82  Code  Gb  tasks.o [1]
xTaskCreate             0x080001ad     0x6a  Code  Gb  tasks.o [1]
xTaskGetSchedulerState  0x08000a71     0x20  Code  Gb  tasks.o [1]
xTaskGetTickCount       0x080005f3      0x8  Code  Gb  tasks.o [1]
xTaskIncrementTick      0x080005fb    0x116  Code  Gb  tasks.o [1]
xTaskPriorityDisinherit
                        0x08000b53     0xb6  Code  Gb  tasks.o [1]
xTaskPriorityInherit    0x08000a91     0xc2  Code  Gb  tasks.o [1]
xTaskRemoveFromEventList
                        0x080007fd     0x84  Code  Gb  tasks.o [1]
xTaskResumeAll          0x080004f9     0xfa  Code  Gb  tasks.o [1]
xTasksWaitingTermination
                        0x20012d24     0x14  Data  Lc  tasks.o [1]
xTickCount              0x20012da4      0x4  Data  Lc  tasks.o [1]
xTimerCreateTimerTask   0x080013b5     0x48  Code  Gb  timers.o [1]
xTimerGenericCommand    0x080013fd     0x74  Code  Gb  timers.o [1]
xTimerQueue             0x20012dd4      0x4  Data  Lc  timers.o [1]
xTimerTaskHandle        0x20012dd8      0x4  Data  Lc  timers.o [1]
xYieldPending           0x20012db4      0x4  Data  Lc  tasks.o [1]


[1] = C:\Users\Ernst\Documents\Repositories\eSolder\Fwm\fwm_eSolder\projects\iar\STM32F427_Debug\Obj
[2] = command line
[3] = dl7M_tln.a
[4] = m7M_tls.a
[5] = rt7M_tl.a
[6] = shb_l.a

  13 832 bytes of readonly  code memory
  12 672 bytes of readonly  data memory
  85 474 bytes of readwrite data memory

Errors: none
Warnings: none
