###############################################################################
#
# IAR ELF Linker V8.11.2.13589/W32 for ARM                22/Dec/2019  20:06:05
# Copyright 2007-2017 IAR Systems AB.
#
#    Output file  =  
#        C:\Users\Ernst\Documents\Repositories\eSolder\Fwm\fwm_eSolder\projects\iar\STM32F427_Debug\Exe\eSolder.out
#    Map file     =  
#        C:\Users\Ernst\Documents\Repositories\eSolder\Fwm\fwm_eSolder\projects\iar\STM32F427_Debug\List\eSolder.map
#    Command line =  
#        -f C:\Users\Ernst\AppData\Local\Temp\EWCAAD.tmp
#        (C:\Users\Ernst\Documents\Repositories\eSolder\Fwm\fwm_eSolder\projects\iar\STM32F427_Debug\Obj\Arial.o
#        C:\Users\Ernst\Documents\Repositories\eSolder\Fwm\fwm_eSolder\projects\iar\STM32F427_Debug\Obj\button.o
#        C:\Users\Ernst\Documents\Repositories\eSolder\Fwm\fwm_eSolder\projects\iar\STM32F427_Debug\Obj\clock.o
#        C:\Users\Ernst\Documents\Repositories\eSolder\Fwm\fwm_eSolder\projects\iar\STM32F427_Debug\Obj\Courier_New.o
#        C:\Users\Ernst\Documents\Repositories\eSolder\Fwm\fwm_eSolder\projects\iar\STM32F427_Debug\Obj\croutine.o
#        C:\Users\Ernst\Documents\Repositories\eSolder\Fwm\fwm_eSolder\projects\iar\STM32F427_Debug\Obj\DS_Digital.o
#        C:\Users\Ernst\Documents\Repositories\eSolder\Fwm\fwm_eSolder\projects\iar\STM32F427_Debug\Obj\DS_Digital_Small.o
#        C:\Users\Ernst\Documents\Repositories\eSolder\Fwm\fwm_eSolder\projects\iar\STM32F427_Debug\Obj\encoderPannel.o
#        C:\Users\Ernst\Documents\Repositories\eSolder\Fwm\fwm_eSolder\projects\iar\STM32F427_Debug\Obj\encoders.o
#        C:\Users\Ernst\Documents\Repositories\eSolder\Fwm\fwm_eSolder\projects\iar\STM32F427_Debug\Obj\event_groups.o
#        C:\Users\Ernst\Documents\Repositories\eSolder\Fwm\fwm_eSolder\projects\iar\STM32F427_Debug\Obj\gpio.o
#        C:\Users\Ernst\Documents\Repositories\eSolder\Fwm\fwm_eSolder\projects\iar\STM32F427_Debug\Obj\hard.o
#        C:\Users\Ernst\Documents\Repositories\eSolder\Fwm\fwm_eSolder\projects\iar\STM32F427_Debug\Obj\heap_4.o
#        C:\Users\Ernst\Documents\Repositories\eSolder\Fwm\fwm_eSolder\projects\iar\STM32F427_Debug\Obj\ili9341.o
#        C:\Users\Ernst\Documents\Repositories\eSolder\Fwm\fwm_eSolder\projects\iar\STM32F427_Debug\Obj\ili9341_fsmc.o
#        C:\Users\Ernst\Documents\Repositories\eSolder\Fwm\fwm_eSolder\projects\iar\STM32F427_Debug\Obj\keyboard.o
#        C:\Users\Ernst\Documents\Repositories\eSolder\Fwm\fwm_eSolder\projects\iar\STM32F427_Debug\Obj\lcd.o
#        C:\Users\Ernst\Documents\Repositories\eSolder\Fwm\fwm_eSolder\projects\iar\STM32F427_Debug\Obj\lcd_backlight.o
#        C:\Users\Ernst\Documents\Repositories\eSolder\Fwm\fwm_eSolder\projects\iar\STM32F427_Debug\Obj\list.o
#        C:\Users\Ernst\Documents\Repositories\eSolder\Fwm\fwm_eSolder\projects\iar\STM32F427_Debug\Obj\main.o
#        C:\Users\Ernst\Documents\Repositories\eSolder\Fwm\fwm_eSolder\projects\iar\STM32F427_Debug\Obj\mainTSK.o
#        C:\Users\Ernst\Documents\Repositories\eSolder\Fwm\fwm_eSolder\projects\iar\STM32F427_Debug\Obj\mcu.o
#        C:\Users\Ernst\Documents\Repositories\eSolder\Fwm\fwm_eSolder\projects\iar\STM32F427_Debug\Obj\OS.o
#        C:\Users\Ernst\Documents\Repositories\eSolder\Fwm\fwm_eSolder\projects\iar\STM32F427_Debug\Obj\port.o
#        C:\Users\Ernst\Documents\Repositories\eSolder\Fwm\fwm_eSolder\projects\iar\STM32F427_Debug\Obj\portasm.o
#        C:\Users\Ernst\Documents\Repositories\eSolder\Fwm\fwm_eSolder\projects\iar\STM32F427_Debug\Obj\queue.o
#        C:\Users\Ernst\Documents\Repositories\eSolder\Fwm\fwm_eSolder\projects\iar\STM32F427_Debug\Obj\specific_symbol.o
#        C:\Users\Ernst\Documents\Repositories\eSolder\Fwm\fwm_eSolder\projects\iar\STM32F427_Debug\Obj\spiF4.o
#        C:\Users\Ernst\Documents\Repositories\eSolder\Fwm\fwm_eSolder\projects\iar\STM32F427_Debug\Obj\startup_stm32f427xx.o
#        C:\Users\Ernst\Documents\Repositories\eSolder\Fwm\fwm_eSolder\projects\iar\STM32F427_Debug\Obj\stream_buffer.o
#        C:\Users\Ernst\Documents\Repositories\eSolder\Fwm\fwm_eSolder\projects\iar\STM32F427_Debug\Obj\system_stm32f4xx.o
#        C:\Users\Ernst\Documents\Repositories\eSolder\Fwm\fwm_eSolder\projects\iar\STM32F427_Debug\Obj\tasks.o
#        C:\Users\Ernst\Documents\Repositories\eSolder\Fwm\fwm_eSolder\projects\iar\STM32F427_Debug\Obj\timers.o
#        C:\Users\Ernst\Documents\Repositories\eSolder\Fwm\fwm_eSolder\projects\iar\STM32F427_Debug\Obj\UI.o
#        -o
#        C:\Users\Ernst\Documents\Repositories\eSolder\Fwm\fwm_eSolder\projects\iar\STM32F427_Debug\Exe\eSolder.out
#        --map
#        C:\Users\Ernst\Documents\Repositories\eSolder\Fwm\fwm_eSolder\projects\iar\STM32F427_Debug\List\eSolder.map
#        --config "C:\Program Files (x86)\IAR Systems\Embedded Workbench
#        8.0\arm\config\linker\ST\stm32f427xG.icf" --semihosting
#        C:\Users\Ernst\Documents\Repositories\eSolder\Fwm\fwm_eSolder\projects\iar\..\..\modules\IQ\IQmathLib-cm4.a
#        --entry __iar_program_start --vfe --text_out locale)
#
###############################################################################

*******************************************************************************
*** RUNTIME MODEL ATTRIBUTES
***

CppFlavor       = *
__SystemLibrary = DLib
__dlib_version  = 6


*******************************************************************************
*** HEAP SELECTION
***

The basic heap was selected because no calls to memory allocation
functions were found in the application outside of system library
functions, and there are calls to deallocation functions in the
application.


*******************************************************************************
*** PLACEMENT SUMMARY
***

"A0":  place at 0x08000000 { ro section .intvec };
"P1":  place in [from 0x08000000 to 0x080fffff] { ro };
define block CSTACK with size = 8K, alignment = 8 { };
"P3":  place in [from 0x10000000 to 0x1000ffff] {
          block CSTACK, section .ccram };
define block HEAP with size = 8K, alignment = 8 { };
"P4":  place in [from 0x20000000 to 0x2001bfff] |
                [from 0x2001c000 to 0x2001ffff] |
                [from 0x20020000 to 0x2002ffff] { rw, block HEAP };
initialize by copy { rw };

  Section            Kind        Address     Size  Object
  -------            ----        -------     ----  ------
"A0":                                       0x1ac
  .intvec            ro code  0x08000000    0x1ac  startup_stm32f427xx.o [1]
                            - 0x080001ac    0x1ac

"P1":                                      0x61fc
  .text              ro code  0x080001ac    0xa98  tasks.o [1]
  .text              ro code  0x08000c44    0x25c  heap_4.o [1]
  .text              ro code  0x08000ea0     0x66  ABImemset.o [5]
  .text              ro code  0x08000f06     0x98  list.o [1]
  .text              ro code  0x08000fa0    0x284  port.o [1]
  .text              ro code  0x08001224    0x448  timers.o [1]
  CODE               ro code  0x0800166c     0xb0  portasm.o [1]
  .text              ro code  0x0800171c    0x752  queue.o [1]
  .text              ro code  0x08001e70     0xa6  ABImemcpy.o [5]
  .rodata            const    0x08001f18    0x2f8  Arial.o [1]
  .text              ro code  0x08002210    0x27e  ili9341_fsmc.o [1]
  .text              ro code  0x08002490    0x130  gpio.o [1]
  .text              ro code  0x080025c0     0x24  ABIassert.o [6]
  .text              ro code  0x080025e4      0x6  abort.o [3]
  .text              ro code  0x080025ec     0x14  exit.o [6]
  .text              ro code  0x08002600    0x23e  lcd.o [1]
  .text              ro code  0x08002840    0x1b8  ili9341.o [1]
  .text              ro code  0x080029f8    0x178  encoders.o [1]
  .text              ro code  0x08002b70    0x134  clock.o [1]
  .text              ro code  0x08002ca4    0x118  system_stm32f4xx.o [1]
  .rodata            const    0x08002dbc    0x120  DS_Digital_Small.o [1]
  .text              ro code  0x08002edc    0x110  spiF4.o [1]
  .text              ro code  0x08002fec     0xfc  UI.o [1]
  .rodata            const    0x080030e8     0xf8  DS_Digital.o [1]
  .text              ro code  0x080031e0     0xf4  mcu.o [1]
  .rodata            const    0x080032d4     0xd4  DS_Digital.o [1]
  .rodata            const    0x080033a8     0xa0  DS_Digital.o [1]
  .rodata            const    0x08003448     0xa0  DS_Digital.o [1]
  .rodata            const    0x080034e8     0xa0  DS_Digital.o [1]
  .rodata            const    0x08003588     0xa0  DS_Digital.o [1]
  .rodata            const    0x08003628     0xa0  DS_Digital.o [1]
  .rodata            const    0x080036c8     0xa0  DS_Digital.o [1]
  .rodata            const    0x08003768     0xa0  DS_Digital.o [1]
  .rodata            const    0x08003808     0xa0  DS_Digital.o [1]
  .rodata            const    0x080038a8     0xa0  DS_Digital.o [1]
  .rodata            const    0x08003948     0xa0  DS_Digital.o [1]
  .rodata            const    0x080039e8     0xa0  DS_Digital.o [1]
  .rodata            const    0x08003a88     0xa0  DS_Digital.o [1]
  .rodata            const    0x08003b28     0xa0  DS_Digital.o [1]
  .rodata            const    0x08003bc8     0xa0  DS_Digital.o [1]
  .rodata            const    0x08003c68     0xa0  DS_Digital.o [1]
  .rodata            const    0x08003d08     0xa0  DS_Digital.o [1]
  .rodata            const    0x08003da8     0xa0  DS_Digital.o [1]
  .rodata            const    0x08003e48     0xa0  DS_Digital.o [1]
  .rodata            const    0x08003ee8     0xa0  DS_Digital.o [1]
  .rodata            const    0x08003f88     0xa0  DS_Digital.o [1]
  .rodata            const    0x08004028     0xa0  DS_Digital.o [1]
  .rodata            const    0x080040c8     0xa0  DS_Digital.o [1]
  .rodata            const    0x08004168     0xa0  DS_Digital.o [1]
  .rodata            const    0x08004208     0xa0  DS_Digital.o [1]
  .rodata            const    0x080042a8     0xa0  DS_Digital.o [1]
  .rodata            const    0x08004348     0xa0  DS_Digital.o [1]
  .rodata            const    0x080043e8     0xa0  DS_Digital.o [1]
  .rodata            const    0x08004488     0xa0  DS_Digital.o [1]
  .rodata            const    0x08004528     0xa0  DS_Digital.o [1]
  .text              ro code  0x080045c8     0x98  keyboard.o [1]
  .text              ro code  0x08004660     0x8e  button.o [1]
  .text              ro code  0x080046f0     0x84  mainTSK.o [1]
  .text              ro code  0x08004774     0x64  main.o [1]
  .text              ro code  0x080047d8     0x10  hard.o [1]
  .text              ro code  0x080047e8     0x34  lcd_backlight.o [1]
  .rodata            const    0x0800481c     0x58  gpio.o [1]
  .rodata            const    0x08004874     0x4c  DS_Digital_Small.o [1]
  .rodata            const    0x080048c0     0x4c  DS_Digital_Small.o [1]
  .rodata            const    0x0800490c     0x4c  DS_Digital_Small.o [1]
  .rodata            const    0x08004958     0x4c  DS_Digital_Small.o [1]
  .rodata            const    0x080049a4     0x4c  DS_Digital_Small.o [1]
  .rodata            const    0x080049f0     0x4c  DS_Digital_Small.o [1]
  .rodata            const    0x08004a3c     0x4c  DS_Digital_Small.o [1]
  .rodata            const    0x08004a88     0x4c  DS_Digital_Small.o [1]
  .rodata            const    0x08004ad4     0x4c  DS_Digital_Small.o [1]
  .rodata            const    0x08004b20     0x4c  DS_Digital_Small.o [1]
  .rodata            const    0x08004b6c     0x4c  DS_Digital_Small.o [1]
  .rodata            const    0x08004bb8     0x4c  DS_Digital_Small.o [1]
  .rodata            const    0x08004c04     0x4c  DS_Digital_Small.o [1]
  .rodata            const    0x08004c50     0x48  DS_Digital_Small.o [1]
  .rodata            const    0x08004c98     0x48  DS_Digital_Small.o [1]
  .rodata            const    0x08004ce0     0x48  DS_Digital_Small.o [1]
  .rodata            const    0x08004d28     0x48  DS_Digital_Small.o [1]
  .rodata            const    0x08004d70     0x48  DS_Digital_Small.o [1]
  .rodata            const    0x08004db8     0x48  DS_Digital_Small.o [1]
  .rodata            const    0x08004e00     0x48  DS_Digital_Small.o [1]
  .rodata            const    0x08004e48     0x44  UI.o [1]
  .text              ro code  0x08004e8c     0x40  zero_init3.o [5]
  .rodata            const    0x08004ecc     0x34  DS_Digital_Small.o [1]
  .rodata            const    0x08004f00     0x34  DS_Digital_Small.o [1]
  .rodata            const    0x08004f34     0x34  DS_Digital_Small.o [1]
  .rodata            const    0x08004f68     0x34  DS_Digital_Small.o [1]
  .rodata            const    0x08004f9c     0x34  DS_Digital_Small.o [1]
  .rodata            const    0x08004fd0     0x34  DS_Digital_Small.o [1]
  .rodata            const    0x08005004     0x34  DS_Digital_Small.o [1]
  .rodata            const    0x08005038     0x34  DS_Digital_Small.o [1]
  .text              ro code  0x0800506c     0x2c  copy_init3.o [5]
  .text              ro code  0x08005098     0x28  data_init.o [5]
  .rodata            const    0x080050c0     0x24  Arial.o [1]
  .rodata            const    0x080050e4     0x24  Arial.o [1]
  .rodata            const    0x08005108     0x24  Arial.o [1]
  .rodata            const    0x0800512c     0x24  Arial.o [1]
  .rodata            const    0x08005150     0x24  Arial.o [1]
  .rodata            const    0x08005174     0x24  Arial.o [1]
  .rodata            const    0x08005198     0x24  Arial.o [1]
  .rodata            const    0x080051bc     0x24  Arial.o [1]
  .rodata            const    0x080051e0     0x24  Arial.o [1]
  .rodata            const    0x08005204     0x24  Arial.o [1]
  .rodata            const    0x08005228     0x24  Arial.o [1]
  .rodata            const    0x0800524c     0x24  Arial.o [1]
  .rodata            const    0x08005270     0x24  Arial.o [1]
  .rodata            const    0x08005294     0x24  Arial.o [1]
  .rodata            const    0x080052b8     0x24  Arial.o [1]
  .rodata            const    0x080052dc     0x24  Arial.o [1]
  .rodata            const    0x08005300     0x24  Arial.o [1]
  .rodata            const    0x08005324     0x24  Arial.o [1]
  .rodata            const    0x08005348     0x24  Arial.o [1]
  .rodata            const    0x0800536c     0x24  Arial.o [1]
  .rodata            const    0x08005390     0x24  Arial.o [1]
  .rodata            const    0x080053b4     0x24  Arial.o [1]
  .rodata            const    0x080053d8     0x24  Arial.o [1]
  .rodata            const    0x080053fc     0x24  Arial.o [1]
  .rodata            const    0x08005420     0x24  Arial.o [1]
  .rodata            const    0x08005444     0x24  Arial.o [1]
  .rodata            const    0x08005468     0x24  Arial.o [1]
  .rodata            const    0x0800548c     0x24  Arial.o [1]
  .rodata            const    0x080054b0     0x24  Arial.o [1]
  .rodata            const    0x080054d4     0x24  Arial.o [1]
  .rodata            const    0x080054f8     0x24  Arial.o [1]
  .rodata            const    0x0800551c     0x24  Arial.o [1]
  .rodata            const    0x08005540     0x24  Arial.o [1]
  .rodata            const    0x08005564     0x24  Arial.o [1]
  .rodata            const    0x08005588     0x24  Arial.o [1]
  .rodata            const    0x080055ac     0x24  Arial.o [1]
  .rodata            const    0x080055d0     0x24  Arial.o [1]
  .rodata            const    0x080055f4     0x24  Arial.o [1]
  .rodata            const    0x08005618     0x24  Arial.o [1]
  .rodata            const    0x0800563c     0x24  Arial.o [1]
  .rodata            const    0x08005660     0x24  Arial.o [1]
  .rodata            const    0x08005684     0x24  Arial.o [1]
  .rodata            const    0x080056a8     0x24  Arial.o [1]
  .rodata            const    0x080056cc     0x24  Arial.o [1]
  .rodata            const    0x080056f0     0x24  Arial.o [1]
  .rodata            const    0x08005714     0x24  Arial.o [1]
  .rodata            const    0x08005738     0x24  Arial.o [1]
  .rodata            const    0x0800575c     0x24  Arial.o [1]
  .rodata            const    0x08005780     0x24  Arial.o [1]
  .rodata            const    0x080057a4     0x24  Arial.o [1]
  .rodata            const    0x080057c8     0x24  Arial.o [1]
  .rodata            const    0x080057ec     0x24  Arial.o [1]
  .rodata            const    0x08005810     0x24  Arial.o [1]
  .rodata            const    0x08005834     0x24  Arial.o [1]
  .rodata            const    0x08005858     0x24  Arial.o [1]
  .rodata            const    0x0800587c     0x24  Arial.o [1]
  .text              ro code  0x080058a0     0x22  fpinit_M.o [4]
  .iar.init_table    const    0x080058c4     0x24  - Linker created -
  .text              ro code  0x080058e8     0x1a  cmain.o [5]
  .text              ro code  0x08005902      0x4  low_level_init.o [3]
  .text              ro code  0x08005906      0x4  exit.o [3]
  .text              ro code  0x0800590c      0xa  cexit.o [5]
  .rodata            const    0x08005918     0x18  DS_Digital_Small.o [1]
  .rodata            const    0x08005930     0x18  DS_Digital_Small.o [1]
  .rodata            const    0x08005948     0x14  Arial.o [1]
  .rodata            const    0x0800595c     0x14  Arial.o [1]
  .rodata            const    0x08005970     0x14  Arial.o [1]
  .rodata            const    0x08005984     0x14  Arial.o [1]
  .rodata            const    0x08005998     0x14  Arial.o [1]
  .rodata            const    0x080059ac     0x14  Arial.o [1]
  .rodata            const    0x080059c0     0x14  Arial.o [1]
  .rodata            const    0x080059d4     0x14  Arial.o [1]
  .rodata            const    0x080059e8     0x14  Arial.o [1]
  .rodata            const    0x080059fc     0x14  Arial.o [1]
  .rodata            const    0x08005a10     0x14  Arial.o [1]
  .rodata            const    0x08005a24     0x14  Arial.o [1]
  .rodata            const    0x08005a38     0x14  Arial.o [1]
  .rodata            const    0x08005a4c     0x14  Arial.o [1]
  .rodata            const    0x08005a60     0x14  Arial.o [1]
  .rodata            const    0x08005a74     0x14  Arial.o [1]
  .rodata            const    0x08005a88     0x14  Arial.o [1]
  .rodata            const    0x08005a9c     0x14  Arial.o [1]
  .rodata            const    0x08005ab0     0x14  Arial.o [1]
  .rodata            const    0x08005ac4     0x14  Arial.o [1]
  .rodata            const    0x08005ad8     0x14  Arial.o [1]
  .rodata            const    0x08005aec     0x14  Arial.o [1]
  .rodata            const    0x08005b00     0x14  Arial.o [1]
  .rodata            const    0x08005b14     0x14  Arial.o [1]
  .rodata            const    0x08005b28     0x14  Arial.o [1]
  .rodata            const    0x08005b3c     0x14  Arial.o [1]
  .rodata            const    0x08005b50     0x14  Arial.o [1]
  .rodata            const    0x08005b64     0x14  Arial.o [1]
  .rodata            const    0x08005b78     0x14  Arial.o [1]
  .rodata            const    0x08005b8c     0x14  Arial.o [1]
  .rodata            const    0x08005ba0     0x14  Arial.o [1]
  .rodata            const    0x08005bb4     0x14  Arial.o [1]
  .rodata            const    0x08005bc8     0x14  Arial.o [1]
  .rodata            const    0x08005bdc     0x14  Arial.o [1]
  .rodata            const    0x08005bf0     0x14  Arial.o [1]
  .rodata            const    0x08005c04     0x14  Arial.o [1]
  .rodata            const    0x08005c18     0x14  Arial.o [1]
  .rodata            const    0x08005c2c     0x14  Arial.o [1]
  .rodata            const    0x08005c40     0x14  Arial.o [1]
  .rodata            const    0x08005c54     0x10  system_stm32f4xx.o [1]
  .text              ro code  0x08005c64     0x10  startup_stm32f427xx.o [1]
  .text              ro code  0x08005c74      0xc  cstartup_M.o [5]
  .rodata            const    0x08005c80      0x8  Arial.o [1]
  .rodata            const    0x08005c88      0x8  Arial.o [1]
  .rodata            const    0x08005c90      0x8  Arial.o [1]
  .rodata            const    0x08005c98      0x8  Arial.o [1]
  .rodata            const    0x08005ca0      0x8  Arial.o [1]
  .rodata            const    0x08005ca8      0x8  Arial.o [1]
  .rodata            const    0x08005cb0      0x8  Arial.o [1]
  .rodata            const    0x08005cb8      0x8  Arial.o [1]
  .rodata            const    0x08005cc0      0x8  Arial.o [1]
  .rodata            const    0x08005cc8      0x8  Arial.o [1]
  .rodata            const    0x08005cd0      0x8  Arial.o [1]
  .rodata            const    0x08005cd8      0x8  Arial.o [1]
  .rodata            const    0x08005ce0      0x8  Arial.o [1]
  .rodata            const    0x08005ce8      0x8  Arial.o [1]
  .rodata            const    0x08005cf0      0x8  Arial.o [1]
  .rodata            const    0x08005cf8      0x8  Arial.o [1]
  .rodata            const    0x08005d00      0x8  Arial.o [1]
  .rodata            const    0x08005d08      0x8  Arial.o [1]
  .rodata            const    0x08005d10      0x8  Arial.o [1]
  .rodata            const    0x08005d18      0x8  Arial.o [1]
  .rodata            const    0x08005d20      0x8  Arial.o [1]
  .rodata            const    0x08005d28      0x8  Arial.o [1]
  .rodata            const    0x08005d30      0x8  Arial.o [1]
  .rodata            const    0x08005d38      0x8  Arial.o [1]
  .rodata            const    0x08005d40      0x8  Arial.o [1]
  .rodata            const    0x08005d48      0x8  Arial.o [1]
  .rodata            const    0x08005d50      0x8  Arial.o [1]
  .rodata            const    0x08005d58      0x8  Arial.o [1]
  .rodata            const    0x08005d60      0x8  Arial.o [1]
  .rodata            const    0x08005d68      0x8  Arial.o [1]
  .rodata            const    0x08005d70      0x8  Arial.o [1]
  .rodata            const    0x08005d78      0x8  Arial.o [1]
  .rodata            const    0x08005d80      0x8  Arial.o [1]
  .rodata            const    0x08005d88      0x8  Arial.o [1]
  .rodata            const    0x08005d90      0x8  Arial.o [1]
  .rodata            const    0x08005d98      0x8  Arial.o [1]
  .rodata            const    0x08005da0      0x8  Arial.o [1]
  .rodata            const    0x08005da8      0x8  Arial.o [1]
  .rodata            const    0x08005db0      0x8  Arial.o [1]
  .rodata            const    0x08005db8      0x8  Arial.o [1]
  .rodata            const    0x08005dc0      0x8  Arial.o [1]
  .rodata            const    0x08005dc8      0x8  Arial.o [1]
  .rodata            const    0x08005dd0      0x8  Arial.o [1]
  .rodata            const    0x08005dd8      0x8  Arial.o [1]
  .rodata            const    0x08005de0      0x8  Arial.o [1]
  .rodata            const    0x08005de8      0x8  Arial.o [1]
  .rodata            const    0x08005df0      0x8  Arial.o [1]
  .rodata            const    0x08005df8      0x8  Arial.o [1]
  .rodata            const    0x08005e00      0x8  Arial.o [1]
  .rodata            const    0x08005e08      0x8  Arial.o [1]
  .rodata            const    0x08005e10      0x8  Arial.o [1]
  .rodata            const    0x08005e18      0x8  Arial.o [1]
  .rodata            const    0x08005e20      0x8  Arial.o [1]
  .rodata            const    0x08005e28      0x8  Arial.o [1]
  .rodata            const    0x08005e30      0x8  Arial.o [1]
  .rodata            const    0x08005e38      0x8  Arial.o [1]
  .rodata            const    0x08005e40      0x8  Arial.o [1]
  .rodata            const    0x08005e48      0x8  Arial.o [1]
  .rodata            const    0x08005e50      0x8  Arial.o [1]
  .rodata            const    0x08005e58      0x8  Arial.o [1]
  .rodata            const    0x08005e60      0x8  Arial.o [1]
  .rodata            const    0x08005e68      0x8  Arial.o [1]
  .rodata            const    0x08005e70      0x8  Arial.o [1]
  .rodata            const    0x08005e78      0x8  Arial.o [1]
  .rodata            const    0x08005e80      0x8  Arial.o [1]
  .rodata            const    0x08005e88      0x8  Arial.o [1]
  .rodata            const    0x08005e90      0x8  Arial.o [1]
  .rodata            const    0x08005e98      0x8  Arial.o [1]
  .rodata            const    0x08005ea0      0x8  Arial.o [1]
  .rodata            const    0x08005ea8      0x8  Arial.o [1]
  .rodata            const    0x08005eb0      0x8  Arial.o [1]
  .rodata            const    0x08005eb8      0x8  Arial.o [1]
  .rodata            const    0x08005ec0      0x8  Arial.o [1]
  .rodata            const    0x08005ec8      0x8  Arial.o [1]
  .rodata            const    0x08005ed0      0x8  Arial.o [1]
  .rodata            const    0x08005ed8      0x8  Arial.o [1]
  .rodata            const    0x08005ee0      0x8  Arial.o [1]
  .rodata            const    0x08005ee8      0x8  Arial.o [1]
  .rodata            const    0x08005ef0      0x8  Arial.o [1]
  .rodata            const    0x08005ef8      0x8  Arial.o [1]
  .rodata            const    0x08005f00      0x8  Arial.o [1]
  .rodata            const    0x08005f08      0x8  Arial.o [1]
  .rodata            const    0x08005f10      0x8  Arial.o [1]
  .rodata            const    0x08005f18      0x8  Arial.o [1]
  .rodata            const    0x08005f20      0x8  Arial.o [1]
  .rodata            const    0x08005f28      0x8  Arial.o [1]
  .rodata            const    0x08005f30      0x8  Arial.o [1]
  .rodata            const    0x08005f38      0x8  Arial.o [1]
  .rodata            const    0x08005f40      0x8  Arial.o [1]
  .rodata            const    0x08005f48      0x8  Arial.o [1]
  .rodata            const    0x08005f50      0x8  Arial.o [1]
  .rodata            const    0x08005f58      0x8  Arial.o [1]
  .rodata            const    0x08005f60      0x8  Arial.o [1]
  .rodata            const    0x08005f68      0x8  Arial.o [1]
  .rodata            const    0x08005f70      0x8  Arial.o [1]
  .rodata            const    0x08005f78      0x8  Arial.o [1]
  .rodata            const    0x08005f80      0x8  DS_Digital.o [1]
  .rodata            const    0x08005f88      0x8  DS_Digital.o [1]
  .rodata            const    0x08005f90      0x8  DS_Digital.o [1]
  .rodata            const    0x08005f98      0x8  DS_Digital.o [1]
  .rodata            const    0x08005fa0      0x8  DS_Digital.o [1]
  .rodata            const    0x08005fa8      0x8  DS_Digital.o [1]
  .rodata            const    0x08005fb0      0x8  DS_Digital.o [1]
  .rodata            const    0x08005fb8      0x8  DS_Digital.o [1]
  .rodata            const    0x08005fc0      0x8  DS_Digital.o [1]
  .rodata            const    0x08005fc8      0x8  DS_Digital.o [1]
  .rodata            const    0x08005fd0      0x8  DS_Digital.o [1]
  .rodata            const    0x08005fd8      0x8  DS_Digital.o [1]
  .rodata            const    0x08005fe0      0x8  DS_Digital.o [1]
  .rodata            const    0x08005fe8      0x8  DS_Digital.o [1]
  .rodata            const    0x08005ff0      0x8  DS_Digital.o [1]
  .rodata            const    0x08005ff8      0x8  DS_Digital.o [1]
  .rodata            const    0x08006000      0x8  DS_Digital.o [1]
  .rodata            const    0x08006008      0x8  DS_Digital.o [1]
  .rodata            const    0x08006010      0x8  DS_Digital.o [1]
  .rodata            const    0x08006018      0x8  DS_Digital.o [1]
  .rodata            const    0x08006020      0x8  DS_Digital.o [1]
  .rodata            const    0x08006028      0x8  DS_Digital.o [1]
  .rodata            const    0x08006030      0x8  DS_Digital.o [1]
  .rodata            const    0x08006038      0x8  DS_Digital.o [1]
  .rodata            const    0x08006040      0x8  DS_Digital.o [1]
  .rodata            const    0x08006048      0x8  DS_Digital.o [1]
  .rodata            const    0x08006050      0x8  DS_Digital.o [1]
  .rodata            const    0x08006058      0x8  DS_Digital.o [1]
  .rodata            const    0x08006060      0x8  DS_Digital.o [1]
  .rodata            const    0x08006068      0x8  DS_Digital.o [1]
  .rodata            const    0x08006070      0x8  DS_Digital.o [1]
  .rodata            const    0x08006078      0x8  DS_Digital.o [1]
  .rodata            const    0x08006080      0x8  DS_Digital.o [1]
  .rodata            const    0x08006088      0x8  DS_Digital_Small.o [1]
  .rodata            const    0x08006090      0x8  DS_Digital_Small.o [1]
  .rodata            const    0x08006098      0x8  DS_Digital_Small.o [1]
  .rodata            const    0x080060a0      0x8  DS_Digital_Small.o [1]
  .rodata            const    0x080060a8      0x8  DS_Digital_Small.o [1]
  .rodata            const    0x080060b0      0x8  DS_Digital_Small.o [1]
  .rodata            const    0x080060b8      0x8  DS_Digital_Small.o [1]
  .rodata            const    0x080060c0      0x8  DS_Digital_Small.o [1]
  .rodata            const    0x080060c8      0x8  DS_Digital_Small.o [1]
  .rodata            const    0x080060d0      0x8  DS_Digital_Small.o [1]
  .rodata            const    0x080060d8      0x8  DS_Digital_Small.o [1]
  .rodata            const    0x080060e0      0x8  DS_Digital_Small.o [1]
  .rodata            const    0x080060e8      0x8  DS_Digital_Small.o [1]
  .rodata            const    0x080060f0      0x8  DS_Digital_Small.o [1]
  .rodata            const    0x080060f8      0x8  DS_Digital_Small.o [1]
  .rodata            const    0x08006100      0x8  DS_Digital_Small.o [1]
  .rodata            const    0x08006108      0x8  DS_Digital_Small.o [1]
  .rodata            const    0x08006110      0x8  DS_Digital_Small.o [1]
  .rodata            const    0x08006118      0x8  DS_Digital_Small.o [1]
  .rodata            const    0x08006120      0x8  DS_Digital_Small.o [1]
  .rodata            const    0x08006128      0x8  DS_Digital_Small.o [1]
  .rodata            const    0x08006130      0x8  DS_Digital_Small.o [1]
  .rodata            const    0x08006138      0x8  DS_Digital_Small.o [1]
  .rodata            const    0x08006140      0x8  DS_Digital_Small.o [1]
  .rodata            const    0x08006148      0x8  DS_Digital_Small.o [1]
  .rodata            const    0x08006150      0x8  DS_Digital_Small.o [1]
  .rodata            const    0x08006158      0x8  DS_Digital_Small.o [1]
  .rodata            const    0x08006160      0x8  DS_Digital_Small.o [1]
  .rodata            const    0x08006168      0x8  DS_Digital_Small.o [1]
  .rodata            const    0x08006170      0x8  DS_Digital_Small.o [1]
  .rodata            const    0x08006178      0x8  DS_Digital_Small.o [1]
  .rodata            const    0x08006180      0x8  DS_Digital_Small.o [1]
  .rodata            const    0x08006188      0x8  DS_Digital_Small.o [1]
  .rodata            const    0x08006190      0x8  DS_Digital_Small.o [1]
  .rodata            const    0x08006198      0x8  DS_Digital_Small.o [1]
  .rodata            const    0x080061a0      0x8  DS_Digital_Small.o [1]
  .rodata            const    0x080061a8      0x8  DS_Digital_Small.o [1]
  .rodata            const    0x080061b0      0x8  DS_Digital_Small.o [1]
  .rodata            const    0x080061b8      0x8  DS_Digital_Small.o [1]
  .rodata            const    0x080061c0      0x8  DS_Digital_Small.o [1]
  .rodata            const    0x080061c8      0x8  DS_Digital_Small.o [1]
  .rodata            const    0x080061d0      0x8  DS_Digital_Small.o [1]
  .rodata            const    0x080061d8      0x8  DS_Digital_Small.o [1]
  .rodata            const    0x080061e0      0x8  gpio.o [1]
  .rodata            const    0x080061e8      0x8  main.o [1]
  .rodata            const    0x080061f0      0x8  main.o [1]
  .rodata            const    0x080061f8      0x8  tasks.o [1]
  .rodata            const    0x08006200      0x8  timers.o [1]
  .rodata            const    0x08006208      0x8  timers.o [1]
  .rodata            const    0x08006210      0x8  UI.o [1]
  .rodata            const    0x08006218      0x8  UI.o [1]
  .rodata            const    0x08006220      0x8  UI.o [1]
  .rodata            const    0x08006228      0x4  heap_4.o [1]
  .rodata            const    0x0800622c      0x4  port.o [1]
  .text              ro code  0x08006230      0x4  startup_stm32f427xx.o [1]
  .text              ro code  0x08006234      0x4  startup_stm32f427xx.o [1]
  .text              ro code  0x08006238      0x4  startup_stm32f427xx.o [1]
  .text              ro code  0x0800623c      0x4  startup_stm32f427xx.o [1]
  .text              ro code  0x08006240      0x4  startup_stm32f427xx.o [1]
  .text              ro code  0x08006244      0x4  startup_stm32f427xx.o [1]
  .text              ro code  0x08006248      0x4  startup_stm32f427xx.o [1]
  .text              ro code  0x0800624c      0x4  startup_stm32f427xx.o [1]
  .text              ro code  0x08006250      0x4  startup_stm32f427xx.o [1]
  .text              ro code  0x08006254      0x4  startup_stm32f427xx.o [1]
  .text              ro code  0x08006258      0x4  startup_stm32f427xx.o [1]
  .text              ro code  0x0800625c      0x4  startup_stm32f427xx.o [1]
  .text              ro code  0x08006260      0x4  startup_stm32f427xx.o [1]
  .text              ro code  0x08006264      0x4  startup_stm32f427xx.o [1]
  .text              ro code  0x08006268      0x4  startup_stm32f427xx.o [1]
  .text              ro code  0x0800626c      0x4  startup_stm32f427xx.o [1]
  .text              ro code  0x08006270      0x4  startup_stm32f427xx.o [1]
  .text              ro code  0x08006274      0x4  startup_stm32f427xx.o [1]
  .text              ro code  0x08006278      0x4  startup_stm32f427xx.o [1]
  .text              ro code  0x0800627c      0x4  startup_stm32f427xx.o [1]
  .text              ro code  0x08006280      0x4  startup_stm32f427xx.o [1]
  .text              ro code  0x08006284      0x4  startup_stm32f427xx.o [1]
  .text              ro code  0x08006288      0x4  startup_stm32f427xx.o [1]
  .text              ro code  0x0800628c      0x4  startup_stm32f427xx.o [1]
  .text              ro code  0x08006290      0x4  startup_stm32f427xx.o [1]
  .text              ro code  0x08006294      0x4  startup_stm32f427xx.o [1]
  .text              ro code  0x08006298      0x4  startup_stm32f427xx.o [1]
  .text              ro code  0x0800629c      0x4  startup_stm32f427xx.o [1]
  .text              ro code  0x080062a0      0x4  startup_stm32f427xx.o [1]
  .text              ro code  0x080062a4      0x4  startup_stm32f427xx.o [1]
  .text              ro code  0x080062a8      0x4  startup_stm32f427xx.o [1]
  .text              ro code  0x080062ac      0x4  startup_stm32f427xx.o [1]
  .text              ro code  0x080062b0      0x4  startup_stm32f427xx.o [1]
  .text              ro code  0x080062b4      0x4  startup_stm32f427xx.o [1]
  .text              ro code  0x080062b8      0x4  startup_stm32f427xx.o [1]
  .text              ro code  0x080062bc      0x4  startup_stm32f427xx.o [1]
  .text              ro code  0x080062c0      0x4  startup_stm32f427xx.o [1]
  .text              ro code  0x080062c4      0x4  startup_stm32f427xx.o [1]
  .text              ro code  0x080062c8      0x4  startup_stm32f427xx.o [1]
  .text              ro code  0x080062cc      0x4  startup_stm32f427xx.o [1]
  .text              ro code  0x080062d0      0x4  startup_stm32f427xx.o [1]
  .text              ro code  0x080062d4      0x4  startup_stm32f427xx.o [1]
  .text              ro code  0x080062d8      0x4  startup_stm32f427xx.o [1]
  .text              ro code  0x080062dc      0x4  startup_stm32f427xx.o [1]
  .text              ro code  0x080062e0      0x4  startup_stm32f427xx.o [1]
  .text              ro code  0x080062e4      0x4  startup_stm32f427xx.o [1]
  .text              ro code  0x080062e8      0x4  startup_stm32f427xx.o [1]
  .text              ro code  0x080062ec      0x4  startup_stm32f427xx.o [1]
  .text              ro code  0x080062f0      0x4  startup_stm32f427xx.o [1]
  .text              ro code  0x080062f4      0x4  startup_stm32f427xx.o [1]
  .text              ro code  0x080062f8      0x4  startup_stm32f427xx.o [1]
  .text              ro code  0x080062fc      0x4  startup_stm32f427xx.o [1]
  .text              ro code  0x08006300      0x4  startup_stm32f427xx.o [1]
  .text              ro code  0x08006304      0x4  startup_stm32f427xx.o [1]
  .text              ro code  0x08006308      0x4  startup_stm32f427xx.o [1]
  .text              ro code  0x0800630c      0x4  startup_stm32f427xx.o [1]
  .text              ro code  0x08006310      0x4  startup_stm32f427xx.o [1]
  .text              ro code  0x08006314      0x4  startup_stm32f427xx.o [1]
  .text              ro code  0x08006318      0x4  startup_stm32f427xx.o [1]
  .text              ro code  0x0800631c      0x4  startup_stm32f427xx.o [1]
  .text              ro code  0x08006320      0x4  startup_stm32f427xx.o [1]
  .text              ro code  0x08006324      0x4  startup_stm32f427xx.o [1]
  .text              ro code  0x08006328      0x4  startup_stm32f427xx.o [1]
  .text              ro code  0x0800632c      0x4  startup_stm32f427xx.o [1]
  .text              ro code  0x08006330      0x4  startup_stm32f427xx.o [1]
  .text              ro code  0x08006334      0x4  startup_stm32f427xx.o [1]
  .text              ro code  0x08006338      0x4  startup_stm32f427xx.o [1]
  .text              ro code  0x0800633c      0x4  startup_stm32f427xx.o [1]
  .text              ro code  0x08006340      0x4  startup_stm32f427xx.o [1]
  .text              ro code  0x08006344      0x4  startup_stm32f427xx.o [1]
  .text              ro code  0x08006348      0x4  startup_stm32f427xx.o [1]
  .text              ro code  0x0800634c      0x4  startup_stm32f427xx.o [1]
  .text              ro code  0x08006350      0x4  startup_stm32f427xx.o [1]
  .text              ro code  0x08006354      0x4  startup_stm32f427xx.o [1]
  .text              ro code  0x08006358      0x4  startup_stm32f427xx.o [1]
  .text              ro code  0x0800635c      0x4  startup_stm32f427xx.o [1]
  .text              ro code  0x08006360      0x4  startup_stm32f427xx.o [1]
  .text              ro code  0x08006364      0x4  startup_stm32f427xx.o [1]
  .text              ro code  0x08006368      0x4  startup_stm32f427xx.o [1]
  .text              ro code  0x0800636c      0x4  startup_stm32f427xx.o [1]
  .text              ro code  0x08006370      0x4  startup_stm32f427xx.o [1]
  .text              ro code  0x08006374      0x4  startup_stm32f427xx.o [1]
  .text              ro code  0x08006378      0x4  startup_stm32f427xx.o [1]
  .text              ro code  0x0800637c      0x4  startup_stm32f427xx.o [1]
  .text              ro code  0x08006380      0x4  startup_stm32f427xx.o [1]
  .text              ro code  0x08006384      0x4  startup_stm32f427xx.o [1]
  .text              ro code  0x08006388      0x4  startup_stm32f427xx.o [1]
  .text              ro code  0x0800638c      0x4  startup_stm32f427xx.o [1]
  .text              ro code  0x08006390      0x4  startup_stm32f427xx.o [1]
  .text              ro code  0x08006394      0x4  startup_stm32f427xx.o [1]
  .rodata            const    0x08006398      0x0  zero_init3.o [5]
  .rodata            const    0x08006398      0x0  copy_init3.o [5]
  Initializer bytes  const    0x08006398     0x10  <for P4 s0>
                            - 0x080063a8   0x61fc

"P3":                                      0x2000
  CSTACK                      0x10000000   0x2000  <Block>
    CSTACK           uninit   0x10000000   0x2000  <Block tail>
                            - 0x10002000   0x2000

"P4", part 1 of 2:                           0x10
  P4 s0                       0x20000000     0x10  <Init block>
    .data            inited   0x20000000      0x8  lcd_backlight.o [1]
    .data            inited   0x20000008      0x4  port.o [1]
    .data            inited   0x2000000c      0x4  system_stm32f4xx.o [1]
                            - 0x20000010     0x10

"P4", part 2 of 2:                        0x12e04
  .bss               zero     0x20000010  0x12c00  heap_4.o [1]
  .bss               zero     0x20012c10     0x64  tasks.o [1]
  .bss               zero     0x20012c74     0x40  queue.o [1]
  .bss               zero     0x20012cb4     0x1c  spiF4.o [1]
  .bss               zero     0x20012cd0     0x1c  spiF4.o [1]
  .bss               zero     0x20012cec     0x18  keyboard.o [1]
  .bss               zero     0x20012d04     0x14  encoderPannel.o [1]
  .bss               zero     0x20012d18     0x14  tasks.o [1]
  .bss               zero     0x20012d2c     0x14  tasks.o [1]
  .bss               zero     0x20012d40     0x14  tasks.o [1]
  .bss               zero     0x20012d54     0x14  tasks.o [1]
  .bss               zero     0x20012d68     0x14  tasks.o [1]
  .bss               zero     0x20012d7c     0x14  timers.o [1]
  .bss               zero     0x20012d90     0x14  timers.o [1]
  .bss               zero     0x20012da4      0x8  heap_4.o [1]
  .bss               zero     0x20012dac      0x4  heap_4.o [1]
  .bss               zero     0x20012db0      0x4  heap_4.o [1]
  .bss               zero     0x20012db4      0x4  heap_4.o [1]
  .bss               zero     0x20012db8      0x4  heap_4.o [1]
  .bss               zero     0x20012dbc      0x4  port.o [1]
  .bss               zero     0x20012dc0      0x4  tasks.o [1]
  .bss               zero     0x20012dc4      0x4  tasks.o [1]
  .bss               zero     0x20012dc8      0x4  tasks.o [1]
  .bss               zero     0x20012dcc      0x4  tasks.o [1]
  .bss               zero     0x20012dd0      0x4  tasks.o [1]
  .bss               zero     0x20012dd4      0x4  tasks.o [1]
  .bss               zero     0x20012dd8      0x4  tasks.o [1]
  .bss               zero     0x20012ddc      0x4  tasks.o [1]
  .bss               zero     0x20012de0      0x4  tasks.o [1]
  .bss               zero     0x20012de4      0x4  tasks.o [1]
  .bss               zero     0x20012de8      0x4  tasks.o [1]
  .bss               zero     0x20012dec      0x4  tasks.o [1]
  .bss               zero     0x20012df0      0x4  tasks.o [1]
  .bss               zero     0x20012df4      0x4  tasks.o [1]
  .bss               zero     0x20012df8      0x4  tasks.o [1]
  .bss               zero     0x20012dfc      0x4  timers.o [1]
  .bss               zero     0x20012e00      0x4  timers.o [1]
  .bss               zero     0x20012e04      0x4  timers.o [1]
  .bss               zero     0x20012e08      0x4  timers.o [1]
  .bss               zero     0x20012e0c      0x4  timers.o [1]
  .bss               zero     0x20012e10      0x1  ili9341.o [1]
  .bss               zero     0x20012e11      0x1  port.o [1]
                            - 0x20012e12  0x12e02


*******************************************************************************
*** INIT TABLE
***

          Address     Size
          -------     ----
Zero (__iar_zero_init3)
    1 destination range, total size 0x12e02:
          0x20000010  0x12e02

Copy (__iar_copy_init3)
    1 source range, total size 0x10:
          0x08006398     0x10
    1 destination range, total size 0x10:
          0x20000000     0x10



*******************************************************************************
*** MODULE SUMMARY
***

    Module                 ro code  ro data  rw data
    ------                 -------  -------  -------
C:\Users\Ernst\Documents\Repositories\eSolder\Fwm\fwm_eSolder\projects\iar\STM32F427_Debug\Obj: [1]
    Arial.o                           4 324
    DS_Digital.o                      5 364
    DS_Digital_Small.o                2 588
    UI.o                       252       92
    button.o                   142
    clock.o                    308
    encoderPannel.o                               20
    encoders.o                 376
    gpio.o                     304       96
    hard.o                      16
    heap_4.o                   604        4   76 824
    ili9341.o                  440                 1
    ili9341_fsmc.o             638
    keyboard.o                 152                24
    lcd.o                      574
    lcd_backlight.o             52        8        8
    list.o                     152
    main.o                     100       16
    mainTSK.o                  132
    mcu.o                      244
    port.o                     644        8        9
    portasm.o                  176
    queue.o                  1 874                64
    spiF4.o                    272                56
    startup_stm32f427xx.o      804
    system_stm32f4xx.o         280       20        4
    tasks.o                  2 712        8      260
    timers.o                 1 096       16       60
    ------------------------------------------------
    Total:                  12 344   12 544   77 330

command line: [2]
    ------------------------------------------------
    Total:

dl7M_tln.a: [3]
    abort.o                      6
    exit.o                       4
    low_level_init.o             4
    ------------------------------------------------
    Total:                      14

m7M_tls.a: [4]
    fpinit_M.o                  34
    ------------------------------------------------
    Total:                      34

rt7M_tl.a: [5]
    ABImemcpy.o                166
    ABImemset.o                102
    cexit.o                     10
    cmain.o                     26
    copy_init3.o                44
    cstartup_M.o                12
    data_init.o                 40
    zero_init3.o                64
    ------------------------------------------------
    Total:                     464

shb_l.a: [6]
    ABIassert.o                 36
    exit.o                      20
    ------------------------------------------------
    Total:                      56

    Gaps                        14        6
    Linker created                       36    8 192
----------------------------------------------------
    Grand Total:            12 926   12 586   85 522


*******************************************************************************
*** ENTRY LIST
***

Entry                      Address     Size  Type      Object
-----                      -------     ----  ----      ------
.iar.init_table$$Base   0x080058c4            --   Gb  - Linker created -
.iar.init_table$$Limit  0x080058e8            --   Gb  - Linker created -
?main                   0x080058e9           Code  Gb  cmain.o [5]
AHBPrescTable           0x08005c54     0x10  Data  Gb  system_stm32f4xx.o [1]
Arial                   0x08005f78      0x8  Data  Gb  Arial.o [1]
Arial_0x20              0x08005c80      0x8  Data  Lc  Arial.o [1]
Arial_0x21              0x08005c88      0x8  Data  Lc  Arial.o [1]
Arial_0x22              0x08005c90      0x8  Data  Lc  Arial.o [1]
Arial_0x23              0x08005c98      0x8  Data  Lc  Arial.o [1]
Arial_0x24              0x08005ca0      0x8  Data  Lc  Arial.o [1]
Arial_0x25              0x08005ca8      0x8  Data  Lc  Arial.o [1]
Arial_0x26              0x08005cb0      0x8  Data  Lc  Arial.o [1]
Arial_0x27              0x08005cb8      0x8  Data  Lc  Arial.o [1]
Arial_0x28              0x08005cc0      0x8  Data  Lc  Arial.o [1]
Arial_0x29              0x08005cc8      0x8  Data  Lc  Arial.o [1]
Arial_0x2a              0x08005cd0      0x8  Data  Lc  Arial.o [1]
Arial_0x2b              0x08005cd8      0x8  Data  Lc  Arial.o [1]
Arial_0x2c              0x08005ce0      0x8  Data  Lc  Arial.o [1]
Arial_0x2d              0x08005ce8      0x8  Data  Lc  Arial.o [1]
Arial_0x2e              0x08005cf0      0x8  Data  Lc  Arial.o [1]
Arial_0x2f              0x08005cf8      0x8  Data  Lc  Arial.o [1]
Arial_0x30              0x08005d00      0x8  Data  Lc  Arial.o [1]
Arial_0x31              0x08005d08      0x8  Data  Lc  Arial.o [1]
Arial_0x32              0x08005d10      0x8  Data  Lc  Arial.o [1]
Arial_0x33              0x08005d18      0x8  Data  Lc  Arial.o [1]
Arial_0x34              0x08005d20      0x8  Data  Lc  Arial.o [1]
Arial_0x35              0x08005d28      0x8  Data  Lc  Arial.o [1]
Arial_0x36              0x08005d30      0x8  Data  Lc  Arial.o [1]
Arial_0x37              0x08005d38      0x8  Data  Lc  Arial.o [1]
Arial_0x38              0x08005d40      0x8  Data  Lc  Arial.o [1]
Arial_0x39              0x08005d48      0x8  Data  Lc  Arial.o [1]
Arial_0x3a              0x08005d50      0x8  Data  Lc  Arial.o [1]
Arial_0x3b              0x08005d58      0x8  Data  Lc  Arial.o [1]
Arial_0x3c              0x08005d60      0x8  Data  Lc  Arial.o [1]
Arial_0x3d              0x08005d68      0x8  Data  Lc  Arial.o [1]
Arial_0x3e              0x08005d70      0x8  Data  Lc  Arial.o [1]
Arial_0x3f              0x08005d78      0x8  Data  Lc  Arial.o [1]
Arial_0x40              0x08005d80      0x8  Data  Lc  Arial.o [1]
Arial_0x41              0x08005d88      0x8  Data  Lc  Arial.o [1]
Arial_0x42              0x08005d90      0x8  Data  Lc  Arial.o [1]
Arial_0x43              0x08005d98      0x8  Data  Lc  Arial.o [1]
Arial_0x44              0x08005da0      0x8  Data  Lc  Arial.o [1]
Arial_0x45              0x08005da8      0x8  Data  Lc  Arial.o [1]
Arial_0x46              0x08005db0      0x8  Data  Lc  Arial.o [1]
Arial_0x47              0x08005db8      0x8  Data  Lc  Arial.o [1]
Arial_0x48              0x08005dc0      0x8  Data  Lc  Arial.o [1]
Arial_0x49              0x08005dc8      0x8  Data  Lc  Arial.o [1]
Arial_0x4a              0x08005dd0      0x8  Data  Lc  Arial.o [1]
Arial_0x4b              0x08005dd8      0x8  Data  Lc  Arial.o [1]
Arial_0x4c              0x08005de0      0x8  Data  Lc  Arial.o [1]
Arial_0x4d              0x08005de8      0x8  Data  Lc  Arial.o [1]
Arial_0x4e              0x08005df0      0x8  Data  Lc  Arial.o [1]
Arial_0x4f              0x08005df8      0x8  Data  Lc  Arial.o [1]
Arial_0x50              0x08005e00      0x8  Data  Lc  Arial.o [1]
Arial_0x51              0x08005e08      0x8  Data  Lc  Arial.o [1]
Arial_0x52              0x08005e10      0x8  Data  Lc  Arial.o [1]
Arial_0x53              0x08005e18      0x8  Data  Lc  Arial.o [1]
Arial_0x54              0x08005e20      0x8  Data  Lc  Arial.o [1]
Arial_0x55              0x08005e28      0x8  Data  Lc  Arial.o [1]
Arial_0x56              0x08005e30      0x8  Data  Lc  Arial.o [1]
Arial_0x57              0x08005e38      0x8  Data  Lc  Arial.o [1]
Arial_0x58              0x08005e40      0x8  Data  Lc  Arial.o [1]
Arial_0x59              0x08005e48      0x8  Data  Lc  Arial.o [1]
Arial_0x5a              0x08005e50      0x8  Data  Lc  Arial.o [1]
Arial_0x5b              0x08005e58      0x8  Data  Lc  Arial.o [1]
Arial_0x5c              0x08005e60      0x8  Data  Lc  Arial.o [1]
Arial_0x5d              0x08005e68      0x8  Data  Lc  Arial.o [1]
Arial_0x5e              0x08005e70      0x8  Data  Lc  Arial.o [1]
Arial_0x5f              0x08005e78      0x8  Data  Lc  Arial.o [1]
Arial_0x60              0x08005e80      0x8  Data  Lc  Arial.o [1]
Arial_0x61              0x08005e88      0x8  Data  Lc  Arial.o [1]
Arial_0x62              0x08005e90      0x8  Data  Lc  Arial.o [1]
Arial_0x63              0x08005e98      0x8  Data  Lc  Arial.o [1]
Arial_0x64              0x08005ea0      0x8  Data  Lc  Arial.o [1]
Arial_0x65              0x08005ea8      0x8  Data  Lc  Arial.o [1]
Arial_0x66              0x08005eb0      0x8  Data  Lc  Arial.o [1]
Arial_0x67              0x08005eb8      0x8  Data  Lc  Arial.o [1]
Arial_0x68              0x08005ec0      0x8  Data  Lc  Arial.o [1]
Arial_0x69              0x08005ec8      0x8  Data  Lc  Arial.o [1]
Arial_0x6a              0x08005ed0      0x8  Data  Lc  Arial.o [1]
Arial_0x6b              0x08005ed8      0x8  Data  Lc  Arial.o [1]
Arial_0x6c              0x08005ee0      0x8  Data  Lc  Arial.o [1]
Arial_0x6d              0x08005ee8      0x8  Data  Lc  Arial.o [1]
Arial_0x6e              0x08005ef0      0x8  Data  Lc  Arial.o [1]
Arial_0x6f              0x08005ef8      0x8  Data  Lc  Arial.o [1]
Arial_0x70              0x08005f00      0x8  Data  Lc  Arial.o [1]
Arial_0x71              0x08005f08      0x8  Data  Lc  Arial.o [1]
Arial_0x72              0x08005f10      0x8  Data  Lc  Arial.o [1]
Arial_0x73              0x08005f18      0x8  Data  Lc  Arial.o [1]
Arial_0x74              0x08005f20      0x8  Data  Lc  Arial.o [1]
Arial_0x75              0x08005f28      0x8  Data  Lc  Arial.o [1]
Arial_0x76              0x08005f30      0x8  Data  Lc  Arial.o [1]
Arial_0x77              0x08005f38      0x8  Data  Lc  Arial.o [1]
Arial_0x78              0x08005f40      0x8  Data  Lc  Arial.o [1]
Arial_0x79              0x08005f48      0x8  Data  Lc  Arial.o [1]
Arial_0x7a              0x08005f50      0x8  Data  Lc  Arial.o [1]
Arial_0x7b              0x08005f58      0x8  Data  Lc  Arial.o [1]
Arial_0x7c              0x08005f60      0x8  Data  Lc  Arial.o [1]
Arial_0x7d              0x08005f68      0x8  Data  Lc  Arial.o [1]
Arial_0x7e              0x08005f70      0x8  Data  Lc  Arial.o [1]
Arial_array             0x08001f18    0x2f8  Data  Lc  Arial.o [1]
CSTACK$$Base            0x10000000            --   Gb  - Linker created -
CSTACK$$Limit           0x10002000            --   Gb  - Linker created -
DMA2_Stream0_IRQHandler
                        0x08002f05     0x1c  Code  Gb  spiF4.o [1]
DMA2_Stream3_IRQHandler
                        0x08002ee9     0x1c  Code  Gb  spiF4.o [1]
DS_Digital              0x08006080      0x8  Data  Gb  DS_Digital.o [1]
DS_Digital_0x25         0x08005f80      0x8  Data  Lc  DS_Digital.o [1]
DS_Digital_0x26         0x08005f88      0x8  Data  Lc  DS_Digital.o [1]
DS_Digital_0x27         0x08005f98      0x8  Data  Lc  DS_Digital.o [1]
DS_Digital_0x28         0x08005fa0      0x8  Data  Lc  DS_Digital.o [1]
DS_Digital_0x29         0x08005fa8      0x8  Data  Lc  DS_Digital.o [1]
DS_Digital_0x2a         0x08005fb0      0x8  Data  Lc  DS_Digital.o [1]
DS_Digital_0x2b         0x08005fb8      0x8  Data  Lc  DS_Digital.o [1]
DS_Digital_0x2c         0x08005fc0      0x8  Data  Lc  DS_Digital.o [1]
DS_Digital_0x2d         0x08005fc8      0x8  Data  Lc  DS_Digital.o [1]
DS_Digital_0x2e         0x08005fd0      0x8  Data  Lc  DS_Digital.o [1]
DS_Digital_0x2f         0x08005fd8      0x8  Data  Lc  DS_Digital.o [1]
DS_Digital_0x30         0x08005fe0      0x8  Data  Lc  DS_Digital.o [1]
DS_Digital_0x31         0x08005fe8      0x8  Data  Lc  DS_Digital.o [1]
DS_Digital_0x32         0x08005ff0      0x8  Data  Lc  DS_Digital.o [1]
DS_Digital_0x33         0x08005ff8      0x8  Data  Lc  DS_Digital.o [1]
DS_Digital_0x34         0x08006000      0x8  Data  Lc  DS_Digital.o [1]
DS_Digital_0x35         0x08006008      0x8  Data  Lc  DS_Digital.o [1]
DS_Digital_0x36         0x08006010      0x8  Data  Lc  DS_Digital.o [1]
DS_Digital_0x37         0x08006018      0x8  Data  Lc  DS_Digital.o [1]
DS_Digital_0x38         0x08006020      0x8  Data  Lc  DS_Digital.o [1]
DS_Digital_0x39         0x08006028      0x8  Data  Lc  DS_Digital.o [1]
DS_Digital_0x3a         0x08006030      0x8  Data  Lc  DS_Digital.o [1]
DS_Digital_0x3b         0x08006038      0x8  Data  Lc  DS_Digital.o [1]
DS_Digital_0x3c         0x08006040      0x8  Data  Lc  DS_Digital.o [1]
DS_Digital_0x3d         0x08006048      0x8  Data  Lc  DS_Digital.o [1]
DS_Digital_0x3e         0x08006050      0x8  Data  Lc  DS_Digital.o [1]
DS_Digital_0x3f         0x08006058      0x8  Data  Lc  DS_Digital.o [1]
DS_Digital_0x40         0x08006060      0x8  Data  Lc  DS_Digital.o [1]
DS_Digital_0x41         0x08006068      0x8  Data  Lc  DS_Digital.o [1]
DS_Digital_0x42         0x08006070      0x8  Data  Lc  DS_Digital.o [1]
DS_Digital_0x43         0x08006078      0x8  Data  Lc  DS_Digital.o [1]
DS_Digital_Small        0x080061d8      0x8  Data  Gb  DS_Digital_Small.o [1]
DS_Digital_Small_0x20   0x08006088      0x8  Data  Lc  DS_Digital_Small.o [1]
DS_Digital_Small_0x21   0x08006090      0x8  Data  Lc  DS_Digital_Small.o [1]
DS_Digital_Small_0x22   0x08006098      0x8  Data  Lc  DS_Digital_Small.o [1]
DS_Digital_Small_0x23   0x080060a0      0x8  Data  Lc  DS_Digital_Small.o [1]
DS_Digital_Small_0x24   0x080060a8      0x8  Data  Lc  DS_Digital_Small.o [1]
DS_Digital_Small_0x25   0x080060b0      0x8  Data  Lc  DS_Digital_Small.o [1]
DS_Digital_Small_0x26   0x080060b8      0x8  Data  Lc  DS_Digital_Small.o [1]
DS_Digital_Small_0x27   0x080060c8      0x8  Data  Lc  DS_Digital_Small.o [1]
DS_Digital_Small_0x28   0x080060d8      0x8  Data  Lc  DS_Digital_Small.o [1]
DS_Digital_Small_0x29   0x080060e8      0x8  Data  Lc  DS_Digital_Small.o [1]
DS_Digital_Small_0x2a   0x080060f8      0x8  Data  Lc  DS_Digital_Small.o [1]
DS_Digital_Small_0x2b   0x08006108      0x8  Data  Lc  DS_Digital_Small.o [1]
DS_Digital_Small_0x2c   0x08006118      0x8  Data  Lc  DS_Digital_Small.o [1]
DS_Digital_Small_0x2d   0x08006120      0x8  Data  Lc  DS_Digital_Small.o [1]
DS_Digital_Small_0x2e   0x08006128      0x8  Data  Lc  DS_Digital_Small.o [1]
DS_Digital_Small_0x2f   0x08006130      0x8  Data  Lc  DS_Digital_Small.o [1]
DS_Digital_Small_0x30   0x08006138      0x8  Data  Lc  DS_Digital_Small.o [1]
DS_Digital_Small_0x31   0x08006140      0x8  Data  Lc  DS_Digital_Small.o [1]
DS_Digital_Small_0x32   0x08006148      0x8  Data  Lc  DS_Digital_Small.o [1]
DS_Digital_Small_0x33   0x08006150      0x8  Data  Lc  DS_Digital_Small.o [1]
DS_Digital_Small_0x34   0x08006158      0x8  Data  Lc  DS_Digital_Small.o [1]
DS_Digital_Small_0x35   0x08006160      0x8  Data  Lc  DS_Digital_Small.o [1]
DS_Digital_Small_0x36   0x08006168      0x8  Data  Lc  DS_Digital_Small.o [1]
DS_Digital_Small_0x37   0x08006170      0x8  Data  Lc  DS_Digital_Small.o [1]
DS_Digital_Small_0x38   0x08006178      0x8  Data  Lc  DS_Digital_Small.o [1]
DS_Digital_Small_0x39   0x08006180      0x8  Data  Lc  DS_Digital_Small.o [1]
DS_Digital_Small_0x3a   0x08006188      0x8  Data  Lc  DS_Digital_Small.o [1]
DS_Digital_Small_0x3b   0x08006190      0x8  Data  Lc  DS_Digital_Small.o [1]
DS_Digital_Small_0x3c   0x08006198      0x8  Data  Lc  DS_Digital_Small.o [1]
DS_Digital_Small_0x3d   0x080061a0      0x8  Data  Lc  DS_Digital_Small.o [1]
DS_Digital_Small_0x3e   0x080061a8      0x8  Data  Lc  DS_Digital_Small.o [1]
DS_Digital_Small_0x3f   0x080061b0      0x8  Data  Lc  DS_Digital_Small.o [1]
DS_Digital_Small_0x40   0x080061b8      0x8  Data  Lc  DS_Digital_Small.o [1]
DS_Digital_Small_0x41   0x080061c0      0x8  Data  Lc  DS_Digital_Small.o [1]
DS_Digital_Small_0x42   0x080061c8      0x8  Data  Lc  DS_Digital_Small.o [1]
DS_Digital_Small_0x43   0x080061d0      0x8  Data  Lc  DS_Digital_Small.o [1]
DS_Digital_Small_array  0x08002dbc    0x120  Data  Lc  DS_Digital_Small.o [1]
DS_Digital_array        0x080030e8     0xf8  Data  Lc  DS_Digital.o [1]
MCU_init                0x080031e1     0xf4  Code  Gb  mcu.o [1]
OS_init                 0x08004799     0x1e  Code  Gb  main.o [1]
PendSV_Handler          0x0800166d           Code  Gb  portasm.o [1]
Region$$Table$$Base     0x080058c4            --   Gb  - Linker created -
Region$$Table$$Limit    0x080058e8            --   Gb  - Linker created -
SPI1_IRQHandler         0x08002edd      0xc  Code  Gb  spiF4.o [1]
SPI5_IRQHandler         0x08002f21      0xc  Code  Gb  spiF4.o [1]
SVC_Handler             0x080016c5           Code  Gb  portasm.o [1]
SysTick_Handler         0x08001147     0x28  Code  Gb  port.o [1]
SystemCoreClock         0x2000000c      0x4  Data  Gb  system_stm32f4xx.o [1]
SystemCoreClockUpdate   0x08002cf1     0x9a  Code  Gb  system_stm32f4xx.o [1]
SystemInit              0x08002ca5     0x4c  Code  Gb  system_stm32f4xx.o [1]
UI_MainWindowRendering  0x08002fed     0xe0  Code  Gb  UI.o [1]
__aeabi_assert          0x080025c1     0x24  Code  Gb  ABIassert.o [6]
__aeabi_memcpy          0x08001e71           Code  Gb  ABImemcpy.o [5]
__aeabi_memcpy4         0x08001e91           Code  Gb  ABImemcpy.o [5]
__aeabi_memcpy8         0x08001e91           Code  Gb  ABImemcpy.o [5]
__aeabi_memset          0x08000ea1           Code  Gb  ABImemset.o [5]
__cmain                 0x080058e9           Code  Gb  cmain.o [5]
__exit                  0x080025ed     0x14  Code  Gb  exit.o [6]
__iar_Memset            0x08000ea1           Code  Gb  ABImemset.o [5]
__iar_Memset_word       0x08000ea9           Code  Gb  ABImemset.o [5]
__iar_copy_init3        0x0800506d     0x2c  Code  Gb  copy_init3.o [5]
__iar_data_init3        0x08005099     0x28  Code  Gb  data_init.o [5]
__iar_init_vfp          0x080058a1           Code  Gb  fpinit_M.o [4]
__iar_program_start     0x08005c75           Code  Gb  cstartup_M.o [5]
__iar_systems$$module {Abs}
                        0x00000001           Data  Gb  command line/config [2]
__iar_zero_init3        0x08004e8d     0x40  Code  Gb  zero_init3.o [5]
__low_level_init        0x08005903      0x4  Code  Gb  low_level_init.o [3]
__vector_table          0x08000000           Data  Gb  startup_stm32f427xx.o [1]
_call_main              0x080058f5           Code  Gb  cmain.o [5]
_exit                   0x0800590d           Code  Gb  cexit.o [5]
_main                   0x080058ff           Code  Gb  cmain.o [5]
abort                   0x080025e5      0x6  Code  Gb  abort.o [3]
backlight               0x20000000      0x8  Data  Gb  lcd_backlight.o [1]
buttonClearPressed      0x080046e1      0xe  Code  Gb  button.o [1]
buttonInit              0x08004661     0x2a  Code  Gb  button.o [1]
buttonScan              0x0800468b     0x56  Code  Gb  button.o [1]
clock_init              0x08002b71    0x134  Code  Gb  clock.o [1]
enReadVal               0x080029f9     0x38  Code  Gb  encoders.o [1]
enWriteVal              0x08002a31     0x30  Code  Gb  encoders.o [1]
encoderPannel           0x20012d04     0x14  Data  Gb  encoderPannel.o [1]
encoderUpdate           0x08002a61    0x10c  Code  Gb  encoders.o [1]
exit                    0x08005907      0x4  Code  Gb  exit.o [3]
gpioAfInit              0x08002537     0x80  Code  Gb  gpio.o [1]
gpioInit                0x08002491     0xa6  Code  Gb  gpio.o [1]
hard_init               0x080047d9     0x10  Code  Gb  hard.o [1]
ili9341_ColumnAddressSet
                        0x080028e1     0x1e  Code  Lc  ili9341.o [1]
ili9341_DrawBackground  0x0800291d     0x64  Code  Gb  ili9341.o [1]
ili9341_Init            0x08002841     0xa0  Code  Gb  ili9341.o [1]
ili9341_InitCommunication
                        0x08002211    0x24c  Code  Gb  ili9341_fsmc.o [1]
ili9341_PageAddressSet  0x080028ff     0x1e  Code  Lc  ili9341.o [1]
ili9341_Reset           0x080029e5      0xa  Code  Gb  ili9341.o [1]
ili9341_SetOrientation  0x08002985     0x3e  Code  Gb  ili9341.o [1]
ili9341_SetRegion       0x080029c3     0x22  Code  Gb  ili9341.o [1]
ili9341_WriteCommand    0x08002485      0xa  Code  Gb  ili9341_fsmc.o [1]
ili9341_WriteData       0x0800245d      0x8  Code  Gb  ili9341_fsmc.o [1]
ili9341_WriteData_16    0x08002465      0x6  Code  Gb  ili9341_fsmc.o [1]
ili9341_displayOn       0x080029ef      0xa  Code  Gb  ili9341.o [1]
image_data_Arial_0x20   0x08005948     0x14  Data  Lc  Arial.o [1]
image_data_Arial_0x21   0x0800595c     0x14  Data  Lc  Arial.o [1]
image_data_Arial_0x22   0x08005970     0x14  Data  Lc  Arial.o [1]
image_data_Arial_0x23   0x080050c0     0x24  Data  Lc  Arial.o [1]
image_data_Arial_0x24   0x080050e4     0x24  Data  Lc  Arial.o [1]
image_data_Arial_0x25   0x08005108     0x24  Data  Lc  Arial.o [1]
image_data_Arial_0x26   0x0800512c     0x24  Data  Lc  Arial.o [1]
image_data_Arial_0x27   0x08005984     0x14  Data  Lc  Arial.o [1]
image_data_Arial_0x28   0x08005998     0x14  Data  Lc  Arial.o [1]
image_data_Arial_0x29   0x080059ac     0x14  Data  Lc  Arial.o [1]
image_data_Arial_0x2a   0x080059c0     0x14  Data  Lc  Arial.o [1]
image_data_Arial_0x2b   0x08005150     0x24  Data  Lc  Arial.o [1]
image_data_Arial_0x2c   0x080059d4     0x14  Data  Lc  Arial.o [1]
image_data_Arial_0x2d   0x080059e8     0x14  Data  Lc  Arial.o [1]
image_data_Arial_0x2e   0x080059fc     0x14  Data  Lc  Arial.o [1]
image_data_Arial_0x2f   0x08005a10     0x14  Data  Lc  Arial.o [1]
image_data_Arial_0x30   0x08005174     0x24  Data  Lc  Arial.o [1]
image_data_Arial_0x31   0x08005198     0x24  Data  Lc  Arial.o [1]
image_data_Arial_0x32   0x080051bc     0x24  Data  Lc  Arial.o [1]
image_data_Arial_0x33   0x080051e0     0x24  Data  Lc  Arial.o [1]
image_data_Arial_0x34   0x08005204     0x24  Data  Lc  Arial.o [1]
image_data_Arial_0x35   0x08005228     0x24  Data  Lc  Arial.o [1]
image_data_Arial_0x36   0x0800524c     0x24  Data  Lc  Arial.o [1]
image_data_Arial_0x37   0x08005270     0x24  Data  Lc  Arial.o [1]
image_data_Arial_0x38   0x08005294     0x24  Data  Lc  Arial.o [1]
image_data_Arial_0x39   0x080052b8     0x24  Data  Lc  Arial.o [1]
image_data_Arial_0x3a   0x08005a24     0x14  Data  Lc  Arial.o [1]
image_data_Arial_0x3b   0x08005a38     0x14  Data  Lc  Arial.o [1]
image_data_Arial_0x3c   0x080052dc     0x24  Data  Lc  Arial.o [1]
image_data_Arial_0x3d   0x08005300     0x24  Data  Lc  Arial.o [1]
image_data_Arial_0x3e   0x08005324     0x24  Data  Lc  Arial.o [1]
image_data_Arial_0x3f   0x08005348     0x24  Data  Lc  Arial.o [1]
image_data_Arial_0x40   0x0800536c     0x24  Data  Lc  Arial.o [1]
image_data_Arial_0x41   0x08005390     0x24  Data  Lc  Arial.o [1]
image_data_Arial_0x42   0x080053b4     0x24  Data  Lc  Arial.o [1]
image_data_Arial_0x43   0x080053d8     0x24  Data  Lc  Arial.o [1]
image_data_Arial_0x44   0x080053fc     0x24  Data  Lc  Arial.o [1]
image_data_Arial_0x45   0x08005420     0x24  Data  Lc  Arial.o [1]
image_data_Arial_0x46   0x08005444     0x24  Data  Lc  Arial.o [1]
image_data_Arial_0x47   0x08005468     0x24  Data  Lc  Arial.o [1]
image_data_Arial_0x48   0x0800548c     0x24  Data  Lc  Arial.o [1]
image_data_Arial_0x49   0x08005a4c     0x14  Data  Lc  Arial.o [1]
image_data_Arial_0x4a   0x08005a60     0x14  Data  Lc  Arial.o [1]
image_data_Arial_0x4b   0x080054b0     0x24  Data  Lc  Arial.o [1]
image_data_Arial_0x4c   0x080054d4     0x24  Data  Lc  Arial.o [1]
image_data_Arial_0x4d   0x080054f8     0x24  Data  Lc  Arial.o [1]
image_data_Arial_0x4e   0x0800551c     0x24  Data  Lc  Arial.o [1]
image_data_Arial_0x4f   0x08005540     0x24  Data  Lc  Arial.o [1]
image_data_Arial_0x50   0x08005564     0x24  Data  Lc  Arial.o [1]
image_data_Arial_0x51   0x08005588     0x24  Data  Lc  Arial.o [1]
image_data_Arial_0x52   0x080055ac     0x24  Data  Lc  Arial.o [1]
image_data_Arial_0x53   0x080055d0     0x24  Data  Lc  Arial.o [1]
image_data_Arial_0x54   0x080055f4     0x24  Data  Lc  Arial.o [1]
image_data_Arial_0x55   0x08005618     0x24  Data  Lc  Arial.o [1]
image_data_Arial_0x56   0x0800563c     0x24  Data  Lc  Arial.o [1]
image_data_Arial_0x57   0x08005660     0x24  Data  Lc  Arial.o [1]
image_data_Arial_0x58   0x08005684     0x24  Data  Lc  Arial.o [1]
image_data_Arial_0x59   0x080056a8     0x24  Data  Lc  Arial.o [1]
image_data_Arial_0x5a   0x080056cc     0x24  Data  Lc  Arial.o [1]
image_data_Arial_0x5b   0x08005a74     0x14  Data  Lc  Arial.o [1]
image_data_Arial_0x5c   0x08005a88     0x14  Data  Lc  Arial.o [1]
image_data_Arial_0x5d   0x08005a9c     0x14  Data  Lc  Arial.o [1]
image_data_Arial_0x5e   0x08005ab0     0x14  Data  Lc  Arial.o [1]
image_data_Arial_0x5f   0x080056f0     0x24  Data  Lc  Arial.o [1]
image_data_Arial_0x60   0x08005ac4     0x14  Data  Lc  Arial.o [1]
image_data_Arial_0x61   0x08005714     0x24  Data  Lc  Arial.o [1]
image_data_Arial_0x62   0x08005738     0x24  Data  Lc  Arial.o [1]
image_data_Arial_0x63   0x08005ad8     0x14  Data  Lc  Arial.o [1]
image_data_Arial_0x64   0x0800575c     0x24  Data  Lc  Arial.o [1]
image_data_Arial_0x65   0x08005780     0x24  Data  Lc  Arial.o [1]
image_data_Arial_0x66   0x08005aec     0x14  Data  Lc  Arial.o [1]
image_data_Arial_0x67   0x080057a4     0x24  Data  Lc  Arial.o [1]
image_data_Arial_0x68   0x08005b00     0x14  Data  Lc  Arial.o [1]
image_data_Arial_0x69   0x08005b14     0x14  Data  Lc  Arial.o [1]
image_data_Arial_0x6a   0x08005b28     0x14  Data  Lc  Arial.o [1]
image_data_Arial_0x6b   0x08005b3c     0x14  Data  Lc  Arial.o [1]
image_data_Arial_0x6c   0x08005b50     0x14  Data  Lc  Arial.o [1]
image_data_Arial_0x6d   0x080057c8     0x24  Data  Lc  Arial.o [1]
image_data_Arial_0x6e   0x08005b64     0x14  Data  Lc  Arial.o [1]
image_data_Arial_0x6f   0x080057ec     0x24  Data  Lc  Arial.o [1]
image_data_Arial_0x70   0x08005810     0x24  Data  Lc  Arial.o [1]
image_data_Arial_0x71   0x08005834     0x24  Data  Lc  Arial.o [1]
image_data_Arial_0x72   0x08005b78     0x14  Data  Lc  Arial.o [1]
image_data_Arial_0x73   0x08005b8c     0x14  Data  Lc  Arial.o [1]
image_data_Arial_0x74   0x08005ba0     0x14  Data  Lc  Arial.o [1]
image_data_Arial_0x75   0x08005bb4     0x14  Data  Lc  Arial.o [1]
image_data_Arial_0x76   0x08005bc8     0x14  Data  Lc  Arial.o [1]
image_data_Arial_0x77   0x08005858     0x24  Data  Lc  Arial.o [1]
image_data_Arial_0x78   0x08005bdc     0x14  Data  Lc  Arial.o [1]
image_data_Arial_0x79   0x08005bf0     0x14  Data  Lc  Arial.o [1]
image_data_Arial_0x7a   0x08005c04     0x14  Data  Lc  Arial.o [1]
image_data_Arial_0x7b   0x08005c18     0x14  Data  Lc  Arial.o [1]
image_data_Arial_0x7c   0x08005c2c     0x14  Data  Lc  Arial.o [1]
image_data_Arial_0x7d   0x08005c40     0x14  Data  Lc  Arial.o [1]
image_data_Arial_0x7e   0x0800587c     0x24  Data  Lc  Arial.o [1]
image_data_DS_Digital_0x25
                        0x080032d4     0xd4  Data  Lc  DS_Digital.o [1]
image_data_DS_Digital_0x26
                        0x080033a8     0xa0  Data  Lc  DS_Digital.o [1]
image_data_DS_Digital_0x27
                        0x08005f90      0x8  Data  Lc  DS_Digital.o [1]
image_data_DS_Digital_0x28
                        0x08003448     0xa0  Data  Lc  DS_Digital.o [1]
image_data_DS_Digital_0x29
                        0x080034e8     0xa0  Data  Lc  DS_Digital.o [1]
image_data_DS_Digital_0x2a
                        0x08003588     0xa0  Data  Lc  DS_Digital.o [1]
image_data_DS_Digital_0x2b
                        0x08003628     0xa0  Data  Lc  DS_Digital.o [1]
image_data_DS_Digital_0x2c
                        0x080036c8     0xa0  Data  Lc  DS_Digital.o [1]
image_data_DS_Digital_0x2d
                        0x08003768     0xa0  Data  Lc  DS_Digital.o [1]
image_data_DS_Digital_0x2e
                        0x08003808     0xa0  Data  Lc  DS_Digital.o [1]
image_data_DS_Digital_0x2f
                        0x080038a8     0xa0  Data  Lc  DS_Digital.o [1]
image_data_DS_Digital_0x30
                        0x08003948     0xa0  Data  Lc  DS_Digital.o [1]
image_data_DS_Digital_0x31
                        0x080039e8     0xa0  Data  Lc  DS_Digital.o [1]
image_data_DS_Digital_0x32
                        0x08003a88     0xa0  Data  Lc  DS_Digital.o [1]
image_data_DS_Digital_0x33
                        0x08003b28     0xa0  Data  Lc  DS_Digital.o [1]
image_data_DS_Digital_0x34
                        0x08003bc8     0xa0  Data  Lc  DS_Digital.o [1]
image_data_DS_Digital_0x35
                        0x08003c68     0xa0  Data  Lc  DS_Digital.o [1]
image_data_DS_Digital_0x36
                        0x08003d08     0xa0  Data  Lc  DS_Digital.o [1]
image_data_DS_Digital_0x37
                        0x08003da8     0xa0  Data  Lc  DS_Digital.o [1]
image_data_DS_Digital_0x38
                        0x08003e48     0xa0  Data  Lc  DS_Digital.o [1]
image_data_DS_Digital_0x39
                        0x08003ee8     0xa0  Data  Lc  DS_Digital.o [1]
image_data_DS_Digital_0x3a
                        0x08003f88     0xa0  Data  Lc  DS_Digital.o [1]
image_data_DS_Digital_0x3b
                        0x08004028     0xa0  Data  Lc  DS_Digital.o [1]
image_data_DS_Digital_0x3c
                        0x080040c8     0xa0  Data  Lc  DS_Digital.o [1]
image_data_DS_Digital_0x3d
                        0x08004168     0xa0  Data  Lc  DS_Digital.o [1]
image_data_DS_Digital_0x3e
                        0x08004208     0xa0  Data  Lc  DS_Digital.o [1]
image_data_DS_Digital_0x3f
                        0x080042a8     0xa0  Data  Lc  DS_Digital.o [1]
image_data_DS_Digital_0x40
                        0x08004348     0xa0  Data  Lc  DS_Digital.o [1]
image_data_DS_Digital_0x41
                        0x080043e8     0xa0  Data  Lc  DS_Digital.o [1]
image_data_DS_Digital_0x42
                        0x08004488     0xa0  Data  Lc  DS_Digital.o [1]
image_data_DS_Digital_0x43
                        0x08004528     0xa0  Data  Lc  DS_Digital.o [1]
image_data_DS_Digital_Small_0x20
                        0x08004c50     0x48  Data  Lc  DS_Digital_Small.o [1]
image_data_DS_Digital_Small_0x21
                        0x08004c98     0x48  Data  Lc  DS_Digital_Small.o [1]
image_data_DS_Digital_Small_0x22
                        0x08004ce0     0x48  Data  Lc  DS_Digital_Small.o [1]
image_data_DS_Digital_Small_0x23
                        0x08004d28     0x48  Data  Lc  DS_Digital_Small.o [1]
image_data_DS_Digital_Small_0x24
                        0x08004d70     0x48  Data  Lc  DS_Digital_Small.o [1]
image_data_DS_Digital_Small_0x25
                        0x08004db8     0x48  Data  Lc  DS_Digital_Small.o [1]
image_data_DS_Digital_Small_0x26
                        0x08004e00     0x48  Data  Lc  DS_Digital_Small.o [1]
image_data_DS_Digital_Small_0x27
                        0x080060c0      0x8  Data  Lc  DS_Digital_Small.o [1]
image_data_DS_Digital_Small_0x28
                        0x080060d0      0x8  Data  Lc  DS_Digital_Small.o [1]
image_data_DS_Digital_Small_0x29
                        0x080060e0      0x8  Data  Lc  DS_Digital_Small.o [1]
image_data_DS_Digital_Small_0x2a
                        0x080060f0      0x8  Data  Lc  DS_Digital_Small.o [1]
image_data_DS_Digital_Small_0x2b
                        0x08006100      0x8  Data  Lc  DS_Digital_Small.o [1]
image_data_DS_Digital_Small_0x2c
                        0x08006110      0x8  Data  Lc  DS_Digital_Small.o [1]
image_data_DS_Digital_Small_0x2d
                        0x08004874     0x4c  Data  Lc  DS_Digital_Small.o [1]
image_data_DS_Digital_Small_0x2e
                        0x08005918     0x18  Data  Lc  DS_Digital_Small.o [1]
image_data_DS_Digital_Small_0x2f
                        0x08005930     0x18  Data  Lc  DS_Digital_Small.o [1]
image_data_DS_Digital_Small_0x30
                        0x080048c0     0x4c  Data  Lc  DS_Digital_Small.o [1]
image_data_DS_Digital_Small_0x31
                        0x0800490c     0x4c  Data  Lc  DS_Digital_Small.o [1]
image_data_DS_Digital_Small_0x32
                        0x08004958     0x4c  Data  Lc  DS_Digital_Small.o [1]
image_data_DS_Digital_Small_0x33
                        0x080049a4     0x4c  Data  Lc  DS_Digital_Small.o [1]
image_data_DS_Digital_Small_0x34
                        0x080049f0     0x4c  Data  Lc  DS_Digital_Small.o [1]
image_data_DS_Digital_Small_0x35
                        0x08004a3c     0x4c  Data  Lc  DS_Digital_Small.o [1]
image_data_DS_Digital_Small_0x36
                        0x08004a88     0x4c  Data  Lc  DS_Digital_Small.o [1]
image_data_DS_Digital_Small_0x37
                        0x08004ad4     0x4c  Data  Lc  DS_Digital_Small.o [1]
image_data_DS_Digital_Small_0x38
                        0x08004b20     0x4c  Data  Lc  DS_Digital_Small.o [1]
image_data_DS_Digital_Small_0x39
                        0x08004b6c     0x4c  Data  Lc  DS_Digital_Small.o [1]
image_data_DS_Digital_Small_0x3a
                        0x08004bb8     0x4c  Data  Lc  DS_Digital_Small.o [1]
image_data_DS_Digital_Small_0x3b
                        0x08004c04     0x4c  Data  Lc  DS_Digital_Small.o [1]
image_data_DS_Digital_Small_0x3c
                        0x08004ecc     0x34  Data  Lc  DS_Digital_Small.o [1]
image_data_DS_Digital_Small_0x3d
                        0x08004f00     0x34  Data  Lc  DS_Digital_Small.o [1]
image_data_DS_Digital_Small_0x3e
                        0x08004f34     0x34  Data  Lc  DS_Digital_Small.o [1]
image_data_DS_Digital_Small_0x3f
                        0x08004f68     0x34  Data  Lc  DS_Digital_Small.o [1]
image_data_DS_Digital_Small_0x40
                        0x08004f9c     0x34  Data  Lc  DS_Digital_Small.o [1]
image_data_DS_Digital_Small_0x41
                        0x08004fd0     0x34  Data  Lc  DS_Digital_Small.o [1]
image_data_DS_Digital_Small_0x42
                        0x08005004     0x34  Data  Lc  DS_Digital_Small.o [1]
image_data_DS_Digital_Small_0x43
                        0x08005038     0x34  Data  Lc  DS_Digital_Small.o [1]
initTsk                 0x08004775     0x24  Code  Gb  main.o [1]
keyboard                0x20012cec     0x18  Data  Gb  keyboard.o [1]
keyboardClearAllPress   0x08004603     0x16  Code  Gb  keyboard.o [1]
keyboardInit            0x080045c9     0x3a  Code  Gb  keyboard.o [1]
keyboardScan            0x08004619     0x34  Code  Gb  keyboard.o [1]
lcdBacklight_init       0x080047e9     0x30  Code  Gb  lcd_backlight.o [1]
lcd_Char                0x08002601    0x110  Code  Gb  lcd.o [1]
lcd_DrawBackground      0x08002835      0xa  Code  Gb  lcd.o [1]
lcd_FastHLine           0x080027a1     0x2e  Code  Gb  lcd.o [1]
lcd_FastVLine           0x08002773     0x2e  Code  Gb  lcd.o [1]
lcd_FillRect            0x0800273d     0x36  Code  Gb  lcd.o [1]
lcd_Rect                0x080027cf     0x66  Code  Gb  lcd.o [1]
lcd_String              0x08002711     0x2c  Code  Gb  lcd.o [1]
main                    0x080047c9     0x10  Code  Gb  main.o [1]
mainTsk                 0x080046f1     0x84  Code  Gb  mainTSK.o [1]
orientation             0x20012e10      0x1  Data  Gb  ili9341.o [1]
pcInterruptPriorityRegisters
                        0x0800622c      0x4  Data  Lc  port.o [1]
prvAddCurrentTaskToDelayedList
                        0x08000b8d     0x7c  Code  Lc  tasks.o [1]
prvAddNewTaskToReadyList
                        0x080002d9     0xc2  Code  Lc  tasks.o [1]
prvCheckForValidListAndQueue
                        0x080015f9     0x4c  Code  Lc  timers.o [1]
prvCheckTasksWaitingTermination
                        0x08000a07     0x48  Code  Lc  tasks.o [1]
prvCopyDataFromQueue    0x08001d2b     0x2a  Code  Lc  queue.o [1]
prvCopyDataToQueue      0x08001ca5     0x86  Code  Lc  queue.o [1]
prvDeleteTCB            0x08000a4f     0x12  Code  Lc  tasks.o [1]
prvGetNextExpireTime    0x080013d7     0x26  Code  Lc  timers.o [1]
prvHeapInit             0x08000dc9     0x62  Code  Lc  heap_4.o [1]
prvIdleTask             0x08000981     0x24  Code  Lc  tasks.o [1]
prvInitialiseNewQueue   0x080017fd     0x22  Code  Lc  queue.o [1]
prvInitialiseNewTask    0x08000217     0xc2  Code  Lc  tasks.o [1]
prvInitialiseTaskLists  0x080009ad     0x5a  Code  Lc  tasks.o [1]
prvInsertBlockIntoFreeList
                        0x08000e2b     0x58  Code  Lc  heap_4.o [1]
prvInsertTimerInActiveList
                        0x08001425     0x3e  Code  Lc  timers.o [1]
prvIsQueueEmpty         0x08001dc3     0x1c  Code  Lc  queue.o [1]
prvIsQueueFull          0x08001ddf     0x1e  Code  Lc  queue.o [1]
prvProcessExpiredTimer  0x080012e1     0x6c  Code  Lc  timers.o [1]
prvProcessReceivedCommands
                        0x08001463    0x116  Code  Lc  timers.o [1]
prvProcessTimerOrBlockTask
                        0x08001365     0x72  Code  Lc  timers.o [1]
prvResetNextTaskUnblockTime
                        0x08000a61     0x28  Code  Lc  tasks.o [1]
prvSampleTimeNow        0x080013fd     0x28  Code  Lc  timers.o [1]
prvSampleTimeNow::xLastTime
                        0x20012e0c      0x4  Data  Lc  timers.o [1]
prvSwitchTimerLists     0x08001579     0x80  Code  Lc  timers.o [1]
prvTaskExitError        0x08000fc9     0x2a  Code  Lc  port.o [1]
prvTimerTask            0x08001351     0x14  Code  Lc  timers.o [1]
prvUnlockQueue          0x08001d55     0x6e  Code  Lc  queue.o [1]
pvPortMalloc            0x08000c45    0x10e  Code  Gb  heap_4.o [1]
pxCurrentTCB            0x20012dc0      0x4  Data  Gb  tasks.o [1]
pxCurrentTimerList      0x20012dfc      0x4  Data  Lc  timers.o [1]
pxDelayedTaskList       0x20012dc4      0x4  Data  Lc  tasks.o [1]
pxEnd                   0x20012dac      0x4  Data  Lc  heap_4.o [1]
pxOverflowDelayedTaskList
                        0x20012dc8      0x4  Data  Lc  tasks.o [1]
pxOverflowTimerList     0x20012e00      0x4  Data  Lc  timers.o [1]
pxPortInitialiseStack   0x08000fa1     0x28  Code  Gb  port.o [1]
pxReadyTasksLists       0x20012c10     0x64  Data  Lc  tasks.o [1]
spi1                    0x20012cb4     0x1c  Data  Gb  spiF4.o [1]
spi5                    0x20012cd0     0x1c  Data  Gb  spiF4.o [1]
spi_DmaTxIrqHandler     0x08002f2d     0x3e  Code  Gb  spiF4.o [1]
spi_IrqHandler          0x08002f6b     0x72  Code  Gb  spiF4.o [1]
ucHeap                  0x20000010  0x12c00  Data  Lc  heap_4.o [1]
ucMaxSysCallPriority    0x20012e11      0x1  Data  Lc  port.o [1]
ui                      0x08004e48     0x44  Data  Lc  UI.o [1]
ulMaxPRIGROUPValue      0x20012dbc      0x4  Data  Lc  port.o [1]
uxCriticalNesting       0x20000008      0x4  Data  Lc  port.o [1]
uxCurrentNumberOfTasks  0x20012dd0      0x4  Data  Lc  tasks.o [1]
uxDeletedTasksWaitingCleanUp
                        0x20012dcc      0x4  Data  Lc  tasks.o [1]
uxListRemove            0x08000f79     0x26  Code  Gb  list.o [1]
uxPendedTicks           0x20012de0      0x4  Data  Lc  tasks.o [1]
uxSchedulerSuspended    0x20012df8      0x4  Data  Lc  tasks.o [1]
uxTaskNumber            0x20012dec      0x4  Data  Lc  tasks.o [1]
uxTopReadyPriority      0x20012dd8      0x4  Data  Lc  tasks.o [1]
vListInitialise         0x08000f07     0x1e  Code  Gb  list.o [1]
vListInitialiseItem     0x08000f25      0x6  Code  Gb  list.o [1]
vListInsert             0x08000f43     0x36  Code  Gb  list.o [1]
vListInsertEnd          0x08000f2b     0x18  Code  Gb  list.o [1]
vPortEnableVFP          0x08001701           Code  Gb  portasm.o [1]
vPortEnterCritical      0x080010db     0x3a  Code  Gb  port.o [1]
vPortExitCritical       0x08001115     0x32  Code  Gb  port.o [1]
vPortFree               0x08000d53     0x76  Code  Gb  heap_4.o [1]
vPortStartFirstTask     0x080016e1           Code  Gb  portasm.o [1]
vPortValidateInterruptPriority
                        0x08001171     0x4a  Code  Gb  port.o [1]
vQueueAddToRegistry     0x08001dfd     0x24  Code  Gb  queue.o [1]
vQueueWaitForMessageRestricted
                        0x08001e25     0x4a  Code  Gb  queue.o [1]
vTaskDelay              0x0800047b     0x4c  Code  Gb  tasks.o [1]
vTaskDelete             0x0800039b     0xe0  Code  Gb  tasks.o [1]
vTaskInternalSetTimeOutState
                        0x080008d9     0x12  Code  Gb  tasks.o [1]
vTaskMissedYield        0x08000977      0xa  Code  Gb  tasks.o [1]
vTaskPlaceOnEventList   0x080007cb     0x2e  Code  Gb  tasks.o [1]
vTaskPlaceOnEventListRestricted
                        0x08000811     0x38  Code  Gb  tasks.o [1]
vTaskStartScheduler     0x080004c7     0x6e  Code  Gb  tasks.o [1]
vTaskSuspendAll         0x08000535     0x10  Code  Gb  tasks.o [1]
vTaskSwitchContext      0x0800075d     0x6e  Code  Gb  tasks.o [1]
xActiveTimerList1       0x20012d7c     0x14  Data  Lc  timers.o [1]
xActiveTimerList2       0x20012d90     0x14  Data  Lc  timers.o [1]
xBlockAllocatedBit      0x20012db8      0x4  Data  Lc  heap_4.o [1]
xDelayedTaskList1       0x20012d18     0x14  Data  Lc  tasks.o [1]
xDelayedTaskList2       0x20012d2c     0x14  Data  Lc  tasks.o [1]
xFreeBytesRemaining     0x20012db0      0x4  Data  Lc  heap_4.o [1]
xHeapStructSize         0x08006228      0x4  Data  Lc  heap_4.o [1]
xIdleTaskHandle         0x20012df4      0x4  Data  Lc  tasks.o [1]
xMinimumEverFreeBytesRemaining
                        0x20012db4      0x4  Data  Lc  heap_4.o [1]
xNextTaskUnblockTime    0x20012df0      0x4  Data  Lc  tasks.o [1]
xNumOfOverflows         0x20012de8      0x4  Data  Lc  tasks.o [1]
xPendingReadyList       0x20012d40     0x14  Data  Lc  tasks.o [1]
xPortStartScheduler     0x08000ff3     0xe8  Code  Gb  port.o [1]
xQueueGenericCreate     0x080017b3     0x4a  Code  Gb  queue.o [1]
xQueueGenericReset      0x0800171d     0x96  Code  Gb  queue.o [1]
xQueueGenericSend       0x0800181f    0x196  Code  Gb  queue.o [1]
xQueueGenericSendFromISR
                        0x080019b5     0xdc  Code  Gb  queue.o [1]
xQueueGiveFromISR       0x08001a91     0xb4  Code  Gb  queue.o [1]
xQueueReceive           0x08001b45    0x15a  Code  Gb  queue.o [1]
xQueueRegistry          0x20012c74     0x40  Data  Gb  queue.o [1]
xSchedulerRunning       0x20012ddc      0x4  Data  Lc  tasks.o [1]
xStart                  0x20012da4      0x8  Data  Lc  heap_4.o [1]
xSuspendedTaskList      0x20012d68     0x14  Data  Lc  tasks.o [1]
xTaskCheckForTimeOut    0x080008f5     0x82  Code  Gb  tasks.o [1]
xTaskCreate             0x080001ad     0x6a  Code  Gb  tasks.o [1]
xTaskGetSchedulerState  0x08000a89     0x20  Code  Gb  tasks.o [1]
xTaskGetTickCount       0x0800063f      0x8  Code  Gb  tasks.o [1]
xTaskIncrementTick      0x08000647    0x116  Code  Gb  tasks.o [1]
xTaskPriorityDisinherit
                        0x08000aa9     0xb6  Code  Gb  tasks.o [1]
xTaskRemoveFromEventList
                        0x08000849     0x84  Code  Gb  tasks.o [1]
xTaskResumeAll          0x08000545     0xfa  Code  Gb  tasks.o [1]
xTasksWaitingTermination
                        0x20012d54     0x14  Data  Lc  tasks.o [1]
xTickCount              0x20012dd4      0x4  Data  Lc  tasks.o [1]
xTimerCreateTimerTask   0x08001225     0x48  Code  Gb  timers.o [1]
xTimerGenericCommand    0x0800126d     0x74  Code  Gb  timers.o [1]
xTimerQueue             0x20012e04      0x4  Data  Lc  timers.o [1]
xTimerTaskHandle        0x20012e08      0x4  Data  Lc  timers.o [1]
xYieldPending           0x20012de4      0x4  Data  Lc  tasks.o [1]


[1] = C:\Users\Ernst\Documents\Repositories\eSolder\Fwm\fwm_eSolder\projects\iar\STM32F427_Debug\Obj
[2] = command line
[3] = dl7M_tln.a
[4] = m7M_tls.a
[5] = rt7M_tl.a
[6] = shb_l.a

  12 926 bytes of readonly  code memory
  12 586 bytes of readonly  data memory
  85 522 bytes of readwrite data memory

Errors: none
Warnings: none
