###############################################################################
#
# IAR ELF Linker V8.11.2.13589/W32 for ARM                04/Jan/2020  01:34:45
# Copyright 2007-2017 IAR Systems AB.
#
#    Output file  =  
#        C:\Users\Ernst\Documents\Repositories\eSolder\Fwm\fwm_eSolder\projects\iar\STM32F427_Debug\Exe\eSolder.out
#    Map file     =  
#        C:\Users\Ernst\Documents\Repositories\eSolder\Fwm\fwm_eSolder\projects\iar\STM32F427_Debug\List\eSolder.map
#    Command line =  
#        -f C:\Users\Ernst\AppData\Local\Temp\EW5513.tmp
#        (C:\Users\Ernst\Documents\Repositories\eSolder\Fwm\fwm_eSolder\projects\iar\STM32F427_Debug\Obj\Arial.o
#        C:\Users\Ernst\Documents\Repositories\eSolder\Fwm\fwm_eSolder\projects\iar\STM32F427_Debug\Obj\button.o
#        C:\Users\Ernst\Documents\Repositories\eSolder\Fwm\fwm_eSolder\projects\iar\STM32F427_Debug\Obj\clock.o
#        C:\Users\Ernst\Documents\Repositories\eSolder\Fwm\fwm_eSolder\projects\iar\STM32F427_Debug\Obj\Courier_New.o
#        C:\Users\Ernst\Documents\Repositories\eSolder\Fwm\fwm_eSolder\projects\iar\STM32F427_Debug\Obj\croutine.o
#        C:\Users\Ernst\Documents\Repositories\eSolder\Fwm\fwm_eSolder\projects\iar\STM32F427_Debug\Obj\DS_Digital.o
#        C:\Users\Ernst\Documents\Repositories\eSolder\Fwm\fwm_eSolder\projects\iar\STM32F427_Debug\Obj\DS_Digital_Small.o
#        C:\Users\Ernst\Documents\Repositories\eSolder\Fwm\fwm_eSolder\projects\iar\STM32F427_Debug\Obj\encoderPannel.o
#        C:\Users\Ernst\Documents\Repositories\eSolder\Fwm\fwm_eSolder\projects\iar\STM32F427_Debug\Obj\encoders.o
#        C:\Users\Ernst\Documents\Repositories\eSolder\Fwm\fwm_eSolder\projects\iar\STM32F427_Debug\Obj\eSolder.o
#        C:\Users\Ernst\Documents\Repositories\eSolder\Fwm\fwm_eSolder\projects\iar\STM32F427_Debug\Obj\event_groups.o
#        C:\Users\Ernst\Documents\Repositories\eSolder\Fwm\fwm_eSolder\projects\iar\STM32F427_Debug\Obj\gpio.o
#        C:\Users\Ernst\Documents\Repositories\eSolder\Fwm\fwm_eSolder\projects\iar\STM32F427_Debug\Obj\hard.o
#        C:\Users\Ernst\Documents\Repositories\eSolder\Fwm\fwm_eSolder\projects\iar\STM32F427_Debug\Obj\heap_4.o
#        C:\Users\Ernst\Documents\Repositories\eSolder\Fwm\fwm_eSolder\projects\iar\STM32F427_Debug\Obj\ili9341.o
#        C:\Users\Ernst\Documents\Repositories\eSolder\Fwm\fwm_eSolder\projects\iar\STM32F427_Debug\Obj\ili9341_fsmc.o
#        C:\Users\Ernst\Documents\Repositories\eSolder\Fwm\fwm_eSolder\projects\iar\STM32F427_Debug\Obj\keyboard.o
#        C:\Users\Ernst\Documents\Repositories\eSolder\Fwm\fwm_eSolder\projects\iar\STM32F427_Debug\Obj\lcd.o
#        C:\Users\Ernst\Documents\Repositories\eSolder\Fwm\fwm_eSolder\projects\iar\STM32F427_Debug\Obj\lcd_backlight.o
#        C:\Users\Ernst\Documents\Repositories\eSolder\Fwm\fwm_eSolder\projects\iar\STM32F427_Debug\Obj\list.o
#        C:\Users\Ernst\Documents\Repositories\eSolder\Fwm\fwm_eSolder\projects\iar\STM32F427_Debug\Obj\main.o
#        C:\Users\Ernst\Documents\Repositories\eSolder\Fwm\fwm_eSolder\projects\iar\STM32F427_Debug\Obj\mainTSK.o
#        C:\Users\Ernst\Documents\Repositories\eSolder\Fwm\fwm_eSolder\projects\iar\STM32F427_Debug\Obj\mcu.o
#        C:\Users\Ernst\Documents\Repositories\eSolder\Fwm\fwm_eSolder\projects\iar\STM32F427_Debug\Obj\OS.o
#        C:\Users\Ernst\Documents\Repositories\eSolder\Fwm\fwm_eSolder\projects\iar\STM32F427_Debug\Obj\port.o
#        C:\Users\Ernst\Documents\Repositories\eSolder\Fwm\fwm_eSolder\projects\iar\STM32F427_Debug\Obj\portasm.o
#        C:\Users\Ernst\Documents\Repositories\eSolder\Fwm\fwm_eSolder\projects\iar\STM32F427_Debug\Obj\queue.o
#        C:\Users\Ernst\Documents\Repositories\eSolder\Fwm\fwm_eSolder\projects\iar\STM32F427_Debug\Obj\solderingDry.o
#        C:\Users\Ernst\Documents\Repositories\eSolder\Fwm\fwm_eSolder\projects\iar\STM32F427_Debug\Obj\solderingDryDisconnected.o
#        C:\Users\Ernst\Documents\Repositories\eSolder\Fwm\fwm_eSolder\projects\iar\STM32F427_Debug\Obj\solderingIron.o
#        C:\Users\Ernst\Documents\Repositories\eSolder\Fwm\fwm_eSolder\projects\iar\STM32F427_Debug\Obj\solderingIronDisconnected.o
#        C:\Users\Ernst\Documents\Repositories\eSolder\Fwm\fwm_eSolder\projects\iar\STM32F427_Debug\Obj\specific_symbol.o
#        C:\Users\Ernst\Documents\Repositories\eSolder\Fwm\fwm_eSolder\projects\iar\STM32F427_Debug\Obj\spiF4.o
#        C:\Users\Ernst\Documents\Repositories\eSolder\Fwm\fwm_eSolder\projects\iar\STM32F427_Debug\Obj\startup_stm32f427xx.o
#        C:\Users\Ernst\Documents\Repositories\eSolder\Fwm\fwm_eSolder\projects\iar\STM32F427_Debug\Obj\stream_buffer.o
#        C:\Users\Ernst\Documents\Repositories\eSolder\Fwm\fwm_eSolder\projects\iar\STM32F427_Debug\Obj\system_stm32f4xx.o
#        C:\Users\Ernst\Documents\Repositories\eSolder\Fwm\fwm_eSolder\projects\iar\STM32F427_Debug\Obj\tasks.o
#        C:\Users\Ernst\Documents\Repositories\eSolder\Fwm\fwm_eSolder\projects\iar\STM32F427_Debug\Obj\timers.o
#        C:\Users\Ernst\Documents\Repositories\eSolder\Fwm\fwm_eSolder\projects\iar\STM32F427_Debug\Obj\UI_mainWindow.o
#        C:\Users\Ernst\Documents\Repositories\eSolder\Fwm\fwm_eSolder\projects\iar\STM32F427_Debug\Obj\UI_private.o
#        -o
#        C:\Users\Ernst\Documents\Repositories\eSolder\Fwm\fwm_eSolder\projects\iar\STM32F427_Debug\Exe\eSolder.out
#        --map
#        C:\Users\Ernst\Documents\Repositories\eSolder\Fwm\fwm_eSolder\projects\iar\STM32F427_Debug\List\eSolder.map
#        --config "C:\Program Files (x86)\IAR Systems\Embedded Workbench
#        8.0\arm\config\linker\ST\stm32f427xG.icf" --semihosting
#        C:\Users\Ernst\Documents\Repositories\eSolder\Fwm\fwm_eSolder\projects\iar\..\..\modules\IQ\IQmathLib-cm4.a
#        --entry __iar_program_start --vfe --text_out locale)
#
###############################################################################

*******************************************************************************
*** RUNTIME MODEL ATTRIBUTES
***

CppFlavor       = *
__SystemLibrary = DLib
__dlib_version  = 6


*******************************************************************************
*** HEAP SELECTION
***

The basic heap was selected because no calls to memory allocation
functions were found in the application outside of system library
functions, and there are calls to deallocation functions in the
application.


*******************************************************************************
*** PLACEMENT SUMMARY
***

"A0":  place at 0x08000000 { ro section .intvec };
"P1":  place in [from 0x08000000 to 0x080fffff] { ro };
define block CSTACK with size = 8K, alignment = 8 { };
"P3":  place in [from 0x10000000 to 0x1000ffff] {
          block CSTACK, section .ccram };
define block HEAP with size = 8K, alignment = 8 { };
"P4":  place in [from 0x20000000 to 0x2001bfff] |
                [from 0x2001c000 to 0x2001ffff] |
                [from 0x20020000 to 0x2002ffff] { rw, block HEAP };
initialize by copy { rw };

  Section            Kind        Address    Size  Object
  -------            ----        -------    ----  ------
"A0":                                      0x1ac
  .intvec            ro code  0x08000000   0x1ac  startup_stm32f427xx.o [1]
                            - 0x080001ac   0x1ac

"P1":                                     0x8a38
  .text              ro code  0x080001ac   0xa98  tasks.o [1]
  .text              ro code  0x08000c44   0x25c  heap_4.o [1]
  .text              ro code  0x08000ea0    0x66  ABImemset.o [5]
  .text              ro code  0x08000f06    0x98  list.o [1]
  .text              ro code  0x08000f9e     0xa  xsprout.o [3]
  .text              ro code  0x08000fa8   0x284  port.o [1]
  .text              ro code  0x0800122c   0x448  timers.o [1]
  CODE               ro code  0x08001674    0xb0  portasm.o [1]
  .text              ro code  0x08001724   0x752  queue.o [1]
  .text              ro code  0x08001e78    0xa6  ABImemcpy.o [5]
  .rodata            const    0x08001f20   0x800  solderingDry.o [1]
  .rodata            const    0x08002720   0x800  solderingDryDisconnected.o [1]
  .rodata            const    0x08002f20   0x800  solderingIron.o [1]
  .rodata            const    0x08003720   0x800  solderingIronDisconnected.o [1]
  .text              ro code  0x08003f20   0x4e0  xprintfsmall_nomb.o [3]
  .text              ro code  0x08004400    0x16  strchr.o [5]
  .text              ro code  0x08004418    0x44  xfail_s.o [3]
  .text              ro code  0x0800445c    0x36  strlen.o [5]
  .text              ro code  0x08004494    0x58  memchr.o [5]
  .text              ro code  0x080044ec     0x6  abort.o [3]
  .text              ro code  0x080044f4    0x14  exit.o [6]
  .rodata            const    0x08004508   0x2f8  Arial.o [1]
  .text              ro code  0x08004800   0x29e  ili9341_fsmc.o [1]
  .text              ro code  0x08004aa0   0x13c  gpio.o [1]
  .text              ro code  0x08004bdc    0x24  ABIassert.o [6]
  .text              ro code  0x08004c00   0x210  UI_mainWindow.o [1]
  .text              ro code  0x08004e10   0x1aa  lcd.o [1]
  .text              ro code  0x08004fbc    0x40  sprintf.o [3]
  .text              ro code  0x08004ffc    0xa0  mainTSK.o [1]
  .text              ro code  0x0800509c   0x1e4  ili9341.o [1]
  .text              ro code  0x08005280    0x68  keyboard.o [1]
  .text              ro code  0x080052e8   0x20c  encoders.o [1]
  .text              ro code  0x080054f4    0xac  button.o [1]
  .text              ro code  0x080055a0   0x134  clock.o [1]
  .text              ro code  0x080056d4   0x118  system_stm32f4xx.o [1]
  .rodata            const    0x080057ec   0x120  DS_Digital_Small.o [1]
  .text              ro code  0x0800590c   0x110  spiF4.o [1]
  .text              ro code  0x08005a1c   0x104  mcu.o [1]
  .rodata            const    0x08005b20    0xf8  DS_Digital.o [1]
  .rodata            const    0x08005c18    0xd4  DS_Digital.o [1]
  .rodata            const    0x08005cec    0xa0  DS_Digital.o [1]
  .rodata            const    0x08005d8c    0xa0  DS_Digital.o [1]
  .rodata            const    0x08005e2c    0xa0  DS_Digital.o [1]
  .rodata            const    0x08005ecc    0xa0  DS_Digital.o [1]
  .rodata            const    0x08005f6c    0xa0  DS_Digital.o [1]
  .rodata            const    0x0800600c    0xa0  DS_Digital.o [1]
  .rodata            const    0x080060ac    0xa0  DS_Digital.o [1]
  .rodata            const    0x0800614c    0xa0  DS_Digital.o [1]
  .rodata            const    0x080061ec    0xa0  DS_Digital.o [1]
  .rodata            const    0x0800628c    0xa0  DS_Digital.o [1]
  .rodata            const    0x0800632c    0xa0  DS_Digital.o [1]
  .rodata            const    0x080063cc    0xa0  DS_Digital.o [1]
  .rodata            const    0x0800646c    0xa0  DS_Digital.o [1]
  .rodata            const    0x0800650c    0xa0  DS_Digital.o [1]
  .rodata            const    0x080065ac    0xa0  DS_Digital.o [1]
  .rodata            const    0x0800664c    0xa0  DS_Digital.o [1]
  .rodata            const    0x080066ec    0xa0  DS_Digital.o [1]
  .rodata            const    0x0800678c    0xa0  DS_Digital.o [1]
  .rodata            const    0x0800682c    0xa0  DS_Digital.o [1]
  .rodata            const    0x080068cc    0xa0  DS_Digital.o [1]
  .rodata            const    0x0800696c    0xa0  DS_Digital.o [1]
  .rodata            const    0x08006a0c    0xa0  DS_Digital.o [1]
  .rodata            const    0x08006aac    0xa0  DS_Digital.o [1]
  .rodata            const    0x08006b4c    0xa0  DS_Digital.o [1]
  .rodata            const    0x08006bec    0xa0  DS_Digital.o [1]
  .rodata            const    0x08006c8c    0xa0  DS_Digital.o [1]
  .rodata            const    0x08006d2c    0xa0  DS_Digital.o [1]
  .rodata            const    0x08006dcc    0xa0  DS_Digital.o [1]
  .rodata            const    0x08006e6c    0xa0  DS_Digital.o [1]
  .text              ro code  0x08006f0c    0x64  main.o [1]
  .text              ro code  0x08006f70    0x14  hard.o [1]
  .text              ro code  0x08006f84    0x34  lcd_backlight.o [1]
  .text              ro code  0x08006fb8    0x40  encoderPannel.o [1]
  .rodata            const    0x08006ff8    0x58  gpio.o [1]
  .rodata            const    0x08007050    0x4c  DS_Digital_Small.o [1]
  .rodata            const    0x0800709c    0x4c  DS_Digital_Small.o [1]
  .rodata            const    0x080070e8    0x4c  DS_Digital_Small.o [1]
  .rodata            const    0x08007134    0x4c  DS_Digital_Small.o [1]
  .rodata            const    0x08007180    0x4c  DS_Digital_Small.o [1]
  .rodata            const    0x080071cc    0x4c  DS_Digital_Small.o [1]
  .rodata            const    0x08007218    0x4c  DS_Digital_Small.o [1]
  .rodata            const    0x08007264    0x4c  DS_Digital_Small.o [1]
  .rodata            const    0x080072b0    0x4c  DS_Digital_Small.o [1]
  .rodata            const    0x080072fc    0x4c  DS_Digital_Small.o [1]
  .rodata            const    0x08007348    0x4c  DS_Digital_Small.o [1]
  .rodata            const    0x08007394    0x4c  DS_Digital_Small.o [1]
  .rodata            const    0x080073e0    0x4c  DS_Digital_Small.o [1]
  .rodata            const    0x0800742c    0x48  DS_Digital_Small.o [1]
  .rodata            const    0x08007474    0x48  DS_Digital_Small.o [1]
  .rodata            const    0x080074bc    0x48  DS_Digital_Small.o [1]
  .rodata            const    0x08007504    0x48  DS_Digital_Small.o [1]
  .rodata            const    0x0800754c    0x48  DS_Digital_Small.o [1]
  .rodata            const    0x08007594    0x48  DS_Digital_Small.o [1]
  .rodata            const    0x080075dc    0x48  DS_Digital_Small.o [1]
  .text              ro code  0x08007624    0x40  zero_init3.o [5]
  .rodata            const    0x08007664    0x34  DS_Digital_Small.o [1]
  .rodata            const    0x08007698    0x34  DS_Digital_Small.o [1]
  .rodata            const    0x080076cc    0x34  DS_Digital_Small.o [1]
  .rodata            const    0x08007700    0x34  DS_Digital_Small.o [1]
  .rodata            const    0x08007734    0x34  DS_Digital_Small.o [1]
  .rodata            const    0x08007768    0x34  DS_Digital_Small.o [1]
  .rodata            const    0x0800779c    0x34  DS_Digital_Small.o [1]
  .rodata            const    0x080077d0    0x34  DS_Digital_Small.o [1]
  .text              ro code  0x08007804    0x2c  copy_init3.o [5]
  .text              ro code  0x08007830    0x28  data_init.o [5]
  .rodata            const    0x08007858    0x24  Arial.o [1]
  .rodata            const    0x0800787c    0x24  Arial.o [1]
  .rodata            const    0x080078a0    0x24  Arial.o [1]
  .rodata            const    0x080078c4    0x24  Arial.o [1]
  .rodata            const    0x080078e8    0x24  Arial.o [1]
  .rodata            const    0x0800790c    0x24  Arial.o [1]
  .rodata            const    0x08007930    0x24  Arial.o [1]
  .rodata            const    0x08007954    0x24  Arial.o [1]
  .rodata            const    0x08007978    0x24  Arial.o [1]
  .rodata            const    0x0800799c    0x24  Arial.o [1]
  .rodata            const    0x080079c0    0x24  Arial.o [1]
  .rodata            const    0x080079e4    0x24  Arial.o [1]
  .rodata            const    0x08007a08    0x24  Arial.o [1]
  .rodata            const    0x08007a2c    0x24  Arial.o [1]
  .rodata            const    0x08007a50    0x24  Arial.o [1]
  .rodata            const    0x08007a74    0x24  Arial.o [1]
  .rodata            const    0x08007a98    0x24  Arial.o [1]
  .rodata            const    0x08007abc    0x24  Arial.o [1]
  .rodata            const    0x08007ae0    0x24  Arial.o [1]
  .rodata            const    0x08007b04    0x24  Arial.o [1]
  .rodata            const    0x08007b28    0x24  Arial.o [1]
  .rodata            const    0x08007b4c    0x24  Arial.o [1]
  .rodata            const    0x08007b70    0x24  Arial.o [1]
  .rodata            const    0x08007b94    0x24  Arial.o [1]
  .rodata            const    0x08007bb8    0x24  Arial.o [1]
  .rodata            const    0x08007bdc    0x24  Arial.o [1]
  .rodata            const    0x08007c00    0x24  Arial.o [1]
  .rodata            const    0x08007c24    0x24  Arial.o [1]
  .rodata            const    0x08007c48    0x24  Arial.o [1]
  .rodata            const    0x08007c6c    0x24  Arial.o [1]
  .rodata            const    0x08007c90    0x24  Arial.o [1]
  .rodata            const    0x08007cb4    0x24  Arial.o [1]
  .rodata            const    0x08007cd8    0x24  Arial.o [1]
  .rodata            const    0x08007cfc    0x24  Arial.o [1]
  .rodata            const    0x08007d20    0x24  Arial.o [1]
  .rodata            const    0x08007d44    0x24  Arial.o [1]
  .rodata            const    0x08007d68    0x24  Arial.o [1]
  .rodata            const    0x08007d8c    0x24  Arial.o [1]
  .rodata            const    0x08007db0    0x24  Arial.o [1]
  .rodata            const    0x08007dd4    0x24  Arial.o [1]
  .rodata            const    0x08007df8    0x24  Arial.o [1]
  .rodata            const    0x08007e1c    0x24  Arial.o [1]
  .rodata            const    0x08007e40    0x24  Arial.o [1]
  .rodata            const    0x08007e64    0x24  Arial.o [1]
  .rodata            const    0x08007e88    0x24  Arial.o [1]
  .rodata            const    0x08007eac    0x24  Arial.o [1]
  .rodata            const    0x08007ed0    0x24  Arial.o [1]
  .rodata            const    0x08007ef4    0x24  Arial.o [1]
  .rodata            const    0x08007f18    0x24  Arial.o [1]
  .rodata            const    0x08007f3c    0x24  Arial.o [1]
  .rodata            const    0x08007f60    0x24  Arial.o [1]
  .rodata            const    0x08007f84    0x24  Arial.o [1]
  .rodata            const    0x08007fa8    0x24  Arial.o [1]
  .rodata            const    0x08007fcc    0x24  Arial.o [1]
  .rodata            const    0x08007ff0    0x24  Arial.o [1]
  .rodata            const    0x08008014    0x24  Arial.o [1]
  .text              ro code  0x08008038    0x22  fpinit_M.o [4]
  .iar.init_table    const    0x0800805c    0x24  - Linker created -
  .text              ro code  0x08008080    0x1a  cmain.o [5]
  .text              ro code  0x0800809a     0x4  low_level_init.o [3]
  .text              ro code  0x0800809e     0x4  exit.o [3]
  .text              ro code  0x080080a4     0xa  cexit.o [5]
  .rodata            const    0x080080b0    0x18  DS_Digital_Small.o [1]
  .rodata            const    0x080080c8    0x18  DS_Digital_Small.o [1]
  .rodata            const    0x080080e0    0x14  Arial.o [1]
  .rodata            const    0x080080f4    0x14  Arial.o [1]
  .rodata            const    0x08008108    0x14  Arial.o [1]
  .rodata            const    0x0800811c    0x14  Arial.o [1]
  .rodata            const    0x08008130    0x14  Arial.o [1]
  .rodata            const    0x08008144    0x14  Arial.o [1]
  .rodata            const    0x08008158    0x14  Arial.o [1]
  .rodata            const    0x0800816c    0x14  Arial.o [1]
  .rodata            const    0x08008180    0x14  Arial.o [1]
  .rodata            const    0x08008194    0x14  Arial.o [1]
  .rodata            const    0x080081a8    0x14  Arial.o [1]
  .rodata            const    0x080081bc    0x14  Arial.o [1]
  .rodata            const    0x080081d0    0x14  Arial.o [1]
  .rodata            const    0x080081e4    0x14  Arial.o [1]
  .rodata            const    0x080081f8    0x14  Arial.o [1]
  .rodata            const    0x0800820c    0x14  Arial.o [1]
  .rodata            const    0x08008220    0x14  Arial.o [1]
  .rodata            const    0x08008234    0x14  Arial.o [1]
  .rodata            const    0x08008248    0x14  Arial.o [1]
  .rodata            const    0x0800825c    0x14  Arial.o [1]
  .rodata            const    0x08008270    0x14  Arial.o [1]
  .rodata            const    0x08008284    0x14  Arial.o [1]
  .rodata            const    0x08008298    0x14  Arial.o [1]
  .rodata            const    0x080082ac    0x14  Arial.o [1]
  .rodata            const    0x080082c0    0x14  Arial.o [1]
  .rodata            const    0x080082d4    0x14  Arial.o [1]
  .rodata            const    0x080082e8    0x14  Arial.o [1]
  .rodata            const    0x080082fc    0x14  Arial.o [1]
  .rodata            const    0x08008310    0x14  Arial.o [1]
  .rodata            const    0x08008324    0x14  Arial.o [1]
  .rodata            const    0x08008338    0x14  Arial.o [1]
  .rodata            const    0x0800834c    0x14  Arial.o [1]
  .rodata            const    0x08008360    0x14  Arial.o [1]
  .rodata            const    0x08008374    0x14  Arial.o [1]
  .rodata            const    0x08008388    0x14  Arial.o [1]
  .rodata            const    0x0800839c    0x14  Arial.o [1]
  .rodata            const    0x080083b0    0x14  Arial.o [1]
  .rodata            const    0x080083c4    0x14  Arial.o [1]
  .rodata            const    0x080083d8    0x14  Arial.o [1]
  .rodata            const    0x080083ec    0x14  UI_private.o [1]
  .rodata            const    0x08008400    0x10  system_stm32f4xx.o [1]
  .text              ro code  0x08008410    0x10  startup_stm32f427xx.o [1]
  .rodata            const    0x08008420     0xc  UI_mainWindow.o [1]
  .rodata            const    0x0800842c     0xc  UI_mainWindow.o [1]
  .text              ro code  0x08008438     0xc  cstartup_M.o [5]
  .rodata            const    0x08008444     0x8  Arial.o [1]
  .rodata            const    0x0800844c     0x8  Arial.o [1]
  .rodata            const    0x08008454     0x8  Arial.o [1]
  .rodata            const    0x0800845c     0x8  Arial.o [1]
  .rodata            const    0x08008464     0x8  Arial.o [1]
  .rodata            const    0x0800846c     0x8  Arial.o [1]
  .rodata            const    0x08008474     0x8  Arial.o [1]
  .rodata            const    0x0800847c     0x8  Arial.o [1]
  .rodata            const    0x08008484     0x8  Arial.o [1]
  .rodata            const    0x0800848c     0x8  Arial.o [1]
  .rodata            const    0x08008494     0x8  Arial.o [1]
  .rodata            const    0x0800849c     0x8  Arial.o [1]
  .rodata            const    0x080084a4     0x8  Arial.o [1]
  .rodata            const    0x080084ac     0x8  Arial.o [1]
  .rodata            const    0x080084b4     0x8  Arial.o [1]
  .rodata            const    0x080084bc     0x8  Arial.o [1]
  .rodata            const    0x080084c4     0x8  Arial.o [1]
  .rodata            const    0x080084cc     0x8  Arial.o [1]
  .rodata            const    0x080084d4     0x8  Arial.o [1]
  .rodata            const    0x080084dc     0x8  Arial.o [1]
  .rodata            const    0x080084e4     0x8  Arial.o [1]
  .rodata            const    0x080084ec     0x8  Arial.o [1]
  .rodata            const    0x080084f4     0x8  Arial.o [1]
  .rodata            const    0x080084fc     0x8  Arial.o [1]
  .rodata            const    0x08008504     0x8  Arial.o [1]
  .rodata            const    0x0800850c     0x8  Arial.o [1]
  .rodata            const    0x08008514     0x8  Arial.o [1]
  .rodata            const    0x0800851c     0x8  Arial.o [1]
  .rodata            const    0x08008524     0x8  Arial.o [1]
  .rodata            const    0x0800852c     0x8  Arial.o [1]
  .rodata            const    0x08008534     0x8  Arial.o [1]
  .rodata            const    0x0800853c     0x8  Arial.o [1]
  .rodata            const    0x08008544     0x8  Arial.o [1]
  .rodata            const    0x0800854c     0x8  Arial.o [1]
  .rodata            const    0x08008554     0x8  Arial.o [1]
  .rodata            const    0x0800855c     0x8  Arial.o [1]
  .rodata            const    0x08008564     0x8  Arial.o [1]
  .rodata            const    0x0800856c     0x8  Arial.o [1]
  .rodata            const    0x08008574     0x8  Arial.o [1]
  .rodata            const    0x0800857c     0x8  Arial.o [1]
  .rodata            const    0x08008584     0x8  Arial.o [1]
  .rodata            const    0x0800858c     0x8  Arial.o [1]
  .rodata            const    0x08008594     0x8  Arial.o [1]
  .rodata            const    0x0800859c     0x8  Arial.o [1]
  .rodata            const    0x080085a4     0x8  Arial.o [1]
  .rodata            const    0x080085ac     0x8  Arial.o [1]
  .rodata            const    0x080085b4     0x8  Arial.o [1]
  .rodata            const    0x080085bc     0x8  Arial.o [1]
  .rodata            const    0x080085c4     0x8  Arial.o [1]
  .rodata            const    0x080085cc     0x8  Arial.o [1]
  .rodata            const    0x080085d4     0x8  Arial.o [1]
  .rodata            const    0x080085dc     0x8  Arial.o [1]
  .rodata            const    0x080085e4     0x8  Arial.o [1]
  .rodata            const    0x080085ec     0x8  Arial.o [1]
  .rodata            const    0x080085f4     0x8  Arial.o [1]
  .rodata            const    0x080085fc     0x8  Arial.o [1]
  .rodata            const    0x08008604     0x8  Arial.o [1]
  .rodata            const    0x0800860c     0x8  Arial.o [1]
  .rodata            const    0x08008614     0x8  Arial.o [1]
  .rodata            const    0x0800861c     0x8  Arial.o [1]
  .rodata            const    0x08008624     0x8  Arial.o [1]
  .rodata            const    0x0800862c     0x8  Arial.o [1]
  .rodata            const    0x08008634     0x8  Arial.o [1]
  .rodata            const    0x0800863c     0x8  Arial.o [1]
  .rodata            const    0x08008644     0x8  Arial.o [1]
  .rodata            const    0x0800864c     0x8  Arial.o [1]
  .rodata            const    0x08008654     0x8  Arial.o [1]
  .rodata            const    0x0800865c     0x8  Arial.o [1]
  .rodata            const    0x08008664     0x8  Arial.o [1]
  .rodata            const    0x0800866c     0x8  Arial.o [1]
  .rodata            const    0x08008674     0x8  Arial.o [1]
  .rodata            const    0x0800867c     0x8  Arial.o [1]
  .rodata            const    0x08008684     0x8  Arial.o [1]
  .rodata            const    0x0800868c     0x8  Arial.o [1]
  .rodata            const    0x08008694     0x8  Arial.o [1]
  .rodata            const    0x0800869c     0x8  Arial.o [1]
  .rodata            const    0x080086a4     0x8  Arial.o [1]
  .rodata            const    0x080086ac     0x8  Arial.o [1]
  .rodata            const    0x080086b4     0x8  Arial.o [1]
  .rodata            const    0x080086bc     0x8  Arial.o [1]
  .rodata            const    0x080086c4     0x8  Arial.o [1]
  .rodata            const    0x080086cc     0x8  Arial.o [1]
  .rodata            const    0x080086d4     0x8  Arial.o [1]
  .rodata            const    0x080086dc     0x8  Arial.o [1]
  .rodata            const    0x080086e4     0x8  Arial.o [1]
  .rodata            const    0x080086ec     0x8  Arial.o [1]
  .rodata            const    0x080086f4     0x8  Arial.o [1]
  .rodata            const    0x080086fc     0x8  Arial.o [1]
  .rodata            const    0x08008704     0x8  Arial.o [1]
  .rodata            const    0x0800870c     0x8  Arial.o [1]
  .rodata            const    0x08008714     0x8  Arial.o [1]
  .rodata            const    0x0800871c     0x8  Arial.o [1]
  .rodata            const    0x08008724     0x8  Arial.o [1]
  .rodata            const    0x0800872c     0x8  Arial.o [1]
  .rodata            const    0x08008734     0x8  Arial.o [1]
  .rodata            const    0x0800873c     0x8  Arial.o [1]
  .rodata            const    0x08008744     0x8  DS_Digital.o [1]
  .rodata            const    0x0800874c     0x8  DS_Digital.o [1]
  .rodata            const    0x08008754     0x8  DS_Digital.o [1]
  .rodata            const    0x0800875c     0x8  DS_Digital.o [1]
  .rodata            const    0x08008764     0x8  DS_Digital.o [1]
  .rodata            const    0x0800876c     0x8  DS_Digital.o [1]
  .rodata            const    0x08008774     0x8  DS_Digital.o [1]
  .rodata            const    0x0800877c     0x8  DS_Digital.o [1]
  .rodata            const    0x08008784     0x8  DS_Digital.o [1]
  .rodata            const    0x0800878c     0x8  DS_Digital.o [1]
  .rodata            const    0x08008794     0x8  DS_Digital.o [1]
  .rodata            const    0x0800879c     0x8  DS_Digital.o [1]
  .rodata            const    0x080087a4     0x8  DS_Digital.o [1]
  .rodata            const    0x080087ac     0x8  DS_Digital.o [1]
  .rodata            const    0x080087b4     0x8  DS_Digital.o [1]
  .rodata            const    0x080087bc     0x8  DS_Digital.o [1]
  .rodata            const    0x080087c4     0x8  DS_Digital.o [1]
  .rodata            const    0x080087cc     0x8  DS_Digital.o [1]
  .rodata            const    0x080087d4     0x8  DS_Digital.o [1]
  .rodata            const    0x080087dc     0x8  DS_Digital.o [1]
  .rodata            const    0x080087e4     0x8  DS_Digital.o [1]
  .rodata            const    0x080087ec     0x8  DS_Digital.o [1]
  .rodata            const    0x080087f4     0x8  DS_Digital.o [1]
  .rodata            const    0x080087fc     0x8  DS_Digital.o [1]
  .rodata            const    0x08008804     0x8  DS_Digital.o [1]
  .rodata            const    0x0800880c     0x8  DS_Digital.o [1]
  .rodata            const    0x08008814     0x8  DS_Digital.o [1]
  .rodata            const    0x0800881c     0x8  DS_Digital.o [1]
  .rodata            const    0x08008824     0x8  DS_Digital.o [1]
  .rodata            const    0x0800882c     0x8  DS_Digital.o [1]
  .rodata            const    0x08008834     0x8  DS_Digital.o [1]
  .rodata            const    0x0800883c     0x8  DS_Digital.o [1]
  .rodata            const    0x08008844     0x8  DS_Digital.o [1]
  .rodata            const    0x0800884c     0x8  DS_Digital_Small.o [1]
  .rodata            const    0x08008854     0x8  DS_Digital_Small.o [1]
  .rodata            const    0x0800885c     0x8  DS_Digital_Small.o [1]
  .rodata            const    0x08008864     0x8  DS_Digital_Small.o [1]
  .rodata            const    0x0800886c     0x8  DS_Digital_Small.o [1]
  .rodata            const    0x08008874     0x8  DS_Digital_Small.o [1]
  .rodata            const    0x0800887c     0x8  DS_Digital_Small.o [1]
  .rodata            const    0x08008884     0x8  DS_Digital_Small.o [1]
  .rodata            const    0x0800888c     0x8  DS_Digital_Small.o [1]
  .rodata            const    0x08008894     0x8  DS_Digital_Small.o [1]
  .rodata            const    0x0800889c     0x8  DS_Digital_Small.o [1]
  .rodata            const    0x080088a4     0x8  DS_Digital_Small.o [1]
  .rodata            const    0x080088ac     0x8  DS_Digital_Small.o [1]
  .rodata            const    0x080088b4     0x8  DS_Digital_Small.o [1]
  .rodata            const    0x080088bc     0x8  DS_Digital_Small.o [1]
  .rodata            const    0x080088c4     0x8  DS_Digital_Small.o [1]
  .rodata            const    0x080088cc     0x8  DS_Digital_Small.o [1]
  .rodata            const    0x080088d4     0x8  DS_Digital_Small.o [1]
  .rodata            const    0x080088dc     0x8  DS_Digital_Small.o [1]
  .rodata            const    0x080088e4     0x8  DS_Digital_Small.o [1]
  .rodata            const    0x080088ec     0x8  DS_Digital_Small.o [1]
  .rodata            const    0x080088f4     0x8  DS_Digital_Small.o [1]
  .rodata            const    0x080088fc     0x8  DS_Digital_Small.o [1]
  .rodata            const    0x08008904     0x8  DS_Digital_Small.o [1]
  .rodata            const    0x0800890c     0x8  DS_Digital_Small.o [1]
  .rodata            const    0x08008914     0x8  DS_Digital_Small.o [1]
  .rodata            const    0x0800891c     0x8  DS_Digital_Small.o [1]
  .rodata            const    0x08008924     0x8  DS_Digital_Small.o [1]
  .rodata            const    0x0800892c     0x8  DS_Digital_Small.o [1]
  .rodata            const    0x08008934     0x8  DS_Digital_Small.o [1]
  .rodata            const    0x0800893c     0x8  DS_Digital_Small.o [1]
  .rodata            const    0x08008944     0x8  DS_Digital_Small.o [1]
  .rodata            const    0x0800894c     0x8  DS_Digital_Small.o [1]
  .rodata            const    0x08008954     0x8  DS_Digital_Small.o [1]
  .rodata            const    0x0800895c     0x8  DS_Digital_Small.o [1]
  .rodata            const    0x08008964     0x8  DS_Digital_Small.o [1]
  .rodata            const    0x0800896c     0x8  DS_Digital_Small.o [1]
  .rodata            const    0x08008974     0x8  DS_Digital_Small.o [1]
  .rodata            const    0x0800897c     0x8  DS_Digital_Small.o [1]
  .rodata            const    0x08008984     0x8  DS_Digital_Small.o [1]
  .rodata            const    0x0800898c     0x8  DS_Digital_Small.o [1]
  .rodata            const    0x08008994     0x8  DS_Digital_Small.o [1]
  .rodata            const    0x0800899c     0x8  DS_Digital_Small.o [1]
  .rodata            const    0x080089a4     0x8  gpio.o [1]
  .rodata            const    0x080089ac     0x8  main.o [1]
  .rodata            const    0x080089b4     0x8  main.o [1]
  .rodata            const    0x080089bc     0x8  solderingDry.o [1]
  .rodata            const    0x080089c4     0x8  solderingDryDisconnected.o [1]
  .rodata            const    0x080089cc     0x8  solderingIron.o [1]
  .rodata            const    0x080089d4     0x8  solderingIronDisconnected.o [1]
  .rodata            const    0x080089dc     0x8  tasks.o [1]
  .rodata            const    0x080089e4     0x8  timers.o [1]
  .rodata            const    0x080089ec     0x8  timers.o [1]
  .rodata            const    0x080089f4     0x8  UI_mainWindow.o [1]
  .rodata            const    0x080089fc     0x8  UI_mainWindow.o [1]
  .rodata            const    0x08008a04     0x8  UI_mainWindow.o [1]
  .rodata            const    0x08008a0c     0x4  heap_4.o [1]
  .rodata            const    0x08008a10     0x4  port.o [1]
  .text              ro code  0x08008a14     0x4  startup_stm32f427xx.o [1]
  .text              ro code  0x08008a18     0x4  startup_stm32f427xx.o [1]
  .text              ro code  0x08008a1c     0x4  startup_stm32f427xx.o [1]
  .text              ro code  0x08008a20     0x4  startup_stm32f427xx.o [1]
  .text              ro code  0x08008a24     0x4  startup_stm32f427xx.o [1]
  .text              ro code  0x08008a28     0x4  startup_stm32f427xx.o [1]
  .text              ro code  0x08008a2c     0x4  startup_stm32f427xx.o [1]
  .text              ro code  0x08008a30     0x4  startup_stm32f427xx.o [1]
  .text              ro code  0x08008a34     0x4  startup_stm32f427xx.o [1]
  .text              ro code  0x08008a38     0x4  startup_stm32f427xx.o [1]
  .text              ro code  0x08008a3c     0x4  startup_stm32f427xx.o [1]
  .text              ro code  0x08008a40     0x4  startup_stm32f427xx.o [1]
  .text              ro code  0x08008a44     0x4  startup_stm32f427xx.o [1]
  .text              ro code  0x08008a48     0x4  startup_stm32f427xx.o [1]
  .text              ro code  0x08008a4c     0x4  startup_stm32f427xx.o [1]
  .text              ro code  0x08008a50     0x4  startup_stm32f427xx.o [1]
  .text              ro code  0x08008a54     0x4  startup_stm32f427xx.o [1]
  .text              ro code  0x08008a58     0x4  startup_stm32f427xx.o [1]
  .text              ro code  0x08008a5c     0x4  startup_stm32f427xx.o [1]
  .text              ro code  0x08008a60     0x4  startup_stm32f427xx.o [1]
  .text              ro code  0x08008a64     0x4  startup_stm32f427xx.o [1]
  .text              ro code  0x08008a68     0x4  startup_stm32f427xx.o [1]
  .text              ro code  0x08008a6c     0x4  startup_stm32f427xx.o [1]
  .text              ro code  0x08008a70     0x4  startup_stm32f427xx.o [1]
  .text              ro code  0x08008a74     0x4  startup_stm32f427xx.o [1]
  .text              ro code  0x08008a78     0x4  startup_stm32f427xx.o [1]
  .text              ro code  0x08008a7c     0x4  startup_stm32f427xx.o [1]
  .text              ro code  0x08008a80     0x4  startup_stm32f427xx.o [1]
  .text              ro code  0x08008a84     0x4  startup_stm32f427xx.o [1]
  .text              ro code  0x08008a88     0x4  startup_stm32f427xx.o [1]
  .text              ro code  0x08008a8c     0x4  startup_stm32f427xx.o [1]
  .text              ro code  0x08008a90     0x4  startup_stm32f427xx.o [1]
  .text              ro code  0x08008a94     0x4  startup_stm32f427xx.o [1]
  .text              ro code  0x08008a98     0x4  startup_stm32f427xx.o [1]
  .text              ro code  0x08008a9c     0x4  startup_stm32f427xx.o [1]
  .text              ro code  0x08008aa0     0x4  startup_stm32f427xx.o [1]
  .text              ro code  0x08008aa4     0x4  startup_stm32f427xx.o [1]
  .text              ro code  0x08008aa8     0x4  startup_stm32f427xx.o [1]
  .text              ro code  0x08008aac     0x4  startup_stm32f427xx.o [1]
  .text              ro code  0x08008ab0     0x4  startup_stm32f427xx.o [1]
  .text              ro code  0x08008ab4     0x4  startup_stm32f427xx.o [1]
  .text              ro code  0x08008ab8     0x4  startup_stm32f427xx.o [1]
  .text              ro code  0x08008abc     0x4  startup_stm32f427xx.o [1]
  .text              ro code  0x08008ac0     0x4  startup_stm32f427xx.o [1]
  .text              ro code  0x08008ac4     0x4  startup_stm32f427xx.o [1]
  .text              ro code  0x08008ac8     0x4  startup_stm32f427xx.o [1]
  .text              ro code  0x08008acc     0x4  startup_stm32f427xx.o [1]
  .text              ro code  0x08008ad0     0x4  startup_stm32f427xx.o [1]
  .text              ro code  0x08008ad4     0x4  startup_stm32f427xx.o [1]
  .text              ro code  0x08008ad8     0x4  startup_stm32f427xx.o [1]
  .text              ro code  0x08008adc     0x4  startup_stm32f427xx.o [1]
  .text              ro code  0x08008ae0     0x4  startup_stm32f427xx.o [1]
  .text              ro code  0x08008ae4     0x4  startup_stm32f427xx.o [1]
  .text              ro code  0x08008ae8     0x4  startup_stm32f427xx.o [1]
  .text              ro code  0x08008aec     0x4  startup_stm32f427xx.o [1]
  .text              ro code  0x08008af0     0x4  startup_stm32f427xx.o [1]
  .text              ro code  0x08008af4     0x4  startup_stm32f427xx.o [1]
  .text              ro code  0x08008af8     0x4  startup_stm32f427xx.o [1]
  .text              ro code  0x08008afc     0x4  startup_stm32f427xx.o [1]
  .text              ro code  0x08008b00     0x4  startup_stm32f427xx.o [1]
  .text              ro code  0x08008b04     0x4  startup_stm32f427xx.o [1]
  .text              ro code  0x08008b08     0x4  startup_stm32f427xx.o [1]
  .text              ro code  0x08008b0c     0x4  startup_stm32f427xx.o [1]
  .text              ro code  0x08008b10     0x4  startup_stm32f427xx.o [1]
  .text              ro code  0x08008b14     0x4  startup_stm32f427xx.o [1]
  .text              ro code  0x08008b18     0x4  startup_stm32f427xx.o [1]
  .text              ro code  0x08008b1c     0x4  startup_stm32f427xx.o [1]
  .text              ro code  0x08008b20     0x4  startup_stm32f427xx.o [1]
  .text              ro code  0x08008b24     0x4  startup_stm32f427xx.o [1]
  .text              ro code  0x08008b28     0x4  startup_stm32f427xx.o [1]
  .text              ro code  0x08008b2c     0x4  startup_stm32f427xx.o [1]
  .text              ro code  0x08008b30     0x4  startup_stm32f427xx.o [1]
  .text              ro code  0x08008b34     0x4  startup_stm32f427xx.o [1]
  .text              ro code  0x08008b38     0x4  startup_stm32f427xx.o [1]
  .text              ro code  0x08008b3c     0x4  startup_stm32f427xx.o [1]
  .text              ro code  0x08008b40     0x4  startup_stm32f427xx.o [1]
  .text              ro code  0x08008b44     0x4  startup_stm32f427xx.o [1]
  .text              ro code  0x08008b48     0x4  startup_stm32f427xx.o [1]
  .text              ro code  0x08008b4c     0x4  startup_stm32f427xx.o [1]
  .text              ro code  0x08008b50     0x4  startup_stm32f427xx.o [1]
  .text              ro code  0x08008b54     0x4  startup_stm32f427xx.o [1]
  .text              ro code  0x08008b58     0x4  startup_stm32f427xx.o [1]
  .text              ro code  0x08008b5c     0x4  startup_stm32f427xx.o [1]
  .text              ro code  0x08008b60     0x4  startup_stm32f427xx.o [1]
  .text              ro code  0x08008b64     0x4  startup_stm32f427xx.o [1]
  .text              ro code  0x08008b68     0x4  startup_stm32f427xx.o [1]
  .text              ro code  0x08008b6c     0x4  startup_stm32f427xx.o [1]
  .text              ro code  0x08008b70     0x4  startup_stm32f427xx.o [1]
  .text              ro code  0x08008b74     0x4  startup_stm32f427xx.o [1]
  .text              ro code  0x08008b78     0x4  startup_stm32f427xx.o [1]
  .rodata            const    0x08008b7c     0x0  zero_init3.o [5]
  .rodata            const    0x08008b7c     0x0  copy_init3.o [5]
  Initializer bytes  const    0x08008b7c    0x68  <for P4 s0>
                            - 0x08008be4  0x8a38

"P3":                                     0x2000
  CSTACK                      0x10000000  0x2000  <Block>
    CSTACK           uninit   0x10000000  0x2000  <Block tail>
                            - 0x10002000  0x2000

"P4", part 1 of 2:                          0x68
  P4 s0                       0x20000000    0x68  <Init block>
    .data            inited   0x20000000    0x30  mainTSK.o [1]
    .data            inited   0x20000030    0x18  keyboard.o [1]
    .data            inited   0x20000048    0x10  eSolder.o [1]
    .data            inited   0x20000058     0x8  lcd_backlight.o [1]
    .data            inited   0x20000060     0x4  port.o [1]
    .data            inited   0x20000064     0x4  system_stm32f4xx.o [1]
                            - 0x20000068    0x68

"P4", part 2 of 2:                        0x15f0
  .bss               zero     0x20000068  0x1400  heap_4.o [1]
  .bss               zero     0x20001468    0x64  tasks.o [1]
  .bss               zero     0x200014cc    0x40  queue.o [1]
  .bss               zero     0x2000150c    0x1c  spiF4.o [1]
  .bss               zero     0x20001528    0x1c  spiF4.o [1]
  .bss               zero     0x20001544    0x14  encoderPannel.o [1]
  .bss               zero     0x20001558    0x14  tasks.o [1]
  .bss               zero     0x2000156c    0x14  tasks.o [1]
  .bss               zero     0x20001580    0x14  tasks.o [1]
  .bss               zero     0x20001594    0x14  tasks.o [1]
  .bss               zero     0x200015a8    0x14  tasks.o [1]
  .bss               zero     0x200015bc    0x14  timers.o [1]
  .bss               zero     0x200015d0    0x14  timers.o [1]
  .bss               zero     0x200015e4     0x8  heap_4.o [1]
  .bss               zero     0x200015ec     0x4  heap_4.o [1]
  .bss               zero     0x200015f0     0x4  heap_4.o [1]
  .bss               zero     0x200015f4     0x4  heap_4.o [1]
  .bss               zero     0x200015f8     0x4  heap_4.o [1]
  .bss               zero     0x200015fc     0x4  port.o [1]
  .bss               zero     0x20001600     0x4  tasks.o [1]
  .bss               zero     0x20001604     0x4  tasks.o [1]
  .bss               zero     0x20001608     0x4  tasks.o [1]
  .bss               zero     0x2000160c     0x4  tasks.o [1]
  .bss               zero     0x20001610     0x4  tasks.o [1]
  .bss               zero     0x20001614     0x4  tasks.o [1]
  .bss               zero     0x20001618     0x4  tasks.o [1]
  .bss               zero     0x2000161c     0x4  tasks.o [1]
  .bss               zero     0x20001620     0x4  tasks.o [1]
  .bss               zero     0x20001624     0x4  tasks.o [1]
  .bss               zero     0x20001628     0x4  tasks.o [1]
  .bss               zero     0x2000162c     0x4  tasks.o [1]
  .bss               zero     0x20001630     0x4  tasks.o [1]
  .bss               zero     0x20001634     0x4  tasks.o [1]
  .bss               zero     0x20001638     0x4  tasks.o [1]
  .bss               zero     0x2000163c     0x4  timers.o [1]
  .bss               zero     0x20001640     0x4  timers.o [1]
  .bss               zero     0x20001644     0x4  timers.o [1]
  .bss               zero     0x20001648     0x4  timers.o [1]
  .bss               zero     0x2000164c     0x4  timers.o [1]
  .bss               zero     0x20001650     0x4  xfail_s.o [3]
  .bss               zero     0x20001654     0x1  ili9341.o [1]
  .bss               zero     0x20001655     0x1  mainTSK.o [1]
  .bss               zero     0x20001656     0x1  port.o [1]
                            - 0x20001657  0x15ef


*******************************************************************************
*** INIT TABLE
***

          Address     Size
          -------     ----
Zero (__iar_zero_init3)
    1 destination range, total size 0x15ef:
          0x20000068  0x15ef

Copy (__iar_copy_init3)
    1 source range, total size 0x68:
          0x08008b7c    0x68
    1 destination range, total size 0x68:
          0x20000000    0x68



*******************************************************************************
*** MODULE SUMMARY
***

    Module                       ro code  ro data  rw data
    ------                       -------  -------  -------
C:\Users\Ernst\Documents\Repositories\eSolder\Fwm\fwm_eSolder\projects\iar\STM32F427_Debug\Obj: [1]
    Arial.o                                 4 324
    DS_Digital.o                            5 364
    DS_Digital_Small.o                      2 588
    UI_mainWindow.o                  528       48
    UI_private.o                               20
    button.o                         172
    clock.o                          308
    eSolder.o                                  16       16
    encoderPannel.o                   64                20
    encoders.o                       524
    gpio.o                           316       96
    hard.o                            20
    heap_4.o                         604        4    5 144
    ili9341.o                        484                 1
    ili9341_fsmc.o                   670
    keyboard.o                       104       24       24
    lcd.o                            426
    lcd_backlight.o                   52        8        8
    list.o                           152
    main.o                           100       16
    mainTSK.o                        160       48       49
    mcu.o                            260
    port.o                           644        8        9
    portasm.o                        176
    queue.o                        1 874                64
    solderingDry.o                          2 056
    solderingDryDisconnected.o              2 056
    solderingIron.o                         2 056
    solderingIronDisconnected.o             2 056
    spiF4.o                          272                56
    startup_stm32f427xx.o            804
    system_stm32f4xx.o               280       20        4
    tasks.o                        2 712        8      260
    timers.o                       1 096       16       60
    ------------------------------------------------------
    Total:                        12 802   20 832    5 715

command line: [2]
    ------------------------------------------------------
    Total:

dl7M_tln.a: [3]
    abort.o                            6
    exit.o                             4
    low_level_init.o                   4
    sprintf.o                         64
    xfail_s.o                         68                 4
    xprintfsmall_nomb.o            1 248
    xsprout.o                         10
    ------------------------------------------------------
    Total:                         1 404                 4

m7M_tls.a: [4]
    fpinit_M.o                        34
    ------------------------------------------------------
    Total:                            34

rt7M_tl.a: [5]
    ABImemcpy.o                      166
    ABImemset.o                      102
    cexit.o                           10
    cmain.o                           26
    copy_init3.o                      44
    cstartup_M.o                      12
    data_init.o                       40
    memchr.o                          88
    strchr.o                          22
    strlen.o                          54
    zero_init3.o                      64
    ------------------------------------------------------
    Total:                           628

shb_l.a: [6]
    ABIassert.o                       36
    exit.o                            20
    ------------------------------------------------------
    Total:                            56

    Gaps                              14        6
    Linker created                             36    8 192
----------------------------------------------------------
    Grand Total:                  14 938   20 874   13 911


*******************************************************************************
*** ENTRY LIST
***

Entry                      Address    Size  Type      Object
-----                      -------    ----  ----      ------
.iar.init_table$$Base   0x0800805c           --   Gb  - Linker created -
.iar.init_table$$Limit  0x08008080           --   Gb  - Linker created -
?main                   0x08008081          Code  Gb  cmain.o [5]
AHBPrescTable           0x08008400    0x10  Data  Gb  system_stm32f4xx.o [1]
Arial                   0x0800873c     0x8  Data  Gb  Arial.o [1]
Arial_0x20              0x08008444     0x8  Data  Lc  Arial.o [1]
Arial_0x21              0x0800844c     0x8  Data  Lc  Arial.o [1]
Arial_0x22              0x08008454     0x8  Data  Lc  Arial.o [1]
Arial_0x23              0x0800845c     0x8  Data  Lc  Arial.o [1]
Arial_0x24              0x08008464     0x8  Data  Lc  Arial.o [1]
Arial_0x25              0x0800846c     0x8  Data  Lc  Arial.o [1]
Arial_0x26              0x08008474     0x8  Data  Lc  Arial.o [1]
Arial_0x27              0x0800847c     0x8  Data  Lc  Arial.o [1]
Arial_0x28              0x08008484     0x8  Data  Lc  Arial.o [1]
Arial_0x29              0x0800848c     0x8  Data  Lc  Arial.o [1]
Arial_0x2a              0x08008494     0x8  Data  Lc  Arial.o [1]
Arial_0x2b              0x0800849c     0x8  Data  Lc  Arial.o [1]
Arial_0x2c              0x080084a4     0x8  Data  Lc  Arial.o [1]
Arial_0x2d              0x080084ac     0x8  Data  Lc  Arial.o [1]
Arial_0x2e              0x080084b4     0x8  Data  Lc  Arial.o [1]
Arial_0x2f              0x080084bc     0x8  Data  Lc  Arial.o [1]
Arial_0x30              0x080084c4     0x8  Data  Lc  Arial.o [1]
Arial_0x31              0x080084cc     0x8  Data  Lc  Arial.o [1]
Arial_0x32              0x080084d4     0x8  Data  Lc  Arial.o [1]
Arial_0x33              0x080084dc     0x8  Data  Lc  Arial.o [1]
Arial_0x34              0x080084e4     0x8  Data  Lc  Arial.o [1]
Arial_0x35              0x080084ec     0x8  Data  Lc  Arial.o [1]
Arial_0x36              0x080084f4     0x8  Data  Lc  Arial.o [1]
Arial_0x37              0x080084fc     0x8  Data  Lc  Arial.o [1]
Arial_0x38              0x08008504     0x8  Data  Lc  Arial.o [1]
Arial_0x39              0x0800850c     0x8  Data  Lc  Arial.o [1]
Arial_0x3a              0x08008514     0x8  Data  Lc  Arial.o [1]
Arial_0x3b              0x0800851c     0x8  Data  Lc  Arial.o [1]
Arial_0x3c              0x08008524     0x8  Data  Lc  Arial.o [1]
Arial_0x3d              0x0800852c     0x8  Data  Lc  Arial.o [1]
Arial_0x3e              0x08008534     0x8  Data  Lc  Arial.o [1]
Arial_0x3f              0x0800853c     0x8  Data  Lc  Arial.o [1]
Arial_0x40              0x08008544     0x8  Data  Lc  Arial.o [1]
Arial_0x41              0x0800854c     0x8  Data  Lc  Arial.o [1]
Arial_0x42              0x08008554     0x8  Data  Lc  Arial.o [1]
Arial_0x43              0x0800855c     0x8  Data  Lc  Arial.o [1]
Arial_0x44              0x08008564     0x8  Data  Lc  Arial.o [1]
Arial_0x45              0x0800856c     0x8  Data  Lc  Arial.o [1]
Arial_0x46              0x08008574     0x8  Data  Lc  Arial.o [1]
Arial_0x47              0x0800857c     0x8  Data  Lc  Arial.o [1]
Arial_0x48              0x08008584     0x8  Data  Lc  Arial.o [1]
Arial_0x49              0x0800858c     0x8  Data  Lc  Arial.o [1]
Arial_0x4a              0x08008594     0x8  Data  Lc  Arial.o [1]
Arial_0x4b              0x0800859c     0x8  Data  Lc  Arial.o [1]
Arial_0x4c              0x080085a4     0x8  Data  Lc  Arial.o [1]
Arial_0x4d              0x080085ac     0x8  Data  Lc  Arial.o [1]
Arial_0x4e              0x080085b4     0x8  Data  Lc  Arial.o [1]
Arial_0x4f              0x080085bc     0x8  Data  Lc  Arial.o [1]
Arial_0x50              0x080085c4     0x8  Data  Lc  Arial.o [1]
Arial_0x51              0x080085cc     0x8  Data  Lc  Arial.o [1]
Arial_0x52              0x080085d4     0x8  Data  Lc  Arial.o [1]
Arial_0x53              0x080085dc     0x8  Data  Lc  Arial.o [1]
Arial_0x54              0x080085e4     0x8  Data  Lc  Arial.o [1]
Arial_0x55              0x080085ec     0x8  Data  Lc  Arial.o [1]
Arial_0x56              0x080085f4     0x8  Data  Lc  Arial.o [1]
Arial_0x57              0x080085fc     0x8  Data  Lc  Arial.o [1]
Arial_0x58              0x08008604     0x8  Data  Lc  Arial.o [1]
Arial_0x59              0x0800860c     0x8  Data  Lc  Arial.o [1]
Arial_0x5a              0x08008614     0x8  Data  Lc  Arial.o [1]
Arial_0x5b              0x0800861c     0x8  Data  Lc  Arial.o [1]
Arial_0x5c              0x08008624     0x8  Data  Lc  Arial.o [1]
Arial_0x5d              0x0800862c     0x8  Data  Lc  Arial.o [1]
Arial_0x5e              0x08008634     0x8  Data  Lc  Arial.o [1]
Arial_0x5f              0x0800863c     0x8  Data  Lc  Arial.o [1]
Arial_0x60              0x08008644     0x8  Data  Lc  Arial.o [1]
Arial_0x61              0x0800864c     0x8  Data  Lc  Arial.o [1]
Arial_0x62              0x08008654     0x8  Data  Lc  Arial.o [1]
Arial_0x63              0x0800865c     0x8  Data  Lc  Arial.o [1]
Arial_0x64              0x08008664     0x8  Data  Lc  Arial.o [1]
Arial_0x65              0x0800866c     0x8  Data  Lc  Arial.o [1]
Arial_0x66              0x08008674     0x8  Data  Lc  Arial.o [1]
Arial_0x67              0x0800867c     0x8  Data  Lc  Arial.o [1]
Arial_0x68              0x08008684     0x8  Data  Lc  Arial.o [1]
Arial_0x69              0x0800868c     0x8  Data  Lc  Arial.o [1]
Arial_0x6a              0x08008694     0x8  Data  Lc  Arial.o [1]
Arial_0x6b              0x0800869c     0x8  Data  Lc  Arial.o [1]
Arial_0x6c              0x080086a4     0x8  Data  Lc  Arial.o [1]
Arial_0x6d              0x080086ac     0x8  Data  Lc  Arial.o [1]
Arial_0x6e              0x080086b4     0x8  Data  Lc  Arial.o [1]
Arial_0x6f              0x080086bc     0x8  Data  Lc  Arial.o [1]
Arial_0x70              0x080086c4     0x8  Data  Lc  Arial.o [1]
Arial_0x71              0x080086cc     0x8  Data  Lc  Arial.o [1]
Arial_0x72              0x080086d4     0x8  Data  Lc  Arial.o [1]
Arial_0x73              0x080086dc     0x8  Data  Lc  Arial.o [1]
Arial_0x74              0x080086e4     0x8  Data  Lc  Arial.o [1]
Arial_0x75              0x080086ec     0x8  Data  Lc  Arial.o [1]
Arial_0x76              0x080086f4     0x8  Data  Lc  Arial.o [1]
Arial_0x77              0x080086fc     0x8  Data  Lc  Arial.o [1]
Arial_0x78              0x08008704     0x8  Data  Lc  Arial.o [1]
Arial_0x79              0x0800870c     0x8  Data  Lc  Arial.o [1]
Arial_0x7a              0x08008714     0x8  Data  Lc  Arial.o [1]
Arial_0x7b              0x0800871c     0x8  Data  Lc  Arial.o [1]
Arial_0x7c              0x08008724     0x8  Data  Lc  Arial.o [1]
Arial_0x7d              0x0800872c     0x8  Data  Lc  Arial.o [1]
Arial_0x7e              0x08008734     0x8  Data  Lc  Arial.o [1]
Arial_array             0x08004508   0x2f8  Data  Lc  Arial.o [1]
CSTACK$$Base            0x10000000           --   Gb  - Linker created -
CSTACK$$Limit           0x10002000           --   Gb  - Linker created -
DMA2_Stream0_IRQHandler
                        0x08005935    0x1c  Code  Gb  spiF4.o [1]
DMA2_Stream3_IRQHandler
                        0x08005919    0x1c  Code  Gb  spiF4.o [1]
DS_Digital              0x08008844     0x8  Data  Gb  DS_Digital.o [1]
DS_Digital_0x25         0x08008744     0x8  Data  Lc  DS_Digital.o [1]
DS_Digital_0x26         0x0800874c     0x8  Data  Lc  DS_Digital.o [1]
DS_Digital_0x27         0x0800875c     0x8  Data  Lc  DS_Digital.o [1]
DS_Digital_0x28         0x08008764     0x8  Data  Lc  DS_Digital.o [1]
DS_Digital_0x29         0x0800876c     0x8  Data  Lc  DS_Digital.o [1]
DS_Digital_0x2a         0x08008774     0x8  Data  Lc  DS_Digital.o [1]
DS_Digital_0x2b         0x0800877c     0x8  Data  Lc  DS_Digital.o [1]
DS_Digital_0x2c         0x08008784     0x8  Data  Lc  DS_Digital.o [1]
DS_Digital_0x2d         0x0800878c     0x8  Data  Lc  DS_Digital.o [1]
DS_Digital_0x2e         0x08008794     0x8  Data  Lc  DS_Digital.o [1]
DS_Digital_0x2f         0x0800879c     0x8  Data  Lc  DS_Digital.o [1]
DS_Digital_0x30         0x080087a4     0x8  Data  Lc  DS_Digital.o [1]
DS_Digital_0x31         0x080087ac     0x8  Data  Lc  DS_Digital.o [1]
DS_Digital_0x32         0x080087b4     0x8  Data  Lc  DS_Digital.o [1]
DS_Digital_0x33         0x080087bc     0x8  Data  Lc  DS_Digital.o [1]
DS_Digital_0x34         0x080087c4     0x8  Data  Lc  DS_Digital.o [1]
DS_Digital_0x35         0x080087cc     0x8  Data  Lc  DS_Digital.o [1]
DS_Digital_0x36         0x080087d4     0x8  Data  Lc  DS_Digital.o [1]
DS_Digital_0x37         0x080087dc     0x8  Data  Lc  DS_Digital.o [1]
DS_Digital_0x38         0x080087e4     0x8  Data  Lc  DS_Digital.o [1]
DS_Digital_0x39         0x080087ec     0x8  Data  Lc  DS_Digital.o [1]
DS_Digital_0x3a         0x080087f4     0x8  Data  Lc  DS_Digital.o [1]
DS_Digital_0x3b         0x080087fc     0x8  Data  Lc  DS_Digital.o [1]
DS_Digital_0x3c         0x08008804     0x8  Data  Lc  DS_Digital.o [1]
DS_Digital_0x3d         0x0800880c     0x8  Data  Lc  DS_Digital.o [1]
DS_Digital_0x3e         0x08008814     0x8  Data  Lc  DS_Digital.o [1]
DS_Digital_0x3f         0x0800881c     0x8  Data  Lc  DS_Digital.o [1]
DS_Digital_0x40         0x08008824     0x8  Data  Lc  DS_Digital.o [1]
DS_Digital_0x41         0x0800882c     0x8  Data  Lc  DS_Digital.o [1]
DS_Digital_0x42         0x08008834     0x8  Data  Lc  DS_Digital.o [1]
DS_Digital_0x43         0x0800883c     0x8  Data  Lc  DS_Digital.o [1]
DS_Digital_Small        0x0800899c     0x8  Data  Gb  DS_Digital_Small.o [1]
DS_Digital_Small_0x20   0x0800884c     0x8  Data  Lc  DS_Digital_Small.o [1]
DS_Digital_Small_0x21   0x08008854     0x8  Data  Lc  DS_Digital_Small.o [1]
DS_Digital_Small_0x22   0x0800885c     0x8  Data  Lc  DS_Digital_Small.o [1]
DS_Digital_Small_0x23   0x08008864     0x8  Data  Lc  DS_Digital_Small.o [1]
DS_Digital_Small_0x24   0x0800886c     0x8  Data  Lc  DS_Digital_Small.o [1]
DS_Digital_Small_0x25   0x08008874     0x8  Data  Lc  DS_Digital_Small.o [1]
DS_Digital_Small_0x26   0x0800887c     0x8  Data  Lc  DS_Digital_Small.o [1]
DS_Digital_Small_0x27   0x0800888c     0x8  Data  Lc  DS_Digital_Small.o [1]
DS_Digital_Small_0x28   0x0800889c     0x8  Data  Lc  DS_Digital_Small.o [1]
DS_Digital_Small_0x29   0x080088ac     0x8  Data  Lc  DS_Digital_Small.o [1]
DS_Digital_Small_0x2a   0x080088bc     0x8  Data  Lc  DS_Digital_Small.o [1]
DS_Digital_Small_0x2b   0x080088cc     0x8  Data  Lc  DS_Digital_Small.o [1]
DS_Digital_Small_0x2c   0x080088dc     0x8  Data  Lc  DS_Digital_Small.o [1]
DS_Digital_Small_0x2d   0x080088e4     0x8  Data  Lc  DS_Digital_Small.o [1]
DS_Digital_Small_0x2e   0x080088ec     0x8  Data  Lc  DS_Digital_Small.o [1]
DS_Digital_Small_0x2f   0x080088f4     0x8  Data  Lc  DS_Digital_Small.o [1]
DS_Digital_Small_0x30   0x080088fc     0x8  Data  Lc  DS_Digital_Small.o [1]
DS_Digital_Small_0x31   0x08008904     0x8  Data  Lc  DS_Digital_Small.o [1]
DS_Digital_Small_0x32   0x0800890c     0x8  Data  Lc  DS_Digital_Small.o [1]
DS_Digital_Small_0x33   0x08008914     0x8  Data  Lc  DS_Digital_Small.o [1]
DS_Digital_Small_0x34   0x0800891c     0x8  Data  Lc  DS_Digital_Small.o [1]
DS_Digital_Small_0x35   0x08008924     0x8  Data  Lc  DS_Digital_Small.o [1]
DS_Digital_Small_0x36   0x0800892c     0x8  Data  Lc  DS_Digital_Small.o [1]
DS_Digital_Small_0x37   0x08008934     0x8  Data  Lc  DS_Digital_Small.o [1]
DS_Digital_Small_0x38   0x0800893c     0x8  Data  Lc  DS_Digital_Small.o [1]
DS_Digital_Small_0x39   0x08008944     0x8  Data  Lc  DS_Digital_Small.o [1]
DS_Digital_Small_0x3a   0x0800894c     0x8  Data  Lc  DS_Digital_Small.o [1]
DS_Digital_Small_0x3b   0x08008954     0x8  Data  Lc  DS_Digital_Small.o [1]
DS_Digital_Small_0x3c   0x0800895c     0x8  Data  Lc  DS_Digital_Small.o [1]
DS_Digital_Small_0x3d   0x08008964     0x8  Data  Lc  DS_Digital_Small.o [1]
DS_Digital_Small_0x3e   0x0800896c     0x8  Data  Lc  DS_Digital_Small.o [1]
DS_Digital_Small_0x3f   0x08008974     0x8  Data  Lc  DS_Digital_Small.o [1]
DS_Digital_Small_0x40   0x0800897c     0x8  Data  Lc  DS_Digital_Small.o [1]
DS_Digital_Small_0x41   0x08008984     0x8  Data  Lc  DS_Digital_Small.o [1]
DS_Digital_Small_0x42   0x0800898c     0x8  Data  Lc  DS_Digital_Small.o [1]
DS_Digital_Small_0x43   0x08008994     0x8  Data  Lc  DS_Digital_Small.o [1]
DS_Digital_Small_array  0x080057ec   0x120  Data  Lc  DS_Digital_Small.o [1]
DS_Digital_array        0x08005b20    0xf8  Data  Lc  DS_Digital.o [1]
EncoderPannelInit       0x08006fb9    0x40  Code  Gb  encoderPannel.o [1]
LoadInt                 0x0800414f    0x56  Code  Lc  xprintfsmall_nomb.o [3]
MCU_init                0x08005a1d   0x104  Code  Gb  mcu.o [1]
OS_init                 0x08006f31    0x1e  Code  Gb  main.o [1]
PendSV_Handler          0x08001675          Code  Gb  portasm.o [1]
Region$$Table$$Base     0x0800805c           --   Gb  - Linker created -
Region$$Table$$Limit    0x08008080           --   Gb  - Linker created -
SPI1_IRQHandler         0x0800590d     0xc  Code  Gb  spiF4.o [1]
SPI5_IRQHandler         0x08005951     0xc  Code  Gb  spiF4.o [1]
SVC_Handler             0x080016cd          Code  Gb  portasm.o [1]
SysTick_Handler         0x0800114f    0x28  Code  Gb  port.o [1]
SystemCoreClock         0x20000064     0x4  Data  Gb  system_stm32f4xx.o [1]
SystemCoreClockUpdate   0x08005721    0x9a  Code  Gb  system_stm32f4xx.o [1]
SystemInit              0x080056d5    0x4c  Code  Gb  system_stm32f4xx.o [1]
UI_MainWindowRendering  0x08004c01    0x40  Code  Gb  UI_mainWindow.o [1]
UI_MainWindowUpdate     0x08004d31    0xae  Code  Gb  UI_mainWindow.o [1]
_LitobSmallNoMb         0x080042e1    0xce  Code  Lc  xprintfsmall_nomb.o [3]
_PrintfSmallNoMb        0x08003f21   0x224  Code  Gb  xprintfsmall_nomb.o [3]
_PutcharsSmallNoMb      0x080043af    0x2e  Code  Lc  xprintfsmall_nomb.o [3]
_PutfldSmallNoMb        0x080041a5   0x13c  Code  Lc  xprintfsmall_nomb.o [3]
_SProut                 0x08000f9f     0xa  Code  Gb  xsprout.o [3]
__aeabi_assert          0x08004bdd    0x24  Code  Gb  ABIassert.o [6]
__aeabi_memcpy          0x08001e79          Code  Gb  ABImemcpy.o [5]
__aeabi_memcpy4         0x08001e99          Code  Gb  ABImemcpy.o [5]
__aeabi_memcpy8         0x08001e99          Code  Gb  ABImemcpy.o [5]
__aeabi_memset          0x08000ea1          Code  Gb  ABImemset.o [5]
__cmain                 0x08008081          Code  Gb  cmain.o [5]
__exit                  0x080044f5    0x14  Code  Gb  exit.o [6]
__iar_Fail_s            0x08004419    0x1e  Code  Gb  xfail_s.o [3]
__iar_Memchr            0x08004495          Code  Gb  memchr.o [5]
__iar_Memset            0x08000ea1          Code  Gb  ABImemset.o [5]
__iar_Memset_word       0x08000ea9          Code  Gb  ABImemset.o [5]
__iar_Strchr            0x08004401          Code  Gb  strchr.o [5]
__iar_copy_init3        0x08007805    0x2c  Code  Gb  copy_init3.o [5]
__iar_data_init3        0x08007831    0x28  Code  Gb  data_init.o [5]
__iar_init_vfp          0x08008039          Code  Gb  fpinit_M.o [4]
__iar_program_start     0x08008439          Code  Gb  cstartup_M.o [5]
__iar_systems$$module {Abs}
                        0x00000001          Data  Gb  command line/config [2]
__iar_zero_init3        0x08007625    0x40  Code  Gb  zero_init3.o [5]
__low_level_init        0x0800809b     0x4  Code  Gb  low_level_init.o [3]
__vector_table          0x08000000          Data  Gb  startup_stm32f427xx.o [1]
_call_main              0x0800808d          Code  Gb  cmain.o [5]
_exit                   0x080080a5          Code  Gb  cexit.o [5]
_main                   0x08008097          Code  Gb  cmain.o [5]
abort                   0x080044ed     0x6  Code  Gb  abort.o [3]
backlight               0x20000058     0x8  Data  Gb  lcd_backlight.o [1]
buttonClearPressed      0x08005593     0xe  Code  Gb  button.o [1]
buttonInit              0x080054f5    0x34  Code  Gb  button.o [1]
buttonScan              0x08005529    0x6a  Code  Gb  button.o [1]
clock_init              0x080055a1   0x134  Code  Gb  clock.o [1]
drawTempReal            0x08004cc1    0x70  Code  Gb  UI_mainWindow.o [1]
drawTempSet             0x08004c41    0x80  Code  Gb  UI_mainWindow.o [1]
eSolder                 0x20000048    0x10  Data  Gb  eSolder.o [1]
enReadVal               0x0800537d    0x38  Code  Gb  encoders.o [1]
enWriteVal              0x080053b5    0x30  Code  Gb  encoders.o [1]
encControlledMain       0x20000000    0x30  Data  Gb  mainTSK.o [1]
encoderInit             0x080052e9    0x94  Code  Gb  encoders.o [1]
encoderPannel           0x20001544    0x14  Data  Gb  encoderPannel.o [1]
encoderUpdate           0x080053e5   0x10c  Code  Gb  encoders.o [1]
exit                    0x0800809f     0x4  Code  Gb  exit.o [3]
gpioAfInit              0x08004b53    0x80  Code  Gb  gpio.o [1]
gpioInit                0x08004aa1    0xb2  Code  Gb  gpio.o [1]
hard_init               0x08006f71    0x14  Code  Gb  hard.o [1]
ili9341_ColumnAddressSet
                        0x0800513d    0x34  Code  Lc  ili9341.o [1]
ili9341_DrawBackground  0x080051a5    0x64  Code  Gb  ili9341.o [1]
ili9341_Init            0x0800509d    0xa0  Code  Gb  ili9341.o [1]
ili9341_InitCommunication
                        0x08004801   0x26a  Code  Gb  ili9341_fsmc.o [1]
ili9341_PageAddressSet  0x08005171    0x34  Code  Lc  ili9341.o [1]
ili9341_Reset           0x0800526d     0xa  Code  Gb  ili9341.o [1]
ili9341_SetOrientation  0x0800520d    0x3e  Code  Gb  ili9341.o [1]
ili9341_SetRegion       0x0800524b    0x22  Code  Gb  ili9341.o [1]
ili9341_WriteCommand    0x08004a95     0xa  Code  Gb  ili9341_fsmc.o [1]
ili9341_WriteData       0x08004a6b     0x6  Code  Gb  ili9341_fsmc.o [1]
ili9341_WriteData_16    0x08004a71     0x6  Code  Gb  ili9341_fsmc.o [1]
ili9341_displayOn       0x08005277     0xa  Code  Gb  ili9341.o [1]
image_data_Arial_0x20   0x080080e0    0x14  Data  Lc  Arial.o [1]
image_data_Arial_0x21   0x080080f4    0x14  Data  Lc  Arial.o [1]
image_data_Arial_0x22   0x08008108    0x14  Data  Lc  Arial.o [1]
image_data_Arial_0x23   0x08007858    0x24  Data  Lc  Arial.o [1]
image_data_Arial_0x24   0x0800787c    0x24  Data  Lc  Arial.o [1]
image_data_Arial_0x25   0x080078a0    0x24  Data  Lc  Arial.o [1]
image_data_Arial_0x26   0x080078c4    0x24  Data  Lc  Arial.o [1]
image_data_Arial_0x27   0x0800811c    0x14  Data  Lc  Arial.o [1]
image_data_Arial_0x28   0x08008130    0x14  Data  Lc  Arial.o [1]
image_data_Arial_0x29   0x08008144    0x14  Data  Lc  Arial.o [1]
image_data_Arial_0x2a   0x08008158    0x14  Data  Lc  Arial.o [1]
image_data_Arial_0x2b   0x080078e8    0x24  Data  Lc  Arial.o [1]
image_data_Arial_0x2c   0x0800816c    0x14  Data  Lc  Arial.o [1]
image_data_Arial_0x2d   0x08008180    0x14  Data  Lc  Arial.o [1]
image_data_Arial_0x2e   0x08008194    0x14  Data  Lc  Arial.o [1]
image_data_Arial_0x2f   0x080081a8    0x14  Data  Lc  Arial.o [1]
image_data_Arial_0x30   0x0800790c    0x24  Data  Lc  Arial.o [1]
image_data_Arial_0x31   0x08007930    0x24  Data  Lc  Arial.o [1]
image_data_Arial_0x32   0x08007954    0x24  Data  Lc  Arial.o [1]
image_data_Arial_0x33   0x08007978    0x24  Data  Lc  Arial.o [1]
image_data_Arial_0x34   0x0800799c    0x24  Data  Lc  Arial.o [1]
image_data_Arial_0x35   0x080079c0    0x24  Data  Lc  Arial.o [1]
image_data_Arial_0x36   0x080079e4    0x24  Data  Lc  Arial.o [1]
image_data_Arial_0x37   0x08007a08    0x24  Data  Lc  Arial.o [1]
image_data_Arial_0x38   0x08007a2c    0x24  Data  Lc  Arial.o [1]
image_data_Arial_0x39   0x08007a50    0x24  Data  Lc  Arial.o [1]
image_data_Arial_0x3a   0x080081bc    0x14  Data  Lc  Arial.o [1]
image_data_Arial_0x3b   0x080081d0    0x14  Data  Lc  Arial.o [1]
image_data_Arial_0x3c   0x08007a74    0x24  Data  Lc  Arial.o [1]
image_data_Arial_0x3d   0x08007a98    0x24  Data  Lc  Arial.o [1]
image_data_Arial_0x3e   0x08007abc    0x24  Data  Lc  Arial.o [1]
image_data_Arial_0x3f   0x08007ae0    0x24  Data  Lc  Arial.o [1]
image_data_Arial_0x40   0x08007b04    0x24  Data  Lc  Arial.o [1]
image_data_Arial_0x41   0x08007b28    0x24  Data  Lc  Arial.o [1]
image_data_Arial_0x42   0x08007b4c    0x24  Data  Lc  Arial.o [1]
image_data_Arial_0x43   0x08007b70    0x24  Data  Lc  Arial.o [1]
image_data_Arial_0x44   0x08007b94    0x24  Data  Lc  Arial.o [1]
image_data_Arial_0x45   0x08007bb8    0x24  Data  Lc  Arial.o [1]
image_data_Arial_0x46   0x08007bdc    0x24  Data  Lc  Arial.o [1]
image_data_Arial_0x47   0x08007c00    0x24  Data  Lc  Arial.o [1]
image_data_Arial_0x48   0x08007c24    0x24  Data  Lc  Arial.o [1]
image_data_Arial_0x49   0x080081e4    0x14  Data  Lc  Arial.o [1]
image_data_Arial_0x4a   0x080081f8    0x14  Data  Lc  Arial.o [1]
image_data_Arial_0x4b   0x08007c48    0x24  Data  Lc  Arial.o [1]
image_data_Arial_0x4c   0x08007c6c    0x24  Data  Lc  Arial.o [1]
image_data_Arial_0x4d   0x08007c90    0x24  Data  Lc  Arial.o [1]
image_data_Arial_0x4e   0x08007cb4    0x24  Data  Lc  Arial.o [1]
image_data_Arial_0x4f   0x08007cd8    0x24  Data  Lc  Arial.o [1]
image_data_Arial_0x50   0x08007cfc    0x24  Data  Lc  Arial.o [1]
image_data_Arial_0x51   0x08007d20    0x24  Data  Lc  Arial.o [1]
image_data_Arial_0x52   0x08007d44    0x24  Data  Lc  Arial.o [1]
image_data_Arial_0x53   0x08007d68    0x24  Data  Lc  Arial.o [1]
image_data_Arial_0x54   0x08007d8c    0x24  Data  Lc  Arial.o [1]
image_data_Arial_0x55   0x08007db0    0x24  Data  Lc  Arial.o [1]
image_data_Arial_0x56   0x08007dd4    0x24  Data  Lc  Arial.o [1]
image_data_Arial_0x57   0x08007df8    0x24  Data  Lc  Arial.o [1]
image_data_Arial_0x58   0x08007e1c    0x24  Data  Lc  Arial.o [1]
image_data_Arial_0x59   0x08007e40    0x24  Data  Lc  Arial.o [1]
image_data_Arial_0x5a   0x08007e64    0x24  Data  Lc  Arial.o [1]
image_data_Arial_0x5b   0x0800820c    0x14  Data  Lc  Arial.o [1]
image_data_Arial_0x5c   0x08008220    0x14  Data  Lc  Arial.o [1]
image_data_Arial_0x5d   0x08008234    0x14  Data  Lc  Arial.o [1]
image_data_Arial_0x5e   0x08008248    0x14  Data  Lc  Arial.o [1]
image_data_Arial_0x5f   0x08007e88    0x24  Data  Lc  Arial.o [1]
image_data_Arial_0x60   0x0800825c    0x14  Data  Lc  Arial.o [1]
image_data_Arial_0x61   0x08007eac    0x24  Data  Lc  Arial.o [1]
image_data_Arial_0x62   0x08007ed0    0x24  Data  Lc  Arial.o [1]
image_data_Arial_0x63   0x08008270    0x14  Data  Lc  Arial.o [1]
image_data_Arial_0x64   0x08007ef4    0x24  Data  Lc  Arial.o [1]
image_data_Arial_0x65   0x08007f18    0x24  Data  Lc  Arial.o [1]
image_data_Arial_0x66   0x08008284    0x14  Data  Lc  Arial.o [1]
image_data_Arial_0x67   0x08007f3c    0x24  Data  Lc  Arial.o [1]
image_data_Arial_0x68   0x08008298    0x14  Data  Lc  Arial.o [1]
image_data_Arial_0x69   0x080082ac    0x14  Data  Lc  Arial.o [1]
image_data_Arial_0x6a   0x080082c0    0x14  Data  Lc  Arial.o [1]
image_data_Arial_0x6b   0x080082d4    0x14  Data  Lc  Arial.o [1]
image_data_Arial_0x6c   0x080082e8    0x14  Data  Lc  Arial.o [1]
image_data_Arial_0x6d   0x08007f60    0x24  Data  Lc  Arial.o [1]
image_data_Arial_0x6e   0x080082fc    0x14  Data  Lc  Arial.o [1]
image_data_Arial_0x6f   0x08007f84    0x24  Data  Lc  Arial.o [1]
image_data_Arial_0x70   0x08007fa8    0x24  Data  Lc  Arial.o [1]
image_data_Arial_0x71   0x08007fcc    0x24  Data  Lc  Arial.o [1]
image_data_Arial_0x72   0x08008310    0x14  Data  Lc  Arial.o [1]
image_data_Arial_0x73   0x08008324    0x14  Data  Lc  Arial.o [1]
image_data_Arial_0x74   0x08008338    0x14  Data  Lc  Arial.o [1]
image_data_Arial_0x75   0x0800834c    0x14  Data  Lc  Arial.o [1]
image_data_Arial_0x76   0x08008360    0x14  Data  Lc  Arial.o [1]
image_data_Arial_0x77   0x08007ff0    0x24  Data  Lc  Arial.o [1]
image_data_Arial_0x78   0x08008374    0x14  Data  Lc  Arial.o [1]
image_data_Arial_0x79   0x08008388    0x14  Data  Lc  Arial.o [1]
image_data_Arial_0x7a   0x0800839c    0x14  Data  Lc  Arial.o [1]
image_data_Arial_0x7b   0x080083b0    0x14  Data  Lc  Arial.o [1]
image_data_Arial_0x7c   0x080083c4    0x14  Data  Lc  Arial.o [1]
image_data_Arial_0x7d   0x080083d8    0x14  Data  Lc  Arial.o [1]
image_data_Arial_0x7e   0x08008014    0x24  Data  Lc  Arial.o [1]
image_data_DS_Digital_0x25
                        0x08005c18    0xd4  Data  Lc  DS_Digital.o [1]
image_data_DS_Digital_0x26
                        0x08005cec    0xa0  Data  Lc  DS_Digital.o [1]
image_data_DS_Digital_0x27
                        0x08008754     0x8  Data  Lc  DS_Digital.o [1]
image_data_DS_Digital_0x28
                        0x08005d8c    0xa0  Data  Lc  DS_Digital.o [1]
image_data_DS_Digital_0x29
                        0x08005e2c    0xa0  Data  Lc  DS_Digital.o [1]
image_data_DS_Digital_0x2a
                        0x08005ecc    0xa0  Data  Lc  DS_Digital.o [1]
image_data_DS_Digital_0x2b
                        0x08005f6c    0xa0  Data  Lc  DS_Digital.o [1]
image_data_DS_Digital_0x2c
                        0x0800600c    0xa0  Data  Lc  DS_Digital.o [1]
image_data_DS_Digital_0x2d
                        0x080060ac    0xa0  Data  Lc  DS_Digital.o [1]
image_data_DS_Digital_0x2e
                        0x0800614c    0xa0  Data  Lc  DS_Digital.o [1]
image_data_DS_Digital_0x2f
                        0x080061ec    0xa0  Data  Lc  DS_Digital.o [1]
image_data_DS_Digital_0x30
                        0x0800628c    0xa0  Data  Lc  DS_Digital.o [1]
image_data_DS_Digital_0x31
                        0x0800632c    0xa0  Data  Lc  DS_Digital.o [1]
image_data_DS_Digital_0x32
                        0x080063cc    0xa0  Data  Lc  DS_Digital.o [1]
image_data_DS_Digital_0x33
                        0x0800646c    0xa0  Data  Lc  DS_Digital.o [1]
image_data_DS_Digital_0x34
                        0x0800650c    0xa0  Data  Lc  DS_Digital.o [1]
image_data_DS_Digital_0x35
                        0x080065ac    0xa0  Data  Lc  DS_Digital.o [1]
image_data_DS_Digital_0x36
                        0x0800664c    0xa0  Data  Lc  DS_Digital.o [1]
image_data_DS_Digital_0x37
                        0x080066ec    0xa0  Data  Lc  DS_Digital.o [1]
image_data_DS_Digital_0x38
                        0x0800678c    0xa0  Data  Lc  DS_Digital.o [1]
image_data_DS_Digital_0x39
                        0x0800682c    0xa0  Data  Lc  DS_Digital.o [1]
image_data_DS_Digital_0x3a
                        0x080068cc    0xa0  Data  Lc  DS_Digital.o [1]
image_data_DS_Digital_0x3b
                        0x0800696c    0xa0  Data  Lc  DS_Digital.o [1]
image_data_DS_Digital_0x3c
                        0x08006a0c    0xa0  Data  Lc  DS_Digital.o [1]
image_data_DS_Digital_0x3d
                        0x08006aac    0xa0  Data  Lc  DS_Digital.o [1]
image_data_DS_Digital_0x3e
                        0x08006b4c    0xa0  Data  Lc  DS_Digital.o [1]
image_data_DS_Digital_0x3f
                        0x08006bec    0xa0  Data  Lc  DS_Digital.o [1]
image_data_DS_Digital_0x40
                        0x08006c8c    0xa0  Data  Lc  DS_Digital.o [1]
image_data_DS_Digital_0x41
                        0x08006d2c    0xa0  Data  Lc  DS_Digital.o [1]
image_data_DS_Digital_0x42
                        0x08006dcc    0xa0  Data  Lc  DS_Digital.o [1]
image_data_DS_Digital_0x43
                        0x08006e6c    0xa0  Data  Lc  DS_Digital.o [1]
image_data_DS_Digital_Small_0x20
                        0x0800742c    0x48  Data  Lc  DS_Digital_Small.o [1]
image_data_DS_Digital_Small_0x21
                        0x08007474    0x48  Data  Lc  DS_Digital_Small.o [1]
image_data_DS_Digital_Small_0x22
                        0x080074bc    0x48  Data  Lc  DS_Digital_Small.o [1]
image_data_DS_Digital_Small_0x23
                        0x08007504    0x48  Data  Lc  DS_Digital_Small.o [1]
image_data_DS_Digital_Small_0x24
                        0x0800754c    0x48  Data  Lc  DS_Digital_Small.o [1]
image_data_DS_Digital_Small_0x25
                        0x08007594    0x48  Data  Lc  DS_Digital_Small.o [1]
image_data_DS_Digital_Small_0x26
                        0x080075dc    0x48  Data  Lc  DS_Digital_Small.o [1]
image_data_DS_Digital_Small_0x27
                        0x08008884     0x8  Data  Lc  DS_Digital_Small.o [1]
image_data_DS_Digital_Small_0x28
                        0x08008894     0x8  Data  Lc  DS_Digital_Small.o [1]
image_data_DS_Digital_Small_0x29
                        0x080088a4     0x8  Data  Lc  DS_Digital_Small.o [1]
image_data_DS_Digital_Small_0x2a
                        0x080088b4     0x8  Data  Lc  DS_Digital_Small.o [1]
image_data_DS_Digital_Small_0x2b
                        0x080088c4     0x8  Data  Lc  DS_Digital_Small.o [1]
image_data_DS_Digital_Small_0x2c
                        0x080088d4     0x8  Data  Lc  DS_Digital_Small.o [1]
image_data_DS_Digital_Small_0x2d
                        0x08007050    0x4c  Data  Lc  DS_Digital_Small.o [1]
image_data_DS_Digital_Small_0x2e
                        0x080080b0    0x18  Data  Lc  DS_Digital_Small.o [1]
image_data_DS_Digital_Small_0x2f
                        0x080080c8    0x18  Data  Lc  DS_Digital_Small.o [1]
image_data_DS_Digital_Small_0x30
                        0x0800709c    0x4c  Data  Lc  DS_Digital_Small.o [1]
image_data_DS_Digital_Small_0x31
                        0x080070e8    0x4c  Data  Lc  DS_Digital_Small.o [1]
image_data_DS_Digital_Small_0x32
                        0x08007134    0x4c  Data  Lc  DS_Digital_Small.o [1]
image_data_DS_Digital_Small_0x33
                        0x08007180    0x4c  Data  Lc  DS_Digital_Small.o [1]
image_data_DS_Digital_Small_0x34
                        0x080071cc    0x4c  Data  Lc  DS_Digital_Small.o [1]
image_data_DS_Digital_Small_0x35
                        0x08007218    0x4c  Data  Lc  DS_Digital_Small.o [1]
image_data_DS_Digital_Small_0x36
                        0x08007264    0x4c  Data  Lc  DS_Digital_Small.o [1]
image_data_DS_Digital_Small_0x37
                        0x080072b0    0x4c  Data  Lc  DS_Digital_Small.o [1]
image_data_DS_Digital_Small_0x38
                        0x080072fc    0x4c  Data  Lc  DS_Digital_Small.o [1]
image_data_DS_Digital_Small_0x39
                        0x08007348    0x4c  Data  Lc  DS_Digital_Small.o [1]
image_data_DS_Digital_Small_0x3a
                        0x08007394    0x4c  Data  Lc  DS_Digital_Small.o [1]
image_data_DS_Digital_Small_0x3b
                        0x080073e0    0x4c  Data  Lc  DS_Digital_Small.o [1]
image_data_DS_Digital_Small_0x3c
                        0x08007664    0x34  Data  Lc  DS_Digital_Small.o [1]
image_data_DS_Digital_Small_0x3d
                        0x08007698    0x34  Data  Lc  DS_Digital_Small.o [1]
image_data_DS_Digital_Small_0x3e
                        0x080076cc    0x34  Data  Lc  DS_Digital_Small.o [1]
image_data_DS_Digital_Small_0x3f
                        0x08007700    0x34  Data  Lc  DS_Digital_Small.o [1]
image_data_DS_Digital_Small_0x40
                        0x08007734    0x34  Data  Lc  DS_Digital_Small.o [1]
image_data_DS_Digital_Small_0x41
                        0x08007768    0x34  Data  Lc  DS_Digital_Small.o [1]
image_data_DS_Digital_Small_0x42
                        0x0800779c    0x34  Data  Lc  DS_Digital_Small.o [1]
image_data_DS_Digital_Small_0x43
                        0x080077d0    0x34  Data  Lc  DS_Digital_Small.o [1]
image_data_dry          0x08001f20   0x800  Data  Lc  solderingDry.o [1]
image_data_solderingDryDisconnected
                        0x08002720   0x800  Data  Lc  solderingDryDisconnected.o [1]
image_data_solderingIronDisconnected
                        0x08003720   0x800  Data  Lc  solderingIronDisconnected.o [1]
image_data_solderingiron
                        0x08002f20   0x800  Data  Lc  solderingIron.o [1]
initTsk                 0x08006f0d    0x24  Code  Gb  main.o [1]
keyboard                0x20000030    0x18  Data  Gb  keyboard.o [1]
keyboardClearAllPress   0x0800529d    0x1c  Code  Gb  keyboard.o [1]
keyboardInit            0x08005281    0x1c  Code  Gb  keyboard.o [1]
keyboardScan            0x080052b9    0x2a  Code  Gb  keyboard.o [1]
lcdBacklight_init       0x08006f85    0x30  Code  Gb  lcd_backlight.o [1]
lcd_Char                0x08004e11   0x110  Code  Gb  lcd.o [1]
lcd_DrawBackground      0x08004fb1     0xa  Code  Gb  lcd.o [1]
lcd_FastHLine           0x08004f83    0x2e  Code  Gb  lcd.o [1]
lcd_Image               0x08004f4d    0x36  Code  Gb  lcd.o [1]
lcd_String              0x08004f21    0x2c  Code  Gb  lcd.o [1]
main                    0x08006f61    0x10  Code  Gb  main.o [1]
mainTsk                 0x08004ffd    0x8a  Code  Gb  mainTSK.o [1]
mainTskEncoderSelected  0x20001655     0x1  Data  Gb  mainTSK.o [1]
mainTsk_GetEncoderSelected
                        0x08005087     0x6  Code  Gb  mainTSK.o [1]
memchr                  0x08004495          Code  Gb  memchr.o [5]
orientation             0x20001654     0x1  Data  Gb  ili9341.o [1]
pcInterruptPriorityRegisters
                        0x08008a10     0x4  Data  Lc  port.o [1]
prvAddCurrentTaskToDelayedList
                        0x08000b8d    0x7c  Code  Lc  tasks.o [1]
prvAddNewTaskToReadyList
                        0x080002d9    0xc2  Code  Lc  tasks.o [1]
prvCheckForValidListAndQueue
                        0x08001601    0x4c  Code  Lc  timers.o [1]
prvCheckTasksWaitingTermination
                        0x08000a07    0x48  Code  Lc  tasks.o [1]
prvCopyDataFromQueue    0x08001d33    0x2a  Code  Lc  queue.o [1]
prvCopyDataToQueue      0x08001cad    0x86  Code  Lc  queue.o [1]
prvDeleteTCB            0x08000a4f    0x12  Code  Lc  tasks.o [1]
prvGetNextExpireTime    0x080013df    0x26  Code  Lc  timers.o [1]
prvHeapInit             0x08000dc9    0x62  Code  Lc  heap_4.o [1]
prvIdleTask             0x08000981    0x24  Code  Lc  tasks.o [1]
prvInitialiseNewQueue   0x08001805    0x22  Code  Lc  queue.o [1]
prvInitialiseNewTask    0x08000217    0xc2  Code  Lc  tasks.o [1]
prvInitialiseTaskLists  0x080009ad    0x5a  Code  Lc  tasks.o [1]
prvInsertBlockIntoFreeList
                        0x08000e2b    0x58  Code  Lc  heap_4.o [1]
prvInsertTimerInActiveList
                        0x0800142d    0x3e  Code  Lc  timers.o [1]
prvIsQueueEmpty         0x08001dcb    0x1c  Code  Lc  queue.o [1]
prvIsQueueFull          0x08001de7    0x1e  Code  Lc  queue.o [1]
prvProcessExpiredTimer  0x080012e9    0x6c  Code  Lc  timers.o [1]
prvProcessReceivedCommands
                        0x0800146b   0x116  Code  Lc  timers.o [1]
prvProcessTimerOrBlockTask
                        0x0800136d    0x72  Code  Lc  timers.o [1]
prvResetNextTaskUnblockTime
                        0x08000a61    0x28  Code  Lc  tasks.o [1]
prvSampleTimeNow        0x08001405    0x28  Code  Lc  timers.o [1]
prvSampleTimeNow::xLastTime
                        0x2000164c     0x4  Data  Lc  timers.o [1]
prvSwitchTimerLists     0x08001581    0x80  Code  Lc  timers.o [1]
prvTaskExitError        0x08000fd1    0x2a  Code  Lc  port.o [1]
prvTimerTask            0x08001359    0x14  Code  Lc  timers.o [1]
prvUnlockQueue          0x08001d5d    0x6e  Code  Lc  queue.o [1]
pvPortMalloc            0x08000c45   0x10e  Code  Gb  heap_4.o [1]
pxCurrentTCB            0x20001600     0x4  Data  Gb  tasks.o [1]
pxCurrentTimerList      0x2000163c     0x4  Data  Lc  timers.o [1]
pxDelayedTaskList       0x20001604     0x4  Data  Lc  tasks.o [1]
pxEnd                   0x200015ec     0x4  Data  Lc  heap_4.o [1]
pxOverflowDelayedTaskList
                        0x20001608     0x4  Data  Lc  tasks.o [1]
pxOverflowTimerList     0x20001640     0x4  Data  Lc  timers.o [1]
pxPortInitialiseStack   0x08000fa9    0x28  Code  Gb  port.o [1]
pxReadyTasksLists       0x20001468    0x64  Data  Lc  tasks.o [1]
sec_hand                0x20001650     0x4  Data  Lc  xfail_s.o [3]
solderingDry            0x080089bc     0x8  Data  Gb  solderingDry.o [1]
solderingDryDisconnected
                        0x080089c4     0x8  Data  Gb  solderingDryDisconnected.o [1]
solderingIron           0x080089cc     0x8  Data  Gb  solderingIron.o [1]
solderingIronDisconnected
                        0x080089d4     0x8  Data  Gb  solderingIronDisconnected.o [1]
spi1                    0x2000150c    0x1c  Data  Gb  spiF4.o [1]
spi5                    0x20001528    0x1c  Data  Gb  spiF4.o [1]
spi_DmaTxIrqHandler     0x0800595d    0x3e  Code  Gb  spiF4.o [1]
spi_IrqHandler          0x0800599b    0x72  Code  Gb  spiF4.o [1]
sprintf                 0x08004fbd    0x40  Code  Gb  sprintf.o [3]
strchr                  0x08004401          Code  Gb  strchr.o [5]
strlen                  0x0800445d          Code  Gb  strlen.o [5]
ucHeap                  0x20000068  0x1400  Data  Lc  heap_4.o [1]
ucMaxSysCallPriority    0x20001656     0x1  Data  Lc  port.o [1]
ui                      0x080083ec    0x14  Data  Gb  UI_private.o [1]
ulMaxPRIGROUPValue      0x200015fc     0x4  Data  Lc  port.o [1]
uxCriticalNesting       0x20000060     0x4  Data  Lc  port.o [1]
uxCurrentNumberOfTasks  0x20001610     0x4  Data  Lc  tasks.o [1]
uxDeletedTasksWaitingCleanUp
                        0x2000160c     0x4  Data  Lc  tasks.o [1]
uxListRemove            0x08000f79    0x26  Code  Gb  list.o [1]
uxPendedTicks           0x20001620     0x4  Data  Lc  tasks.o [1]
uxSchedulerSuspended    0x20001638     0x4  Data  Lc  tasks.o [1]
uxTaskNumber            0x2000162c     0x4  Data  Lc  tasks.o [1]
uxTopReadyPriority      0x20001618     0x4  Data  Lc  tasks.o [1]
vListInitialise         0x08000f07    0x1e  Code  Gb  list.o [1]
vListInitialiseItem     0x08000f25     0x6  Code  Gb  list.o [1]
vListInsert             0x08000f43    0x36  Code  Gb  list.o [1]
vListInsertEnd          0x08000f2b    0x18  Code  Gb  list.o [1]
vPortEnableVFP          0x08001709          Code  Gb  portasm.o [1]
vPortEnterCritical      0x080010e3    0x3a  Code  Gb  port.o [1]
vPortExitCritical       0x0800111d    0x32  Code  Gb  port.o [1]
vPortFree               0x08000d53    0x76  Code  Gb  heap_4.o [1]
vPortStartFirstTask     0x080016e9          Code  Gb  portasm.o [1]
vPortValidateInterruptPriority
                        0x08001179    0x4a  Code  Gb  port.o [1]
vQueueAddToRegistry     0x08001e05    0x24  Code  Gb  queue.o [1]
vQueueWaitForMessageRestricted
                        0x08001e2d    0x4a  Code  Gb  queue.o [1]
vTaskDelay              0x0800047b    0x4c  Code  Gb  tasks.o [1]
vTaskDelete             0x0800039b    0xe0  Code  Gb  tasks.o [1]
vTaskInternalSetTimeOutState
                        0x080008d9    0x12  Code  Gb  tasks.o [1]
vTaskMissedYield        0x08000977     0xa  Code  Gb  tasks.o [1]
vTaskPlaceOnEventList   0x080007cb    0x2e  Code  Gb  tasks.o [1]
vTaskPlaceOnEventListRestricted
                        0x08000811    0x38  Code  Gb  tasks.o [1]
vTaskStartScheduler     0x080004c7    0x6e  Code  Gb  tasks.o [1]
vTaskSuspendAll         0x08000535    0x10  Code  Gb  tasks.o [1]
vTaskSwitchContext      0x0800075d    0x6e  Code  Gb  tasks.o [1]
xActiveTimerList1       0x200015bc    0x14  Data  Lc  timers.o [1]
xActiveTimerList2       0x200015d0    0x14  Data  Lc  timers.o [1]
xBlockAllocatedBit      0x200015f8     0x4  Data  Lc  heap_4.o [1]
xDelayedTaskList1       0x20001558    0x14  Data  Lc  tasks.o [1]
xDelayedTaskList2       0x2000156c    0x14  Data  Lc  tasks.o [1]
xFreeBytesRemaining     0x200015f0     0x4  Data  Lc  heap_4.o [1]
xHeapStructSize         0x08008a0c     0x4  Data  Lc  heap_4.o [1]
xIdleTaskHandle         0x20001634     0x4  Data  Lc  tasks.o [1]
xMinimumEverFreeBytesRemaining
                        0x200015f4     0x4  Data  Lc  heap_4.o [1]
xNextTaskUnblockTime    0x20001630     0x4  Data  Lc  tasks.o [1]
xNumOfOverflows         0x20001628     0x4  Data  Lc  tasks.o [1]
xPendingReadyList       0x20001580    0x14  Data  Lc  tasks.o [1]
xPortStartScheduler     0x08000ffb    0xe8  Code  Gb  port.o [1]
xQueueGenericCreate     0x080017bb    0x4a  Code  Gb  queue.o [1]
xQueueGenericReset      0x08001725    0x96  Code  Gb  queue.o [1]
xQueueGenericSend       0x08001827   0x196  Code  Gb  queue.o [1]
xQueueGenericSendFromISR
                        0x080019bd    0xdc  Code  Gb  queue.o [1]
xQueueGiveFromISR       0x08001a99    0xb4  Code  Gb  queue.o [1]
xQueueReceive           0x08001b4d   0x15a  Code  Gb  queue.o [1]
xQueueRegistry          0x200014cc    0x40  Data  Gb  queue.o [1]
xSchedulerRunning       0x2000161c     0x4  Data  Lc  tasks.o [1]
xStart                  0x200015e4     0x8  Data  Lc  heap_4.o [1]
xSuspendedTaskList      0x200015a8    0x14  Data  Lc  tasks.o [1]
xTaskCheckForTimeOut    0x080008f5    0x82  Code  Gb  tasks.o [1]
xTaskCreate             0x080001ad    0x6a  Code  Gb  tasks.o [1]
xTaskGetSchedulerState  0x08000a89    0x20  Code  Gb  tasks.o [1]
xTaskGetTickCount       0x0800063f     0x8  Code  Gb  tasks.o [1]
xTaskIncrementTick      0x08000647   0x116  Code  Gb  tasks.o [1]
xTaskPriorityDisinherit
                        0x08000aa9    0xb6  Code  Gb  tasks.o [1]
xTaskRemoveFromEventList
                        0x08000849    0x84  Code  Gb  tasks.o [1]
xTaskResumeAll          0x08000545    0xfa  Code  Gb  tasks.o [1]
xTasksWaitingTermination
                        0x20001594    0x14  Data  Lc  tasks.o [1]
xTickCount              0x20001614     0x4  Data  Lc  tasks.o [1]
xTimerCreateTimerTask   0x0800122d    0x48  Code  Gb  timers.o [1]
xTimerGenericCommand    0x08001275    0x74  Code  Gb  timers.o [1]
xTimerQueue             0x20001644     0x4  Data  Lc  timers.o [1]
xTimerTaskHandle        0x20001648     0x4  Data  Lc  timers.o [1]
xYieldPending           0x20001624     0x4  Data  Lc  tasks.o [1]


[1] = C:\Users\Ernst\Documents\Repositories\eSolder\Fwm\fwm_eSolder\projects\iar\STM32F427_Debug\Obj
[2] = command line
[3] = dl7M_tln.a
[4] = m7M_tls.a
[5] = rt7M_tl.a
[6] = shb_l.a

  14 938 bytes of readonly  code memory
  20 874 bytes of readonly  data memory
  13 911 bytes of readwrite data memory

Errors: none
Warnings: none
