###############################################################################
#
# IAR ELF Linker V8.11.2.13589/W32 for ARM                27/Oct/2019  14:59:50
# Copyright 2007-2017 IAR Systems AB.
#
#    Output file  =  
#        C:\Users\Ernst\Documents\Repositories\eSolder\Fwm\fwm_eSolder\projects\iar\Debug\Exe\eSolder.out
#    Map file     =  
#        C:\Users\Ernst\Documents\Repositories\eSolder\Fwm\fwm_eSolder\projects\iar\Debug\List\eSolder.map
#    Command line =  
#        -f C:\Users\Ernst\AppData\Local\Temp\EW471A.tmp
#        (C:\Users\Ernst\Documents\Repositories\eSolder\Fwm\fwm_eSolder\projects\iar\Debug\Obj\main.o
#        C:\Users\Ernst\Documents\Repositories\eSolder\Fwm\fwm_eSolder\projects\iar\Debug\Obj\startup_stm32f427xx.o
#        -o
#        C:\Users\Ernst\Documents\Repositories\eSolder\Fwm\fwm_eSolder\projects\iar\Debug\Exe\eSolder.out
#        --map
#        C:\Users\Ernst\Documents\Repositories\eSolder\Fwm\fwm_eSolder\projects\iar\Debug\List\eSolder.map
#        --config "C:\Program Files (x86)\IAR Systems\Embedded Workbench
#        8.0\arm\config\linker\ST\stm32f427xG.icf" --semihosting --entry
#        __iar_program_start --vfe --text_out locale)
#
###############################################################################

*******************************************************************************
*** MESSAGES
***

Error[Li005]: no definition for "SystemInit" [referenced from C:\Users\Ernst\Do
          cuments\Repositories\eSolder\Fwm\fwm_eSolder\projects\iar\Debug\Obj\s
          tartup_stm32f427xx.o]


*******************************************************************************
*** RUNTIME MODEL ATTRIBUTES
***

CppFlavor       = *
__SystemLibrary = DLib
__dlib_version  = 6


*******************************************************************************
*** HEAP SELECTION
***

The basic heap was selected because no calls to memory allocation
functions were found in the application outside of system library
functions, and there are calls to deallocation functions in the
application.


*******************************************************************************
*** PLACEMENT SUMMARY
***

"A0":  place at 0x08000000 { ro section .intvec };
"P1":  place in [from 0x08000000 to 0x080fffff] { ro };
define block CSTACK with size = 8K, alignment = 8 { };
"P3":  place in [from 0x10000000 to 0x1000ffff] {
          block CSTACK, section .ccram };

  Section   Kind        Address    Size  Object
  -------   ----        -------    ----  ------
"A0":                             0x1ac
  .intvec   ro code  0x08000000   0x1ac  startup_stm32f427xx.o [1]
                   - 0x080001ac   0x1ac

"P1":                             0x208
  .text     ro code  0x080001ac    0x22  fpinit_M.o [4]
  .text     ro code  0x080001d0    0x1a  cmain.o [5]
  .text     ro code  0x080001ea     0x4  low_level_init.o [3]
  .text     ro code  0x080001ee     0x2  main.o [1]
  .text     ro code  0x080001f0     0x4  exit.o [3]
  .text     ro code  0x080001f4     0xa  cexit.o [5]
  .text     ro code  0x08000200    0x14  exit.o [6]
  .text     ro code  0x08000214    0x10  startup_stm32f427xx.o [1]
  .text     ro code  0x08000224     0xc  cstartup_M.o [5]
  .text     ro code  0x08000230     0x4  startup_stm32f427xx.o [1]
  .text     ro code  0x08000234     0x4  startup_stm32f427xx.o [1]
  .text     ro code  0x08000238     0x4  startup_stm32f427xx.o [1]
  .text     ro code  0x0800023c     0x4  startup_stm32f427xx.o [1]
  .text     ro code  0x08000240     0x4  startup_stm32f427xx.o [1]
  .text     ro code  0x08000244     0x4  startup_stm32f427xx.o [1]
  .text     ro code  0x08000248     0x4  startup_stm32f427xx.o [1]
  .text     ro code  0x0800024c     0x4  startup_stm32f427xx.o [1]
  .text     ro code  0x08000250     0x4  startup_stm32f427xx.o [1]
  .text     ro code  0x08000254     0x4  startup_stm32f427xx.o [1]
  .text     ro code  0x08000258     0x4  startup_stm32f427xx.o [1]
  .text     ro code  0x0800025c     0x4  startup_stm32f427xx.o [1]
  .text     ro code  0x08000260     0x4  startup_stm32f427xx.o [1]
  .text     ro code  0x08000264     0x4  startup_stm32f427xx.o [1]
  .text     ro code  0x08000268     0x4  startup_stm32f427xx.o [1]
  .text     ro code  0x0800026c     0x4  startup_stm32f427xx.o [1]
  .text     ro code  0x08000270     0x4  startup_stm32f427xx.o [1]
  .text     ro code  0x08000274     0x4  startup_stm32f427xx.o [1]
  .text     ro code  0x08000278     0x4  startup_stm32f427xx.o [1]
  .text     ro code  0x0800027c     0x4  startup_stm32f427xx.o [1]
  .text     ro code  0x08000280     0x4  startup_stm32f427xx.o [1]
  .text     ro code  0x08000284     0x4  startup_stm32f427xx.o [1]
  .text     ro code  0x08000288     0x4  startup_stm32f427xx.o [1]
  .text     ro code  0x0800028c     0x4  startup_stm32f427xx.o [1]
  .text     ro code  0x08000290     0x4  startup_stm32f427xx.o [1]
  .text     ro code  0x08000294     0x4  startup_stm32f427xx.o [1]
  .text     ro code  0x08000298     0x4  startup_stm32f427xx.o [1]
  .text     ro code  0x0800029c     0x4  startup_stm32f427xx.o [1]
  .text     ro code  0x080002a0     0x4  startup_stm32f427xx.o [1]
  .text     ro code  0x080002a4     0x4  startup_stm32f427xx.o [1]
  .text     ro code  0x080002a8     0x4  startup_stm32f427xx.o [1]
  .text     ro code  0x080002ac     0x4  startup_stm32f427xx.o [1]
  .text     ro code  0x080002b0     0x4  startup_stm32f427xx.o [1]
  .text     ro code  0x080002b4     0x4  startup_stm32f427xx.o [1]
  .text     ro code  0x080002b8     0x4  startup_stm32f427xx.o [1]
  .text     ro code  0x080002bc     0x4  startup_stm32f427xx.o [1]
  .text     ro code  0x080002c0     0x4  startup_stm32f427xx.o [1]
  .text     ro code  0x080002c4     0x4  startup_stm32f427xx.o [1]
  .text     ro code  0x080002c8     0x4  startup_stm32f427xx.o [1]
  .text     ro code  0x080002cc     0x4  startup_stm32f427xx.o [1]
  .text     ro code  0x080002d0     0x4  startup_stm32f427xx.o [1]
  .text     ro code  0x080002d4     0x4  startup_stm32f427xx.o [1]
  .text     ro code  0x080002d8     0x4  startup_stm32f427xx.o [1]
  .text     ro code  0x080002dc     0x4  startup_stm32f427xx.o [1]
  .text     ro code  0x080002e0     0x4  startup_stm32f427xx.o [1]
  .text     ro code  0x080002e4     0x4  startup_stm32f427xx.o [1]
  .text     ro code  0x080002e8     0x4  startup_stm32f427xx.o [1]
  .text     ro code  0x080002ec     0x4  startup_stm32f427xx.o [1]
  .text     ro code  0x080002f0     0x4  startup_stm32f427xx.o [1]
  .text     ro code  0x080002f4     0x4  startup_stm32f427xx.o [1]
  .text     ro code  0x080002f8     0x4  startup_stm32f427xx.o [1]
  .text     ro code  0x080002fc     0x4  startup_stm32f427xx.o [1]
  .text     ro code  0x08000300     0x4  startup_stm32f427xx.o [1]
  .text     ro code  0x08000304     0x4  startup_stm32f427xx.o [1]
  .text     ro code  0x08000308     0x4  startup_stm32f427xx.o [1]
  .text     ro code  0x0800030c     0x4  startup_stm32f427xx.o [1]
  .text     ro code  0x08000310     0x4  startup_stm32f427xx.o [1]
  .text     ro code  0x08000314     0x4  startup_stm32f427xx.o [1]
  .text     ro code  0x08000318     0x4  startup_stm32f427xx.o [1]
  .text     ro code  0x0800031c     0x4  startup_stm32f427xx.o [1]
  .text     ro code  0x08000320     0x4  startup_stm32f427xx.o [1]
  .text     ro code  0x08000324     0x4  startup_stm32f427xx.o [1]
  .text     ro code  0x08000328     0x4  startup_stm32f427xx.o [1]
  .text     ro code  0x0800032c     0x4  startup_stm32f427xx.o [1]
  .text     ro code  0x08000330     0x4  startup_stm32f427xx.o [1]
  .text     ro code  0x08000334     0x4  startup_stm32f427xx.o [1]
  .text     ro code  0x08000338     0x4  startup_stm32f427xx.o [1]
  .text     ro code  0x0800033c     0x4  startup_stm32f427xx.o [1]
  .text     ro code  0x08000340     0x4  startup_stm32f427xx.o [1]
  .text     ro code  0x08000344     0x4  startup_stm32f427xx.o [1]
  .text     ro code  0x08000348     0x4  startup_stm32f427xx.o [1]
  .text     ro code  0x0800034c     0x4  startup_stm32f427xx.o [1]
  .text     ro code  0x08000350     0x4  startup_stm32f427xx.o [1]
  .text     ro code  0x08000354     0x4  startup_stm32f427xx.o [1]
  .text     ro code  0x08000358     0x4  startup_stm32f427xx.o [1]
  .text     ro code  0x0800035c     0x4  startup_stm32f427xx.o [1]
  .text     ro code  0x08000360     0x4  startup_stm32f427xx.o [1]
  .text     ro code  0x08000364     0x4  startup_stm32f427xx.o [1]
  .text     ro code  0x08000368     0x4  startup_stm32f427xx.o [1]
  .text     ro code  0x0800036c     0x4  startup_stm32f427xx.o [1]
  .text     ro code  0x08000370     0x4  startup_stm32f427xx.o [1]
  .text     ro code  0x08000374     0x4  startup_stm32f427xx.o [1]
  .text     ro code  0x08000378     0x4  startup_stm32f427xx.o [1]
  .text     ro code  0x0800037c     0x4  startup_stm32f427xx.o [1]
  .text     ro code  0x08000380     0x4  startup_stm32f427xx.o [1]
  .text     ro code  0x08000384     0x4  startup_stm32f427xx.o [1]
  .text     ro code  0x08000388     0x4  startup_stm32f427xx.o [1]
  .text     ro code  0x0800038c     0x4  startup_stm32f427xx.o [1]
  .text     ro code  0x08000390     0x4  startup_stm32f427xx.o [1]
  .text     ro code  0x08000394     0x4  startup_stm32f427xx.o [1]
  .text     ro code  0x08000398     0x4  startup_stm32f427xx.o [1]
  .text     ro code  0x0800039c     0x4  startup_stm32f427xx.o [1]
  .text     ro code  0x080003a0     0x4  startup_stm32f427xx.o [1]
  .text     ro code  0x080003a4     0x4  startup_stm32f427xx.o [1]
  .text     ro code  0x080003a8     0x4  startup_stm32f427xx.o [1]
  .text     ro code  0x080003ac     0x4  startup_stm32f427xx.o [1]
  .text     ro code  0x080003b0     0x4  startup_stm32f427xx.o [1]
                   - 0x080003b4   0x208

"P3":                            0x2000
  CSTACK             0x10000000  0x2000  <Block>
    CSTACK  uninit   0x10000000  0x2000  <Block tail>
                   - 0x10002000  0x2000



*******************************************************************************
*** MODULE SUMMARY
***

    Module                 ro code  rw data
    ------                 -------  -------
C:\Users\Ernst\Documents\Repositories\eSolder\Fwm\fwm_eSolder\projects\iar\Debug\Obj: [1]
    main.o                       2
    startup_stm32f427xx.o      832
    ---------------------------------------
    Total:                     834

command line: [2]
    ---------------------------------------
    Total:

dl7M_tln.a: [3]
    exit.o                       4
    low_level_init.o             4
    ---------------------------------------
    Total:                       8

m7M_tls.a: [4]
    fpinit_M.o                  34
    ---------------------------------------
    Total:                      34

rt7M_tl.a: [5]
    cexit.o                     10
    cmain.o                     26
    cstartup_M.o                12
    ---------------------------------------
    Total:                      48

shb_l.a: [6]
    exit.o                      20
    ---------------------------------------
    Total:                      20

    Gaps                         4
    Linker created                    8 192
-------------------------------------------
    Grand Total:               948    8 192


*******************************************************************************
*** ENTRY LIST
***

Entry                      Address  Size  Type      Object
-----                      -------  ----  ----      ------
?main                   0x080001d1        Code  Gb  cmain.o [5]
CSTACK$$Base            0x10000000         --   Gb  - Linker created -
CSTACK$$Limit           0x10002000         --   Gb  - Linker created -
Region$$Table$$Base     0x00000000         --   Gb  - Linker created -
Region$$Table$$Limit    0x00000000         --   Gb  - Linker created -
__cmain                 0x080001d1        Code  Gb  cmain.o [5]
__exit                  0x08000201  0x14  Code  Gb  exit.o [6]
__iar_init_vfp          0x080001ad        Code  Gb  fpinit_M.o [4]
__iar_program_start     0x08000225        Code  Gb  cstartup_M.o [5]
__iar_systems$$module {Abs}
                        0x00000001        Data  Gb  command line/config [2]
__low_level_init        0x080001eb   0x4  Code  Gb  low_level_init.o [3]
__vector_table          0x08000000        Data  Gb  startup_stm32f427xx.o [1]
_call_main              0x080001dd        Code  Gb  cmain.o [5]
_exit                   0x080001f5        Code  Gb  cexit.o [5]
_main                   0x080001e7        Code  Gb  cmain.o [5]
exit                    0x080001f1   0x4  Code  Gb  exit.o [3]
main                    0x080001ef   0x2  Code  Gb  main.o [1]


[1] = C:\Users\Ernst\Documents\Repositories\eSolder\Fwm\fwm_eSolder\projects\iar\Debug\Obj
[2] = command line
[3] = dl7M_tln.a
[4] = m7M_tls.a
[5] = rt7M_tl.a
[6] = shb_l.a

    948 bytes of readonly  code memory
  8 192 bytes of readwrite data memory

Errors: 1
Warnings: none
