###############################################################################
#
# IAR ELF Linker V8.11.1.13263/W32 for ARM                05/Nov/2019  14:01:34
# Copyright 2007-2017 IAR Systems AB.
#
#    Output file  =  
#        C:\Users\User\Documents\Repositories\eSolder\Fwm\fwm_eSolder\projects\iar\Release\Exe\eSolder.out
#    Map file     =  
#        C:\Users\User\Documents\Repositories\eSolder\Fwm\fwm_eSolder\projects\iar\Release\List\eSolder.map
#    Command line =  
#        -f C:\Users\User\AppData\Local\Temp\EW7932.tmp
#        (C:\Users\User\Documents\Repositories\eSolder\Fwm\fwm_eSolder\projects\iar\Release\Obj\croutine.o
#        C:\Users\User\Documents\Repositories\eSolder\Fwm\fwm_eSolder\projects\iar\Release\Obj\event_groups.o
#        C:\Users\User\Documents\Repositories\eSolder\Fwm\fwm_eSolder\projects\iar\Release\Obj\gpio.o
#        C:\Users\User\Documents\Repositories\eSolder\Fwm\fwm_eSolder\projects\iar\Release\Obj\hard.o
#        C:\Users\User\Documents\Repositories\eSolder\Fwm\fwm_eSolder\projects\iar\Release\Obj\heap_4.o
#        C:\Users\User\Documents\Repositories\eSolder\Fwm\fwm_eSolder\projects\iar\Release\Obj\ili9341.o
#        C:\Users\User\Documents\Repositories\eSolder\Fwm\fwm_eSolder\projects\iar\Release\Obj\ili9341_spi.o
#        C:\Users\User\Documents\Repositories\eSolder\Fwm\fwm_eSolder\projects\iar\Release\Obj\lcd.o
#        C:\Users\User\Documents\Repositories\eSolder\Fwm\fwm_eSolder\projects\iar\Release\Obj\list.o
#        C:\Users\User\Documents\Repositories\eSolder\Fwm\fwm_eSolder\projects\iar\Release\Obj\main.o
#        C:\Users\User\Documents\Repositories\eSolder\Fwm\fwm_eSolder\projects\iar\Release\Obj\mainTSK.o
#        C:\Users\User\Documents\Repositories\eSolder\Fwm\fwm_eSolder\projects\iar\Release\Obj\mcu.o
#        C:\Users\User\Documents\Repositories\eSolder\Fwm\fwm_eSolder\projects\iar\Release\Obj\OS.o
#        C:\Users\User\Documents\Repositories\eSolder\Fwm\fwm_eSolder\projects\iar\Release\Obj\port.o
#        C:\Users\User\Documents\Repositories\eSolder\Fwm\fwm_eSolder\projects\iar\Release\Obj\portasm.o
#        C:\Users\User\Documents\Repositories\eSolder\Fwm\fwm_eSolder\projects\iar\Release\Obj\queue.o
#        C:\Users\User\Documents\Repositories\eSolder\Fwm\fwm_eSolder\projects\iar\Release\Obj\spi3.o
#        C:\Users\User\Documents\Repositories\eSolder\Fwm\fwm_eSolder\projects\iar\Release\Obj\startup_stm32f427xx.o
#        C:\Users\User\Documents\Repositories\eSolder\Fwm\fwm_eSolder\projects\iar\Release\Obj\stream_buffer.o
#        C:\Users\User\Documents\Repositories\eSolder\Fwm\fwm_eSolder\projects\iar\Release\Obj\system_stm32f4xx.o
#        C:\Users\User\Documents\Repositories\eSolder\Fwm\fwm_eSolder\projects\iar\Release\Obj\tasks.o
#        C:\Users\User\Documents\Repositories\eSolder\Fwm\fwm_eSolder\projects\iar\Release\Obj\timers.o
#        -o
#        C:\Users\User\Documents\Repositories\eSolder\Fwm\fwm_eSolder\projects\iar\Release\Exe\eSolder.out
#        --map
#        C:\Users\User\Documents\Repositories\eSolder\Fwm\fwm_eSolder\projects\iar\Release\List\eSolder.map
#        --config "C:\Program Files (x86)\IAR Systems\Embedded Workbench
#        8.0\arm\config\linker\ST\stm32f427xG.icf" --semihosting --entry
#        __iar_program_start --inline --vfe --text_out locale)
#
###############################################################################

*******************************************************************************
*** RUNTIME MODEL ATTRIBUTES
***

CppFlavor       = *
__SystemLibrary = DLib
__dlib_version  = 6


*******************************************************************************
*** HEAP SELECTION
***

The basic heap was selected because no calls to memory allocation
functions were found in the application outside of system library
functions, and there are calls to deallocation functions in the
application.


*******************************************************************************
*** PLACEMENT SUMMARY
***

"A0":  place at 0x08000000 { ro section .intvec };
"P1":  place in [from 0x08000000 to 0x080fffff] { ro };
"P3":  place in [from 0x10000000 to 0x1000ffff] { block CSTACK, section .ccram };
"P4":  place in [from 0x20000000 to 0x2001bfff] |
                [from 0x2001c000 to 0x2001ffff] |
                [from 0x20020000 to 0x2002ffff] { rw, block HEAP };
initialize by copy { rw };

  Section            Kind        Address     Size  Object
  -------            ----        -------     ----  ------
"A0":                                       0x1ac
  .intvec            ro code  0x08000000    0x1ac  startup_stm32f427xx.o [1]
                            - 0x080001ac    0x1ac

"P1":                                      0x1fd8
  .text              ro code  0x080001ac    0x7c0  tasks.o [1]
  .text              ro code  0x0800096c    0x1e4  heap_4.o [1]
  .text              ro code  0x08000b50     0x3a  ABImemset48.o [5]
  .text              ro code  0x08000b8a      0x2  mainTSK.o [1]
  .text              ro code  0x08000b8c    0x220  port.o [1]
  .text              ro code  0x08000dac     0x8c  list.o [1]
  .text              ro code  0x08000e38    0x3d0  timers.o [1]
  CODE               ro code  0x08001208     0xb0  portasm.o [1]
  .text              ro code  0x080012b8    0x652  queue.o [1]
  .text              ro code  0x0800190c     0xa6  ABImemcpy.o [5]
  .text              ro code  0x080019b4    0x148  gpio.o [1]
  .text              ro code  0x08001afc     0x24  ABIassert.o [6]
  .text              ro code  0x08001b20      0x6  abort.o [3]
  .text              ro code  0x08001b28     0x14  exit.o [6]
  .text              ro code  0x08001b3c     0xe8  system_stm32f4xx.o [1]
  .text              ro code  0x08001c24     0xd0  ili9341.o [1]
  .text              ro code  0x08001cf4     0x68  ili9341_spi.o [1]
  .text              ro code  0x08001d5c      0x6  ili9341.o [1]
  .text              ro code  0x08001d64     0xac  spi3.o [1]
  .text              ro code  0x08001e10     0x80  mcu.o [1]
  .text              ro code  0x08001e90     0x40  zero_init3.o [5]
  .text              ro code  0x08001ed0     0x30  OS.o [1]
  .text              ro code  0x08001f00     0x2c  copy_init3.o [5]
  .text              ro code  0x08001f2c     0x28  data_init.o [5]
  .text              ro code  0x08001f54     0x22  fpinit_M.o [4]
  .iar.init_table    const    0x08001f78     0x24  - Linker created -
  .text              ro code  0x08001f9c     0x1a  cmain.o [5]
  .text              ro code  0x08001fb6     0x14  main.o [1]
  .text              ro code  0x08001fca      0x4  exit.o [3]
  .text              ro code  0x08001fce      0x4  hard.o [1]
  .text              ro code  0x08001fd4      0xa  cexit.o [5]
  .text              ro code  0x08001fe0     0x10  startup_stm32f427xx.o [1]
  .text              ro code  0x08001ff0      0xc  cstartup_M.o [5]
  .text              ro code  0x08001ffc      0x4  startup_stm32f427xx.o [1]
  .text              ro code  0x08002000      0x4  startup_stm32f427xx.o [1]
  .text              ro code  0x08002004      0x4  startup_stm32f427xx.o [1]
  .text              ro code  0x08002008      0x4  startup_stm32f427xx.o [1]
  .text              ro code  0x0800200c      0x4  startup_stm32f427xx.o [1]
  .text              ro code  0x08002010      0x4  startup_stm32f427xx.o [1]
  .text              ro code  0x08002014      0x4  startup_stm32f427xx.o [1]
  .text              ro code  0x08002018      0x4  startup_stm32f427xx.o [1]
  .text              ro code  0x0800201c      0x4  startup_stm32f427xx.o [1]
  .text              ro code  0x08002020      0x4  startup_stm32f427xx.o [1]
  .text              ro code  0x08002024      0x4  startup_stm32f427xx.o [1]
  .text              ro code  0x08002028      0x4  startup_stm32f427xx.o [1]
  .text              ro code  0x0800202c      0x4  startup_stm32f427xx.o [1]
  .text              ro code  0x08002030      0x4  startup_stm32f427xx.o [1]
  .text              ro code  0x08002034      0x4  startup_stm32f427xx.o [1]
  .text              ro code  0x08002038      0x4  startup_stm32f427xx.o [1]
  .text              ro code  0x0800203c      0x4  startup_stm32f427xx.o [1]
  .text              ro code  0x08002040      0x4  startup_stm32f427xx.o [1]
  .text              ro code  0x08002044      0x4  startup_stm32f427xx.o [1]
  .text              ro code  0x08002048      0x4  startup_stm32f427xx.o [1]
  .text              ro code  0x0800204c      0x4  startup_stm32f427xx.o [1]
  .text              ro code  0x08002050      0x4  startup_stm32f427xx.o [1]
  .text              ro code  0x08002054      0x4  startup_stm32f427xx.o [1]
  .text              ro code  0x08002058      0x4  startup_stm32f427xx.o [1]
  .text              ro code  0x0800205c      0x4  startup_stm32f427xx.o [1]
  .text              ro code  0x08002060      0x4  startup_stm32f427xx.o [1]
  .text              ro code  0x08002064      0x4  startup_stm32f427xx.o [1]
  .text              ro code  0x08002068      0x4  startup_stm32f427xx.o [1]
  .text              ro code  0x0800206c      0x4  startup_stm32f427xx.o [1]
  .text              ro code  0x08002070      0x4  startup_stm32f427xx.o [1]
  .text              ro code  0x08002074      0x4  startup_stm32f427xx.o [1]
  .text              ro code  0x08002078      0x4  startup_stm32f427xx.o [1]
  .text              ro code  0x0800207c      0x4  startup_stm32f427xx.o [1]
  .text              ro code  0x08002080      0x4  startup_stm32f427xx.o [1]
  .text              ro code  0x08002084      0x4  startup_stm32f427xx.o [1]
  .text              ro code  0x08002088      0x4  startup_stm32f427xx.o [1]
  .text              ro code  0x0800208c      0x4  startup_stm32f427xx.o [1]
  .text              ro code  0x08002090      0x4  startup_stm32f427xx.o [1]
  .text              ro code  0x08002094      0x4  startup_stm32f427xx.o [1]
  .text              ro code  0x08002098      0x4  startup_stm32f427xx.o [1]
  .text              ro code  0x0800209c      0x4  startup_stm32f427xx.o [1]
  .text              ro code  0x080020a0      0x4  startup_stm32f427xx.o [1]
  .text              ro code  0x080020a4      0x4  startup_stm32f427xx.o [1]
  .text              ro code  0x080020a8      0x4  startup_stm32f427xx.o [1]
  .text              ro code  0x080020ac      0x4  startup_stm32f427xx.o [1]
  .text              ro code  0x080020b0      0x4  startup_stm32f427xx.o [1]
  .text              ro code  0x080020b4      0x4  startup_stm32f427xx.o [1]
  .text              ro code  0x080020b8      0x4  startup_stm32f427xx.o [1]
  .text              ro code  0x080020bc      0x4  startup_stm32f427xx.o [1]
  .text              ro code  0x080020c0      0x4  startup_stm32f427xx.o [1]
  .text              ro code  0x080020c4      0x4  startup_stm32f427xx.o [1]
  .text              ro code  0x080020c8      0x4  startup_stm32f427xx.o [1]
  .text              ro code  0x080020cc      0x4  startup_stm32f427xx.o [1]
  .text              ro code  0x080020d0      0x4  startup_stm32f427xx.o [1]
  .text              ro code  0x080020d4      0x4  startup_stm32f427xx.o [1]
  .text              ro code  0x080020d8      0x4  startup_stm32f427xx.o [1]
  .text              ro code  0x080020dc      0x4  startup_stm32f427xx.o [1]
  .text              ro code  0x080020e0      0x4  startup_stm32f427xx.o [1]
  .text              ro code  0x080020e4      0x4  startup_stm32f427xx.o [1]
  .text              ro code  0x080020e8      0x4  startup_stm32f427xx.o [1]
  .text              ro code  0x080020ec      0x4  startup_stm32f427xx.o [1]
  .text              ro code  0x080020f0      0x4  startup_stm32f427xx.o [1]
  .text              ro code  0x080020f4      0x4  startup_stm32f427xx.o [1]
  .text              ro code  0x080020f8      0x4  startup_stm32f427xx.o [1]
  .text              ro code  0x080020fc      0x4  startup_stm32f427xx.o [1]
  .text              ro code  0x08002100      0x4  startup_stm32f427xx.o [1]
  .text              ro code  0x08002104      0x4  startup_stm32f427xx.o [1]
  .text              ro code  0x08002108      0x4  startup_stm32f427xx.o [1]
  .text              ro code  0x0800210c      0x4  startup_stm32f427xx.o [1]
  .text              ro code  0x08002110      0x4  startup_stm32f427xx.o [1]
  .text              ro code  0x08002114      0x4  startup_stm32f427xx.o [1]
  .text              ro code  0x08002118      0x4  startup_stm32f427xx.o [1]
  .text              ro code  0x0800211c      0x4  startup_stm32f427xx.o [1]
  .text              ro code  0x08002120      0x4  startup_stm32f427xx.o [1]
  .text              ro code  0x08002124      0x4  startup_stm32f427xx.o [1]
  .text              ro code  0x08002128      0x4  startup_stm32f427xx.o [1]
  .text              ro code  0x0800212c      0x4  startup_stm32f427xx.o [1]
  .text              ro code  0x08002130      0x4  startup_stm32f427xx.o [1]
  .text              ro code  0x08002134      0x4  startup_stm32f427xx.o [1]
  .text              ro code  0x08002138      0x4  startup_stm32f427xx.o [1]
  .text              ro code  0x0800213c      0x4  startup_stm32f427xx.o [1]
  .text              ro code  0x08002140      0x4  startup_stm32f427xx.o [1]
  .text              ro code  0x08002144      0x4  startup_stm32f427xx.o [1]
  .text              ro code  0x08002148      0x4  startup_stm32f427xx.o [1]
  .text              ro code  0x0800214c      0x4  startup_stm32f427xx.o [1]
  .text              ro code  0x08002150      0x4  startup_stm32f427xx.o [1]
  .text              ro code  0x08002154      0x4  startup_stm32f427xx.o [1]
  .text              ro code  0x08002158      0x4  startup_stm32f427xx.o [1]
  .text              ro code  0x0800215c      0x4  startup_stm32f427xx.o [1]
  .text              ro code  0x08002160      0x4  startup_stm32f427xx.o [1]
  .text              ro code  0x08002164      0x4  startup_stm32f427xx.o [1]
  .text              ro code  0x08002168      0x4  startup_stm32f427xx.o [1]
  .text              ro code  0x0800216c      0x4  startup_stm32f427xx.o [1]
  .text              ro code  0x08002170      0x4  startup_stm32f427xx.o [1]
  .rodata            const    0x08002174      0x0  zero_init3.o [5]
  .rodata            const    0x08002174      0x0  copy_init3.o [5]
  Initializer bytes  const    0x08002174     0x10  <for P4 s0>
                            - 0x08002184   0x1fd8

"P3":                                      0x2000
  CSTACK                      0x10000000   0x2000  <Block>
    CSTACK           uninit   0x10000000   0x2000  <Block tail>
                            - 0x10002000   0x2000

"P4", part 1 of 2:                           0x10
  P4 s0                       0x20000000     0x10  <Init block>
    .data            inited   0x20000000      0xc  port.o [1]
    .data            inited   0x2000000c      0x4  system_stm32f4xx.o [1]
                            - 0x20000010     0x10

"P4", part 2 of 2:                        0x12d74
  .bss               zero     0x20000010  0x12c18  heap_4.o [1]
  .bss               zero     0x20012c28     0xa8  tasks.o [1]
  .bss               zero     0x20012cd0     0x40  queue.o [1]
  .bss               zero     0x20012d10     0x38  timers.o [1]
  .bss               zero     0x20012d48     0x34  tasks.o [1]
  .bss               zero     0x20012d7c      0x4  timers.o [1]
  .bss               zero     0x20012d80      0x1  ili9341.o [1]
                            - 0x20012d81  0x12d71


*******************************************************************************
*** INIT TABLE
***

          Address     Size
          -------     ----
Zero (__iar_zero_init3)
    1 destination range, total size 0x12d71:
          0x20000010  0x12d71

Copy (__iar_copy_init3)
    1 source range, total size 0x10:
          0x08002174     0x10
    1 destination range, total size 0x10:
          0x20000000     0x10



*******************************************************************************
*** MODULE SUMMARY
***

    Module                 ro code  ro data  rw data
    ------                 -------  -------  -------
C:\Users\User\Documents\Repositories\eSolder\Fwm\fwm_eSolder\projects\iar\Release\Obj: [1]
    OS.o                        48
    gpio.o                     328
    hard.o                       4
    heap_4.o                   484            76 824
    ili9341.o                  214                 1
    ili9341_spi.o              104
    list.o                     140
    main.o                      20
    mainTSK.o                    2
    mcu.o                      128
    port.o                     544       12       12
    portasm.o                  176
    queue.o                  1 618                64
    spi3.o                     172
    startup_stm32f427xx.o      820
    system_stm32f4xx.o         232        4        4
    tasks.o                  1 984               220
    timers.o                   976                60
    ------------------------------------------------
    Total:                   7 994       16   77 185

command line: [2]
    ------------------------------------------------
    Total:

dl7M_tln.a: [3]
    abort.o                      6
    exit.o                       4
    ------------------------------------------------
    Total:                      10

m7M_tls.a: [4]
    fpinit_M.o                  34
    ------------------------------------------------
    Total:                      34

rt7M_tl.a: [5]
    ABImemcpy.o                166
    ABImemset48.o               58
    cexit.o                     10
    cmain.o                     26
    copy_init3.o                44
    cstartup_M.o                12
    data_init.o                 40
    zero_init3.o                64
    ------------------------------------------------
    Total:                     420

shb_l.a: [6]
    ABIassert.o                 36
    exit.o                      20
    ------------------------------------------------
    Total:                      56

    Gaps                        12        2
    Linker created                       36    8 192
----------------------------------------------------
    Grand Total:             8 526       54   85 377


*******************************************************************************
*** ENTRY LIST
***

Entry                      Address     Size  Type      Object
-----                      -------     ----  ----      ------
.iar.init_table$$Base   0x08001f78            --   Gb  - Linker created -
.iar.init_table$$Limit  0x08001f9c            --   Gb  - Linker created -
?main                   0x08001f9d           Code  Gb  cmain.o [5]
AHBPrescTable           0x08001c14     0x10  Data  Gb  system_stm32f4xx.o [1]
CSTACK$$Base            0x10000000            --   Gb  - Linker created -
CSTACK$$Limit           0x10002000            --   Gb  - Linker created -
MCU_init                0x08001e11     0x80  Code  Gb  mcu.o [1]
OS_init                 0x08001ed1     0x22  Code  Gb  OS.o [1]
PendSV_Handler          0x08001209           Code  Gb  portasm.o [1]
Region$$Table$$Base     0x08001f78            --   Gb  - Linker created -
Region$$Table$$Limit    0x08001f9c            --   Gb  - Linker created -
SVC_Handler             0x08001261           Code  Gb  portasm.o [1]
SysTick_Handler         0x08000cf5     0x28  Code  Gb  port.o [1]
SystemCoreClock         0x2000000c      0x4  Data  Gb  system_stm32f4xx.o [1]
SystemCoreClockUpdate   0x08001b77     0x78  Code  Gb  system_stm32f4xx.o [1]
SystemInit              0x08001b3d     0x3a  Code  Gb  system_stm32f4xx.o [1]
__aeabi_assert          0x08001afd     0x24  Code  Gb  ABIassert.o [6]
__aeabi_memcpy          0x0800190d           Code  Gb  ABImemcpy.o [5]
__aeabi_memcpy4         0x0800192d           Code  Gb  ABImemcpy.o [5]
__aeabi_memcpy8         0x0800192d           Code  Gb  ABImemcpy.o [5]
__aeabi_memset4         0x08000b51           Code  Gb  ABImemset48.o [5]
__aeabi_memset8         0x08000b51           Code  Gb  ABImemset48.o [5]
__cmain                 0x08001f9d           Code  Gb  cmain.o [5]
__exit                  0x08001b29     0x14  Code  Gb  exit.o [6]
__iar_Memset4_word      0x08000b59           Code  Gb  ABImemset48.o [5]
__iar_Memset8_word      0x08000b59           Code  Gb  ABImemset48.o [5]
__iar_copy_init3        0x08001f01     0x2c  Code  Gb  copy_init3.o [5]
__iar_data_init3        0x08001f2d     0x28  Code  Gb  data_init.o [5]
__iar_init_vfp          0x08001f55           Code  Gb  fpinit_M.o [4]
__iar_program_start     0x08001ff1           Code  Gb  cstartup_M.o [5]
__iar_systems$$module {Abs}
                        0x00000001           Data  Gb  command line/config [2]
__iar_zero_init3        0x08001e91     0x40  Code  Gb  zero_init3.o [5]
__vector_table          0x08000000           Data  Gb  startup_stm32f427xx.o [1]
_call_main              0x08001fa9           Code  Gb  cmain.o [5]
_exit                   0x08001fd5           Code  Gb  cexit.o [5]
_main                   0x08001fb3           Code  Gb  cmain.o [5]
abort                   0x08001b21      0x6  Code  Gb  abort.o [3]
exit                    0x08001fcb      0x4  Code  Gb  exit.o [3]
gpioAfInit              0x08001a47     0x58  Code  Gb  gpio.o [1]
gpioInit                0x080019b5     0x92  Code  Gb  gpio.o [1]
hard_init               0x08001fcf      0x4  Code  Gb  hard.o [1]
ili9341_Init            0x08001c25     0x8c  Code  Gb  ili9341.o [1]
ili9341_InitCommunication
                        0x08001cf5     0x3e  Code  Gb  ili9341_spi.o [1]
ili9341_Reset           0x08001d5d      0x6  Code  Gb  ili9341.o [1]
ili9341_SetOrientation  0x08001cb5     0x40  Code  Gb  ili9341.o [1]
ili9341_WriteCommand    0x08001d3d     0x16  Code  Gb  ili9341_spi.o [1]
ili9341_WriteData       0x08001d33      0xa  Code  Gb  ili9341_spi.o [1]
main                    0x08001fb7     0x14  Code  Gb  main.o [1]
mainTsk                 0x08000b8b      0x2  Code  Gb  mainTSK.o [1]
orientation             0x20012d80      0x1  Data  Gb  ili9341.o [1]
prvAddCurrentTaskToDelayedList
                        0x080008f3     0x70  Code  Lc  tasks.o [1]
prvAddNewTaskToReadyList
                        0x080002d3     0x88  Code  Lc  tasks.o [1]
prvCheckForValidListAndQueue
                        0x080011a3     0x4a  Code  Lc  timers.o [1]
prvCheckTasksWaitingTermination
                        0x080007bf     0x36  Code  Lc  tasks.o [1]
prvCopyDataFromQueue    0x080017c9     0x24  Code  Lc  queue.o [1]
prvCopyDataToQueue      0x08001755     0x74  Code  Lc  queue.o [1]
prvDeleteTCB            0x08000801     0x14  Code  Lc  tasks.o [1]
prvGetNextExpireTime    0x08000fc9     0x1e  Code  Lc  timers.o [1]
prvHeapInit             0x08000aad     0x4e  Code  Lc  heap_4.o [1]
prvIdleTask             0x08000751     0x22  Code  Lc  tasks.o [1]
prvInitialiseNewQueue   0x0800138d     0x22  Code  Lc  queue.o [1]
prvInitialiseNewTask    0x08000211     0xc2  Code  Lc  tasks.o [1]
prvInitialiseTaskLists  0x08000773     0x4c  Code  Lc  tasks.o [1]
prvInsertBlockIntoFreeList
                        0x08000afb     0x4e  Code  Lc  heap_4.o [1]
prvInsertTimerInActiveList
                        0x0800100d     0x3e  Code  Lc  timers.o [1]
prvIsQueueEmpty         0x0800185d     0x18  Code  Lc  queue.o [1]
prvIsQueueFull          0x08001875     0x1e  Code  Lc  queue.o [1]
prvProcessExpiredTimer  0x08000ee3     0x66  Code  Lc  timers.o [1]
prvProcessReceivedCommands
                        0x0800104d     0xec  Code  Lc  timers.o [1]
prvProcessTimerOrBlockTask
                        0x08000f5d     0x6c  Code  Lc  timers.o [1]
prvResetNextTaskUnblockTime
                        0x08000815     0x24  Code  Lc  tasks.o [1]
prvSampleTimeNow        0x08000fe7     0x26  Code  Lc  timers.o [1]
prvSampleTimeNow::xLastTime
                        0x20012d7c      0x4  Data  Lc  timers.o [1]
prvSwitchTimerLists     0x08001139     0x6a  Code  Lc  timers.o [1]
prvTaskExitError        0x08000bb5     0x28  Code  Lc  port.o [1]
prvTimerTask            0x08000f49     0x14  Code  Lc  timers.o [1]
prvUnlockQueue          0x080017ed     0x70  Code  Lc  queue.o [1]
pvPortMalloc            0x0800096d     0xdc  Code  Gb  heap_4.o [1]
pxCurrentTCB            0x20012c78      0x4  Data  Gb  tasks.o [1]
pxCurrentTimerList      0x20012d10      0x4  Data  Lc  timers.o [1]
pxDelayedTaskList       0x20012c7c      0x4  Data  Lc  tasks.o [1]
pxEnd                   0x20000018      0x4  Data  Lc  heap_4.o [1]
pxOverflowDelayedTaskList
                        0x20012d5c      0x4  Data  Lc  tasks.o [1]
pxOverflowTimerList     0x20012d14      0x4  Data  Lc  timers.o [1]
pxPortInitialiseStack   0x08000b8d     0x28  Code  Gb  port.o [1]
pxReadyTasksLists       0x20012c3c     0x3c  Data  Lc  tasks.o [1]
spi3Init                0x08001d65     0x94  Code  Gb  spi3.o [1]
spi3Tranceive           0x08001df9      0x6  Code  Gb  spi3.o [1]
ucHeap                  0x20000028  0x12c00  Data  Lc  heap_4.o [1]
ucMaxSysCallPriority    0x20000000      0x1  Data  Lc  port.o [1]
ulMaxPRIGROUPValue      0x20000008      0x4  Data  Lc  port.o [1]
uxCriticalNesting       0x20000004      0x4  Data  Lc  port.o [1]
uxCurrentNumberOfTasks  0x20012c94      0x4  Data  Lc  tasks.o [1]
uxDeletedTasksWaitingCleanUp
                        0x20012d60      0x4  Data  Lc  tasks.o [1]
uxListRemove            0x08000e13     0x26  Code  Gb  list.o [1]
uxPendedTicks           0x20012d68      0x4  Data  Lc  tasks.o [1]
uxSchedulerSuspended    0x20012ca4      0x4  Data  Lc  tasks.o [1]
uxTaskNumber            0x20012d70      0x4  Data  Lc  tasks.o [1]
uxTopReadyPriority      0x20012c98      0x4  Data  Lc  tasks.o [1]
vListInitialise         0x08000dad     0x1a  Code  Gb  list.o [1]
vListInsert             0x08000ddf     0x34  Code  Gb  list.o [1]
vListInsertEnd          0x08000dc7     0x18  Code  Gb  list.o [1]
vPortEnableVFP          0x0800129d           Code  Gb  portasm.o [1]
vPortEnterCritical      0x08000c9d     0x32  Code  Gb  port.o [1]
vPortExitCritical       0x08000ccf     0x26  Code  Gb  port.o [1]
vPortFree               0x08000a49     0x64  Code  Gb  heap_4.o [1]
vPortStartFirstTask     0x0800127d           Code  Gb  portasm.o [1]
vPortValidateInterruptPriority
                        0x08000d1d     0x44  Code  Gb  port.o [1]
vQueueAddToRegistry     0x08001893     0x24  Code  Gb  queue.o [1]
vQueueWaitForMessageRestricted
                        0x080018c1     0x4a  Code  Gb  queue.o [1]
vTaskInternalSetTimeOutState
                        0x080006c1      0xe  Code  Gb  tasks.o [1]
vTaskMissedYield        0x08000747      0xa  Code  Gb  tasks.o [1]
vTaskPlaceOnEventList   0x080005eb     0x2e  Code  Gb  tasks.o [1]
vTaskPlaceOnEventListRestricted
                        0x08000619     0x38  Code  Gb  tasks.o [1]
vTaskStartScheduler     0x0800035b     0x6c  Code  Gb  tasks.o [1]
vTaskSuspendAll         0x080003d1      0xc  Code  Gb  tasks.o [1]
vTaskSwitchContext      0x08000595     0x56  Code  Gb  tasks.o [1]
xActiveTimerList1       0x20012d20     0x14  Data  Lc  timers.o [1]
xActiveTimerList2       0x20012d34     0x14  Data  Lc  timers.o [1]
xBlockAllocatedBit      0x20000024      0x4  Data  Lc  heap_4.o [1]
xDelayedTaskList1       0x20012ca8     0x14  Data  Lc  tasks.o [1]
xDelayedTaskList2       0x20012cbc     0x14  Data  Lc  tasks.o [1]
xFreeBytesRemaining     0x2000001c      0x4  Data  Lc  heap_4.o [1]
xIdleTaskHandle         0x20012d78      0x4  Data  Lc  tasks.o [1]
xMinimumEverFreeBytesRemaining
                        0x20000020      0x4  Data  Lc  heap_4.o [1]
xNextTaskUnblockTime    0x20012d74      0x4  Data  Lc  tasks.o [1]
xNumOfOverflows         0x20012d6c      0x4  Data  Lc  tasks.o [1]
xPendingReadyList       0x20012c28     0x14  Data  Lc  tasks.o [1]
xPortStartScheduler     0x08000bdd     0xc0  Code  Gb  port.o [1]
xQueueGenericCreate     0x08001347     0x46  Code  Gb  queue.o [1]
xQueueGenericReset      0x080012b9     0x8e  Code  Gb  queue.o [1]
xQueueGenericSend       0x080013af    0x17c  Code  Gb  queue.o [1]
xQueueGenericSendFromISR
                        0x0800152b     0xd4  Code  Gb  queue.o [1]
xQueueReceive           0x080015ff    0x156  Code  Gb  queue.o [1]
xQueueRegistry          0x20012cd0     0x40  Data  Gb  queue.o [1]
xSchedulerRunning       0x20012c9c      0x4  Data  Lc  tasks.o [1]
xStart                  0x20000010      0x8  Data  Lc  heap_4.o [1]
xSuspendedTaskList      0x20012c80     0x14  Data  Lc  tasks.o [1]
xTaskCheckForTimeOut    0x080006cf     0x78  Code  Gb  tasks.o [1]
xTaskCreate             0x080001ad     0x64  Code  Gb  tasks.o [1]
xTaskGetSchedulerState  0x08000839     0x1c  Code  Gb  tasks.o [1]
xTaskGetTickCount       0x0800049f      0x8  Code  Gb  tasks.o [1]
xTaskIncrementTick      0x080004a7     0xee  Code  Gb  tasks.o [1]
xTaskPriorityDisinherit
                        0x08000855     0x9e  Code  Gb  tasks.o [1]
xTaskRemoveFromEventList
                        0x08000651     0x70  Code  Gb  tasks.o [1]
xTaskResumeAll          0x080003dd     0xc2  Code  Gb  tasks.o [1]
xTasksWaitingTermination
                        0x20012d48     0x14  Data  Lc  tasks.o [1]
xTickCount              0x20012d64      0x4  Data  Lc  tasks.o [1]
xTimerCreateTimerTask   0x08000e39     0x48  Code  Gb  timers.o [1]
xTimerGenericCommand    0x08000e81     0x62  Code  Gb  timers.o [1]
xTimerQueue             0x20012d18      0x4  Data  Lc  timers.o [1]
xTimerTaskHandle        0x20012d1c      0x4  Data  Lc  timers.o [1]
xYieldPending           0x20012ca0      0x4  Data  Lc  tasks.o [1]


[1] = C:\Users\User\Documents\Repositories\eSolder\Fwm\fwm_eSolder\projects\iar\Release\Obj
[2] = command line
[3] = dl7M_tln.a
[4] = m7M_tls.a
[5] = rt7M_tl.a
[6] = shb_l.a

   8 526 bytes of readonly  code memory
      54 bytes of readonly  data memory
  85 377 bytes of readwrite data memory

Errors: none
Warnings: none
