###############################################################################
#
# IAR ELF Linker V8.11.1.13263/W32 for ARM                07/Nov/2019  11:03:51
# Copyright 2007-2017 IAR Systems AB.
#
#    Output file  =  
#        C:\Users\User\Documents\Repositories\eSolder\Fwm\fwm_eSolder\projects\iar\Release\Exe\eSolder.out
#    Map file     =  
#        C:\Users\User\Documents\Repositories\eSolder\Fwm\fwm_eSolder\projects\iar\Release\List\eSolder.map
#    Command line =  
#        -f C:\Users\User\AppData\Local\Temp\EW65E3.tmp
#        (C:\Users\User\Documents\Repositories\eSolder\Fwm\fwm_eSolder\projects\iar\Release\Obj\croutine.o
#        C:\Users\User\Documents\Repositories\eSolder\Fwm\fwm_eSolder\projects\iar\Release\Obj\event_groups.o
#        C:\Users\User\Documents\Repositories\eSolder\Fwm\fwm_eSolder\projects\iar\Release\Obj\gpio.o
#        C:\Users\User\Documents\Repositories\eSolder\Fwm\fwm_eSolder\projects\iar\Release\Obj\hard.o
#        C:\Users\User\Documents\Repositories\eSolder\Fwm\fwm_eSolder\projects\iar\Release\Obj\heap_4.o
#        C:\Users\User\Documents\Repositories\eSolder\Fwm\fwm_eSolder\projects\iar\Release\Obj\ili9341.o
#        C:\Users\User\Documents\Repositories\eSolder\Fwm\fwm_eSolder\projects\iar\Release\Obj\ili9341_spi.o
#        C:\Users\User\Documents\Repositories\eSolder\Fwm\fwm_eSolder\projects\iar\Release\Obj\lcd.o
#        C:\Users\User\Documents\Repositories\eSolder\Fwm\fwm_eSolder\projects\iar\Release\Obj\list.o
#        C:\Users\User\Documents\Repositories\eSolder\Fwm\fwm_eSolder\projects\iar\Release\Obj\main.o
#        C:\Users\User\Documents\Repositories\eSolder\Fwm\fwm_eSolder\projects\iar\Release\Obj\mainTSK.o
#        C:\Users\User\Documents\Repositories\eSolder\Fwm\fwm_eSolder\projects\iar\Release\Obj\mcu.o
#        C:\Users\User\Documents\Repositories\eSolder\Fwm\fwm_eSolder\projects\iar\Release\Obj\OS.o
#        C:\Users\User\Documents\Repositories\eSolder\Fwm\fwm_eSolder\projects\iar\Release\Obj\port.o
#        C:\Users\User\Documents\Repositories\eSolder\Fwm\fwm_eSolder\projects\iar\Release\Obj\portasm.o
#        C:\Users\User\Documents\Repositories\eSolder\Fwm\fwm_eSolder\projects\iar\Release\Obj\queue.o
#        C:\Users\User\Documents\Repositories\eSolder\Fwm\fwm_eSolder\projects\iar\Release\Obj\spi3.o
#        C:\Users\User\Documents\Repositories\eSolder\Fwm\fwm_eSolder\projects\iar\Release\Obj\startup_stm32f427xx.o
#        C:\Users\User\Documents\Repositories\eSolder\Fwm\fwm_eSolder\projects\iar\Release\Obj\stream_buffer.o
#        C:\Users\User\Documents\Repositories\eSolder\Fwm\fwm_eSolder\projects\iar\Release\Obj\system_stm32f4xx.o
#        C:\Users\User\Documents\Repositories\eSolder\Fwm\fwm_eSolder\projects\iar\Release\Obj\tasks.o
#        C:\Users\User\Documents\Repositories\eSolder\Fwm\fwm_eSolder\projects\iar\Release\Obj\timers.o
#        C:\Users\User\Documents\Repositories\eSolder\Fwm\fwm_eSolder\projects\iar\Release\Obj\UI.o
#        -o
#        C:\Users\User\Documents\Repositories\eSolder\Fwm\fwm_eSolder\projects\iar\Release\Exe\eSolder.out
#        --map
#        C:\Users\User\Documents\Repositories\eSolder\Fwm\fwm_eSolder\projects\iar\Release\List\eSolder.map
#        --config "C:\Program Files (x86)\IAR Systems\Embedded Workbench
#        8.0\arm\config\linker\ST\stm32f427xG.icf" --semihosting --entry
#        __iar_program_start --inline --vfe --text_out locale)
#
###############################################################################

*******************************************************************************
*** RUNTIME MODEL ATTRIBUTES
***

CppFlavor       = *
__SystemLibrary = DLib
__dlib_version  = 6


*******************************************************************************
*** HEAP SELECTION
***

The basic heap was selected because no calls to memory allocation
functions were found in the application outside of system library
functions, and there are calls to deallocation functions in the
application.


*******************************************************************************
*** PLACEMENT SUMMARY
***

"A0":  place at 0x08000000 { ro section .intvec };
"P1":  place in [from 0x08000000 to 0x080fffff] { ro };
"P3":  place in [from 0x10000000 to 0x1000ffff] { block CSTACK, section .ccram };
"P4":  place in [from 0x20000000 to 0x2001bfff] |
                [from 0x2001c000 to 0x2001ffff] |
                [from 0x20020000 to 0x2002ffff] { rw, block HEAP };
initialize by copy { rw };

  Section            Kind        Address     Size  Object
  -------            ----        -------     ----  ------
"A0":                                       0x1ac
  .intvec            ro code  0x08000000    0x1ac  startup_stm32f427xx.o [1]
                            - 0x080001ac    0x1ac

"P1":                                      0x2328
  .text              ro code  0x080001ac    0x7c0  tasks.o [1]
  .text              ro code  0x0800096c    0x1e4  heap_4.o [1]
  .text              ro code  0x08000b50     0x3a  ABImemset48.o [5]
  .text              ro code  0x08000b8c    0x220  port.o [1]
  .text              ro code  0x08000dac     0x8c  list.o [1]
  .text              ro code  0x08000e38    0x3d0  timers.o [1]
  CODE               ro code  0x08001208     0xb0  portasm.o [1]
  .text              ro code  0x080012b8    0x652  queue.o [1]
  .text              ro code  0x0800190c     0xa6  ABImemcpy.o [5]
  .text              ro code  0x080019b2    0x1c0  lcd.o [1]
  .text              ro code  0x08001b74    0x138  ili9341.o [1]
  .text              ro code  0x08001cac     0x7c  ili9341_spi.o [1]
  .text              ro code  0x08001d28    0x148  gpio.o [1]
  .text              ro code  0x08001e70     0xac  spi3.o [1]
  .text              ro code  0x08001f1c     0x24  ABIassert.o [6]
  .text              ro code  0x08001f40      0x6  abort.o [3]
  .text              ro code  0x08001f48     0x14  exit.o [6]
  .text              ro code  0x08001f5c    0x110  UI.o [1]
  .text              ro code  0x0800206c     0xe8  system_stm32f4xx.o [1]
  .text              ro code  0x08002154     0x80  mcu.o [1]
  .text              ro code  0x080021d4     0x40  zero_init3.o [5]
  .text              ro code  0x08002214     0x30  OS.o [1]
  .text              ro code  0x08002244     0x2c  copy_init3.o [5]
  .text              ro code  0x08002270     0x28  data_init.o [5]
  .text              ro code  0x08002298     0x22  fpinit_M.o [4]
  .iar.init_table    const    0x080022bc     0x24  - Linker created -
  .text              ro code  0x080022e0     0x1a  cmain.o [5]
  .text              ro code  0x080022fa     0x14  main.o [1]
  .text              ro code  0x0800230e      0x4  exit.o [3]
  .text              ro code  0x08002312      0x4  hard.o [1]
  .text              ro code  0x08002318      0xa  cexit.o [5]
  .text              ro code  0x08002324     0x10  startup_stm32f427xx.o [1]
  .text              ro code  0x08002334      0xc  mainTSK.o [1]
  .text              ro code  0x08002340      0xc  cstartup_M.o [5]
  .text              ro code  0x0800234c      0x4  startup_stm32f427xx.o [1]
  .text              ro code  0x08002350      0x4  startup_stm32f427xx.o [1]
  .text              ro code  0x08002354      0x4  startup_stm32f427xx.o [1]
  .text              ro code  0x08002358      0x4  startup_stm32f427xx.o [1]
  .text              ro code  0x0800235c      0x4  startup_stm32f427xx.o [1]
  .text              ro code  0x08002360      0x4  startup_stm32f427xx.o [1]
  .text              ro code  0x08002364      0x4  startup_stm32f427xx.o [1]
  .text              ro code  0x08002368      0x4  startup_stm32f427xx.o [1]
  .text              ro code  0x0800236c      0x4  startup_stm32f427xx.o [1]
  .text              ro code  0x08002370      0x4  startup_stm32f427xx.o [1]
  .text              ro code  0x08002374      0x4  startup_stm32f427xx.o [1]
  .text              ro code  0x08002378      0x4  startup_stm32f427xx.o [1]
  .text              ro code  0x0800237c      0x4  startup_stm32f427xx.o [1]
  .text              ro code  0x08002380      0x4  startup_stm32f427xx.o [1]
  .text              ro code  0x08002384      0x4  startup_stm32f427xx.o [1]
  .text              ro code  0x08002388      0x4  startup_stm32f427xx.o [1]
  .text              ro code  0x0800238c      0x4  startup_stm32f427xx.o [1]
  .text              ro code  0x08002390      0x4  startup_stm32f427xx.o [1]
  .text              ro code  0x08002394      0x4  startup_stm32f427xx.o [1]
  .text              ro code  0x08002398      0x4  startup_stm32f427xx.o [1]
  .text              ro code  0x0800239c      0x4  startup_stm32f427xx.o [1]
  .text              ro code  0x080023a0      0x4  startup_stm32f427xx.o [1]
  .text              ro code  0x080023a4      0x4  startup_stm32f427xx.o [1]
  .text              ro code  0x080023a8      0x4  startup_stm32f427xx.o [1]
  .text              ro code  0x080023ac      0x4  startup_stm32f427xx.o [1]
  .text              ro code  0x080023b0      0x4  startup_stm32f427xx.o [1]
  .text              ro code  0x080023b4      0x4  startup_stm32f427xx.o [1]
  .text              ro code  0x080023b8      0x4  startup_stm32f427xx.o [1]
  .text              ro code  0x080023bc      0x4  startup_stm32f427xx.o [1]
  .text              ro code  0x080023c0      0x4  startup_stm32f427xx.o [1]
  .text              ro code  0x080023c4      0x4  startup_stm32f427xx.o [1]
  .text              ro code  0x080023c8      0x4  startup_stm32f427xx.o [1]
  .text              ro code  0x080023cc      0x4  startup_stm32f427xx.o [1]
  .text              ro code  0x080023d0      0x4  startup_stm32f427xx.o [1]
  .text              ro code  0x080023d4      0x4  startup_stm32f427xx.o [1]
  .text              ro code  0x080023d8      0x4  startup_stm32f427xx.o [1]
  .text              ro code  0x080023dc      0x4  startup_stm32f427xx.o [1]
  .text              ro code  0x080023e0      0x4  startup_stm32f427xx.o [1]
  .text              ro code  0x080023e4      0x4  startup_stm32f427xx.o [1]
  .text              ro code  0x080023e8      0x4  startup_stm32f427xx.o [1]
  .text              ro code  0x080023ec      0x4  startup_stm32f427xx.o [1]
  .text              ro code  0x080023f0      0x4  startup_stm32f427xx.o [1]
  .text              ro code  0x080023f4      0x4  startup_stm32f427xx.o [1]
  .text              ro code  0x080023f8      0x4  startup_stm32f427xx.o [1]
  .text              ro code  0x080023fc      0x4  startup_stm32f427xx.o [1]
  .text              ro code  0x08002400      0x4  startup_stm32f427xx.o [1]
  .text              ro code  0x08002404      0x4  startup_stm32f427xx.o [1]
  .text              ro code  0x08002408      0x4  startup_stm32f427xx.o [1]
  .text              ro code  0x0800240c      0x4  startup_stm32f427xx.o [1]
  .text              ro code  0x08002410      0x4  startup_stm32f427xx.o [1]
  .text              ro code  0x08002414      0x4  startup_stm32f427xx.o [1]
  .text              ro code  0x08002418      0x4  startup_stm32f427xx.o [1]
  .text              ro code  0x0800241c      0x4  startup_stm32f427xx.o [1]
  .text              ro code  0x08002420      0x4  startup_stm32f427xx.o [1]
  .text              ro code  0x08002424      0x4  startup_stm32f427xx.o [1]
  .text              ro code  0x08002428      0x4  startup_stm32f427xx.o [1]
  .text              ro code  0x0800242c      0x4  startup_stm32f427xx.o [1]
  .text              ro code  0x08002430      0x4  startup_stm32f427xx.o [1]
  .text              ro code  0x08002434      0x4  startup_stm32f427xx.o [1]
  .text              ro code  0x08002438      0x4  startup_stm32f427xx.o [1]
  .text              ro code  0x0800243c      0x4  startup_stm32f427xx.o [1]
  .text              ro code  0x08002440      0x4  startup_stm32f427xx.o [1]
  .text              ro code  0x08002444      0x4  startup_stm32f427xx.o [1]
  .text              ro code  0x08002448      0x4  startup_stm32f427xx.o [1]
  .text              ro code  0x0800244c      0x4  startup_stm32f427xx.o [1]
  .text              ro code  0x08002450      0x4  startup_stm32f427xx.o [1]
  .text              ro code  0x08002454      0x4  startup_stm32f427xx.o [1]
  .text              ro code  0x08002458      0x4  startup_stm32f427xx.o [1]
  .text              ro code  0x0800245c      0x4  startup_stm32f427xx.o [1]
  .text              ro code  0x08002460      0x4  startup_stm32f427xx.o [1]
  .text              ro code  0x08002464      0x4  startup_stm32f427xx.o [1]
  .text              ro code  0x08002468      0x4  startup_stm32f427xx.o [1]
  .text              ro code  0x0800246c      0x4  startup_stm32f427xx.o [1]
  .text              ro code  0x08002470      0x4  startup_stm32f427xx.o [1]
  .text              ro code  0x08002474      0x4  startup_stm32f427xx.o [1]
  .text              ro code  0x08002478      0x4  startup_stm32f427xx.o [1]
  .text              ro code  0x0800247c      0x4  startup_stm32f427xx.o [1]
  .text              ro code  0x08002480      0x4  startup_stm32f427xx.o [1]
  .text              ro code  0x08002484      0x4  startup_stm32f427xx.o [1]
  .text              ro code  0x08002488      0x4  startup_stm32f427xx.o [1]
  .text              ro code  0x0800248c      0x4  startup_stm32f427xx.o [1]
  .text              ro code  0x08002490      0x4  startup_stm32f427xx.o [1]
  .text              ro code  0x08002494      0x4  startup_stm32f427xx.o [1]
  .text              ro code  0x08002498      0x4  startup_stm32f427xx.o [1]
  .text              ro code  0x0800249c      0x4  startup_stm32f427xx.o [1]
  .text              ro code  0x080024a0      0x4  startup_stm32f427xx.o [1]
  .text              ro code  0x080024a4      0x4  startup_stm32f427xx.o [1]
  .text              ro code  0x080024a8      0x4  startup_stm32f427xx.o [1]
  .text              ro code  0x080024ac      0x4  startup_stm32f427xx.o [1]
  .text              ro code  0x080024b0      0x4  startup_stm32f427xx.o [1]
  .text              ro code  0x080024b4      0x4  startup_stm32f427xx.o [1]
  .text              ro code  0x080024b8      0x4  startup_stm32f427xx.o [1]
  .text              ro code  0x080024bc      0x4  startup_stm32f427xx.o [1]
  .text              ro code  0x080024c0      0x4  startup_stm32f427xx.o [1]
  .rodata            const    0x080024c4      0x0  zero_init3.o [5]
  .rodata            const    0x080024c4      0x0  copy_init3.o [5]
  Initializer bytes  const    0x080024c4     0x10  <for P4 s0>
                            - 0x080024d4   0x2328

"P3":                                      0x2000
  CSTACK                      0x10000000   0x2000  <Block>
    CSTACK           uninit   0x10000000   0x2000  <Block tail>
                            - 0x10002000   0x2000

"P4", part 1 of 2:                           0x10
  P4 s0                       0x20000000     0x10  <Init block>
    .data            inited   0x20000000      0xc  port.o [1]
    .data            inited   0x2000000c      0x4  system_stm32f4xx.o [1]
                            - 0x20000010     0x10

"P4", part 2 of 2:                        0x12dd0
  .bss               zero     0x20000010  0x12c18  heap_4.o [1]
  .bss               zero     0x20012c28     0xa8  tasks.o [1]
  .bss               zero     0x20012cd0     0x5c  UI.o [1]
  .bss               zero     0x20012d2c     0x40  queue.o [1]
  .bss               zero     0x20012d6c     0x38  timers.o [1]
  .bss               zero     0x20012da4     0x34  tasks.o [1]
  .bss               zero     0x20012dd8      0x4  timers.o [1]
  .bss               zero     0x20012ddc      0x1  ili9341.o [1]
                            - 0x20012ddd  0x12dcd


*******************************************************************************
*** INIT TABLE
***

          Address     Size
          -------     ----
Zero (__iar_zero_init3)
    1 destination range, total size 0x12dcd:
          0x20000010  0x12dcd

Copy (__iar_copy_init3)
    1 source range, total size 0x10:
          0x080024c4     0x10
    1 destination range, total size 0x10:
          0x20000000     0x10



*******************************************************************************
*** MODULE SUMMARY
***

    Module                 ro code  ro data  rw data
    ------                 -------  -------  -------
C:\Users\User\Documents\Repositories\eSolder\Fwm\fwm_eSolder\projects\iar\Release\Obj: [1]
    OS.o                        48
    UI.o                       272                92
    gpio.o                     328
    hard.o                       4
    heap_4.o                   484            76 824
    ili9341.o                  312                 1
    ili9341_spi.o              124
    lcd.o                      448
    list.o                     140
    main.o                      20
    mainTSK.o                   12
    mcu.o                      128
    port.o                     544       12       12
    portasm.o                  176
    queue.o                  1 618                64
    spi3.o                     172
    startup_stm32f427xx.o      820
    system_stm32f4xx.o         232        4        4
    tasks.o                  1 984               220
    timers.o                   976                60
    ------------------------------------------------
    Total:                   8 842       16   77 277

command line: [2]
    ------------------------------------------------
    Total:

dl7M_tln.a: [3]
    abort.o                      6
    exit.o                       4
    ------------------------------------------------
    Total:                      10

m7M_tls.a: [4]
    fpinit_M.o                  34
    ------------------------------------------------
    Total:                      34

rt7M_tl.a: [5]
    ABImemcpy.o                166
    ABImemset48.o               58
    cexit.o                     10
    cmain.o                     26
    copy_init3.o                44
    cstartup_M.o                12
    data_init.o                 40
    zero_init3.o                64
    ------------------------------------------------
    Total:                     420

shb_l.a: [6]
    ABIassert.o                 36
    exit.o                      20
    ------------------------------------------------
    Total:                      56

    Gaps                        12        2
    Linker created                       36    8 192
----------------------------------------------------
    Grand Total:             9 374       54   85 469


*******************************************************************************
*** ENTRY LIST
***

Entry                      Address     Size  Type      Object
-----                      -------     ----  ----      ------
.iar.init_table$$Base   0x080022bc            --   Gb  - Linker created -
.iar.init_table$$Limit  0x080022e0            --   Gb  - Linker created -
?main                   0x080022e1           Code  Gb  cmain.o [5]
AHBPrescTable           0x08002144     0x10  Data  Gb  system_stm32f4xx.o [1]
CSTACK$$Base            0x10000000            --   Gb  - Linker created -
CSTACK$$Limit           0x10002000            --   Gb  - Linker created -
MCU_init                0x08002155     0x80  Code  Gb  mcu.o [1]
OS_init                 0x08002215     0x22  Code  Gb  OS.o [1]
PendSV_Handler          0x08001209           Code  Gb  portasm.o [1]
Region$$Table$$Base     0x080022bc            --   Gb  - Linker created -
Region$$Table$$Limit    0x080022e0            --   Gb  - Linker created -
SVC_Handler             0x08001261           Code  Gb  portasm.o [1]
SysTick_Handler         0x08000cf5     0x28  Code  Gb  port.o [1]
SystemCoreClock         0x2000000c      0x4  Data  Gb  system_stm32f4xx.o [1]
SystemCoreClockUpdate   0x080020a7     0x78  Code  Gb  system_stm32f4xx.o [1]
SystemInit              0x0800206d     0x3a  Code  Gb  system_stm32f4xx.o [1]
UI_WindowRendering      0x08001f5d     0xec  Code  Gb  UI.o [1]
__aeabi_assert          0x08001f1d     0x24  Code  Gb  ABIassert.o [6]
__aeabi_memcpy          0x0800190d           Code  Gb  ABImemcpy.o [5]
__aeabi_memcpy4         0x0800192d           Code  Gb  ABImemcpy.o [5]
__aeabi_memcpy8         0x0800192d           Code  Gb  ABImemcpy.o [5]
__aeabi_memset4         0x08000b51           Code  Gb  ABImemset48.o [5]
__aeabi_memset8         0x08000b51           Code  Gb  ABImemset48.o [5]
__cmain                 0x080022e1           Code  Gb  cmain.o [5]
__exit                  0x08001f49     0x14  Code  Gb  exit.o [6]
__iar_Memset4_word      0x08000b59           Code  Gb  ABImemset48.o [5]
__iar_Memset8_word      0x08000b59           Code  Gb  ABImemset48.o [5]
__iar_copy_init3        0x08002245     0x2c  Code  Gb  copy_init3.o [5]
__iar_data_init3        0x08002271     0x28  Code  Gb  data_init.o [5]
__iar_init_vfp          0x08002299           Code  Gb  fpinit_M.o [4]
__iar_program_start     0x08002341           Code  Gb  cstartup_M.o [5]
__iar_systems$$module {Abs}
                        0x00000001           Data  Gb  command line/config [2]
__iar_zero_init3        0x080021d5     0x40  Code  Gb  zero_init3.o [5]
__vector_table          0x08000000           Data  Gb  startup_stm32f427xx.o [1]
_call_main              0x080022ed           Code  Gb  cmain.o [5]
_exit                   0x08002319           Code  Gb  cexit.o [5]
_main                   0x080022f7           Code  Gb  cmain.o [5]
abort                   0x08001f41      0x6  Code  Gb  abort.o [3]
exit                    0x0800230f      0x4  Code  Gb  exit.o [3]
gpioAfInit              0x08001dbb     0x58  Code  Gb  gpio.o [1]
gpioInit                0x08001d29     0x92  Code  Gb  gpio.o [1]
hard_init               0x08002313      0x4  Code  Gb  hard.o [1]
ili9341_ColumnAddressSet
                        0x08001c01     0x1c  Code  Lc  ili9341.o [1]
ili9341_Init            0x08001b75     0x8c  Code  Gb  ili9341.o [1]
ili9341_InitCommunication
                        0x08001cad     0x3e  Code  Gb  ili9341_spi.o [1]
ili9341_PageAddressSet  0x08001c1d     0x1c  Code  Lc  ili9341.o [1]
ili9341_Reset           0x08001ca1      0x6  Code  Gb  ili9341.o [1]
ili9341_SetOrientation  0x08001c3d     0x40  Code  Gb  ili9341.o [1]
ili9341_SetRegion       0x08001c7d     0x24  Code  Gb  ili9341.o [1]
ili9341_WriteCommand    0x08001d09     0x16  Code  Gb  ili9341_spi.o [1]
ili9341_WriteData       0x08001ceb      0xa  Code  Gb  ili9341_spi.o [1]
ili9341_WriteData_16    0x08001cf5     0x14  Code  Gb  ili9341_spi.o [1]
ili9341_displayOn       0x08001ca7      0x6  Code  Gb  ili9341.o [1]
lcd_Char                0x080019b3     0xce  Code  Gb  lcd.o [1]
lcd_FastHLine           0x08001b01     0x28  Code  Gb  lcd.o [1]
lcd_FastVLine           0x08001ad9     0x28  Code  Gb  lcd.o [1]
lcd_FillRect            0x08001aa9     0x30  Code  Gb  lcd.o [1]
lcd_Rect                0x08001b29     0x4a  Code  Gb  lcd.o [1]
lcd_String              0x08001a81     0x28  Code  Gb  lcd.o [1]
main                    0x080022fb     0x14  Code  Gb  main.o [1]
mainTsk                 0x08002335      0xc  Code  Gb  mainTSK.o [1]
orientation             0x20012ddc      0x1  Data  Gb  ili9341.o [1]
prvAddCurrentTaskToDelayedList
                        0x080008f3     0x70  Code  Lc  tasks.o [1]
prvAddNewTaskToReadyList
                        0x080002d3     0x88  Code  Lc  tasks.o [1]
prvCheckForValidListAndQueue
                        0x080011a3     0x4a  Code  Lc  timers.o [1]
prvCheckTasksWaitingTermination
                        0x080007bf     0x36  Code  Lc  tasks.o [1]
prvCopyDataFromQueue    0x080017c9     0x24  Code  Lc  queue.o [1]
prvCopyDataToQueue      0x08001755     0x74  Code  Lc  queue.o [1]
prvDeleteTCB            0x08000801     0x14  Code  Lc  tasks.o [1]
prvGetNextExpireTime    0x08000fc9     0x1e  Code  Lc  timers.o [1]
prvHeapInit             0x08000aad     0x4e  Code  Lc  heap_4.o [1]
prvIdleTask             0x08000751     0x22  Code  Lc  tasks.o [1]
prvInitialiseNewQueue   0x0800138d     0x22  Code  Lc  queue.o [1]
prvInitialiseNewTask    0x08000211     0xc2  Code  Lc  tasks.o [1]
prvInitialiseTaskLists  0x08000773     0x4c  Code  Lc  tasks.o [1]
prvInsertBlockIntoFreeList
                        0x08000afb     0x4e  Code  Lc  heap_4.o [1]
prvInsertTimerInActiveList
                        0x0800100d     0x3e  Code  Lc  timers.o [1]
prvIsQueueEmpty         0x0800185d     0x18  Code  Lc  queue.o [1]
prvIsQueueFull          0x08001875     0x1e  Code  Lc  queue.o [1]
prvProcessExpiredTimer  0x08000ee3     0x66  Code  Lc  timers.o [1]
prvProcessReceivedCommands
                        0x0800104d     0xec  Code  Lc  timers.o [1]
prvProcessTimerOrBlockTask
                        0x08000f5d     0x6c  Code  Lc  timers.o [1]
prvResetNextTaskUnblockTime
                        0x08000815     0x24  Code  Lc  tasks.o [1]
prvSampleTimeNow        0x08000fe7     0x26  Code  Lc  timers.o [1]
prvSampleTimeNow::xLastTime
                        0x20012dd8      0x4  Data  Lc  timers.o [1]
prvSwitchTimerLists     0x08001139     0x6a  Code  Lc  timers.o [1]
prvTaskExitError        0x08000bb5     0x28  Code  Lc  port.o [1]
prvTimerTask            0x08000f49     0x14  Code  Lc  timers.o [1]
prvUnlockQueue          0x080017ed     0x70  Code  Lc  queue.o [1]
pvPortMalloc            0x0800096d     0xdc  Code  Gb  heap_4.o [1]
pxCurrentTCB            0x20012c78      0x4  Data  Gb  tasks.o [1]
pxCurrentTimerList      0x20012d6c      0x4  Data  Lc  timers.o [1]
pxDelayedTaskList       0x20012c7c      0x4  Data  Lc  tasks.o [1]
pxEnd                   0x20000018      0x4  Data  Lc  heap_4.o [1]
pxOverflowDelayedTaskList
                        0x20012db8      0x4  Data  Lc  tasks.o [1]
pxOverflowTimerList     0x20012d70      0x4  Data  Lc  timers.o [1]
pxPortInitialiseStack   0x08000b8d     0x28  Code  Gb  port.o [1]
pxReadyTasksLists       0x20012c3c     0x3c  Data  Lc  tasks.o [1]
spi3Init                0x08001e71     0x94  Code  Gb  spi3.o [1]
spi3Tranceive           0x08001f05      0x6  Code  Gb  spi3.o [1]
ucHeap                  0x20000028  0x12c00  Data  Lc  heap_4.o [1]
ucMaxSysCallPriority    0x20000000      0x1  Data  Lc  port.o [1]
ui                      0x20012cd0     0x5c  Data  Lc  UI.o [1]
ulMaxPRIGROUPValue      0x20000008      0x4  Data  Lc  port.o [1]
uxCriticalNesting       0x20000004      0x4  Data  Lc  port.o [1]
uxCurrentNumberOfTasks  0x20012c94      0x4  Data  Lc  tasks.o [1]
uxDeletedTasksWaitingCleanUp
                        0x20012dbc      0x4  Data  Lc  tasks.o [1]
uxListRemove            0x08000e13     0x26  Code  Gb  list.o [1]
uxPendedTicks           0x20012dc4      0x4  Data  Lc  tasks.o [1]
uxSchedulerSuspended    0x20012ca4      0x4  Data  Lc  tasks.o [1]
uxTaskNumber            0x20012dcc      0x4  Data  Lc  tasks.o [1]
uxTopReadyPriority      0x20012c98      0x4  Data  Lc  tasks.o [1]
vListInitialise         0x08000dad     0x1a  Code  Gb  list.o [1]
vListInsert             0x08000ddf     0x34  Code  Gb  list.o [1]
vListInsertEnd          0x08000dc7     0x18  Code  Gb  list.o [1]
vPortEnableVFP          0x0800129d           Code  Gb  portasm.o [1]
vPortEnterCritical      0x08000c9d     0x32  Code  Gb  port.o [1]
vPortExitCritical       0x08000ccf     0x26  Code  Gb  port.o [1]
vPortFree               0x08000a49     0x64  Code  Gb  heap_4.o [1]
vPortStartFirstTask     0x0800127d           Code  Gb  portasm.o [1]
vPortValidateInterruptPriority
                        0x08000d1d     0x44  Code  Gb  port.o [1]
vQueueAddToRegistry     0x08001893     0x24  Code  Gb  queue.o [1]
vQueueWaitForMessageRestricted
                        0x080018c1     0x4a  Code  Gb  queue.o [1]
vTaskInternalSetTimeOutState
                        0x080006c1      0xe  Code  Gb  tasks.o [1]
vTaskMissedYield        0x08000747      0xa  Code  Gb  tasks.o [1]
vTaskPlaceOnEventList   0x080005eb     0x2e  Code  Gb  tasks.o [1]
vTaskPlaceOnEventListRestricted
                        0x08000619     0x38  Code  Gb  tasks.o [1]
vTaskStartScheduler     0x0800035b     0x6c  Code  Gb  tasks.o [1]
vTaskSuspendAll         0x080003d1      0xc  Code  Gb  tasks.o [1]
vTaskSwitchContext      0x08000595     0x56  Code  Gb  tasks.o [1]
xActiveTimerList1       0x20012d7c     0x14  Data  Lc  timers.o [1]
xActiveTimerList2       0x20012d90     0x14  Data  Lc  timers.o [1]
xBlockAllocatedBit      0x20000024      0x4  Data  Lc  heap_4.o [1]
xDelayedTaskList1       0x20012ca8     0x14  Data  Lc  tasks.o [1]
xDelayedTaskList2       0x20012cbc     0x14  Data  Lc  tasks.o [1]
xFreeBytesRemaining     0x2000001c      0x4  Data  Lc  heap_4.o [1]
xIdleTaskHandle         0x20012dd4      0x4  Data  Lc  tasks.o [1]
xMinimumEverFreeBytesRemaining
                        0x20000020      0x4  Data  Lc  heap_4.o [1]
xNextTaskUnblockTime    0x20012dd0      0x4  Data  Lc  tasks.o [1]
xNumOfOverflows         0x20012dc8      0x4  Data  Lc  tasks.o [1]
xPendingReadyList       0x20012c28     0x14  Data  Lc  tasks.o [1]
xPortStartScheduler     0x08000bdd     0xc0  Code  Gb  port.o [1]
xQueueGenericCreate     0x08001347     0x46  Code  Gb  queue.o [1]
xQueueGenericReset      0x080012b9     0x8e  Code  Gb  queue.o [1]
xQueueGenericSend       0x080013af    0x17c  Code  Gb  queue.o [1]
xQueueGenericSendFromISR
                        0x0800152b     0xd4  Code  Gb  queue.o [1]
xQueueReceive           0x080015ff    0x156  Code  Gb  queue.o [1]
xQueueRegistry          0x20012d2c     0x40  Data  Gb  queue.o [1]
xSchedulerRunning       0x20012c9c      0x4  Data  Lc  tasks.o [1]
xStart                  0x20000010      0x8  Data  Lc  heap_4.o [1]
xSuspendedTaskList      0x20012c80     0x14  Data  Lc  tasks.o [1]
xTaskCheckForTimeOut    0x080006cf     0x78  Code  Gb  tasks.o [1]
xTaskCreate             0x080001ad     0x64  Code  Gb  tasks.o [1]
xTaskGetSchedulerState  0x08000839     0x1c  Code  Gb  tasks.o [1]
xTaskGetTickCount       0x0800049f      0x8  Code  Gb  tasks.o [1]
xTaskIncrementTick      0x080004a7     0xee  Code  Gb  tasks.o [1]
xTaskPriorityDisinherit
                        0x08000855     0x9e  Code  Gb  tasks.o [1]
xTaskRemoveFromEventList
                        0x08000651     0x70  Code  Gb  tasks.o [1]
xTaskResumeAll          0x080003dd     0xc2  Code  Gb  tasks.o [1]
xTasksWaitingTermination
                        0x20012da4     0x14  Data  Lc  tasks.o [1]
xTickCount              0x20012dc0      0x4  Data  Lc  tasks.o [1]
xTimerCreateTimerTask   0x08000e39     0x48  Code  Gb  timers.o [1]
xTimerGenericCommand    0x08000e81     0x62  Code  Gb  timers.o [1]
xTimerQueue             0x20012d74      0x4  Data  Lc  timers.o [1]
xTimerTaskHandle        0x20012d78      0x4  Data  Lc  timers.o [1]
xYieldPending           0x20012ca0      0x4  Data  Lc  tasks.o [1]


[1] = C:\Users\User\Documents\Repositories\eSolder\Fwm\fwm_eSolder\projects\iar\Release\Obj
[2] = command line
[3] = dl7M_tln.a
[4] = m7M_tls.a
[5] = rt7M_tl.a
[6] = shb_l.a

   9 374 bytes of readonly  code memory
      54 bytes of readonly  data memory
  85 469 bytes of readwrite data memory

Errors: none
Warnings: none
